01-09 11:49:35.611  1617  4373 E PickerSyncController: Failed to sync all media. Reset media and retry: false
01-09 11:49:35.611  1617  4373 E PickerSyncController: java.lang.IllegalStateException: Unexpected Latest Media Collection Info: ID/Gen=null/0
01-09 11:49:35.611  1617  4373 E PickerSyncController: 	at com.android.providers.media.photopicker.PickerSyncController.getSyncRequestParamsLocked(PickerSyncController.java:1554)
01-09 11:49:35.611  1617  4373 E PickerSyncController: 	at com.android.providers.media.photopicker.PickerSyncController.getSyncRequestParams(PickerSyncController.java:1514)
01-09 11:49:35.611  1617  4373 E PickerSyncController: 	at com.android.providers.media.photopicker.PickerSyncController.syncAllMediaFromProvider(PickerSyncController.java:928)
01-09 11:49:35.611  1617  4373 E PickerSyncController: 	at com.android.providers.media.photopicker.PickerSyncController.syncAllMediaFromProvider(PickerSyncController.java:1015)
01-09 11:49:35.611  1617  4373 E PickerSyncController: 	at com.android.providers.media.photopicker.PickerSyncController.syncAllMediaFromCloudProvider(PickerSyncController.java:419)
01-09 11:49:35.611  1617  4373 E PickerSyncController: 	at com.android.providers.media.photopicker.sync.ImmediateSyncWorker.doWork(ImmediateSyncWorker.java:90)
01-09 11:49:35.611  1617  4373 E PickerSyncController: 	at androidx.work.Worker$startWork$1.invoke(Worker.kt:64)
01-09 11:49:35.611  1617  4373 E PickerSyncController: 	at androidx.work.Worker$startWork$1.invoke(Worker.kt:64)
01-09 11:49:35.611  1617  4373 E PickerSyncController: 	at androidx.work.WorkerKt.future$lambda$2$lambda$1(Worker.kt:100)
01-09 11:49:35.611  1617  4373 E PickerSyncController: 	at androidx.work.WorkerKt.$r8$lambda$06LNzu7McnKR6G06fSbfQ2BCegc(Worker.kt:0)
01-09 11:49:35.611  1617  4373 E PickerSyncController: 	at androidx.work.WorkerKt$$ExternalSyntheticLambda2.run(R8$$SyntheticClass:0)
01-09 11:49:35.611  1617  4373 E PickerSyncController: 	at java.util.concurrent.ThreadPoolExecutor.runWorker(ThreadPoolExecutor.java:1156)
01-09 11:49:35.611  1617  4373 E PickerSyncController: 	at java.util.concurrent.ThreadPoolExecutor$Worker.run(ThreadPoolExecutor.java:651)
01-09 11:49:35.611  1617  4373 E PickerSyncController: 	at java.lang.Thread.run(Thread.java:1119)
01-09 11:49:35.611  1617  4373 I PickerSyncController: Executing SyncReset. isLocal: false. authority: com.google.android.apps.photos.cloudpicker
01-09 11:49:35.611  1617  4373 D PickerNotificationSender: Sending a notification for media update
01-09 11:49:35.611  3143  3143 V PhotopickerDataService: Created a media paging source that queries [Provider(authority=com.android.providers.media.photopicker, mediaSource=LOCAL, uid=10207, displayName=Media picker)]
01-09 11:49:35.611  1617  4373 D PickerNotificationSender: Sending a notification for merged album media update Videos
01-09 11:49:35.612  1617  4373 D PickerNotificationSender: Sending a notification for album media update Videos
01-09 11:49:35.612  1617  4373 D PickerNotificationSender: Sending a notification for merged album media update Favorites
01-09 11:49:35.612  1617  4373 D PickerNotificationSender: Sending a notification for album media update Favorites
01-09 11:49:35.612  1617  4373 I PickerSyncController: SyncReset. isLocal:false. authority: com.google.android.apps.photos.cloudpicker. result count: 0
01-09 11:49:35.612  1617  4373 D PickerSyncLockManager: Trying to acquire lock com.android.providers.media.photopicker.sync.CloseableReentrantLock@5e2f9b1[Unlocked]. Lock Name = CLOUD_PROVIDER_LOCK. Threads that may be waiting to acquire this lock = [] with timeout.
01-09 11:49:35.612  1617  4373 D CloseableReentrantLock: Successfully acquired lock com.android.providers.media.photopicker.sync.CloseableReentrantLock@5e2f9b1[Locked by thread pool-4-thread-9]. Lock Name = CLOUD_PROVIDER_LOCK. Threads that may be waiting to acquire this lock = []
01-09 11:49:35.612  1617  4373 D CloseableReentrantLock: Successfully released lock com.android.providers.media.photopicker.sync.CloseableReentrantLock@5e2f9b1[Unlocked]. Lock Name = CLOUD_PROVIDER_LOCK. Threads that may be waiting to acquire this lock = []
01-09 11:49:35.612  1617  4373 E PickerSyncController: Failed to fully complete sync with cloud provider - com.google.android.apps.photos.cloudpicker. The cloud provider may have changed during the sync, or only a partial sync was completed.
01-09 11:49:35.612  1617  4373 D CloseableReentrantLock: Successfully released lock com.android.providers.media.photopicker.sync.CloseableReentrantLock@5f39ff0[Unlocked]. Lock Name = CLOUD_SYNC_LOCK. Threads that may be waiting to acquire this lock = []
01-09 11:49:35.612  1617  4373 I PickerSyncTracker: Marked sync future complete for work id: 8bc8a1bc-3b14-4aa7-bcbb-a241586bec8e. Future map: {}
01-09 11:49:35.612  1617  4373 I ISyncWorker: Completed immediate picker sync from cloud provider.
01-09 11:49:35.614  1617  2005 D PickerSyncLockManager: Trying to acquire lock com.android.providers.media.photopicker.sync.CloseableReentrantLock@5e2f9b1[Unlocked]. Lock Name = CLOUD_PROVIDER_LOCK. Threads that may be waiting to acquire this lock = [] with timeout.
01-09 11:49:35.614  1617  2005 D CloseableReentrantLock: Successfully acquired lock com.android.providers.media.photopicker.sync.CloseableReentrantLock@5e2f9b1[Locked by thread binder:1617_4]. Lock Name = CLOUD_PROVIDER_LOCK. Threads that may be waiting to acquire this lock = []
01-09 11:49:35.614  1617  2005 D CloseableReentrantLock: Successfully released lock com.android.providers.media.photopicker.sync.CloseableReentrantLock@5e2f9b1[Unlocked]. Lock Name = CLOUD_PROVIDER_LOCK. Threads that may be waiting to acquire this lock = []
01-09 11:49:35.614  1617  2005 D PickerSyncTracker: Flushing all complete futures: {}
01-09 11:49:35.614  1617  2005 I PickerSyncTracker: Returning pending sync future map: {}
01-09 11:49:35.614  3143  5983 D PhotopickerDataService: Media update notification received
01-09 11:49:35.614  3143  6852 D PhotopickerDataService: Album media update notification received for album authority com.android.providers.media.photopicker and album id Videos
01-09 11:49:35.614  3143  6852 D PhotopickerDataService: Album media update notification received for album authority com.android.providers.media.photopicker and album id Favorites
01-09 11:49:35.614  1617  1875 I WM-WorkerWrapper: Worker result SUCCESS for Work [ id=8bc8a1bc-3b14-4aa7-bcbb-a241586bec8e, tags={ com.android.providers.media.photopicker.sync.ImmediateSyncWorker } ]
01-09 11:49:35.614  1617  2005 I PickerMediaDBUtil: Returning 1 media metadata
01-09 11:49:35.616  1617  1623 W System  : A resource failed to call AbstractCursor.close. 
01-09 11:49:35.616  1617  1623 W System  : A resource failed to call AbstractCursor.close. 
01-09 11:49:35.616  1617  1623 W System  : A resource failed to call AbstractCursor.close. 
01-09 11:49:35.616  1617  1623 W System  : A resource failed to call AbstractCursor.close. 
01-09 11:49:35.616  1617  1623 W System  : A resource failed to call AbstractCursor.close. 
01-09 11:49:35.616  1617  1623 W System  : A resource failed to call AbstractCursor.close. 
01-09 11:49:35.616  1617  1617 D WM-Processor: Processor 8bc8a1bc-3b14-4aa7-bcbb-a241586bec8e executed; reschedule = false
01-09 11:49:35.617  1617  1617 D WM-SystemJobService: 8bc8a1bc-3b14-4aa7-bcbb-a241586bec8e executed on JobScheduler
01-09 11:49:35.618  1617  1781 D WM-GreedyScheduler: Cancelling work ID 8bc8a1bc-3b14-4aa7-bcbb-a241586bec8e
01-09 11:49:35.619  1617  1781 D WM-GreedyScheduler: Ignoring {WorkSpec: 44df8988-83ba-4212-a0d9-1caa12839ee8}. Requires device idle.
01-09 11:49:35.619  1617  1781 D WM-GreedyScheduler: Ignoring {WorkSpec: dc2b16e3-8105-45d8-926a-2f24299e1717}. Requires device idle.
01-09 11:49:35.619  3143  3143 V PhotopickerDataService: Created a media paging source that queries [Provider(authority=com.android.providers.media.photopicker, mediaSource=LOCAL, uid=10207, displayName=Media picker)]
01-09 11:49:35.620  1617  4545 D PickerSyncLockManager: Trying to acquire lock com.android.providers.media.photopicker.sync.CloseableReentrantLock@5e2f9b1[Unlocked]. Lock Name = CLOUD_PROVIDER_LOCK. Threads that may be waiting to acquire this lock = [] with timeout.
01-09 11:49:35.620  1617  4545 D CloseableReentrantLock: Successfully acquired lock com.android.providers.media.photopicker.sync.CloseableReentrantLock@5e2f9b1[Locked by thread binder:1617_7]. Lock Name = CLOUD_PROVIDER_LOCK. Threads that may be waiting to acquire this lock = []
01-09 11:49:35.620  1617  4545 D CloseableReentrantLock: Successfully released lock com.android.providers.media.photopicker.sync.CloseableReentrantLock@5e2f9b1[Unlocked]. Lock Name = CLOUD_PROVIDER_LOCK. Threads that may be waiting to acquire this lock = []
01-09 11:49:35.620  1617  4545 D PickerSyncTracker: Flushing all complete futures: {}
01-09 11:49:35.620  1617  4545 I PickerSyncTracker: Returning pending sync future map: {}
01-09 11:49:35.621  1617  4545 I PickerMediaDBUtil: Returning 1 media metadata
01-09 11:49:35.621  3143  3143 D PickerMediaPagingSource: Received 1 media items from the data source.
01-09 11:49:35.656  1494  1503 W putmethod.latin: Reducing the number of considered missed Gc histogram windows from 164 to 100
01-09 11:49:35.839   915  1032 V WindowManagerShell: Transition animation finished (aborted=false), notifying core (#39) android.os.BinderProxy@2725cac@0
01-09 11:49:35.840   660   702 V WindowManager: Finish Transition (#39): created at 01-09 11:49:35.299 collect-started=0.068ms request-sent=8.169ms started=13.338ms ready=27.086ms sent=227.555ms commit=12.415ms finished=540.807ms
01-09 11:49:35.841   915  1032 V WindowManagerShell: Track 0 became idle
01-09 11:49:35.841   915  1032 V WindowManagerShell: All active transition animations finished
01-09 11:49:36.306  3143  3143 D PhotoGridViewModel: Media grid data flow is already initialized with the correct recents cell count: 9
01-09 11:49:36.308  3143  3143 D PhotopickerFeatureManager: Composing for SELECTION_BAR_SECONDARY_ACTION for (com.android.photopicker.features.preview.PreviewFeature@2763967, 90)
01-09 11:49:37.280  3143  3143 I PrepareMediaFeature: Prepare not required, no remote or incompatible items.
01-09 11:49:37.285   915  1032 V WindowManagerShell: Transition requested (#40): android.os.BinderProxy@68f762d TransitionRequestInfo { type = CLOSE, triggerTask = null, pipChange = null, remoteTransition = null, displayChange = null, flags = 0, debugId = 40 }
01-09 11:49:37.286   505  1033 I BpBinder: onLastStrongRef automatically unlinking death recipients: 
01-09 11:49:37.295   660   892 E ContentProviderHelper: Unable to check Uri permission because caller is holding WM lock; assuming permission denied
01-09 11:49:37.295   660   892 E ContentProviderHelper: java.lang.IllegalStateException: Unable to check Uri permission because caller is holding WM lock; assuming permission denied
01-09 11:49:37.295   660   892 E ContentProviderHelper: 	at com.android.server.am.ContentProviderHelper.checkContentProviderUriPermission(ContentProviderHelper.java:1195)
01-09 11:49:37.295   660   892 E ContentProviderHelper: 	at com.android.server.am.ActivityManagerService$LocalService.checkContentProviderUriPermission(ActivityManagerService.java:16507)
01-09 11:49:37.295   660   892 E ContentProviderHelper: 	at com.android.server.uri.UriGrantsManagerService.checkHoldingPermissionsInternalUnlocked(UriGrantsManagerService.java:1214)
01-09 11:49:37.295   660   892 E ContentProviderHelper: 	at com.android.server.uri.UriGrantsManagerService.checkHoldingPermissionsUnlocked(UriGrantsManagerService.java:1124)
01-09 11:49:37.295   660   892 E ContentProviderHelper: 	at com.android.server.uri.UriGrantsManagerService.checkContentUriPermissionFullUnlocked(UriGrantsManagerService.java:1511)
01-09 11:49:37.295   660   892 E ContentProviderHelper: 	at com.android.server.uri.UriGrantsManagerService.-$$Nest$mcheckContentUriPermissionFullUnlocked(UriGrantsManagerService.java:0)
01-09 11:49:37.295   660   892 E ContentProviderHelper: 	at com.android.server.uri.UriGrantsManagerService$LocalService.checkUriPermission(UriGrantsManagerService.java:1721)
01-09 11:49:37.295   660   892 E ContentProviderHelper: 	at com.android.server.wm.ActivityCallerState.addContentUriIfUidHasPermission(ActivityCallerState.java:168)
01-09 11:49:37.295   660   892 E ContentProviderHelper: 	at com.android.server.wm.ActivityCallerState.computeCallerInfo(ActivityCallerState.java:114)
01-09 11:49:37.295   660   892 E ContentProviderHelper: 	at com.android.server.wm.ActivityRecord.computeCallerInfo(ActivityRecord.java:1819)
01-09 11:49:37.295   660   892 E ContentProviderHelper: 	at com.android.server.wm.ActivityRecord.finishActivityResults(ActivityRecord.java:3469)
01-09 11:49:37.295   660   892 E ContentProviderHelper: 	at com.android.server.wm.ActivityRecord.finishIfPossible(ActivityRecord.java:3607)
01-09 11:49:37.295   660   892 E ContentProviderHelper: 	at com.android.server.wm.ActivityClientController.finishActivity(ActivityClientController.java:530)
01-09 11:49:37.295   660   892 E ContentProviderHelper: 	at android.app.IActivityClientController$Stub.onTransact(IActivityClientController.java:802)
01-09 11:49:37.295   660   892 E ContentProviderHelper: 	at com.android.server.wm.ActivityClientController.onTransact(ActivityClientController.java:170)
01-09 11:49:37.295   660   892 E ContentProviderHelper: 	at android.os.Binder.execTransactInternal(Binder.java:1421)
01-09 11:49:37.295   660   892 E ContentProviderHelper: 	at android.os.Binder.execTransact(Binder.java:1365)
01-09 11:49:37.295   660   892 E ContentProviderHelper: Unable to check Uri permission because caller is holding WM lock; assuming permission denied
01-09 11:49:37.295   660   892 E ContentProviderHelper: java.lang.IllegalStateException: Unable to check Uri permission because caller is holding WM lock; assuming permission denied
01-09 11:49:37.295   660   892 E ContentProviderHelper: 	at com.android.server.am.ContentProviderHelper.checkContentProviderUriPermission(ContentProviderHelper.java:1195)
01-09 11:49:37.295   660   892 E ContentProviderHelper: 	at com.android.server.am.ActivityManagerService$LocalService.checkContentProviderUriPermission(ActivityManagerService.java:16507)
01-09 11:49:37.295   660   892 E ContentProviderHelper: 	at com.android.server.uri.UriGrantsManagerService.checkHoldingPermissionsInternalUnlocked(UriGrantsManagerService.java:1214)
01-09 11:49:37.295   660   892 E ContentProviderHelper: 	at com.android.server.uri.UriGrantsManagerService.checkHoldingPermissionsUnlocked(UriGrantsManagerService.java:1124)
01-09 11:49:37.295   660   892 E ContentProviderHelper: 	at com.android.server.uri.UriGrantsManagerService.checkContentUriPermissionFullUnlocked(UriGrantsManagerService.java:1511)
01-09 11:49:37.295   660   892 E ContentProviderHelper: 	at com.android.server.uri.UriGrantsManagerService.-$$Nest$mcheckContentUriPermissionFullUnlocked(UriGrantsManagerService.java:0)
01-09 11:49:37.295   660   892 E ContentProviderHelper: 	at com.android.server.uri.UriGrantsManagerService$LocalService.checkUriPermission(UriGrantsManagerService.java:1721)
01-09 11:49:37.295   660   892 E ContentProviderHelper: 	at com.android.server.wm.ActivityCallerState.addContentUriIfUidHasPermission(ActivityCallerState.java:168)
01-09 11:49:37.295   660   892 E ContentProviderHelper: 	at com.android.server.wm.ActivityCallerState.computeCallerInfo(ActivityCallerState.java:117)
01-09 11:49:37.295   660   892 E ContentProviderHelper: 	at com.android.server.wm.ActivityRecord.computeCallerInfo(ActivityRecord.java:1819)
01-09 11:49:37.295   660   892 E ContentProviderHelper: 	at com.android.server.wm.ActivityRecord.finishActivityResults(ActivityRecord.java:3469)
01-09 11:49:37.295   660   892 E ContentProviderHelper: 	at com.android.server.wm.ActivityRecord.finishIfPossible(ActivityRecord.java:3607)
01-09 11:49:37.295   660   892 E ContentProviderHelper: 	at com.android.server.wm.ActivityClientController.finishActivity(ActivityClientController.java:530)
01-09 11:49:37.295   660   892 E ContentProviderHelper: 	at android.app.IActivityClientController$Stub.onTransact(IActivityClientController.java:802)
01-09 11:49:37.295   660   892 E ContentProviderHelper: 	at com.android.server.wm.ActivityClientController.onTransact(ActivityClientController.java:170)
01-09 11:49:37.295   660   892 E ContentProviderHelper: 	at android.os.Binder.execTransactInternal(Binder.java:1421)
01-09 11:49:37.295   660   892 E ContentProviderHelper: 	at android.os.Binder.execTransact(Binder.java:1365)
01-09 11:49:37.299   660   870 D BackgroundInstallControlService: Package event received: 0
01-09 11:49:37.300   660   870 D BackgroundInstallControlService: Package event received: 0
01-09 11:49:37.300   660   870 D BackgroundInstallControlService: Package event received: 0
01-09 11:49:37.301   915  3734 V WindowManagerShell: onTransitionReady(transaction=2834678416704)
01-09 11:49:37.301   660   702 V WindowManager: Sent Transition (#40) createdAt=01-09 11:49:37.285 via request=TransitionRequestInfo { type = CLOSE, triggerTask = null, pipChange = null, remoteTransition = null, displayChange = null, flags = 0, debugId = 40 }
01-09 11:49:37.301   660   702 V WindowManager:     startWCT=WindowContainerTransaction { changes= {} hops= [] errorCallbackToken=null taskFragmentOrganizer=null }
01-09 11:49:37.301  6731  6731 D Capacitor: Unable to find a Capacitor plugin to handle requestCode, trying Cordova plugins 123975931
01-09 11:49:37.301   660   702 V WindowManager:     info={id=40 t=CLOSE f=0x0 trk=0 r=[0@Point(0, 0)] c=[
01-09 11:49:37.301   660   702 V WindowManager:         {m=CLOSE f=TRANSLUCENT|FILLS_TASK leash=Surface(name=ActivityRecord{267107740 u0 com.google.android.photopicker/com.android.photopicker.PhotopickerGetContentActivity)/@0xf68d9fe sb=Rect(0, 0 - 1080, 2424) eb=Rect(0, 0 - 1080, 2424) epz=Point(1080, 2424) d=0 bc=ffeeedf4 component=com.google.android.photopicker/com.android.photopicker.MainActivity opt={t=FROM_STYLE mUserId=0}}
01-09 11:49:37.301   660   702 V WindowManager:     ]}
01-09 11:49:37.301   915  1032 V WindowManagerShell: onTransitionReady (#40) android.os.BinderProxy@68f762d: {id=40 t=CLOSE f=0x0 trk=0 r=[0@Point(0, 0)] c=[
01-09 11:49:37.301   915  1032 V WindowManagerShell:         {m=CLOSE f=TRANSLUCENT|FILLS_TASK leash=Surface(name=ActivityRecord{267107740 u0 com.google.android.photopicker/com.android.photopicker.PhotopickerGetContentActivity)/@0x4e53762 sb=Rect(0, 0 - 1080, 2424) eb=Rect(0, 0 - 1080, 2424) epz=Point(1080, 2424) d=0 bc=ffeeedf4 component=com.google.android.photopicker/com.android.photopicker.MainActivity opt={t=FROM_STYLE mUserId=0}}
01-09 11:49:37.301   915  1032 V WindowManagerShell:     ]}
01-09 11:49:37.301   915  1032 V WindowManagerShell: Playing animation for (#40) android.os.BinderProxy@68f762d@0
01-09 11:49:37.302   915  1032 V ShellRecents: RecentsTransitionHandler.startAnimation: no controller found
01-09 11:49:37.302   915  1032 V WindowManagerShell: Transition doesn't have explicit remote, search filters for match for {id=40 t=CLOSE f=0x0 trk=0 r=[0@Point(0, 0)] c=[{m=CLOSE f=TRANSLUCENT|FILLS_TASK leash=Surface(name=ActivityRecord{267107740 u0 com.google.android.photopicker/com.android.photopicker.PhotopickerGetContentActivity)/@0x4e53762 sb=Rect(0, 0 - 1080, 2424) eb=Rect(0, 0 - 1080, 2424) epz=Point(1080, 2424) d=0 bc=ffeeedf4 component=com.google.android.photopicker/com.android.photopicker.MainActivity opt={t=FROM_STYLE mUserId=0}}]}
01-09 11:49:37.302   915  1032 V WindowManagerShell:  Checking filter Pair{{types=[] flags=0x0] notFlags=0x0 checks=[{atype=undefined independent=true modes=[CLOSE,TO_BACK] flags=IN_TASK_WITH_EMBEDDED_ACTIVITY mustBeTask=false order=ANY topActivity=null launchCookie=null taskFragmentToken=android.os.BinderProxy@fa35851 windowingMode=undefined}]} RemoteTransition { remoteTransition = android.window.IRemoteTransition$Stub$Proxy@d1b78b6, appThread = android.app.IApplicationThread$Stub$Proxy@63e09b7, debugName = overlayBackTransition }}
01-09 11:49:37.302   915  1032 V WindowManagerShell:  Checking filter Pair{{types=[] flags=0x0] notFlags=0x0 checks=[{atype=dream independent=true modes=[OPEN,TO_FRONT] flags=NONE mustBeTask=false order=ANY topActivity=null launchCookie=null windowingMode=undefined},{atype=home independent=true modes=[CLOSE,TO_BACK] flags=NONE mustBeTask=false order=ANY topActivity=null launchCookie=null windowingMode=undefined}]} RemoteTransition { remoteTransition = android.window.IRemoteTransition$Stub$Proxy@9ea1524, appThread = android.app.IApplicationThread$Stub$Proxy@8f4288d, debugName = LauncherToDream }}
01-09 11:49:37.303   915  1032 V WindowManagerShell:  Checking filter Pair{{types=[] flags=0x0] notFlags=0x100 checks=[{atype=home independent=true modes=[OPEN,TO_FRONT] flags=NONE mustBeTask=false order=TOP topActivity=ComponentInfo{com.google.android.apps.nexuslauncher/com.google.android.apps.nexuslauncher.NexusLauncherActivity} launchCookie=null windowingMode=undefined},{atype=standard independent=true modes=[CLOSE,TO_BACK] flags=NONE mustBeTask=false order=ANY topActivity=null launchCookie=null windowingMode=undefined},{NOT atype=undefined independent=true modes=[] flags=NONE mustBeTask=true order=ANY topActivity=null launchCookie=null customAnim=true windowingMode=undefined}]} RemoteTransition { remoteTransition = android.window.IRemoteTransition$Stub$Proxy@e5e6a42, appThread = android.app.IApplicationThread$Stub$Proxy@39f8a53, debugName = QuickstepLaunchHome }}
01-09 11:49:37.303   915  1032 V WindowManagerShell:  Delegate animation for (#40) to null
01-09 11:49:37.303   915  1032 V WindowManagerShell: start default transition animation, info = {id=40 t=CLOSE f=0x0 trk=0 r=[0@Point(0, 0)] c=[{m=CLOSE f=TRANSLUCENT|FILLS_TASK leash=Surface(name=ActivityRecord{267107740 u0 com.google.android.photopicker/com.android.photopicker.PhotopickerGetContentActivity)/@0x4e53762 sb=Rect(0, 0 - 1080, 2424) eb=Rect(0, 0 - 1080, 2424) epz=Point(1080, 2424) d=0 bc=ffeeedf4 component=com.google.android.photopicker/com.android.photopicker.MainActivity opt={t=FROM_STYLE mUserId=0}}]}
01-09 11:49:37.303   915  1032 V WindowManagerShell: loadAnimation: anim=android.view.animation.AnimationSet@86367ae animAttr=0x7 type=CLOSE isEntrance=false
01-09 11:49:37.304   915  1032 V WindowManagerShell:  animated by com.android.wm.shell.transition.DefaultTransitionHandler@5ba8d98
01-09 11:49:37.304  6731  6731 D Capacitor: App resumed
01-09 11:49:37.305   505   505 I BpBinder: onLastStrongRef automatically unlinking death recipients: 
01-09 11:49:37.312   660   892 I AppsFilter: interaction: PackageSetting{7b89737 com.gustavo.fitai/10214} -> PackageSetting{6fd6f95 com.google.android.documentsui/10102} BLOCKED
01-09 11:49:37.312   660   892 I AppsFilter: interaction: PackageSetting{7b89737 com.gustavo.fitai/10214} -> PackageSetting{8af21f5 com.google.android.apps.docs/10155} BLOCKED
01-09 11:49:37.320  6731  6731 E Capacitor/Console: File: https://localhost/assets/index-CSKmRarL.js - Line 101 - Msg: Error: Minified React error #31; visit https://react.dev/errors/31?args[]=%5Bobject%20File%5D for the full message or use the non-minified dev environment for full errors and additional helpful warnings.
01-09 11:49:37.320  6731  6731 E Capacitor/Console: File: https://localhost/assets/index-CSKmRarL.js - Line 32 - Msg: Uncaught Error: Minified React error #31; visit https://react.dev/errors/31?args[]=%5Bobject%20File%5D for the full message or use the non-minified dev environment for full errors and additional helpful warnings.
01-09 11:49:37.320  6731  6731 E Capacitor: JavaScript Error: {"type":"js.error","error":{"message":"Uncaught Error: Minified React error #31; visit https://react.dev/errors/31?args[]=%5Bobject%20File%5D for the full message or use the non-minified dev environment for full errors and additional helpful warnings.","url":"https://localhost/assets/index-CSKmRarL.js","line":32,"col":37795,"errorObject":"{}"}}
01-09 11:49:37.323  1617  1983 I MediaProvider: Open with lower FS for /storage/emulated/0/Download/20220513_124231.mp4. Uid: 10207
01-09 11:49:37.327  1617  1983 V MediaProvider: Redaction needed for file open: true
01-09 11:49:37.329  1617  1983 V MediaProvider: Redaction ranges: [64575640, 64575666]
01-09 11:49:37.330   660  1075 I AppsFilter: interaction: PackageSetting{7b89737 com.gustavo.fitai/10214} -> PackageSetting{6fd6f95 com.google.android.documentsui/10102} BLOCKED
01-09 11:49:37.330   660  1075 I AppsFilter: interaction: PackageSetting{7b89737 com.gustavo.fitai/10214} -> PackageSetting{8af21f5 com.google.android.apps.docs/10155} BLOCKED
01-09 11:49:37.331   660   792 I ImeTracker: com.gustavo.fitai:356cf0b3: onRequestHide at ORIGIN_SERVER reason HIDE_UNSPECIFIED_WINDOW fromUser false
01-09 11:49:37.332  6731  6731 D InsetsController: hide(ime(), fromIme=false)
01-09 11:49:37.332  6731  6731 I ImeTracker: com.gustavo.fitai:356cf0b3: onCancelled at PHASE_CLIENT_ALREADY_HIDDEN
01-09 11:49:37.332  1494  1494 I GoogleInputMethodService: GoogleInputMethodService.onFinishInput():2043 
01-09 11:49:37.332  1494  1494 I Module  : DeviceLockedStatusModuleProvider$Module.updateDeviceLockedStatus():100 repeatCheckTimes = 0, locked = false
01-09 11:49:37.332  1494  1494 I GoogleInputMethodService: GoogleInputMethodService.onStartInput():1293 onStartInput(EditorInfo{EditorInfo{packageName=com.gustavo.fitai, inputType=0, inputTypeString=NULL, enableLearning=false, autoCorrection=false, autoComplete=false, imeOptions=12000000, privateImeOptions=null, actionName=UNSPECIFIED, actionLabel=null, initialSelStart=-1, initialSelEnd=-1, initialCapsMode=0, label=null, fieldId=0, fieldName=null, extras=null, hintText=null, hintLocales=[]}}, false)
01-09 11:49:37.332   660   892 I ImeTracker: system_server:5d09d7b8: onRequestHide at ORIGIN_SERVER reason IME_REQUESTED_CHANGED_LISTENER fromUser false
01-09 11:49:37.333   660   705 I ImeTracker: system_server:5d09d7b8: onCancelled at PHASE_SERVER_SHOULD_HIDE
01-09 11:49:37.336  1494  1494 I Module  : DeviceLockedStatusModuleProvider$Module.updateDeviceLockedStatus():100 repeatCheckTimes = 1, locked = false
01-09 11:49:37.337   660   892 W PackageConfigPersister: App-specific configuration not found for packageName: com.gustavo.fitai and userId: 0
01-09 11:49:37.556   915  1032 V WindowManagerShell: Transition animation finished (aborted=false), notifying core (#40) android.os.BinderProxy@68f762d@0
01-09 11:49:37.556   660   702 V WindowManager: Finish Transition (#40): created at 01-09 11:49:37.285 collect-started=0.01ms request-sent=0.033ms started=12.802ms ready=14.77ms sent=15.706ms commit=8.581ms finished=271.149ms
01-09 11:49:37.557  3143  3143 D VRI[PhotopickerGetContentActivity]: visibilityChanged oldVisibility=true newVisibility=false
01-09 11:49:37.557   915  1032 V WindowManagerShell: Track 0 became idle
01-09 11:49:37.557   915  1032 V WindowManagerShell: All active transition animations finished
01-09 11:49:37.573  3143  3914 D HWUI    : endAllActiveAnimators on 0xb4000073a37e2030 (UnprojectedRipple) with handle 0xb4000072937daaa0
01-09 11:49:37.579  3143  3143 D PhotopickerActivityModule: Activity retained lifecycle is ending, cancelling background scope.
01-09 11:49:37.580  3143  6854 D PhotopickerUserMonitor: BroadcastReceiver was closed, unregistering.
01-09 11:49:37.580  3143  5983 D PhotopickerConfigurationManager: Unregistering listeners from DeviceConfig
01-09 11:49:37.582  3143  3143 W WindowOnBackDispatcher: sendCancelIfRunning: isInProgress=false callback=android.view.ViewRootImpl$$ExternalSyntheticLambda13@135d68c
01-09 11:49:37.582   660   750 D CoreBackPreview: Window{23f1b77 u0 com.google.android.photopicker/com.android.photopicker.PhotopickerGetContentActivity}: Setting back callback null
01-09 11:49:37.583  3143  3143 D ViewRootImpl: Skipping stats log for color mode
01-09 11:49:37.584   660   870 D BackgroundInstallControlService: Package event received: 0
01-09 11:49:39.107  1034  1205 D SatelliteController: iisInCarrierRoamingNbIotNtn: satellite is disabled
01-09 11:49:45.333  6865  6865 W dumpsys : Thread Pool max thread count is 0. Cannot cache binder as linkToDeath cannot be implemented. serviceName: package
01-09 11:49:45.353  3320  3320 I artd    : GetBestInfo: odex next to the dex file (/data/app/~~jfaalmuk5Iq9PCISxhh6tw==/com.google.android.gms-GD3o_hYHpt4LZBfB2qZRjQ==/oat/arm64/base.odex) is kOatUpToDate with filter 'speed-profile' executable 'false'
01-09 11:49:45.354  3320  3320 I artd    : GetBestInfo: odex next to the dex file (/data/app/~~jfaalmuk5Iq9PCISxhh6tw==/com.google.android.gms-GD3o_hYHpt4LZBfB2qZRjQ==/oat/arm64/split_AdsDynamite_installtime.odex) is kOatUpToDate with filter 'speed' executable 'false'
01-09 11:49:45.355  3320  3320 I artd    : GetBestInfo: odex next to the dex file (/data/app/~~jfaalmuk5Iq9PCISxhh6tw==/com.google.android.gms-GD3o_hYHpt4LZBfB2qZRjQ==/oat/arm64/split_CronetDynamite_installtime.odex) is kOatUpToDate with filter 'speed-profile' executable 'false'
01-09 11:49:45.356  3320  3320 I artd    : GetBestInfo: odex next to the dex file (/data/app/~~jfaalmuk5Iq9PCISxhh6tw==/com.google.android.gms-GD3o_hYHpt4LZBfB2qZRjQ==/oat/arm64/split_DynamiteLoader_installtime.odex) is kOatUpToDate with filter 'speed' executable 'false'
01-09 11:49:45.357  3320  3320 I artd    : GetBestInfo: odex next to the dex file (/data/app/~~jfaalmuk5Iq9PCISxhh6tw==/com.google.android.gms-GD3o_hYHpt4LZBfB2qZRjQ==/oat/arm64/split_DynamiteModulesA_installtime.odex) is kOatUpToDate with filter 'speed' executable 'false'
01-09 11:49:45.357  3320  3320 I artd    : GetBestInfo: odex next to the dex file (/data/app/~~jfaalmuk5Iq9PCISxhh6tw==/com.google.android.gms-GD3o_hYHpt4LZBfB2qZRjQ==/oat/arm64/split_DynamiteModulesC_installtime.odex) is kOatUpToDate with filter 'speed' executable 'false'
01-09 11:49:45.358  3320  3320 I artd    : GetBestInfo: odex next to the dex file (/data/app/~~jfaalmuk5Iq9PCISxhh6tw==/com.google.android.gms-GD3o_hYHpt4LZBfB2qZRjQ==/oat/arm64/split_GoogleCertificates_installtime.odex) is kOatUpToDate with filter 'speed' executable 'false'
01-09 11:49:45.359  3320  3320 I artd    : GetBestInfo: odex next to the dex file (/data/app/~~jfaalmuk5Iq9PCISxhh6tw==/com.google.android.gms-GD3o_hYHpt4LZBfB2qZRjQ==/oat/arm64/split_MapsDynamite_installtime.odex) is kOatUpToDate with filter 'speed' executable 'false'
01-09 11:49:45.359  3320  3320 I artd    : GetBestInfo: odex next to the dex file (/data/app/~~jfaalmuk5Iq9PCISxhh6tw==/com.google.android.gms-GD3o_hYHpt4LZBfB2qZRjQ==/oat/arm64/split_MeasurementDynamite_installtime.odex) is kOatUpToDate with filter 'speed' executable 'false'
01-09 11:49:45.360  3320  3320 I artd    : GetBestInfo: odex next to the dex file (/data/app/~~jfaalmuk5Iq9PCISxhh6tw==/com.google.android.gms-GD3o_hYHpt4LZBfB2qZRjQ==/oat/arm64/split_all_locale_splits.odex) is kOatUpToDate with filter 'speed' executable 'false'
01-09 11:49:45.360  3320  3320 I artd    : GetBestInfo: /data/user_de/0/com.google.android.gms/app_chimera/m/00000001/CronetDynamite.apk has no usable artifacts
01-09 11:49:45.361  3320  3320 I artd    : GetBestInfo: vdex next to the dex file (/data/user/0/com.google.android.gms/app_dg_cache/86A13DB628665CCE468EC763B2421D69DCAC1B2A/oat/arm64/the.vdex) is kOatUpToDate with filter 'verify' executable 'false'
01-09 11:49:45.361  3320  3320 I artd    : GetBestInfo: /data/user_de/0/com.google.android.gms/app_chimera/m/00000002/DynamiteLoader.apk has no usable artifacts
01-09 11:49:45.361  3320  3320 I artd    : GetBestInfo: /data/user_de/0/com.google.android.gms/app_chimera/m/00000005/GoogleCertificates.apk has no usable artifacts
01-09 11:49:45.362  3320  3320 I artd    : GetBestInfo: /data/user_de/0/com.google.android.gms/app_chimera/m/00000009/dl-Appsearch.optional_250834100400.apk has no usable artifacts
01-09 11:49:45.363  3320  3320 I artd    : GetBestInfo: vdex next to the dex file (/data/user/0/com.google.android.gms/app_dg_cache/539E273229BC2C9434CD4D54F801F1B642616683/oat/arm64/the.vdex) is kOatUpToDate with filter 'verify' executable 'false'
01-09 11:49:45.363  3320  3320 I artd    : GetBestInfo: vdex next to the dex file (/data/user/0/com.google.android.gms/app_dg_cache/F6B993618D245C45CC8EA213FA039A5EB670AFCE/oat/arm64/the.vdex) is kOatUpToDate with filter 'verify' executable 'false'
01-09 11:49:45.364  3320  3320 I artd    : GetBestInfo: /data/user_de/0/com.google.android.gms/app_chimera/m/00000012/dl-MlkitBarcodeUi.optional_254730100400.apk has no usable artifacts
01-09 11:49:45.364  3320  3320 I artd    : GetBestInfo: /data/user_de/0/com.google.android.gms/app_chimera/m/0000000f/dl-VisionOcr.optional_254730100000.apk has no usable artifacts
01-09 11:49:45.365  3320  3320 I artd    : GetBestInfo: /data/user_de/0/com.google.android.gms/app_chimera/m/00000016/dl-Appsearch.optional_254730100400.apk has no usable artifacts
01-09 11:49:45.365  3320  3320 I artd    : GetBestInfo: vdex next to the dex file (/data/user/0/com.google.android.gms/app_dg_cache/1479D6BF6FCF6C46C8B4A12D79750ADE94AAD018/oat/arm64/the.vdex) is kOatUpToDate with filter 'verify' executable 'false'
01-09 11:49:45.366  3320  3320 I artd    : GetBestInfo: /data/user_de/0/com.google.android.gms/app_chimera/m/0000000e/dl-TfliteDynamiteDynamite.integ_243930802100400.apk has no usable artifacts
01-09 11:49:45.366  3320  3320 I artd    : GetBestInfo: /data/user_de/0/com.google.android.gms/app_chimera/m/00000015/dl-PlayCloudSearch.optional_254730100000.apk has no usable artifacts
01-09 11:49:45.367  3320  3320 I artd    : GetBestInfo: vdex next to the dex file (/data/user/0/com.google.android.gms/app_dg_cache/F69F380742AF765C5688217890FC7C5272FF6A59/oat/arm64/the.vdex) is kOatUpToDate with filter 'verify' executable 'false'
01-09 11:49:45.368  3320  3320 I artd    : GetBestInfo: vdex next to the dex file (/data/user/0/com.google.android.gms/app_dg_cache/BC758ED5E7D6BDB04AA7A99271131838E0308423/oat/arm64/the.vdex) is kOatUpToDate with filter 'verify' executable 'false'
01-09 11:49:45.368  3320  3320 I artd    : GetBestInfo: /data/user_de/0/com.google.android.gms/app_chimera/m/00000008/dl-TfliteDynamiteDynamite.integ_243930801100400.apk has no usable artifacts
01-09 11:49:45.369  3320  3320 I artd    : GetBestInfo: /data/user_de/0/com.google.android.gms/app_chimera/m/0000000c/dl-MlkitBarcodeUi.optional_250834100400.apk has no usable artifacts
01-09 11:49:45.369  3320  3320 I artd    : GetBestInfo: /data/user_de/0/com.google.android.gms/app_chimera/m/00000010/dl-MlkitOcrCommon.optional_254730100400.apk has no usable artifacts
01-09 11:49:45.369  3320  3320 I artd    : GetBestInfo: /data/user_de/0/com.google.android.gms/app_chimera/m/00000007/MeasurementDynamite.apk has no usable artifacts
01-09 11:49:46.643   660   826 D InetDiagMessage: Destroyed 0 sockets, proto=IPPROTO_TCP, family=AF_INET, states=14
01-09 11:49:46.644   660   826 D InetDiagMessage: Destroyed 0 sockets, proto=IPPROTO_TCP, family=AF_INET6, states=14
01-09 11:49:46.644   660   826 D InetDiagMessage: Destroyed live tcp sockets for uids={10170} in 2ms
01-09 11:49:46.644   660   826 D InetDiagMessage: Destroyed 0 sockets, proto=IPPROTO_TCP, family=AF_INET, states=14
01-09 11:49:46.644   660   826 D InetDiagMessage: Destroyed 0 sockets, proto=IPPROTO_TCP, family=AF_INET6, states=14
01-09 11:49:46.644   660   826 D InetDiagMessage: Destroyed live tcp sockets for uids={20170} in 0ms
01-09 11:49:47.534   660   892 D WifiNl80211Manager: Scan result ready event
01-09 11:49:47.534   660   892 D WifiNative: Scan result ready event
01-09 11:49:47.538  1160  1176 I WifiScanner: onFullResults
01-09 11:49:47.538  1160  2402 I WifiScanner: onFullResults
01-09 11:49:47.547   660   820 I HalDevMgr: bestIfaceCreationProposal is null, requestIface=STA, existingIface=[name=wlan0 type=STA]
01-09 11:49:47.564   660   775 D ActivityManager: freezing 3143 com.google.android.photopicker
01-09 11:49:47.566   660   826 D InetDiagMessage: Destroyed 0 sockets, proto=IPPROTO_TCP, family=AF_INET, states=14
01-09 11:49:47.566   660   826 D InetDiagMessage: Destroyed 0 sockets, proto=IPPROTO_TCP, family=AF_INET6, states=14
01-09 11:49:47.566   660   826 D InetDiagMessage: Destroyed live tcp sockets for uids={10206} in 1ms
01-09 11:49:49.110  1034  1205 D SatelliteController: iisInCarrierRoamingNbIotNtn: satellite is disabled
01-09 11:49:55.333  6868  6868 W dumpsys : Thread Pool max thread count is 0. Cannot cache binder as linkToDeath cannot be implemented. serviceName: package
01-09 11:49:55.360  3320  3320 I artd    : GetBestInfo: odex next to the dex file (/data/app/~~jfaalmuk5Iq9PCISxhh6tw==/com.google.android.gms-GD3o_hYHpt4LZBfB2qZRjQ==/oat/arm64/base.odex) is kOatUpToDate with filter 'speed-profile' executable 'false'
01-09 11:49:55.361  3320  3320 I artd    : GetBestInfo: odex next to the dex file (/data/app/~~jfaalmuk5Iq9PCISxhh6tw==/com.google.android.gms-GD3o_hYHpt4LZBfB2qZRjQ==/oat/arm64/split_AdsDynamite_installtime.odex) is kOatUpToDate with filter 'speed' executable 'false'
01-09 11:49:55.362  3320  3320 I artd    : GetBestInfo: odex next to the dex file (/data/app/~~jfaalmuk5Iq9PCISxhh6tw==/com.google.android.gms-GD3o_hYHpt4LZBfB2qZRjQ==/oat/arm64/split_CronetDynamite_installtime.odex) is kOatUpToDate with filter 'speed-profile' executable 'false'
01-09 11:49:55.362  3320  3320 I artd    : GetBestInfo: odex next to the dex file (/data/app/~~jfaalmuk5Iq9PCISxhh6tw==/com.google.android.gms-GD3o_hYHpt4LZBfB2qZRjQ==/oat/arm64/split_DynamiteLoader_installtime.odex) is kOatUpToDate with filter 'speed' executable 'false'
01-09 11:49:55.363  3320  3320 I artd    : GetBestInfo: odex next to the dex file (/data/app/~~jfaalmuk5Iq9PCISxhh6tw==/com.google.android.gms-GD3o_hYHpt4LZBfB2qZRjQ==/oat/arm64/split_DynamiteModulesA_installtime.odex) is kOatUpToDate with filter 'speed' executable 'false'
01-09 11:49:55.363  3320  3320 I artd    : GetBestInfo: odex next to the dex file (/data/app/~~jfaalmuk5Iq9PCISxhh6tw==/com.google.android.gms-GD3o_hYHpt4LZBfB2qZRjQ==/oat/arm64/split_DynamiteModulesC_installtime.odex) is kOatUpToDate with filter 'speed' executable 'false'
01-09 11:49:55.364  3320  3320 I artd    : GetBestInfo: odex next to the dex file (/data/app/~~jfaalmuk5Iq9PCISxhh6tw==/com.google.android.gms-GD3o_hYHpt4LZBfB2qZRjQ==/oat/arm64/split_GoogleCertificates_installtime.odex) is kOatUpToDate with filter 'speed' executable 'false'
01-09 11:49:55.365  3320  3320 I artd    : GetBestInfo: odex next to the dex file (/data/app/~~jfaalmuk5Iq9PCISxhh6tw==/com.google.android.gms-GD3o_hYHpt4LZBfB2qZRjQ==/oat/arm64/split_MapsDynamite_installtime.odex) is kOatUpToDate with filter 'speed' executable 'false'
01-09 11:49:55.365  3320  3320 I artd    : GetBestInfo: odex next to the dex file (/data/app/~~jfaalmuk5Iq9PCISxhh6tw==/com.google.android.gms-GD3o_hYHpt4LZBfB2qZRjQ==/oat/arm64/split_MeasurementDynamite_installtime.odex) is kOatUpToDate with filter 'speed' executable 'false'
01-09 11:49:55.366  3320  3320 I artd    : GetBestInfo: odex next to the dex file (/data/app/~~jfaalmuk5Iq9PCISxhh6tw==/com.google.android.gms-GD3o_hYHpt4LZBfB2qZRjQ==/oat/arm64/split_all_locale_splits.odex) is kOatUpToDate with filter 'speed' executable 'false'
01-09 11:49:55.366  3320  3320 I artd    : GetBestInfo: /data/user_de/0/com.google.android.gms/app_chimera/m/00000001/CronetDynamite.apk has no usable artifacts
01-09 11:49:55.366  3320  3320 I artd    : GetBestInfo: vdex next to the dex file (/data/user/0/com.google.android.gms/app_dg_cache/86A13DB628665CCE468EC763B2421D69DCAC1B2A/oat/arm64/the.vdex) is kOatUpToDate with filter 'verify' executable 'false'
01-09 11:49:55.367  3320  3320 I artd    : GetBestInfo: /data/user_de/0/com.google.android.gms/app_chimera/m/00000002/DynamiteLoader.apk has no usable artifacts
01-09 11:49:55.367  3320  3320 I artd    : GetBestInfo: /data/user_de/0/com.google.android.gms/app_chimera/m/00000005/GoogleCertificates.apk has no usable artifacts
01-09 11:49:55.367  3320  3320 I artd    : GetBestInfo: /data/user_de/0/com.google.android.gms/app_chimera/m/00000009/dl-Appsearch.optional_250834100400.apk has no usable artifacts
01-09 11:49:55.368  3320  3320 I artd    : GetBestInfo: vdex next to the dex file (/data/user/0/com.google.android.gms/app_dg_cache/539E273229BC2C9434CD4D54F801F1B642616683/oat/arm64/the.vdex) is kOatUpToDate with filter 'verify' executable 'false'
01-09 11:49:55.369  3320  3320 I artd    : GetBestInfo: vdex next to the dex file (/data/user/0/com.google.android.gms/app_dg_cache/F6B993618D245C45CC8EA213FA039A5EB670AFCE/oat/arm64/the.vdex) is kOatUpToDate with filter 'verify' executable 'false'
01-09 11:49:55.369  3320  3320 I artd    : GetBestInfo: /data/user_de/0/com.google.android.gms/app_chimera/m/00000012/dl-MlkitBarcodeUi.optional_254730100400.apk has no usable artifacts
01-09 11:49:55.370  3320  3320 I artd    : GetBestInfo: /data/user_de/0/com.google.android.gms/app_chimera/m/0000000f/dl-VisionOcr.optional_254730100000.apk has no usable artifacts
01-09 11:49:55.370  3320  3320 I artd    : GetBestInfo: /data/user_de/0/com.google.android.gms/app_chimera/m/00000016/dl-Appsearch.optional_254730100400.apk has no usable artifacts
01-09 11:49:55.371  3320  3320 I artd    : GetBestInfo: vdex next to the dex file (/data/user/0/com.google.android.gms/app_dg_cache/1479D6BF6FCF6C46C8B4A12D79750ADE94AAD018/oat/arm64/the.vdex) is kOatUpToDate with filter 'verify' executable 'false'
01-09 11:49:55.371  3320  3320 I artd    : GetBestInfo: /data/user_de/0/com.google.android.gms/app_chimera/m/0000000e/dl-TfliteDynamiteDynamite.integ_243930802100400.apk has no usable artifacts
01-09 11:49:55.372  3320  3320 I artd    : GetBestInfo: /data/user_de/0/com.google.android.gms/app_chimera/m/00000015/dl-PlayCloudSearch.optional_254730100000.apk has no usable artifacts
01-09 11:49:55.372  3320  3320 I artd    : GetBestInfo: vdex next to the dex file (/data/user/0/com.google.android.gms/app_dg_cache/F69F380742AF765C5688217890FC7C5272FF6A59/oat/arm64/the.vdex) is kOatUpToDate with filter 'verify' executable 'false'
01-09 11:49:55.373  3320  3320 I artd    : GetBestInfo: vdex next to the dex file (/data/user/0/com.google.android.gms/app_dg_cache/BC758ED5E7D6BDB04AA7A99271131838E0308423/oat/arm64/the.vdex) is kOatUpToDate with filter 'verify' executable 'false'
01-09 11:49:55.373  3320  3320 I artd    : GetBestInfo: /data/user_de/0/com.google.android.gms/app_chimera/m/00000008/dl-TfliteDynamiteDynamite.integ_243930801100400.apk has no usable artifacts
01-09 11:49:55.374  3320  3320 I artd    : GetBestInfo: /data/user_de/0/com.google.android.gms/app_chimera/m/0000000c/dl-MlkitBarcodeUi.optional_250834100400.apk has no usable artifacts
01-09 11:49:55.374  3320  3320 I artd    : GetBestInfo: /data/user_de/0/com.google.android.gms/app_chimera/m/00000010/dl-MlkitOcrCommon.optional_254730100400.apk has no usable artifacts
01-09 11:49:55.374  3320  3320 I artd    : GetBestInfo: /data/user_de/0/com.google.android.gms/app_chimera/m/00000007/MeasurementDynamite.apk has no usable artifacts
01-09 11:49:59.113  1034  1205 D SatelliteController: iisInCarrierRoamingNbIotNtn: satellite is disabled
01-09 11:50:05.323  6871  6871 W dumpsys : Thread Pool max thread count is 0. Cannot cache binder as linkToDeath cannot be implemented. serviceName: package
01-09 11:50:05.340  3320  3320 I artd    : GetBestInfo: odex next to the dex file (/data/app/~~jfaalmuk5Iq9PCISxhh6tw==/com.google.android.gms-GD3o_hYHpt4LZBfB2qZRjQ==/oat/arm64/base.odex) is kOatUpToDate with filter 'speed-profile' executable 'false'
01-09 11:50:05.341  3320  3320 I artd    : GetBestInfo: odex next to the dex file (/data/app/~~jfaalmuk5Iq9PCISxhh6tw==/com.google.android.gms-GD3o_hYHpt4LZBfB2qZRjQ==/oat/arm64/split_AdsDynamite_installtime.odex) is kOatUpToDate with filter 'speed' executable 'false'
01-09 11:50:05.341  3320  3320 I artd    : GetBestInfo: odex next to the dex file (/data/app/~~jfaalmuk5Iq9PCISxhh6tw==/com.google.android.gms-GD3o_hYHpt4LZBfB2qZRjQ==/oat/arm64/split_CronetDynamite_installtime.odex) is kOatUpToDate with filter 'speed-profile' executable 'false'
01-09 11:50:05.342  3320  3320 I artd    : GetBestInfo: odex next to the dex file (/data/app/~~jfaalmuk5Iq9PCISxhh6tw==/com.google.android.gms-GD3o_hYHpt4LZBfB2qZRjQ==/oat/arm64/split_DynamiteLoader_installtime.odex) is kOatUpToDate with filter 'speed' executable 'false'
01-09 11:50:05.343  3320  3320 I artd    : GetBestInfo: odex next to the dex file (/data/app/~~jfaalmuk5Iq9PCISxhh6tw==/com.google.android.gms-GD3o_hYHpt4LZBfB2qZRjQ==/oat/arm64/split_DynamiteModulesA_installtime.odex) is kOatUpToDate with filter 'speed' executable 'false'
01-09 11:50:05.343  3320  3320 I artd    : GetBestInfo: odex next to the dex file (/data/app/~~jfaalmuk5Iq9PCISxhh6tw==/com.google.android.gms-GD3o_hYHpt4LZBfB2qZRjQ==/oat/arm64/split_DynamiteModulesC_installtime.odex) is kOatUpToDate with filter 'speed' executable 'false'
01-09 11:50:05.344  3320  3320 I artd    : GetBestInfo: odex next to the dex file (/data/app/~~jfaalmuk5Iq9PCISxhh6tw==/com.google.android.gms-GD3o_hYHpt4LZBfB2qZRjQ==/oat/arm64/split_GoogleCertificates_installtime.odex) is kOatUpToDate with filter 'speed' executable 'false'
01-09 11:50:05.344  3320  3320 I artd    : GetBestInfo: odex next to the dex file (/data/app/~~jfaalmuk5Iq9PCISxhh6tw==/com.google.android.gms-GD3o_hYHpt4LZBfB2qZRjQ==/oat/arm64/split_MapsDynamite_installtime.odex) is kOatUpToDate with filter 'speed' executable 'false'
01-09 11:50:05.345  3320  3320 I artd    : GetBestInfo: odex next to the dex file (/data/app/~~jfaalmuk5Iq9PCISxhh6tw==/com.google.android.gms-GD3o_hYHpt4LZBfB2qZRjQ==/oat/arm64/split_MeasurementDynamite_installtime.odex) is kOatUpToDate with filter 'speed' executable 'false'
01-09 11:50:05.346  3320  3320 I artd    : GetBestInfo: odex next to the dex file (/data/app/~~jfaalmuk5Iq9PCISxhh6tw==/com.google.android.gms-GD3o_hYHpt4LZBfB2qZRjQ==/oat/arm64/split_all_locale_splits.odex) is kOatUpToDate with filter 'speed' executable 'false'
01-09 11:50:05.346  3320  3320 I artd    : GetBestInfo: /data/user_de/0/com.google.android.gms/app_chimera/m/00000001/CronetDynamite.apk has no usable artifacts
01-09 11:50:05.346  3320  3320 I artd    : GetBestInfo: vdex next to the dex file (/data/user/0/com.google.android.gms/app_dg_cache/86A13DB628665CCE468EC763B2421D69DCAC1B2A/oat/arm64/the.vdex) is kOatUpToDate with filter 'verify' executable 'false'
01-09 11:50:05.347  3320  3320 I artd    : GetBestInfo: /data/user_de/0/com.google.android.gms/app_chimera/m/00000002/DynamiteLoader.apk has no usable artifacts
01-09 11:50:05.347  3320  3320 I artd    : GetBestInfo: /data/user_de/0/com.google.android.gms/app_chimera/m/00000005/GoogleCertificates.apk has no usable artifacts
01-09 11:50:05.347  3320  3320 I artd    : GetBestInfo: /data/user_de/0/com.google.android.gms/app_chimera/m/00000009/dl-Appsearch.optional_250834100400.apk has no usable artifacts
01-09 11:50:05.348  3320  3320 I artd    : GetBestInfo: vdex next to the dex file (/data/user/0/com.google.android.gms/app_dg_cache/539E273229BC2C9434CD4D54F801F1B642616683/oat/arm64/the.vdex) is kOatUpToDate with filter 'verify' executable 'false'
01-09 11:50:05.349  3320  3320 I artd    : GetBestInfo: vdex next to the dex file (/data/user/0/com.google.android.gms/app_dg_cache/F6B993618D245C45CC8EA213FA039A5EB670AFCE/oat/arm64/the.vdex) is kOatUpToDate with filter 'verify' executable 'false'
01-09 11:50:05.349  3320  3320 I artd    : GetBestInfo: /data/user_de/0/com.google.android.gms/app_chimera/m/00000012/dl-MlkitBarcodeUi.optional_254730100400.apk has no usable artifacts
01-09 11:50:05.350  3320  3320 I artd    : GetBestInfo: /data/user_de/0/com.google.android.gms/app_chimera/m/0000000f/dl-VisionOcr.optional_254730100000.apk has no usable artifacts
01-09 11:50:05.350  3320  3320 I artd    : GetBestInfo: /data/user_de/0/com.google.android.gms/app_chimera/m/00000016/dl-Appsearch.optional_254730100400.apk has no usable artifacts
01-09 11:50:05.351  3320  3320 I artd    : GetBestInfo: vdex next to the dex file (/data/user/0/com.google.android.gms/app_dg_cache/1479D6BF6FCF6C46C8B4A12D79750ADE94AAD018/oat/arm64/the.vdex) is kOatUpToDate with filter 'verify' executable 'false'
01-09 11:50:05.351  3320  3320 I artd    : GetBestInfo: /data/user_de/0/com.google.android.gms/app_chimera/m/0000000e/dl-TfliteDynamiteDynamite.integ_243930802100400.apk has no usable artifacts
01-09 11:50:05.352  3320  3320 I artd    : GetBestInfo: /data/user_de/0/com.google.android.gms/app_chimera/m/00000015/dl-PlayCloudSearch.optional_254730100000.apk has no usable artifacts
01-09 11:50:05.352  3320  3320 I artd    : GetBestInfo: vdex next to the dex file (/data/user/0/com.google.android.gms/app_dg_cache/F69F380742AF765C5688217890FC7C5272FF6A59/oat/arm64/the.vdex) is kOatUpToDate with filter 'verify' executable 'false'
01-09 11:50:05.353  3320  3320 I artd    : GetBestInfo: vdex next to the dex file (/data/user/0/com.google.android.gms/app_dg_cache/BC758ED5E7D6BDB04AA7A99271131838E0308423/oat/arm64/the.vdex) is kOatUpToDate with filter 'verify' executable 'false'
01-09 11:50:05.353  3320  3320 I artd    : GetBestInfo: /data/user_de/0/com.google.android.gms/app_chimera/m/00000008/dl-TfliteDynamiteDynamite.integ_243930801100400.apk has no usable artifacts
01-09 11:50:05.354  3320  3320 I artd    : GetBestInfo: /data/user_de/0/com.google.android.gms/app_chimera/m/0000000c/dl-MlkitBarcodeUi.optional_250834100400.apk has no usable artifacts
01-09 11:50:05.354  3320  3320 I artd    : GetBestInfo: /data/user_de/0/com.google.android.gms/app_chimera/m/00000010/dl-MlkitOcrCommon.optional_254730100400.apk has no usable artifacts
01-09 11:50:05.355  3320  3320 I artd    : GetBestInfo: /data/user_de/0/com.google.android.gms/app_chimera/m/00000007/MeasurementDynamite.apk has no usable artifacts
