--------- beginning of main
01-09 11:46:05.361  1034  1034 D Telephony: isEmergencyPreferredAccount: Device does not require preference.
01-09 11:46:05.362  1034  1034 W Telephony: registerMmTelCapabilityCallback: registration failed, no ImsService available. Exception: code: 1
01-09 11:46:05.362  1034  1034 I Telephony: isRttCurrentlySupported -- regular acct, hasVoiceAvailability: false
01-09 11:46:05.362  1034  1034 I Telephony:  isRttSupported: false
01-09 11:46:05.362  1034  1034 I Telephony:  alwaysAllowWhileRoaming: false
01-09 11:46:05.362  1034  1034 I Telephony:  isRoaming: false
01-09 11:46:05.362  1034  1034 I Telephony:  isOnWfc: false
01-09 11:46:05.364  1848  1848 I Finsky  : [2] ahej - Received: android.intent.action.PACKAGE_ADDED, [nsKtQXlwS7baSW1gvvyqqAgjcyS-B6Zhz-yE4OhvxxE]
01-09 11:46:05.367  1848  1848 I Finsky  : [2] ahej - Deduping intent android.intent.action.PACKAGE_ADDED
01-09 11:46:05.369  1848  2064 I Finsky  : [43] RECEIVER_PACKAGE_MONITOR#logWorkEndAndFinishGoAsync: SUCCESS
01-09 11:46:05.370  1160  4799 I NearbySharing: Stopping Fast Init advertisement because Bluetooth is off.
01-09 11:46:05.370  1160  4799 I NearbySharing: Stopping advertising because Bluetooth is disabled.
--------- beginning of system
01-09 11:46:05.390   660   870 D BackgroundInstallControlService: Package event received: 0
01-09 11:46:05.390   660   870 D BackgroundInstallControlService: Package event received: 0
01-09 11:46:05.392  1528  1528 D BoundBrokerSvc: onBind: Intent { act=com.google.android.gms.chimera.container.moduleinstall.ModuleInstallService.START dat=chimera-action:/... xflg=0x4 cmp=com.google.android.gms/.chimera.GmsApiService }
01-09 11:46:05.392  1528  1528 D BoundBrokerSvc: Loading bound service for intent: Intent { act=com.google.android.gms.chimera.container.moduleinstall.ModuleInstallService.START dat=chimera-action:/... xflg=0x4 cmp=com.google.android.gms/.chimera.GmsApiService }
01-09 11:46:05.393  6342  6342 I droid.bluetooth: AssetManager2(0xb4000072b37a6e58) locale list changing from [] to [en-US]
01-09 11:46:05.402  1160  6266 I MagicTether: [TetherService] starting runnable [CONTEXT service_id=276 ]
01-09 11:46:05.408  1160  6266 I MagicTether: [TetherService] Bluetooth is disabled, stopping service. [CONTEXT service_id=276 ]
01-09 11:46:05.410  1642  2073 I bcdr    : (REDACTED) isGrpcDeviceIntent: %s
01-09 11:46:05.412  2486  6358 I Finsky:background: [115] Wrote row to frosting DB: 686
01-09 11:46:05.417  1034  1034 W HWUI    : Image decoding logging dropped!
01-09 11:46:05.419  4380  4415 I dnez    : #entry Received background refresh worker run
01-09 11:46:05.426   660   721 E BluetoothPowerStatsCollector: Cannot acquire BluetoothActivityEnergyInfo
01-09 11:46:05.426   660   721 E BluetoothPowerStatsCollector: java.util.concurrent.ExecutionException: java.lang.RuntimeException: error: 9
01-09 11:46:05.426   660   721 E BluetoothPowerStatsCollector: 	at java.util.concurrent.CompletableFuture.reportGet(CompletableFuture.java:372)
01-09 11:46:05.426   660   721 E BluetoothPowerStatsCollector: 	at java.util.concurrent.CompletableFuture.get(CompletableFuture.java:2072)
01-09 11:46:05.426   660   721 E BluetoothPowerStatsCollector: 	at com.android.server.power.stats.BluetoothPowerStatsCollector.collectBluetoothActivityInfo(BluetoothPowerStatsCollector.java:192)
01-09 11:46:05.426   660   721 E BluetoothPowerStatsCollector: 	at com.android.server.power.stats.BluetoothPowerStatsCollector.collectStats(BluetoothPowerStatsCollector.java:155)
01-09 11:46:05.426   660   721 E BluetoothPowerStatsCollector: 	at com.android.server.power.stats.PowerStatsCollector.collectAndDeliverStats(PowerStatsCollector.java:176)
01-09 11:46:05.426   660   721 E BluetoothPowerStatsCollector: 	at com.android.server.power.stats.PowerStatsCollector$$ExternalSyntheticLambda0.run(R8$$SyntheticClass:0)
01-09 11:46:05.426   660   721 E BluetoothPowerStatsCollector: 	at android.os.Handler.handleCallback(Handler.java:995)
01-09 11:46:05.426   660   721 E BluetoothPowerStatsCollector: 	at android.os.Handler.dispatchMessage(Handler.java:103)
01-09 11:46:05.426   660   721 E BluetoothPowerStatsCollector: 	at android.os.Looper.loopOnce(Looper.java:248)
01-09 11:46:05.426   660   721 E BluetoothPowerStatsCollector: 	at android.os.Looper.loop(Looper.java:338)
01-09 11:46:05.426   660   721 E BluetoothPowerStatsCollector: 	at android.os.HandlerThread.run(HandlerThread.java:85)
01-09 11:46:05.426   660   721 E BluetoothPowerStatsCollector: Caused by: java.lang.RuntimeException: error: 9
01-09 11:46:05.426   660   721 E BluetoothPowerStatsCollector: 	at com.android.server.power.stats.BluetoothPowerStatsCollector$1.onBluetoothActivityEnergyInfoError(BluetoothPowerStatsCollector.java:181)
01-09 11:46:05.426   660   721 E BluetoothPowerStatsCollector: 	at android.bluetooth.BluetoothAdapter$OnBluetoothActivityEnergyInfoProxy.lambda$onError$2(BluetoothAdapter.java:1059)
01-09 11:46:05.426   660   721 E BluetoothPowerStatsCollector: 	at android.bluetooth.BluetoothAdapter$OnBluetoothActivityEnergyInfoProxy$$ExternalSyntheticLambda0.run(D8$$SyntheticClass:0)
01-09 11:46:05.426   660   721 E BluetoothPowerStatsCollector: 	at android.bluetooth.BluetoothUtils.lambda$executeFromBinder$0(BluetoothUtils.java:343)
01-09 11:46:05.426   660   721 E BluetoothPowerStatsCollector: 	at android.bluetooth.BluetoothUtils$$ExternalSyntheticLambda1.run(D8$$SyntheticClass:0)
01-09 11:46:05.426   660   721 E BluetoothPowerStatsCollector: 	at com.android.server.SystemServerInitThreadPool$$ExternalSyntheticLambda0.execute(R8$$SyntheticClass:0)
01-09 11:46:05.426   660   721 E BluetoothPowerStatsCollector: 	at android.bluetooth.BluetoothUtils.executeFromBinder(BluetoothUtils.java:343)
01-09 11:46:05.426   660   721 E BluetoothPowerStatsCollector: 	at android.bluetooth.BluetoothAdapter$OnBluetoothActivityEnergyInfoProxy.onError(BluetoothAdapter.java:1058)
01-09 11:46:05.426   660   721 E BluetoothPowerStatsCollector: 	at android.bluetooth.BluetoothAdapter.requestControllerActivityEnergyInfo(BluetoothAdapter.java:2694)
01-09 11:46:05.426   660   721 E BluetoothPowerStatsCollector: 	at com.android.server.power.stats.BatteryStatsImpl$BluetoothStatsRetrieverImpl.requestControllerActivityEnergyInfo(BatteryStatsImpl.java:485)
01-09 11:46:05.426   660   721 E BluetoothPowerStatsCollector: 	at com.android.server.power.stats.BluetoothPowerStatsCollector.collectBluetoothActivityInfo(BluetoothPowerStatsCollector.java:170)
01-09 11:46:05.426   660   721 E BluetoothPowerStatsCollector: 	... 8 more
01-09 11:46:05.432  4380  4415 I dmsr    : #entry Starting PCP background refresh worker...
01-09 11:46:05.436   660   870 D BackgroundInstallControlService: Package event received: 0
01-09 11:46:05.437  1160  1160 D BoundBrokerSvc: onRebind: Intent { act=com.google.android.gms.libs.gmscorelogger.service.START dat=chimera-action:/... xflg=0x4 cmp=com.google.android.gms/.chimera.PersistentDirectBootAwareApiService }
01-09 11:46:05.438  2486  6358 I Finsky:background: [115] Wrote row to frosting DB: 687
01-09 11:46:05.439  1160  6182 I MagicTether: [TetherService] starting runnable [CONTEXT service_id=276 ]
01-09 11:46:05.439  1160  6182 I MagicTether: [TetherService] Bluetooth is disabled, stopping service. [CONTEXT service_id=276 ]
01-09 11:46:05.442   660  1171 V SafetySourceDataValidat: Package: com.android.vending has expected signature
01-09 11:46:05.446   660  1171 V SafetySourceDataValidat: Package: com.android.vending has expected signature
01-09 11:46:05.459  6342  6342 V GraphicsEnvironment: Currently set values for:
01-09 11:46:05.459  6342  6342 V GraphicsEnvironment:   angle_gl_driver_selection_pkgs=[]
01-09 11:46:05.459  6342  6342 V GraphicsEnvironment:   angle_gl_driver_selection_values=[]
01-09 11:46:05.459  6342  6342 V GraphicsEnvironment: com.google.android.bluetooth is not listed in per-application setting
01-09 11:46:05.459  6342  6342 V GraphicsEnvironment: ANGLE allowlist from config: com.dreamgames.royalmatch com.dts.freefiremax com.dxx.firenow com.gramgames.mergedragons com.ludo.king com.mojang.minecraftpe com.my.defense com.nintendo.zaka com.os.airforce com.playrix.fishdomdd.gplay io.teslatech.callbreak jp.konami.prospia net.peakgames.toonblast
01-09 11:46:05.459  6342  6342 V GraphicsEnvironment: com.google.android.bluetooth is not listed in ANGLE allowlist or settings, returning default
01-09 11:46:05.459  6342  6342 V GraphicsEnvironment: Neither updatable production driver nor prerelease driver is supported.
01-09 11:46:05.471  4380  4410 W adua    : Abort, client detached.
01-09 11:46:05.471  4380  4410 W adua    : Abort, client detached.
01-09 11:46:05.471  4380  4410 W adua    : Abort, client detached.
01-09 11:46:05.471  4380  4410 W adua    : Abort, client detached.
01-09 11:46:05.479   660  3744 I system_server: AssetManager2(0xb4000072b37bb358) locale list changing from [] to [en-US]
01-09 11:46:05.479  4380  4410 W adua    : Abort, client detached.
01-09 11:46:05.479  4380  4410 W adua    : Abort, client detached.
01-09 11:46:05.479  4380  4410 W adua    : Abort, client detached.
01-09 11:46:05.484  4380  4410 W adua    : Abort, client detached.
01-09 11:46:05.484  4380  4410 W adua    : Abort, client detached.
01-09 11:46:05.486   660  3744 W SignedPackage: Cannot get ApplicationInfo for package: com.google.android.devicelockcontroller
01-09 11:46:05.487  4380  4410 W adua    : Abort, client detached.
01-09 11:46:05.488  2486  2486 I Finsky:background: [2] Memory trim requested to level 40
01-09 11:46:05.495  1034  1034 I Telephony: TelecomAccountRegistry$AccountEntry: registerPstnPhoneAccount: Registering account=[[ ] PhoneAccount: ComponentInfo{com.android.phone/com.android.services.telephony.TelephonyConnectionService}, 1, UserHandle{0} Capabilities: CallProvider MultiUser PlaceEmerg SimSub  Audio Routes: BESW Schemes: tel voicemail  Extras: Bundle[{android.telecom.extra.SUPPORTS_VIDEO_CALLING_FALLBACK=true}] GroupId: *** SC Restrictions: [ ]] with Telecom. subId=1
01-09 11:46:05.497   660  1418 I Telecom : TelecomServiceImpl$1: registerPhoneAccount: account=[[ ] PhoneAccount: ComponentInfo{com.android.phone/com.android.services.telephony.TelephonyConnectionService}, 1, UserHandle{0} Capabilities: CallProvider MultiUser PlaceEmerg SimSub  Audio Routes: BESW Schemes: tel voicemail  Extras: Bundle[{android.telecom.extra.SUPPORTS_VIDEO_CALLING_FALLBACK=true}] GroupId: *** SC Restrictions: [ ]]: TSI.rPA(cap)@AMQ
01-09 11:46:05.497   660  1418 I Telecom : PhoneAccountRegistrar: Modify account: [ComponentInfo{com.android.phone/com.android.services.telephony.TelephonyConnectionService}, 1, UserHandle{0}]: TSI.rPA(cap)@AMQ
01-09 11:46:05.497   660  1418 I Telecom : CallsManager: handlePhoneAccountChanged: phoneAccount=[[X] PhoneAccount: ComponentInfo{com.android.phone/com.android.services.telephony.TelephonyConnectionService}, 1, UserHandle{0} Capabilities: CallProvider MultiUser PlaceEmerg SimSub  Audio Routes: BESW Schemes: tel voicemail  Extras: Bundle[{android.telecom.extra.SUPPORTS_VIDEO_CALLING_FALLBACK=true}] GroupId: *** SC Restrictions: [ ]]: TSI.rPA(cap)@AMQ
01-09 11:46:05.498  1848  1848 I Finsky  : [2] Memory trim requested to level 40
01-09 11:46:05.498  1848  1848 I Finsky  : [2] Flushing in-memory image cache
01-09 11:46:05.501  1160  1160 I MagicTether: [TetherService] Stopping Instant Hotspot feature. [CONTEXT service_id=276 ]
01-09 11:46:05.501  1160  1160 I MagicTether: (REDACTED) [HostTetherRole] enableProximityAuth: %s
01-09 11:46:05.510  1160  1160 I MagicTether: [TetherService] Stopping Nearby component. [CONTEXT service_id=276 ]
01-09 11:46:05.510  1160  1160 I MagicTether: [LaunchUtils] No accounts found for enabling Instant Wifi. [CONTEXT service_id=276 ]
01-09 11:46:05.510  1160  1160 I MagicTether: [HostTetherRole] Nearby host role already stopped [CONTEXT service_id=276 ]
01-09 11:46:05.510  1160  1160 I MagicTether: [LaunchUtils] No accounts found for enabling Instant Wifi. [CONTEXT service_id=276 ]
01-09 11:46:05.510  1160  1160 I MagicTether: [TetherService] Stopping Nearby client role [CONTEXT service_id=276 ]
01-09 11:46:05.510  1160  1160 I MagicTether: [ClientTetherRole] Client role already stopped [CONTEXT service_id=276 ]
01-09 11:46:05.512  4380  4415 I dmep    : (REDACTED) remove request for trigger key: %s, isClientInitiated: %s
01-09 11:46:05.514  4380  4415 I dmgn    : (REDACTED) #remove: subTriggerId=%s
01-09 11:46:05.519  4380  4408 I eria    : Building Device Properties.
01-09 11:46:05.521  4380  4405 W evbb    : Couldn't calculate ClientInstanceId, no account name
01-09 11:46:05.523  4380  4415 I bbij    : (REDACTED) #shouldMigrate(): allowMobileLocaleSettingsDataMigration = %b,
01-09 11:46:05.525  1160  1160 I MagicTether: (REDACTED) [NotificationPresenter] cancelNotification: %d
01-09 11:46:05.526   660  1418 I Telecom : PhoneAccountRegistrar: getSimCallManager: SimCallManager for subId 1 queried, returning: null: TSI.rPA(cap)@AMQ
01-09 11:46:05.526   660  1418 I Telecom : PhoneAccountRegistrar: Notifying telephony of voice service override change for 1 SIMs, hasService = false: TSI.rPA(cap)@AMQ
01-09 11:46:05.526  6342  6342 D BluetoothAdapterApp: onCreate
01-09 11:46:05.526  1160  1160 I MagicTether: [AutoDisconnectIntentOperation] Canceling task. [CONTEXT service_id=276 ]
01-09 11:46:05.526  1034  1034 I PhoneInterfaceManager: setVoiceServiceStateOverride: subId=1, phone=Handler (com.android.internal.telephony.GsmCdmaPhone) {b8446d6}, hasService=false, callingPackage=com.android.server.telecom
01-09 11:46:05.529  4380  4396 D AudioSystem: onNewService: media.audio_policy service obtained 0xb400007253849980
01-09 11:46:05.530  4380  4396 D AudioSystem: getService: checking for service media.audio_policy: 0xb400007253849980
01-09 11:46:05.530  4380  4415 I fasg    : #getHotwordModelConfig
01-09 11:46:05.531  4380  4415 I dodo    : (REDACTED) MDD.getFileGroup(%s)
01-09 11:46:05.533  1160  1160 I MagicTether: (REDACTED) [NotificationPresenter] cancelNotification: %d
01-09 11:46:05.533  1160  1160 I MagicTether: [AutoDisconnectIntentOperation] Canceling task. [CONTEXT service_id=276 ]
01-09 11:46:05.533  6342  6342 D DataMigration: Legacy migration skipped: already completed
01-09 11:46:05.533  1160  1160 I MagicTether: [TidepoolFeatureStatusManager] Successfully unregistered TidepoolListener [CONTEXT service_id=276 ]
01-09 11:46:05.538   660   870 D BackgroundInstallControlService: Package event received: 0
01-09 11:46:05.545  4380  4405 I dodo    : (REDACTED) Loading %s from MDD with name=%s version=%d BuildId= %d
01-09 11:46:05.546  1160  6287 I MagicTether: [AutoDisconnectIntentOperation] Canceling task. [CONTEXT service_id=276 ]
01-09 11:46:05.549   498   550 W APM::HwModule: getDeviceDescriptor: could not find HW module for device  (AUDIO_DEVICE_OUT_WIRED_HEADSET, 00000004) address 
01-09 11:46:05.549  1160  6287 I MagicTether: (REDACTED) [NotificationPresenter] cancelNotification: %d
01-09 11:46:05.549  4380  4415 I dodo    : (REDACTED) [SRM] [Hotword] get hotword model config success, %d locales.
01-09 11:46:05.550   498   550 W APM::HwModule: getDeviceDescriptor: could not find HW module for device  (AUDIO_DEVICE_OUT_WIRED_HEADPHONE, 00000008) address 
01-09 11:46:05.550   498   550 W APM::HwModule: getDeviceDescriptor: could not find HW module for device  (AUDIO_DEVICE_OUT_USB_HEADSET, 04000000) address 
01-09 11:46:05.550  4380  4409 I fasg    : (REDACTED) Mobserve returned config w/ build ID: %d
01-09 11:46:05.550  4380  4409 I fasg    : (REDACTED) Returning hotword config from Mobserve with build %d and keys: %s
01-09 11:46:05.558   915  1032 V WindowManagerShell: Transition animation finished (aborted=false), notifying core (#34) android.os.BinderProxy@cfa1369@0
01-09 11:46:05.559   915   922 I ndroid.systemui: Background concurrent mark compact GC freed 9816KB AllocSpace bytes, 97(2052KB) LOS objects, 50% free, 18MB/36MB, paused 8.236ms,7.612ms total 759.205ms
01-09 11:46:05.560   660   702 V WindowManager: Finish Transition (#34): created at 01-09 11:46:04.951 collect-started=0.014ms request-sent=13.909ms started=29.812ms ready=168.918ms sent=169.711ms commit=156.91ms finished=607.575ms
01-09 11:46:05.563  1035  1035 D VRI[NexusLauncherActivity]: visibilityChanged oldVisibility=true newVisibility=false
01-09 11:46:05.563   660   870 D BackgroundInstallControlService: Package event received: 0
01-09 11:46:05.564   915  1032 V WindowManagerShell: Track 0 became idle
01-09 11:46:05.564   915  1032 V WindowManagerShell: All active transition animations finished
01-09 11:46:05.567  1160  4799 I NearbySharing: There is no account metadata, return default instance.
01-09 11:46:05.568  1160  4799 I NearbySharing: Fast Initiation Scanning has stopped
01-09 11:46:05.568  1160  4799 I NearbySharing: Stopping FastInitiation scanning because Bluetooth is disabled.
01-09 11:46:05.568  1160  4799 I NearbySharing: Dismissing HUN as there's no device nearby.
01-09 11:46:05.570  1160  4799 I NearbySharing: Bluetooth is disabled
01-09 11:46:05.571  1160  4799 I NearbySharing: Uwb feature is off.
01-09 11:46:05.571  1160  4799 I NearbySharing: Stopping scanning because Bluetooth is disabled.
01-09 11:46:05.571  1160  4799 I NearbySharing: Stopping Fast Init advertisement because Bluetooth is off.
01-09 11:46:05.571  1160  4799 I NearbySharing: Stopping advertising because Bluetooth is disabled.
01-09 11:46:05.571  1160  6287 I MagicTether: [AutoDisconnectIntentOperation] Canceling task. [CONTEXT service_id=276 ]
01-09 11:46:05.571  1160  6287 I MagicTether: (REDACTED) [NotificationPresenter] cancelNotification: %d
01-09 11:46:05.571  1160  4799 I NearbySharing: There is no account metadata, return default instance.
01-09 11:46:05.573   915   925 W System  : A resource failed to call release. 
01-09 11:46:05.573  1035  1035 D NexusLauncherModelDelegate: notifySmartspaceEvent: SmartspaceTargetEvent{mSmartspaceTarget=null, mSmartspaceActionId='null', mEventType=7}
01-09 11:46:05.582   915   925 W System  : A resource failed to call release. 
01-09 11:46:05.582   915   925 W System  : A resource failed to call release. 
01-09 11:46:05.582   915   925 W System  : A resource failed to call release. 
01-09 11:46:05.583   915   925 W System  : A resource failed to call release. 
01-09 11:46:05.583   915   925 W System  : A resource failed to call release. 
01-09 11:46:05.583   915   925 W System  : A resource failed to call release. 
01-09 11:46:05.583   915   925 W System  : A resource failed to call release. 
01-09 11:46:05.583   915   925 W System  : A resource failed to call release. 
01-09 11:46:05.583  1160  4799 I NearbySharing: Fast Initiation Scanning has stopped
01-09 11:46:05.583  1160  4799 I NearbySharing: Stopping FastInitiation scanning because Bluetooth is disabled.
01-09 11:46:05.583  1160  6285 I MagicTether: [AutoDisconnectIntentOperation] Canceling task. [CONTEXT service_id=276 ]
01-09 11:46:05.583  1160  6285 I MagicTether: (REDACTED) [NotificationPresenter] cancelNotification: %d
01-09 11:46:05.586  1160  4799 I NearbySharing: Dismissing HUN as there's no device nearby.
01-09 11:46:05.587  1160  4799 I NearbySharing: Broadcasting NearbySharing state change.
01-09 11:46:05.591  6342  6342 D BluetoothAdapterService: onCreate()
01-09 11:46:05.594   660   870 D BackgroundInstallControlService: Package event received: 0
01-09 11:46:05.594  1160  6285 I MagicTether: [AutoDisconnectIntentOperation] Canceling task. [CONTEXT service_id=276 ]
01-09 11:46:05.598  1160  4799 I NearbySharing: Broadcasting NearbySharing state change.
01-09 11:46:05.600   660  1833 D ConnectivityService: requestNetwork for uid/pid:10149/4380 activeRequest: null callbackRequest: 203 [NetworkRequest [ REQUEST id=204, [ Capabilities: INTERNET&NOT_RESTRICTED&TRUSTED&NOT_VCN_MANAGED&NOT_BANDWIDTH_CONSTRAINED Uid: 10149 RequestorUid: 10149 RequestorPkg: com.google.android.googlequicksearchbox UnderlyingNetworks: Null] ]] callback flags: 0 order: 2147483647 isUidTracked: false declaredMethods: AVAIL|LOSING|LOST|UNAVAIL|NC|LP|BLK
01-09 11:46:05.600  1160  6285 I MagicTether: (REDACTED) [NotificationPresenter] cancelNotification: %d
01-09 11:46:05.603  6356  6356 D nativeloader: Configuring clns-9 for other apk /data/app/~~MSOt_bQtVYjvwf7nfDM-sw==/com.gustavo.fitai-fOp2Z4yQDSsVLR9wDjOiIw==/base.apk. target_sdk_version=36, uses_libraries=, library_path=/data/app/~~MSOt_bQtVYjvwf7nfDM-sw==/com.gustavo.fitai-fOp2Z4yQDSsVLR9wDjOiIw==/lib/arm64, permitted_path=/data:/mnt/expand:/data/user/0/com.gustavo.fitai
01-09 11:46:05.607   660   826 I ConnectivityService: Update capabilities for net 100 : +NOT_SUSPENDED
01-09 11:46:05.610  6356  6356 I m.gustavo.fitai: AssetManager2(0xb4000072b37af7d8) locale list changing from [] to [en-US]
01-09 11:46:05.611   660   826 D ConnectivityService: [100 CELLULAR] EVENT_NETWORK_INFO_CHANGED, going from SUSPENDED to CONNECTED
01-09 11:46:05.612  4380  4416 I bsaf    : #onAvailable()
01-09 11:46:05.615   660   826 D ConnectivityService: NetReassign [204 : null â†’ 101] [c 1] [a 2] [i 1]
01-09 11:46:05.617   660   820 D WifiNetworkFactory: got request NetworkRequest [ REQUEST id=204, [ Capabilities: INTERNET&NOT_RESTRICTED&TRUSTED&NOT_VCN_MANAGED&NOT_BANDWIDTH_CONSTRAINED Uid: 10149 RequestorUid: 10149 RequestorPkg: com.google.android.googlequicksearchbox UnderlyingNetworks: Null] ]
01-09 11:46:05.617   660   820 D UntrustedWifiNetworkFactory: got request NetworkRequest [ REQUEST id=204, [ Capabilities: INTERNET&NOT_RESTRICTED&TRUSTED&NOT_VCN_MANAGED&NOT_BANDWIDTH_CONSTRAINED Uid: 10149 RequestorUid: 10149 RequestorPkg: com.google.android.googlequicksearchbox UnderlyingNetworks: Null] ]
01-09 11:46:05.617   660   820 D OemPaidWifiNetworkFactory: got request NetworkRequest [ REQUEST id=204, [ Capabilities: INTERNET&NOT_RESTRICTED&TRUSTED&NOT_VCN_MANAGED&NOT_BANDWIDTH_CONSTRAINED Uid: 10149 RequestorUid: 10149 RequestorPkg: com.google.android.googlequicksearchbox UnderlyingNetworks: Null] ]
01-09 11:46:05.617   660   820 D MultiInternetWifiNetworkFactory: got request NetworkRequest [ REQUEST id=204, [ Capabilities: INTERNET&NOT_RESTRICTED&TRUSTED&NOT_VCN_MANAGED&NOT_BANDWIDTH_CONSTRAINED Uid: 10149 RequestorUid: 10149 RequestorPkg: com.google.android.googlequicksearchbox UnderlyingNetworks: Null] ]
01-09 11:46:05.631  6356  6356 V GraphicsEnvironment: Currently set values for:
01-09 11:46:05.631  6356  6356 V GraphicsEnvironment:   angle_gl_driver_selection_pkgs=[]
01-09 11:46:05.631  6356  6356 V GraphicsEnvironment:   angle_gl_driver_selection_values=[]
01-09 11:46:05.631  6356  6356 V GraphicsEnvironment: com.gustavo.fitai is not listed in per-application setting
01-09 11:46:05.631  6356  6356 V GraphicsEnvironment: ANGLE allowlist from config: com.dreamgames.royalmatch com.dts.freefiremax com.dxx.firenow com.gramgames.mergedragons com.ludo.king com.mojang.minecraftpe com.my.defense com.nintendo.zaka com.os.airforce com.playrix.fishdomdd.gplay io.teslatech.callbreak jp.konami.prospia net.peakgames.toonblast
01-09 11:46:05.631  6356  6356 V GraphicsEnvironment: com.gustavo.fitai is not listed in ANGLE allowlist or settings, returning default
01-09 11:46:05.631  6356  6356 V GraphicsEnvironment: Neither updatable production driver nor prerelease driver is supported.
01-09 11:46:05.631   660  1829 W ContextImpl: Calling a method in the system process without a qualified user: android.app.ContextImpl.sendBroadcastMultiplePermissions:1352 android.content.Context.sendBroadcastMultiplePermissions:2529 android.content.Context.sendBroadcastMultiplePermissions:2517 com.android.server.TelephonyRegistry.broadcastDataConnectionStateChanged:4378 com.android.server.TelephonyRegistry.notifyDataConnectionForSubscriber:2321 
01-09 11:46:05.636  1528  4506 I Icing   : IndexChimeraService.getServiceInterface callingPackage=com.google.android.googlequicksearchbox componentName=AMBIENT_ASSISTANT serviceId=32
01-09 11:46:05.648  6342  6342 D BluetoothAdapterService: setAdapterService() - set service to com.android.bluetooth.btservice.AdapterService@6da946
01-09 11:46:05.648  6342  6342 I AdapterState: OFF : entered 
01-09 11:46:05.648  6342  6342 D AdapterProperties: Setting state to OFF
01-09 11:46:05.648  6342  6342 D BluetoothAdapterService: Broadcasting [updateAdapterState(OFF, OFF)] to 0 receivers.
01-09 11:46:05.648  6342  6342 D BluetoothAdapterService: onBind()
01-09 11:46:05.649  1528  1528 I NearbySharing: SharingTileService created.
01-09 11:46:05.650  1160  6396 I Nearby  : (REDACTED) is blocked device type %s, isAuto=%s, isIot=%s, isLatchsky=%s, isChinaWearable=%s, isTv=%s, isWearable=%s (supportWearOs=%s), isChromeOsDevice=%s (supportChromeOs=%s)
01-09 11:46:05.654  4380  4415 I bxii    : Locale is null. Expected at the first call.
01-09 11:46:05.654  4380  4415 I bxii    : Locale is null. Expected at the first call.
01-09 11:46:05.654  4380  4415 I bxii    : Not eligible for Robin
01-09 11:46:05.660  1160  6285 I ProximityAuth: [PhoneHubService] Bluetooth state has changed. Calling startService.
01-09 11:46:05.660  1160  5914 I NearbySharing: There is no account metadata, return default instance.
01-09 11:46:05.664  1034  1034 D MultiSimSettingController: notifySubscriptionInfoChanged
01-09 11:46:05.665   660   660 D BluetoothSystemServer: BluetoothManagerService: ServiceConnection.onServiceConnected(com.android.bluetooth.btservice.AdapterService, android.os.BinderProxy@2ae9827)
01-09 11:46:05.665   660   787 D BluetoothSystemServer: BluetoothManagerService: MESSAGE_BLUETOOTH_SERVICE_CONNECTED: service=android.os.BinderProxy@2ae9827
01-09 11:46:05.667  1160  1416 I NearbyMediums: WifiNetwork setTelephonyIsDataConnected:true
01-09 11:46:05.667  4380  4409 I bqge    : Robin eligibility : Account is Pseudonymous type.
01-09 11:46:05.667   660   787 D BluetoothSystemServer: BluetoothManagerService: offToBleOn: Sending request
01-09 11:46:05.667   660   787 D BluetoothSystemServer: BluetoothManagerService: broadcastIntentStateChange: action=BLE_STATE_CHANGED prevState=OFF newState=BLE_TURNING_ON
01-09 11:46:05.667  4380  4409 I bqge    : User became ineligible due to one of checks failed on client
01-09 11:46:05.668  4380  4409 I bteo    : OptInSetting is UNKNOWN or UNRECOGNIZED [CONTEXT ratelimit_period="10 SECONDS" ]
01-09 11:46:05.669  1160  1160 I NearbyDiscovery: (REDACTED) DiscoveryService onStartCommand action: %s
01-09 11:46:05.669  1160  1160 I NearbyDiscovery: (REDACTED) FastPair: onAdapterStateChange: state=%s
01-09 11:46:05.669   660   660 I AS.AudioService: onSubscriptionsChanged()
01-09 11:46:05.669  1160  2701 I NearbyDiscovery: (REDACTED) FastPairHandler: Received action %s
01-09 11:46:05.671   660   833 E AppOps  : attributionTag VCN not declared in manifest of android
01-09 11:46:05.671  4380  4409 I brod    : Returning COHORT_NOT_DETERMINED for signed out user.
01-09 11:46:05.672  2486  2486 I Finsky:background: [2] onSubscriptionsChanged
01-09 11:46:05.672  1848  1848 I Finsky  : [2] onSubscriptionsChanged
01-09 11:46:05.672  4380  4409 I brod    : Returning COHORT_NOT_DETERMINED for signed out user.
01-09 11:46:05.672  4380  4409 I bpxz    : Fast track disabled
01-09 11:46:05.678  4380  4409 I brfz    : Samsung fast track experience disabled (not Samsung device).
01-09 11:46:05.678  4380  4409 I bpxz    : Samsung fast track enrollment disabled, not enrolling
01-09 11:46:05.678  4380  4409 I bpyl    : (REDACTED) Writing %s cross-process flag values: %s
01-09 11:46:05.678  1657  2614 I BugleRcsEngine: SIM state event delay enabled: attempts 1, maxAttempts 3, delaySeconds 90 MSIM delayseconds 90, effective delay seconds 90 [CONTEXT thread_id=62 ]
01-09 11:46:05.678  1160  1416 I NearbyFastPair: DynamicSupportModule: onSupportStateUpdate start [CONTEXT service_id=265 ]
01-09 11:46:05.678  1657  2614 I BugleRcsEngine: posted simEventProcessTask to handler with delay 90 [CONTEXT thread_id=62 ]
01-09 11:46:05.678  1160  1416 I NearbyFastPair: DynamicSupportModule: onSupportStateUpdate end [CONTEXT service_id=265 ]
01-09 11:46:05.679   660  1829 W IPCThreadState: Sending oneway calls to frozen process.
01-09 11:46:05.679  1034  1034 I Telephony: TelecomAccountRegistry$TelecomAccountTelephonyCallback: TelecomAccountRegistry: onServiceStateChanged: newState=0, mServiceState=1
01-09 11:46:05.679  1034  1034 I Telephony: TelecomAccountRegistry: onServiceStateChanged: Tearing down and re-setting up accounts.
01-09 11:46:05.679  1034  1034 I Telephony: PstnIncomingCallNotifier: Unregistering: [0]
01-09 11:46:05.679  1034  1034 D Telephony: Unregistering: Handler (com.android.internal.telephony.GsmCdmaPhone) {b8446d6}
01-09 11:46:05.679  1034  1034 I PhoneInterfaceManager: unregisterMmTelCapabilityCallback: 1 is inactive, ignoring unregister.
01-09 11:46:05.679  1034  1034 I PhoneInterfaceManager: unregisterImsRegistrationCallback: 1is inactive, ignoring unregister.
01-09 11:46:05.682  1964  6229 I BugleDataModel: Scheduling country code detector action, because a subscription changed its state.
01-09 11:46:05.684  1964  6229 I BugleDataModel: Scheduling self participants refresh action, because a subscription changed its state.
01-09 11:46:05.684  1160  2701 I NearbyDiscovery: FastPairController: removeAllEventStreamInitializationDevice [CONTEXT service_id=265 ]
01-09 11:46:05.685  1034  1034 I Telephony: TelecomAccountRegistry: setupAccounts: Found 1 phones.  Attempting to register.
01-09 11:46:05.685  1034  1034 I Telephony: TelecomAccountRegistry: setupAccounts: Phone with subscription id 1
01-09 11:46:05.686  1034  1034 V SimultaneousCallingTracker: Device is not simultaneous calling capable
01-09 11:46:05.686  1964  3688 I BugleRcsEngine: SIM state event delay enabled: attempts 1, maxAttempts 3, delaySeconds 90 MSIM delayseconds 90, effective delay seconds 90 [CONTEXT thread_id=108 ]
01-09 11:46:05.686  1964  3688 I BugleRcsEngine: posted simEventProcessTask to handler with delay 90 [CONTEXT thread_id=108 ]
01-09 11:46:05.693  1160  2701 I NearbyDiscovery: FastPairController: destroyAllEventStreams [CONTEXT service_id=265 ]
01-09 11:46:05.693  1160  2701 I NearbyDiscovery: (REDACTED) EventStreamManager: Disconnect all event streams, size=%s
01-09 11:46:05.694  1160  6182 I NearbyDiscovery: (REDACTED) SdpManager: Remove all pending sdp actions (%s)
01-09 11:46:05.703  1160  4799 I NearbySharing: There is no account metadata, return default instance.
01-09 11:46:05.704  1034  1034 D Telephony: isEmergencyPreferredAccount: subId=1, activeData=1
01-09 11:46:05.704  1034  1034 D Telephony: isEmergencyPreferredAccount: Device does not require preference.
01-09 11:46:05.704  1034  1034 I Telephony: isRttCurrentlySupported -- regular acct, hasVoiceAvailability: false
01-09 11:46:05.704  1034  1034 I Telephony:  isRttSupported: false
01-09 11:46:05.704  1034  1034 I Telephony:  alwaysAllowWhileRoaming: false
01-09 11:46:05.704  1034  1034 I Telephony:  isRoaming: false
01-09 11:46:05.704  1034  1034 I Telephony:  isOnWfc: false
01-09 11:46:05.711   660  1236 W OptProp : Cannot read opt property android.window.PROPERTY_COMPAT_ENABLE_FAKE_FOCUS
01-09 11:46:05.712   660   787 D BluetoothSystemServer: BluetoothManagerService: Broadcasting sendBluetoothServiceUpCallback() to 10 receivers.
01-09 11:46:05.712  1642  1658 D BluetoothAdapter: onBluetoothServiceUp: android.os.BinderProxy@14a44e5
01-09 11:46:05.712  1160  2726 D BluetoothAdapter: onBluetoothServiceUp: android.os.BinderProxy@afd02b0
01-09 11:46:05.712   660   787 D BluetoothAdapter: onBluetoothServiceUp: android.os.BinderProxy@2ae9827
01-09 11:46:05.713  1034  1242 D BluetoothAdapter: onBluetoothServiceUp: android.os.BinderProxy@a04b04
01-09 11:46:05.713  6342  6354 D BluetoothAdapter: onBluetoothServiceUp: com.android.bluetooth.btservice.AdapterServiceBinder@2f6a034
01-09 11:46:05.713  1528  3233 D BluetoothAdapter: onBluetoothServiceUp: android.os.BinderProxy@fcc2e8a
01-09 11:46:05.713   915  1350 D BluetoothAdapter: onBluetoothServiceUp: android.os.BinderProxy@754f9ac
01-09 11:46:05.714  1160  6287 I NearbyMediums: ModuleInitializer handles incoming intent android.bluetooth.adapter.action.STATE_CHANGED
01-09 11:46:05.715  2395  4804 D BluetoothAdapter: onBluetoothServiceUp: android.os.BinderProxy@edd67ea
01-09 11:46:05.715  2668  2697 D BluetoothAdapter: onBluetoothServiceUp: android.os.BinderProxy@d4da6d8
01-09 11:46:05.715  1629  2998 D BluetoothAdapter: onBluetoothServiceUp: android.os.BinderProxy@d3ddacd
01-09 11:46:05.717   660   870 D BackgroundInstallControlService: Package event received: 0
01-09 11:46:05.717   660   870 D BackgroundInstallControlService: Package event received: 0
01-09 11:46:05.718  1964  6230 I SimStateSchedulerImpl: Scheduling UPDATE_PHONE_SIMS_STATE. Delay Seconds: 0, UpdateTrigger: UPDATE_TRIGGER_SUBSCRIPTIONS_CHANGED
01-09 11:46:05.718  1964  6230 I SimStateSchedulerImpl: Scheduling WORK_TYPE_UPDATE_PHONE_SIMS_STATE using PWQ. Delay Seconds: 0, UpdateTrigger: 2
01-09 11:46:05.771  1160  1160 I ProximityAuth: [PhoneHubService] Handling intent for PhoneHubChimeraService.
01-09 11:46:05.774  6356  6356 I m.gustavo.fitai: AssetManager2(0xb4000072b37acc18) locale list changing from [] to [en-US]
01-09 11:46:05.777  6356  6399 I DisplayManager: Choreographer implicitly registered for the refresh rate.
01-09 11:46:05.784  6342  6393 I BluetoothAdapterService: offToBleOn() - Enable called with quiet mode status =  false
01-09 11:46:05.785  1034  1034 I Telephony: TelecomAccountRegistry$AccountEntry: registerPstnPhoneAccount: Registering account=[[ ] PhoneAccount: ComponentInfo{com.android.phone/com.android.services.telephony.TelephonyConnectionService}, 1, UserHandle{0} Capabilities: CallProvider MultiUser PlaceEmerg SimSub  Audio Routes: BESW Schemes: tel voicemail  Extras: Bundle[{android.telecom.extra.SUPPORTS_VIDEO_CALLING_FALLBACK=true}] GroupId: *** SC Restrictions: [ ]] with Telecom. subId=1
01-09 11:46:05.809   660   660 D BluetoothAdapter: isLeEnabled(): BLE_TURNING_ON
01-09 11:46:05.809   660  1844 I Telecom : TelecomServiceImpl$1: registerPhoneAccount: account=[[ ] PhoneAccount: ComponentInfo{com.android.phone/com.android.services.telephony.TelephonyConnectionService}, 1, UserHandle{0} Capabilities: CallProvider MultiUser PlaceEmerg SimSub  Audio Routes: BESW Schemes: tel voicemail  Extras: Bundle[{android.telecom.extra.SUPPORTS_VIDEO_CALLING_FALLBACK=true}] GroupId: *** SC Restrictions: [ ]]: TSI.rPA(cap)@AMU
01-09 11:46:05.810  1160  6305 I ProximityAuth: [PhoneHubService] No enabled account, stopping service
01-09 11:46:05.813  4380  4409 I bpnr    : Manufacturer not matched [CONTEXT ratelimit_period="10 SECONDS" ]
01-09 11:46:05.813  4380  4409 I bpnr    : Device not matched [CONTEXT ratelimit_period="10 SECONDS" ]
01-09 11:46:05.815  6342  6342 D BluetoothAdapterService: init()
01-09 11:46:05.816  4380  4409 I ccjr    : (REDACTED) getInitialSimplifiedOobeViaDeeplinkUser: %b
01-09 11:46:05.816  4380  4409 I bteo    : (REDACTED) isDeeplinkEnabled %s, isInitialSimplifiedOobeViaDeeplinkUser %s
01-09 11:46:05.817  4380  4409 I bteo    : #getOobeStatus: BeforeOobe [CONTEXT ratelimit_period="10 SECONDS" ]
01-09 11:46:05.820  4380  4467 V ClearcutMetricXmitter: Transmission is done.
01-09 11:46:05.820  4380  4409 I ccjr    : (REDACTED) getInitialSimplifiedOobeViaDeeplinkUser: %b
01-09 11:46:05.820  4380  4409 I bteo    : (REDACTED) isDeeplinkEnabled %s, isInitialSimplifiedOobeViaDeeplinkUser %s
01-09 11:46:05.821  4380  4409 I ccjr    : (REDACTED) getInitialSimplifiedOobeViaDeeplinkUser: %b
01-09 11:46:05.821  4380  4409 I bteo    : (REDACTED) isDeeplinkEnabled %s, isInitialSimplifiedOobeViaDeeplinkUser %s
01-09 11:46:05.822  4380  4409 I bmok    : (REDACTED) FCF System FeatureName to check: %s
01-09 11:46:05.823  4380  4409 I bmok    : (REDACTED) FCF: Device model check status : %s
01-09 11:46:05.823   660  1844 I Telecom : PhoneAccountRegistrar: Modify account: [ComponentInfo{com.android.phone/com.android.services.telephony.TelephonyConnectionService}, 1, UserHandle{0}]: TSI.rPA(cap)@AMU
01-09 11:46:05.824   660  1844 I Telecom : CallsManager: handlePhoneAccountChanged: phoneAccount=[[X] PhoneAccount: ComponentInfo{com.android.phone/com.android.services.telephony.TelephonyConnectionService}, 1, UserHandle{0} Capabilities: CallProvider MultiUser PlaceEmerg SimSub  Audio Routes: BESW Schemes: tel voicemail  Extras: Bundle[{android.telecom.extra.SUPPORTS_VIDEO_CALLING_FALLBACK=true}] GroupId: *** SC Restrictions: [ ]]: TSI.rPA(cap)@AMU
01-09 11:46:05.824  4380  4409 I bmvp    : #isGeminiDefaultSystemFeatureEnabled: false
01-09 11:46:05.825  4380  4409 I bqge    : (REDACTED) Robin eligibility : Robin is ineligible failure reasons: %s
01-09 11:46:05.825  4380  4409 I bxii    : Not eligible for Robin
01-09 11:46:05.830  6356  6356 D AppCompatDelegate: Checking for metadata for AppLocalesMetadataHolderService : Service not found
01-09 11:46:05.830  6356  6356 I m.gustavo.fitai: AssetManager2(0xb4000072b37aa698) locale list changing from [] to [en-US]
01-09 11:46:05.831  4380  4415 I dndm    : Using default weather temperature preference
01-09 11:46:05.836  1964  6229 W JobInfo : Requested important-while-foreground flag for job1200 is ignored and takes no effect
01-09 11:46:05.837  1964  6229 D WM-SystemJobScheduler: Scheduling work ID 49e8aa5e-2812-4b7e-b2b8-5e617510e5ebJob ID 1200
01-09 11:46:05.840  1964  6232 I .apps.messaging: AssetManager2(0xb4000072b37b1d58) locale list changing from [] to [en-US]
01-09 11:46:05.841  6356  6356 E ashmem  : Pinning is deprecated since Android Q. Please use trim or other methods.
01-09 11:46:05.844  1964  6232 W Bugle   : BuglePhoneNumberUtils: canonicalizeMccMnc: invalid mccmnc. mcc: null, mnc: null
01-09 11:46:05.845  1160  6285 I ProximityAuth: [PhoneHubService] Bluetooth state has changed. Calling startService.
01-09 11:46:05.847   660  1844 I Telecom : PhoneAccountRegistrar: getSimCallManager: SimCallManager for subId 1 queried, returning: null: TSI.rPA(cap)@AMU
01-09 11:46:05.847   660  1844 I Telecom : PhoneAccountRegistrar: Notifying telephony of voice service override change for 1 SIMs, hasService = false: TSI.rPA(cap)@AMU
01-09 11:46:05.847  1034  1034 I PhoneInterfaceManager: setVoiceServiceStateOverride: subId=1, phone=Handler (com.android.internal.telephony.GsmCdmaPhone) {b8446d6}, hasService=false, callingPackage=com.android.server.telecom
01-09 11:46:05.847  1034  1034 I Telephony: TelecomAccountRegistry$AccountEntry: Registered phoneAccount: [[ ] PhoneAccount: ComponentInfo{com.android.phone/com.android.services.telephony.TelephonyConnectionService}, 1, UserHandle{0} Capabilities: CallProvider MultiUser PlaceEmerg SimSub  Audio Routes: BESW Schemes: tel voicemail  Extras: Bundle[{android.telecom.extra.SUPPORTS_VIDEO_CALLING_FALLBACK=true}] GroupId: *** SC Restrictions: [ ]] with handle: ComponentInfo{com.android.phone/com.android.services.telephony.TelephonyConnectionService}, 1, UserHandle{0}
01-09 11:46:05.847  1034  1034 I Telephony: PstnIncomingCallNotifier: Registering: [0]
01-09 11:46:05.848  1034  1034 D Telephony: Registering: Handler (com.android.internal.telephony.GsmCdmaPhone) {b8446d6}
01-09 11:46:05.848  1034  1034 W Telephony: registerMmTelCapabilityCallback: registration failed, no ImsService available. Exception: code: 1
01-09 11:46:05.848  1034  1034 W Telephony: registerImsRegistrationCallback: registration failed, no ImsService available. Exception: code: 1
01-09 11:46:05.848  1034  1034 D Telephony: Finished registering mSimultaneousCallingTrackerListener for phoneId = 0; subId = 1
01-09 11:46:05.849  1160  6286 I Nearby  : (REDACTED) is blocked device type %s, isAuto=%s, isIot=%s, isLatchsky=%s, isChinaWearable=%s, isTv=%s, isWearable=%s (supportWearOs=%s), isChromeOsDevice=%s (supportChromeOs=%s)
01-09 11:46:05.852  1964  1964 D WM-SystemJobService: onStartJob for WorkGenerationalId(workSpecId=49e8aa5e-2812-4b7e-b2b8-5e617510e5eb, generation=0)
01-09 11:46:05.852  1160  6285 I NearbyMediums: ModuleInitializer handles incoming intent android.bluetooth.adapter.action.STATE_CHANGED
01-09 11:46:05.853  1964  6229 D WM-GreedyScheduler: Ignoring {WorkSpec: 36647b7c-ee7e-49e8-8dc6-6398b5a52cea}. Requires device idle.
01-09 11:46:05.853  1964  6229 D WM-GreedyScheduler: Ignoring {WorkSpec: 0eb734f7-e522-43ab-baf1-c5591d1251f9}. Requires device idle.
01-09 11:46:05.853  1964  6229 D WM-GreedyScheduler: Ignoring {WorkSpec: af650b09-89b6-4b1f-80f1-3a633ecc626f}. Requires device idle.
01-09 11:46:05.853  1964  6229 D WM-GreedyScheduler: Starting work for 49e8aa5e-2812-4b7e-b2b8-5e617510e5eb
01-09 11:46:05.853  1964  6229 D WM-GreedyScheduler: Starting tracking for 7250556d-5cea-4e37-8db3-2e4afcf53a27,ca4c25ae-367b-49d9-b0cd-6c52a580477b,bdecc893-b604-4224-abc0-e9ed365671ce
01-09 11:46:05.853  1160  1160 I ProximityAuth: [PhoneHubService] Destroying PhoneHubChimeraService.
01-09 11:46:05.854  1160  1160 W ProximityAuth: [PhoneHubNotificationProcessor] shutdown(): context is null.
01-09 11:46:05.854  1160  1160 I ProximityAuth: [PhoneHubService] All devices have disconnected. Performing cleanup...
01-09 11:46:05.856  1160  1160 W ChimeraUtils: Module com.google.android.gms.auth_proximity missing resource null(0)
01-09 11:46:05.857   660   870 D BackgroundInstallControlService: Package event received: 0
01-09 11:46:05.859  1528  1528 D BoundBrokerSvc: onBind: Intent { act=com.google.android.gms.feedback.internal.IFeedbackService dat=chimera-action:/... xflg=0x4 cmp=com.google.android.gms/.chimera.GmsBoundBrokerService }
01-09 11:46:05.861  1964  6229 D WM-Processor: pst: processing WorkGenerationalId(workSpecId=49e8aa5e-2812-4b7e-b2b8-5e617510e5eb, generation=0)
01-09 11:46:05.862  1964  6230 D WM-Processor: Work WorkGenerationalId(workSpecId=49e8aa5e-2812-4b7e-b2b8-5e617510e5eb, generation=0) is already enqueued for processing
01-09 11:46:05.863  6342  6342 I AdapterServiceConfig: init: profile= GATT, enabled=true
01-09 11:46:05.863  6342  6342 I AdapterServiceConfig: init: profile= A2DP, enabled=true
01-09 11:46:05.863  6342  6342 I AdapterServiceConfig: init: profile= A2DP_SINK, enabled=false
01-09 11:46:05.863  6342  6342 I AdapterServiceConfig: init: profile= AVRCP, enabled=true
01-09 11:46:05.863  6342  6342 I AdapterServiceConfig: init: profile= AVRCP_CONTROLLER, enabled=false
01-09 11:46:05.863  6342  6342 I AdapterServiceConfig: init: profile= LE_AUDIO_BROADCAST_ASSISTANT, enabled=false
01-09 11:46:05.863  6342  6342 I AdapterServiceConfig: init: profile= BATTERY, enabled=false
01-09 11:46:05.863  6342  6342 I AdapterServiceConfig: init: profile= CSIP_SET_COORDINATOR, enabled=false
01-09 11:46:05.863  6342  6342 I AdapterServiceConfig: init: profile= HAP_CLIENT, enabled=false
01-09 11:46:05.863  6342  6342 I AdapterServiceConfig: init: profile= HEADSET, enabled=true
01-09 11:46:05.863  6342  6342 I AdapterServiceConfig: init: profile= HEADSET_CLIENT, enabled=false
01-09 11:46:05.863  6342  6342 I AdapterServiceConfig: init: profile= HEARING_AID, enabled=true
01-09 11:46:05.863  6342  6342 I AdapterServiceConfig: init: profile= HID_DEVICE, enabled=true
01-09 11:46:05.863  6342  6342 I AdapterServiceConfig: init: profile= HID_HOST, enabled=true
01-09 11:46:05.863  6342  6342 I AdapterServiceConfig: init: profile= LE_CALL_CONTROL, enabled=false
01-09 11:46:05.863  6342  6342 I AdapterServiceConfig: init: profile= MAP, enabled=true
01-09 11:46:05.863  6342  6342 I AdapterServiceConfig: init: profile= MAP_CLIENT, enabled=false
01-09 11:46:05.863  6342  6342 I AdapterServiceConfig: init: profile= MCP_SERVER, enabled=true
01-09 11:46:05.863  6342  6342 I AdapterServiceConfig: init: profile= OPP, enabled=true
01-09 11:46:05.863  6342  6342 I AdapterServiceConfig: init: profile= PAN, enabled=true
01-09 11:46:05.863  6342  6342 I AdapterServiceConfig: init: profile= PBAP, enabled=true
01-09 11:46:05.863  6342  6342 I AdapterServiceConfig: init: profile= PBAP_CLIENT, enabled=false
01-09 11:46:05.863  6342  6342 I AdapterServiceConfig: init: profile= SAP, enabled=false
01-09 11:46:05.863  6342  6342 I AdapterServiceConfig: init: profile= VOLUME_CONTROL, enabled=false
01-09 11:46:05.863  6342  6342 I AdapterServiceConfig: init: profile= LE_AUDIO, enabled=false
01-09 11:46:05.863  6342  6342 I AdapterServiceConfig: init: profile= LE_AUDIO_BROADCAST, enabled=false
01-09 11:46:05.867  1528  1528 D BoundBrokerSvc: Loading bound service for intent: Intent { act=com.google.android.gms.feedback.internal.IFeedbackService dat=chimera-action:/... xflg=0x4 cmp=com.google.android.gms/.chimera.GmsBoundBrokerService }
01-09 11:46:05.867  1160  1160 I NearbyDiscovery: (REDACTED) DiscoveryService onStartCommand action: %s
01-09 11:46:05.867  1160  1160 I NearbyDiscovery: (REDACTED) FastPair: onAdapterStateChange: state=%s
01-09 11:46:05.867  1160  1160 I ProximityAuth: [PhoneHubService] Handling intent for PhoneHubChimeraService.
01-09 11:46:05.867  1160  2850 I NearbyFastPair: DynamicSupportModule: onSupportStateUpdate start [CONTEXT service_id=265 ]
01-09 11:46:05.867  1160  2850 I NearbyFastPair: DynamicSupportModule: onSupportStateUpdate end [CONTEXT service_id=265 ]
01-09 11:46:05.867  1160  6305 I ProximityAuth: [PhoneHubService] No enabled account, stopping service
01-09 11:46:05.867  1160  2701 I NearbyDiscovery: (REDACTED) FastPairHandler: Received action %s
01-09 11:46:05.868  1964  6232 D MddListenableWorkerFactory: createWorker for class: com.google.android.apps.messaging.shared.datamodel.workqueue.WorkQueueWorkerShim
01-09 11:46:05.869  1160  6398 I ProximityAuth: [RecentAppsMediator] Package added: (user=UserHandle{0}) com.gustavo.fitai
01-09 11:46:05.869  1160  1160 I NearbyDiscovery: (REDACTED) DiscoveryService onStartCommand action: %s
01-09 11:46:05.869  1160  6183 I Nearby  : (REDACTED) is blocked device type %s, isAuto=%s, isIot=%s, isLatchsky=%s, isChinaWearable=%s, isTv=%s, isWearable=%s (supportWearOs=%s), isChromeOsDevice=%s (supportChromeOs=%s)
01-09 11:46:05.869  1964  1964 D WM-WorkerWrapper: Starting work for com.google.android.apps.messaging.shared.datamodel.workqueue.WorkQueueWorkerShim
01-09 11:46:05.870  1160  6398 I .gms.persistent: AssetManager2(0xb4000072b37b29d8) locale list changing from [] to [en-US]
01-09 11:46:05.875  1160  2726 I NearbySharing: A new client has bound to the NearbySharingService ClientBridge for calling package com.google.android.gms and PID 1528
01-09 11:46:05.876  1528  4506 I Icing   : IndexChimeraService.getServiceInterface callingPackage=com.google.android.gms componentName=null serviceId=30
01-09 11:46:05.877  1160  2850 I NearbySharing: There is no account metadata, return default instance.
01-09 11:46:05.878  1964  6230 I SimStateUpdateHandler: Handling SimStateUpdate. Request for 3 work type received.
01-09 11:46:05.878  1964  6230 I SimStateUpdateHandler: Handling update phone SIM state.
01-09 11:46:05.878  1964  6230 I BugleSimStateTracker: Updating PhoneSimState
01-09 11:46:05.880  6342  6342 I BluetoothMetricsLogger: setCounterMetricsAlarm()
01-09 11:46:05.882  4380  6312 W earchbox:search: ClassLoaderContext classpath size mismatch. expected=1, found=0 (DLC[];PCL[base.apk*2084529788]{PCL[/system/framework/org.apache.http.legacy.jar*4247870504]#PCL[/system/framework/com.android.media.remotedisplay.jar*487574312]#PCL[/system/framework/com.android.location.provider.jar*1570284764]#PCL[/system_ext/framework/androidx.window.extensions.jar*1030441313]#PCL[/system_ext/framework/androidx.window.sidecar.jar*3860983653]} | DLC[];PCL[])
01-09 11:46:05.882  1034  1034 D ActivityThread: Package [com.gustavo.fitai] reported as REPLACED, but missing application info. Assuming REMOVED.
01-09 11:46:05.883  1528  6289 I gle.android.gms: AssetManager2(0xb4000072b37b5ef8) locale list changing from [] to [en-US]
01-09 11:46:05.884  4380  6312 I DynamiteModule: Considering local module com.google.android.gms.cronet_dynamite:0 and remote module com.google.android.gms.cronet_dynamite:4011
01-09 11:46:05.884  4380  6312 I DynamiteModule: Selected remote version of com.google.android.gms.cronet_dynamite, version >= 4011
01-09 11:46:05.884  4380  6312 V DynamiteModule: Dynamite loader version >= 2, using loadModule2NoCrashUtils
01-09 11:46:05.893  4380  6312 W System  : ClassLoader referenced unknown path: 
01-09 11:46:05.894  4380  6312 D nativeloader: Configuring clns-11 for other apk . target_sdk_version=36, uses_libraries=, library_path=/data/app/~~jfaalmuk5Iq9PCISxhh6tw==/com.google.android.gms-GD3o_hYHpt4LZBfB2qZRjQ==/lib/arm64:/data/app/~~jfaalmuk5Iq9PCISxhh6tw==/com.google.android.gms-GD3o_hYHpt4LZBfB2qZRjQ==/base.apk!/lib/arm64-v8a, permitted_path=/data:/mnt/expand:/data/user/0/com.google.android.gms
01-09 11:46:05.894  1160  1160 I ProximityAuth: [PhoneHubService] Destroying PhoneHubChimeraService.
01-09 11:46:05.894  1160  1160 W ProximityAuth: [PhoneHubNotificationProcessor] shutdown(): context is null.
01-09 11:46:05.894  1160  1160 I ProximityAuth: [PhoneHubService] All devices have disconnected. Performing cleanup...
01-09 11:46:05.895  1160  1160 W ChimeraUtils: Module com.google.android.gms.auth_proximity missing resource null(0)
01-09 11:46:05.895  1160  6403 I Fitness : (REDACTED) FitCleanupIntentOperation received Intent %s
01-09 11:46:05.897  1160  6403 I FontLog : (REDACTED) Package %s has no metadata
01-09 11:46:05.899  6342  6342 D BluetoothKeystoreService: new BluetoothKeystoreService isCommonCriteriaMode: false
01-09 11:46:05.899  6342  6342 I BluetoothKeystoreService: ComputeDataThread: create, doEncrypt: true
01-09 11:46:05.899  6342  6342 I BluetoothKeystoreService: ComputeDataThread: create, doEncrypt: false
01-09 11:46:05.899  6342  6342 D BluetoothKeystoreService: start
01-09 11:46:05.899  6342  6410 I BluetoothKeystoreService: ComputeDataThread: run, doEncrypt: false
01-09 11:46:05.899  6342  6409 I BluetoothKeystoreService: ComputeDataThread: run, doEncrypt: true
