01-09 11:52:52.498  6932  6932 W service : Thread Pool max thread count is 0. Cannot cache binder as linkToDeath cannot be implemented. serviceName: diskstats
01-09 11:52:52.498  6932  6932 E Parcel  : Reading a NULL string not supported here.
01-09 11:52:52.499  6932  6932 W service : Thread Pool max thread count is 0. Cannot cache binder as linkToDeath cannot be implemented. serviceName: display
01-09 11:52:52.499  6932  6932 W service : Thread Pool max thread count is 0. Cannot cache binder as linkToDeath cannot be implemented. serviceName: domain_verification
01-09 11:52:52.500  6932  6932 W service : Thread Pool max thread count is 0. Cannot cache binder as linkToDeath cannot be implemented. serviceName: dreams
01-09 11:52:52.500  6932  6932 W service : Thread Pool max thread count is 0. Cannot cache binder as linkToDeath cannot be implemented. serviceName: drm.drmManager
01-09 11:52:52.501  6932  6932 W service : Thread Pool max thread count is 0. Cannot cache binder as linkToDeath cannot be implemented. serviceName: dropbox
01-09 11:52:52.501  6932  6932 W service : Thread Pool max thread count is 0. Cannot cache binder as linkToDeath cannot be implemented. serviceName: dynamic_instrumentation
01-09 11:52:52.502  6932  6932 W service : Thread Pool max thread count is 0. Cannot cache binder as linkToDeath cannot be implemented. serviceName: dynamic_system
01-09 11:52:52.502  6932  6932 W service : Thread Pool max thread count is 0. Cannot cache binder as linkToDeath cannot be implemented. serviceName: ecm_enhanced_confirmation
01-09 11:52:52.502  6932  6932 W service : Thread Pool max thread count is 0. Cannot cache binder as linkToDeath cannot be implemented. serviceName: emergency_affordance
01-09 11:52:52.503  6932  6932 E Parcel  : Reading a NULL string not supported here.
01-09 11:52:52.503  6932  6932 W service : Thread Pool max thread count is 0. Cannot cache binder as linkToDeath cannot be implemented. serviceName: external_vibrator_service
01-09 11:52:52.503  6932  6932 W service : Thread Pool max thread count is 0. Cannot cache binder as linkToDeath cannot be implemented. serviceName: feature_flags
01-09 11:52:52.503  6932  6932 W service : Thread Pool max thread count is 0. Cannot cache binder as linkToDeath cannot be implemented. serviceName: file_integrity
01-09 11:52:52.504  6932  6932 W service : Thread Pool max thread count is 0. Cannot cache binder as linkToDeath cannot be implemented. serviceName: fingerprint
01-09 11:52:52.504  6932  6932 W service : Thread Pool max thread count is 0. Cannot cache binder as linkToDeath cannot be implemented. serviceName: font
01-09 11:52:52.505  6932  6932 W service : Thread Pool max thread count is 0. Cannot cache binder as linkToDeath cannot be implemented. serviceName: game
01-09 11:52:52.505  6932  6932 W service : Thread Pool max thread count is 0. Cannot cache binder as linkToDeath cannot be implemented. serviceName: gfxinfo
01-09 11:52:52.506  6932  6932 E Parcel  : Reading a NULL string not supported here.
01-09 11:52:52.506  6932  6932 W service : Thread Pool max thread count is 0. Cannot cache binder as linkToDeath cannot be implemented. serviceName: gpu
01-09 11:52:52.506  6932  6932 W service : Thread Pool max thread count is 0. Cannot cache binder as linkToDeath cannot be implemented. serviceName: grammatical_inflection
01-09 11:52:52.507  6932  6932 W service : Thread Pool max thread count is 0. Cannot cache binder as linkToDeath cannot be implemented. serviceName: graphicsstats
01-09 11:52:52.507  6932  6932 W service : Thread Pool max thread count is 0. Cannot cache binder as linkToDeath cannot be implemented. serviceName: hardware_properties
01-09 11:52:52.508  6932  6932 W service : Thread Pool max thread count is 0. Cannot cache binder as linkToDeath cannot be implemented. serviceName: healthconnect
01-09 11:52:52.508  6932  6932 W service : Thread Pool max thread count is 0. Cannot cache binder as linkToDeath cannot be implemented. serviceName: imms
01-09 11:52:52.509  6932  6932 W service : Thread Pool max thread count is 0. Cannot cache binder as linkToDeath cannot be implemented. serviceName: incidentcompanion
01-09 11:52:52.509  6932  6932 W service : Thread Pool max thread count is 0. Cannot cache binder as linkToDeath cannot be implemented. serviceName: incremental
01-09 11:52:52.510  6932  6932 W service : Thread Pool max thread count is 0. Cannot cache binder as linkToDeath cannot be implemented. serviceName: input
01-09 11:52:52.510  6932  6932 W service : Thread Pool max thread count is 0. Cannot cache binder as linkToDeath cannot be implemented. serviceName: input_method
01-09 11:52:52.510  6932  6932 W service : Thread Pool max thread count is 0. Cannot cache binder as linkToDeath cannot be implemented. serviceName: inputflinger
01-09 11:52:52.511  6932  6932 W service : Thread Pool max thread count is 0. Cannot cache binder as linkToDeath cannot be implemented. serviceName: intrusion_detection
01-09 11:52:52.512  6932  6932 W service : Thread Pool max thread count is 0. Cannot cache binder as linkToDeath cannot be implemented. serviceName: ions
01-09 11:52:52.512  6932  6932 W service : Thread Pool max thread count is 0. Cannot cache binder as linkToDeath cannot be implemented. serviceName: iphonesubinfo
01-09 11:52:52.512  6932  6932 W service : Thread Pool max thread count is 0. Cannot cache binder as linkToDeath cannot be implemented. serviceName: ipsec
01-09 11:52:52.513  6932  6932 W service : Thread Pool max thread count is 0. Cannot cache binder as linkToDeath cannot be implemented. serviceName: isms
01-09 11:52:52.513  6932  6932 W service : Thread Pool max thread count is 0. Cannot cache binder as linkToDeath cannot be implemented. serviceName: isub
01-09 11:52:52.514  6932  6932 W service : Thread Pool max thread count is 0. Cannot cache binder as linkToDeath cannot be implemented. serviceName: jobscheduler
01-09 11:52:52.514  6932  6932 W service : Thread Pool max thread count is 0. Cannot cache binder as linkToDeath cannot be implemented. serviceName: launcherapps
01-09 11:52:52.515  6932  6932 W service : Thread Pool max thread count is 0. Cannot cache binder as linkToDeath cannot be implemented. serviceName: legacy_permission
01-09 11:52:52.515  6932  6932 W service : Thread Pool max thread count is 0. Cannot cache binder as linkToDeath cannot be implemented. serviceName: lights
01-09 11:52:52.515  6932  6932 W service : Thread Pool max thread count is 0. Cannot cache binder as linkToDeath cannot be implemented. serviceName: locale
01-09 11:52:52.516  6932  6932 W service : Thread Pool max thread count is 0. Cannot cache binder as linkToDeath cannot be implemented. serviceName: location
01-09 11:52:52.516  6932  6932 W service : Thread Pool max thread count is 0. Cannot cache binder as linkToDeath cannot be implemented. serviceName: location_time_zone_manager
01-09 11:52:52.517  6932  6932 E Parcel  : Reading a NULL string not supported here.
01-09 11:52:52.517  6932  6932 W service : Thread Pool max thread count is 0. Cannot cache binder as linkToDeath cannot be implemented. serviceName: lock_settings
01-09 11:52:52.517  6932  6932 W service : Thread Pool max thread count is 0. Cannot cache binder as linkToDeath cannot be implemented. serviceName: logcat
01-09 11:52:52.518  6932  6932 W service : Thread Pool max thread count is 0. Cannot cache binder as linkToDeath cannot be implemented. serviceName: looper_stats
01-09 11:52:52.518  6932  6932 E Parcel  : Reading a NULL string not supported here.
01-09 11:52:52.518  6932  6932 W service : Thread Pool max thread count is 0. Cannot cache binder as linkToDeath cannot be implemented. serviceName: manager
01-09 11:52:52.519  6932  6932 W service : Thread Pool max thread count is 0. Cannot cache binder as linkToDeath cannot be implemented. serviceName: media.audio_flinger
01-09 11:52:52.520  6932  6932 W service : Thread Pool max thread count is 0. Cannot cache binder as linkToDeath cannot be implemented. serviceName: media.audio_policy
01-09 11:52:52.520  6932  6932 W service : Thread Pool max thread count is 0. Cannot cache binder as linkToDeath cannot be implemented. serviceName: media.camera
01-09 11:52:52.520  6932  6932 W service : Thread Pool max thread count is 0. Cannot cache binder as linkToDeath cannot be implemented. serviceName: media.camera.proxy
01-09 11:52:52.521  6932  6932 W service : Thread Pool max thread count is 0. Cannot cache binder as linkToDeath cannot be implemented. serviceName: media.extractor
01-09 11:52:52.521  6932  6932 W service : Thread Pool max thread count is 0. Cannot cache binder as linkToDeath cannot be implemented. serviceName: media.metrics
01-09 11:52:52.522  6932  6932 W service : Thread Pool max thread count is 0. Cannot cache binder as linkToDeath cannot be implemented. serviceName: media.player
01-09 11:52:52.522  6932  6932 W service : Thread Pool max thread count is 0. Cannot cache binder as linkToDeath cannot be implemented. serviceName: media.resource_manager
01-09 11:52:52.523  6932  6932 W service : Thread Pool max thread count is 0. Cannot cache binder as linkToDeath cannot be implemented. serviceName: media.resource_observer
01-09 11:52:52.523  6932  6932 W service : Thread Pool max thread count is 0. Cannot cache binder as linkToDeath cannot be implemented. serviceName: media_communication
01-09 11:52:52.524  6932  6932 W service : Thread Pool max thread count is 0. Cannot cache binder as linkToDeath cannot be implemented. serviceName: media_metrics
01-09 11:52:52.524  6932  6932 W service : Thread Pool max thread count is 0. Cannot cache binder as linkToDeath cannot be implemented. serviceName: media_projection
01-09 11:52:52.524  6932  6932 W service : Thread Pool max thread count is 0. Cannot cache binder as linkToDeath cannot be implemented. serviceName: media_resource_monitor
01-09 11:52:52.525  6932  6932 W service : Thread Pool max thread count is 0. Cannot cache binder as linkToDeath cannot be implemented. serviceName: media_router
01-09 11:52:52.525  6932  6932 W service : Thread Pool max thread count is 0. Cannot cache binder as linkToDeath cannot be implemented. serviceName: media_session
01-09 11:52:52.526  6932  6932 W service : Thread Pool max thread count is 0. Cannot cache binder as linkToDeath cannot be implemented. serviceName: meminfo
01-09 11:52:52.526  6932  6932 E Parcel  : Reading a NULL string not supported here.
01-09 11:52:52.526  6932  6932 W service : Thread Pool max thread count is 0. Cannot cache binder as linkToDeath cannot be implemented. serviceName: memtrack.proxy
01-09 11:52:52.527  6932  6932 W service : Thread Pool max thread count is 0. Cannot cache binder as linkToDeath cannot be implemented. serviceName: midi
01-09 11:52:52.527  6932  6932 W service : Thread Pool max thread count is 0. Cannot cache binder as linkToDeath cannot be implemented. serviceName: mount
01-09 11:52:52.527  6932  6932 W service : Thread Pool max thread count is 0. Cannot cache binder as linkToDeath cannot be implemented. serviceName: music_recognition
01-09 11:52:52.528  6932  6932 W service : Thread Pool max thread count is 0. Cannot cache binder as linkToDeath cannot be implemented. serviceName: nearby
01-09 11:52:52.529  6932  6932 W service : Thread Pool max thread count is 0. Cannot cache binder as linkToDeath cannot be implemented. serviceName: netd_listener
01-09 11:52:52.529  6932  6932 W service : Thread Pool max thread count is 0. Cannot cache binder as linkToDeath cannot be implemented. serviceName: netpolicy
01-09 11:52:52.530  6932  6932 W service : Thread Pool max thread count is 0. Cannot cache binder as linkToDeath cannot be implemented. serviceName: netstats
01-09 11:52:52.530  6932  6932 W service : Thread Pool max thread count is 0. Cannot cache binder as linkToDeath cannot be implemented. serviceName: network_management
01-09 11:52:52.531  6932  6932 W service : Thread Pool max thread count is 0. Cannot cache binder as linkToDeath cannot be implemented. serviceName: network_score
01-09 11:52:52.531  6932  6932 W service : Thread Pool max thread count is 0. Cannot cache binder as linkToDeath cannot be implemented. serviceName: network_stack
01-09 11:52:52.532  6932  6932 W service : Thread Pool max thread count is 0. Cannot cache binder as linkToDeath cannot be implemented. serviceName: network_time_update_service
01-09 11:52:52.532  6932  6932 E Parcel  : Reading a NULL string not supported here.
01-09 11:52:52.532  6932  6932 W service : Thread Pool max thread count is 0. Cannot cache binder as linkToDeath cannot be implemented. serviceName: network_watchlist
01-09 11:52:52.533  6932  6932 W service : Thread Pool max thread count is 0. Cannot cache binder as linkToDeath cannot be implemented. serviceName: notification
01-09 11:52:52.533  6932  6932 W service : Thread Pool max thread count is 0. Cannot cache binder as linkToDeath cannot be implemented. serviceName: on_device_intelligence
01-09 11:52:52.534  6932  6932 W service : Thread Pool max thread count is 0. Cannot cache binder as linkToDeath cannot be implemented. serviceName: ondevicepersonalization_system_service
01-09 11:52:52.534  6932  6932 E IPCThreadState: Binder transaction failure. id: 623440, BR_*: 29201, error: -1 (Operation not permitted)
01-09 11:52:52.534  6932  6932 W service : Thread Pool max thread count is 0. Cannot cache binder as linkToDeath cannot be implemented. serviceName: otadexopt
01-09 11:52:52.535  6932  6932 W service : Thread Pool max thread count is 0. Cannot cache binder as linkToDeath cannot be implemented. serviceName: overlay
01-09 11:52:52.536  6932  6932 W service : Thread Pool max thread count is 0. Cannot cache binder as linkToDeath cannot be implemented. serviceName: pac_proxy
01-09 11:52:52.536  6932  6932 W service : Thread Pool max thread count is 0. Cannot cache binder as linkToDeath cannot be implemented. serviceName: package
01-09 11:52:52.536  6932  6932 W service : Thread Pool max thread count is 0. Cannot cache binder as linkToDeath cannot be implemented. serviceName: package_native
01-09 11:52:52.537  6932  6932 W service : Thread Pool max thread count is 0. Cannot cache binder as linkToDeath cannot be implemented. serviceName: people
01-09 11:52:52.537  6932  6932 W service : Thread Pool max thread count is 0. Cannot cache binder as linkToDeath cannot be implemented. serviceName: performance_hint
01-09 11:52:52.538  6932  6932 W service : Thread Pool max thread count is 0. Cannot cache binder as linkToDeath cannot be implemented. serviceName: permission
01-09 11:52:52.538  6932  6932 W service : Thread Pool max thread count is 0. Cannot cache binder as linkToDeath cannot be implemented. serviceName: permission_checker
01-09 11:52:52.539  6932  6932 W service : Thread Pool max thread count is 0. Cannot cache binder as linkToDeath cannot be implemented. serviceName: permissionmgr
01-09 11:52:52.539  6932  6932 W service : Thread Pool max thread count is 0. Cannot cache binder as linkToDeath cannot be implemented. serviceName: phone
01-09 11:52:52.540  6932  6932 W service : Thread Pool max thread count is 0. Cannot cache binder as linkToDeath cannot be implemented. serviceName: pinner
01-09 11:52:52.540  6932  6932 W service : Thread Pool max thread count is 0. Cannot cache binder as linkToDeath cannot be implemented. serviceName: platform_compat
01-09 11:52:52.540  6932  6932 W service : Thread Pool max thread count is 0. Cannot cache binder as linkToDeath cannot be implemented. serviceName: platform_compat_native
01-09 11:52:52.541  6932  6932 W service : Thread Pool max thread count is 0. Cannot cache binder as linkToDeath cannot be implemented. serviceName: power
01-09 11:52:52.541  6932  6932 W service : Thread Pool max thread count is 0. Cannot cache binder as linkToDeath cannot be implemented. serviceName: powerstats
01-09 11:52:52.542  6932  6932 W service : Thread Pool max thread count is 0. Cannot cache binder as linkToDeath cannot be implemented. serviceName: print
01-09 11:52:52.542  6932  6932 W service : Thread Pool max thread count is 0. Cannot cache binder as linkToDeath cannot be implemented. serviceName: processinfo
01-09 11:52:52.543  6932  6932 W service : Thread Pool max thread count is 0. Cannot cache binder as linkToDeath cannot be implemented. serviceName: procstats
01-09 11:52:52.543  6932  6932 W service : Thread Pool max thread count is 0. Cannot cache binder as linkToDeath cannot be implemented. serviceName: profiling_service
01-09 11:52:52.543  6932  6932 W service : Thread Pool max thread count is 0. Cannot cache binder as linkToDeath cannot be implemented. serviceName: ranging
01-09 11:52:52.544  6932  6932 W service : Thread Pool max thread count is 0. Cannot cache binder as linkToDeath cannot be implemented. serviceName: reboot_readiness
01-09 11:52:52.545  6932  6932 W service : Thread Pool max thread count is 0. Cannot cache binder as linkToDeath cannot be implemented. serviceName: recovery
01-09 11:52:52.545  6932  6932 W service : Thread Pool max thread count is 0. Cannot cache binder as linkToDeath cannot be implemented. serviceName: remote_provisioning
01-09 11:52:52.546  6932  6932 W service : Thread Pool max thread count is 0. Cannot cache binder as linkToDeath cannot be implemented. serviceName: resources
01-09 11:52:52.546  6932  6932 W service : Thread Pool max thread count is 0. Cannot cache binder as linkToDeath cannot be implemented. serviceName: restrictions
01-09 11:52:52.546  6932  6932 W service : Thread Pool max thread count is 0. Cannot cache binder as linkToDeath cannot be implemented. serviceName: role
01-09 11:52:52.547  6932  6932 W service : Thread Pool max thread count is 0. Cannot cache binder as linkToDeath cannot be implemented. serviceName: rollback
01-09 11:52:52.547  6932  6932 W service : Thread Pool max thread count is 0. Cannot cache binder as linkToDeath cannot be implemented. serviceName: runtime
01-09 11:52:52.548  6932  6932 E Parcel  : Reading a NULL string not supported here.
01-09 11:52:52.548  6932  6932 W service : Thread Pool max thread count is 0. Cannot cache binder as linkToDeath cannot be implemented. serviceName: safety_center
01-09 11:52:52.548  6932  6932 W service : Thread Pool max thread count is 0. Cannot cache binder as linkToDeath cannot be implemented. serviceName: scheduling_policy
01-09 11:52:52.548  6932  6932 W service : Thread Pool max thread count is 0. Cannot cache binder as linkToDeath cannot be implemented. serviceName: sdk_sandbox
01-09 11:52:52.550  6932  6932 W service : Thread Pool max thread count is 0. Cannot cache binder as linkToDeath cannot be implemented. serviceName: search
01-09 11:52:52.551  6932  6932 W service : Thread Pool max thread count is 0. Cannot cache binder as linkToDeath cannot be implemented. serviceName: search_ui
01-09 11:52:52.551  6932  6932 W service : Thread Pool max thread count is 0. Cannot cache binder as linkToDeath cannot be implemented. serviceName: sec_key_att_app_id_provider
01-09 11:52:52.551  6932  6932 W service : Thread Pool max thread count is 0. Cannot cache binder as linkToDeath cannot be implemented. serviceName: secure_element
01-09 11:52:52.552  6932  6932 W service : Thread Pool max thread count is 0. Cannot cache binder as linkToDeath cannot be implemented. serviceName: security_state
01-09 11:52:52.552  6932  6932 W service : Thread Pool max thread count is 0. Cannot cache binder as linkToDeath cannot be implemented. serviceName: sensitive_content_protection_service
01-09 11:52:52.553  6932  6932 W service : Thread Pool max thread count is 0. Cannot cache binder as linkToDeath cannot be implemented. serviceName: sensor_privacy
01-09 11:52:52.553  6932  6932 W service : Thread Pool max thread count is 0. Cannot cache binder as linkToDeath cannot be implemented. serviceName: sensorservice
01-09 11:52:52.554  6932  6932 W service : Thread Pool max thread count is 0. Cannot cache binder as linkToDeath cannot be implemented. serviceName: serial
01-09 11:52:52.554  6932  6932 W service : Thread Pool max thread count is 0. Cannot cache binder as linkToDeath cannot be implemented. serviceName: servicediscovery
01-09 11:52:52.554  6932  6932 W service : Thread Pool max thread count is 0. Cannot cache binder as linkToDeath cannot be implemented. serviceName: settings
01-09 11:52:52.555  6932  6932 E Parcel  : Reading a NULL string not supported here.
01-09 11:52:52.555  6932  6932 W service : Thread Pool max thread count is 0. Cannot cache binder as linkToDeath cannot be implemented. serviceName: shortcut
01-09 11:52:52.555  6932  6932 W service : Thread Pool max thread count is 0. Cannot cache binder as linkToDeath cannot be implemented. serviceName: simphonebook
01-09 11:52:52.556  6932  6932 W service : Thread Pool max thread count is 0. Cannot cache binder as linkToDeath cannot be implemented. serviceName: slice
01-09 11:52:52.556  6932  6932 W service : Thread Pool max thread count is 0. Cannot cache binder as linkToDeath cannot be implemented. serviceName: smartspace
01-09 11:52:52.557  6932  6932 W service : Thread Pool max thread count is 0. Cannot cache binder as linkToDeath cannot be implemented. serviceName: soundtrigger
01-09 11:52:52.557  6932  6932 W service : Thread Pool max thread count is 0. Cannot cache binder as linkToDeath cannot be implemented. serviceName: soundtrigger_middleware
01-09 11:52:52.557  6932  6932 W service : Thread Pool max thread count is 0. Cannot cache binder as linkToDeath cannot be implemented. serviceName: speech_recognition
01-09 11:52:52.558  6932  6932 W service : Thread Pool max thread count is 0. Cannot cache binder as linkToDeath cannot be implemented. serviceName: stats
01-09 11:52:52.558  6932  6932 W service : Thread Pool max thread count is 0. Cannot cache binder as linkToDeath cannot be implemented. serviceName: statsbootstrap
01-09 11:52:52.559  6932  6932 W service : Thread Pool max thread count is 0. Cannot cache binder as linkToDeath cannot be implemented. serviceName: statscompanion
01-09 11:52:52.559  6932  6932 W service : Thread Pool max thread count is 0. Cannot cache binder as linkToDeath cannot be implemented. serviceName: statsmanager
01-09 11:52:52.560  6932  6932 W service : Thread Pool max thread count is 0. Cannot cache binder as linkToDeath cannot be implemented. serviceName: statusbar
01-09 11:52:52.560  6932  6932 W service : Thread Pool max thread count is 0. Cannot cache binder as linkToDeath cannot be implemented. serviceName: storaged
01-09 11:52:52.560  6932  6932 W service : Thread Pool max thread count is 0. Cannot cache binder as linkToDeath cannot be implemented. serviceName: storaged_pri
01-09 11:52:52.561  6932  6932 W service : Thread Pool max thread count is 0. Cannot cache binder as linkToDeath cannot be implemented. serviceName: storagestats
01-09 11:52:52.561  6932  6932 W service : Thread Pool max thread count is 0. Cannot cache binder as linkToDeath cannot be implemented. serviceName: supervision
01-09 11:52:52.562  6932  6932 W service : Thread Pool max thread count is 0. Cannot cache binder as linkToDeath cannot be implemented. serviceName: system_config
01-09 11:52:52.563  6932  6932 W service : Thread Pool max thread count is 0. Cannot cache binder as linkToDeath cannot be implemented. serviceName: system_server_dumper
01-09 11:52:52.563  6932  6932 E Parcel  : Reading a NULL string not supported here.
01-09 11:52:52.563  6932  6932 W service : Thread Pool max thread count is 0. Cannot cache binder as linkToDeath cannot be implemented. serviceName: system_update
01-09 11:52:52.564  6932  6932 W service : Thread Pool max thread count is 0. Cannot cache binder as linkToDeath cannot be implemented. serviceName: telecom
01-09 11:52:52.564  6932  6932 W service : Thread Pool max thread count is 0. Cannot cache binder as linkToDeath cannot be implemented. serviceName: telephony.registry
01-09 11:52:52.565  6932  6932 W service : Thread Pool max thread count is 0. Cannot cache binder as linkToDeath cannot be implemented. serviceName: telephony_ims
01-09 11:52:52.565  6932  6932 W service : Thread Pool max thread count is 0. Cannot cache binder as linkToDeath cannot be implemented. serviceName: testharness
01-09 11:52:52.565  6932  6932 E Parcel  : Reading a NULL string not supported here.
01-09 11:52:52.566  6932  6932 W service : Thread Pool max thread count is 0. Cannot cache binder as linkToDeath cannot be implemented. serviceName: tethering
01-09 11:52:52.566  6932  6932 W service : Thread Pool max thread count is 0. Cannot cache binder as linkToDeath cannot be implemented. serviceName: textclassification
01-09 11:52:52.567  6932  6932 W service : Thread Pool max thread count is 0. Cannot cache binder as linkToDeath cannot be implemented. serviceName: textservices
01-09 11:52:52.567  6932  6932 W service : Thread Pool max thread count is 0. Cannot cache binder as linkToDeath cannot be implemented. serviceName: texttospeech
01-09 11:52:52.567  6932  6932 W service : Thread Pool max thread count is 0. Cannot cache binder as linkToDeath cannot be implemented. serviceName: thermalservice
01-09 11:52:52.568  6932  6932 W service : Thread Pool max thread count is 0. Cannot cache binder as linkToDeath cannot be implemented. serviceName: thread_network
01-09 11:52:52.568  6932  6932 W service : Thread Pool max thread count is 0. Cannot cache binder as linkToDeath cannot be implemented. serviceName: time_detector
01-09 11:52:52.569  6932  6932 W service : Thread Pool max thread count is 0. Cannot cache binder as linkToDeath cannot be implemented. serviceName: time_zone_detector
01-09 11:52:52.569  6932  6932 W service : Thread Pool max thread count is 0. Cannot cache binder as linkToDeath cannot be implemented. serviceName: tracing.proxy
01-09 11:52:52.570  6932  6932 W service : Thread Pool max thread count is 0. Cannot cache binder as linkToDeath cannot be implemented. serviceName: tradeinmode
01-09 11:52:52.570  6932  6932 W service : Thread Pool max thread count is 0. Cannot cache binder as linkToDeath cannot be implemented. serviceName: translation
01-09 11:52:52.570  6932  6932 W service : Thread Pool max thread count is 0. Cannot cache binder as linkToDeath cannot be implemented. serviceName: transparency
01-09 11:52:52.571  6932  6932 W service : Thread Pool max thread count is 0. Cannot cache binder as linkToDeath cannot be implemented. serviceName: trust
01-09 11:52:52.571  6932  6932 W service : Thread Pool max thread count is 0. Cannot cache binder as linkToDeath cannot be implemented. serviceName: uimode
01-09 11:52:52.572  6932  6932 W service : Thread Pool max thread count is 0. Cannot cache binder as linkToDeath cannot be implemented. serviceName: updatelock
01-09 11:52:52.572  6932  6932 W service : Thread Pool max thread count is 0. Cannot cache binder as linkToDeath cannot be implemented. serviceName: uri_grants
01-09 11:52:52.572  6932  6932 W service : Thread Pool max thread count is 0. Cannot cache binder as linkToDeath cannot be implemented. serviceName: usagestats
01-09 11:52:52.573  6932  6932 W service : Thread Pool max thread count is 0. Cannot cache binder as linkToDeath cannot be implemented. serviceName: usb
01-09 11:52:52.574  6932  6932 W service : Thread Pool max thread count is 0. Cannot cache binder as linkToDeath cannot be implemented. serviceName: user
01-09 11:52:52.574  6932  6932 W service : Thread Pool max thread count is 0. Cannot cache binder as linkToDeath cannot be implemented. serviceName: uwb
01-09 11:52:52.574  6932  6932 W service : Thread Pool max thread count is 0. Cannot cache binder as linkToDeath cannot be implemented. serviceName: vcn_management
01-09 11:52:52.575  6932  6932 W service : Thread Pool max thread count is 0. Cannot cache binder as linkToDeath cannot be implemented. serviceName: vibrator_manager
01-09 11:52:52.575  6932  6932 W service : Thread Pool max thread count is 0. Cannot cache binder as linkToDeath cannot be implemented. serviceName: virtualdevice
01-09 11:52:52.576  6932  6932 W service : Thread Pool max thread count is 0. Cannot cache binder as linkToDeath cannot be implemented. serviceName: virtualdevice_native
01-09 11:52:52.576  6932  6932 W service : Thread Pool max thread count is 0. Cannot cache binder as linkToDeath cannot be implemented. serviceName: voiceinteraction
01-09 11:52:52.577  6932  6932 W service : Thread Pool max thread count is 0. Cannot cache binder as linkToDeath cannot be implemented. serviceName: vpn_management
01-09 11:52:52.577  6932  6932 W service : Thread Pool max thread count is 0. Cannot cache binder as linkToDeath cannot be implemented. serviceName: wallpaper
01-09 11:52:52.578  6932  6932 W service : Thread Pool max thread count is 0. Cannot cache binder as linkToDeath cannot be implemented. serviceName: wallpaper_effects_generation
01-09 11:52:52.578  6932  6932 W service : Thread Pool max thread count is 0. Cannot cache binder as linkToDeath cannot be implemented. serviceName: wearable_sensing
01-09 11:52:52.578  6932  6932 W service : Thread Pool max thread count is 0. Cannot cache binder as linkToDeath cannot be implemented. serviceName: webviewupdate
01-09 11:52:52.578  6932  6932 W service : Thread Pool max thread count is 0. Cannot cache binder as linkToDeath cannot be implemented. serviceName: wifi
01-09 11:52:52.579  6932  6932 W service : Thread Pool max thread count is 0. Cannot cache binder as linkToDeath cannot be implemented. serviceName: wifinl80211
01-09 11:52:52.579  6932  6932 E IPCThreadState: Binder transaction failure. id: 623938, BR_*: 29201, error: -1 (Operation not permitted)
01-09 11:52:52.579  6932  6932 W service : Thread Pool max thread count is 0. Cannot cache binder as linkToDeath cannot be implemented. serviceName: wifip2p
01-09 11:52:52.580  6932  6932 W service : Thread Pool max thread count is 0. Cannot cache binder as linkToDeath cannot be implemented. serviceName: wifiscanner
01-09 11:52:52.580  6932  6932 W service : Thread Pool max thread count is 0. Cannot cache binder as linkToDeath cannot be implemented. serviceName: window
01-09 11:52:52.826   660   744 W IPCThreadState: Sending oneway calls to frozen process.
01-09 11:52:52.826   660   744 W IPCThreadState: Sending oneway calls to frozen process.
01-09 11:52:52.832   660   744 W IPCThreadState: Sending oneway calls to frozen process.
01-09 11:52:52.833   660   744 W IPCThreadState: Sending oneway calls to frozen process.
01-09 11:52:52.833   660   744 W IPCThreadState: Sending oneway calls to frozen process.
01-09 11:52:52.834   660   744 W IPCThreadState: Sending oneway calls to frozen process.
01-09 11:52:52.834   660   744 W IPCThreadState: Sending oneway calls to frozen process.
01-09 11:52:52.835   660   744 W IPCThreadState: Sending oneway calls to frozen process.
01-09 11:52:52.835   660   744 W IPCThreadState: Sending oneway calls to frozen process.
01-09 11:52:52.836   660   744 W IPCThreadState: Sending oneway calls to frozen process.
01-09 11:52:52.836   660   744 W IPCThreadState: Sending oneway calls to frozen process.
01-09 11:52:52.836   660   744 W IPCThreadState: Sending oneway calls to frozen process.
01-09 11:52:52.837   660   744 W IPCThreadState: Sending oneway calls to frozen process.
01-09 11:52:52.838   660   744 W IPCThreadState: Sending oneway calls to frozen process.
01-09 11:52:52.838   660   744 W IPCThreadState: Sending oneway calls to frozen process.
01-09 11:52:52.839   660   744 W IPCThreadState: Sending oneway calls to frozen process.
01-09 11:52:52.839   660   744 W IPCThreadState: Sending oneway calls to frozen process.
01-09 11:52:52.839   660   744 W IPCThreadState: Sending oneway calls to frozen process.
01-09 11:52:52.840   660   744 W IPCThreadState: Sending oneway calls to frozen process.
01-09 11:52:52.840   660   744 W IPCThreadState: Sending oneway calls to frozen process.
01-09 11:52:52.841   660   744 W IPCThreadState: Sending oneway calls to frozen process.
01-09 11:52:52.841   660   744 W IPCThreadState: Sending oneway calls to frozen process.
01-09 11:52:52.841   660   744 W IPCThreadState: Sending oneway calls to frozen process.
01-09 11:52:52.842   660   744 W IPCThreadState: Sending oneway calls to frozen process.
01-09 11:52:52.842   660   744 W IPCThreadState: Sending oneway calls to frozen process.
01-09 11:52:52.843   660   744 W IPCThreadState: Sending oneway calls to frozen process.
01-09 11:52:52.843   660   744 W IPCThreadState: Sending oneway calls to frozen process.
01-09 11:52:52.843   660   744 W IPCThreadState: Sending oneway calls to frozen process.
01-09 11:52:52.844   660   744 W IPCThreadState: Sending oneway calls to frozen process.
01-09 11:52:52.844   660   744 W IPCThreadState: Sending oneway calls to frozen process.
01-09 11:52:52.844   660   744 W IPCThreadState: Sending oneway calls to frozen process.
01-09 11:52:52.845   660   744 W IPCThreadState: Sending oneway calls to frozen process.
01-09 11:52:52.845   660   744 W IPCThreadState: Sending oneway calls to frozen process.
01-09 11:52:52.846   660   744 W IPCThreadState: Sending oneway calls to frozen process.
01-09 11:52:52.846   660   744 W IPCThreadState: Sending oneway calls to frozen process.
01-09 11:52:52.846   660   744 W IPCThreadState: Sending oneway calls to frozen process.
01-09 11:52:52.847   660   744 W IPCThreadState: Sending oneway calls to frozen process.
01-09 11:52:52.847   660   744 W IPCThreadState: Sending oneway calls to frozen process.
01-09 11:52:52.847   660   744 W IPCThreadState: Sending oneway calls to frozen process.
01-09 11:52:52.848   660   744 W IPCThreadState: Sending oneway calls to frozen process.
01-09 11:52:52.848   660   744 W IPCThreadState: Sending oneway calls to frozen process.
01-09 11:52:52.848   660   744 W IPCThreadState: Sending oneway calls to frozen process.
01-09 11:52:52.849   660   744 W IPCThreadState: Sending oneway calls to frozen process.
01-09 11:52:52.849   660   744 W IPCThreadState: Sending oneway calls to frozen process.
01-09 11:52:52.849   660   744 W IPCThreadState: Sending oneway calls to frozen process.
01-09 11:52:52.850   660   744 W IPCThreadState: Sending oneway calls to frozen process.
01-09 11:52:52.850   660   744 W IPCThreadState: Sending oneway calls to frozen process.
01-09 11:52:52.850   660   744 W IPCThreadState: Sending oneway calls to frozen process.
01-09 11:52:52.851   660   744 W IPCThreadState: Sending oneway calls to frozen process.
01-09 11:52:52.851   660   744 W IPCThreadState: Sending oneway calls to frozen process.
01-09 11:52:52.852   660   744 W IPCThreadState: Sending oneway calls to frozen process.
01-09 11:52:52.852   660   744 W IPCThreadState: Sending oneway calls to frozen process.
01-09 11:52:52.853   660   744 W IPCThreadState: Sending oneway calls to frozen process.
01-09 11:52:52.853   660   744 W IPCThreadState: Sending oneway calls to frozen process.
01-09 11:52:52.854   660   744 W IPCThreadState: Sending oneway calls to frozen process.
01-09 11:52:52.855   660   744 W IPCThreadState: Sending oneway calls to frozen process.
01-09 11:52:52.855   660   744 W IPCThreadState: Sending oneway calls to frozen process.
01-09 11:52:52.855   660   744 W IPCThreadState: Sending oneway calls to frozen process.
01-09 11:52:52.856   660   744 W IPCThreadState: Sending oneway calls to frozen process.
01-09 11:52:52.856   660   744 W IPCThreadState: Sending oneway calls to frozen process.
01-09 11:52:52.856   660   744 W IPCThreadState: Sending oneway calls to frozen process.
01-09 11:52:52.857   660   744 W IPCThreadState: Sending oneway calls to frozen process.
01-09 11:52:52.857   660   744 W IPCThreadState: Sending oneway calls to frozen process.
01-09 11:52:52.857   660   744 W IPCThreadState: Sending oneway calls to frozen process.
01-09 11:52:52.858   660   744 W IPCThreadState: Sending oneway calls to frozen process.
01-09 11:52:52.859   660   744 W IPCThreadState: Sending oneway calls to frozen process.
01-09 11:52:52.859   660   744 W IPCThreadState: Sending oneway calls to frozen process.
01-09 11:52:52.861   660   744 W IPCThreadState: Sending oneway calls to frozen process.
01-09 11:52:52.862   660   744 W IPCThreadState: Sending oneway calls to frozen process.
01-09 11:52:52.865   660  1760 E SystemServiceRegistry: No service published for: persistent_data_block
01-09 11:52:52.865   660  1760 E SystemServiceRegistry: android.os.ServiceManager$ServiceNotFoundException: No service published for: persistent_data_block
01-09 11:52:52.865   660  1760 E SystemServiceRegistry: 	at android.os.ServiceManager.getServiceOrThrow(ServiceManager.java:203)
01-09 11:52:52.865   660  1760 E SystemServiceRegistry: 	at android.app.SystemServiceRegistry$82.createService(SystemServiceRegistry.java:1110)
01-09 11:52:52.865   660  1760 E SystemServiceRegistry: 	at android.app.SystemServiceRegistry$82.createService(SystemServiceRegistry.java:1107)
01-09 11:52:52.865   660  1760 E SystemServiceRegistry: 	at android.app.SystemServiceRegistry$StaticServiceFetcher.getService(SystemServiceRegistry.java:2405)
01-09 11:52:52.865   660  1760 E SystemServiceRegistry: 	at android.app.SystemServiceRegistry.getSystemService(SystemServiceRegistry.java:1918)
01-09 11:52:52.865   660  1760 E SystemServiceRegistry: 	at android.app.ContextImpl.getSystemService(ContextImpl.java:2315)
01-09 11:52:52.865   660  1760 E SystemServiceRegistry: 	at android.content.Context.getSystemService(Context.java:4630)
01-09 11:52:52.865   660  1760 E SystemServiceRegistry: 	at com.android.server.pm.PackageInstallerSession.markAsSealed(PackageInstallerSession.java:2449)
01-09 11:52:52.865   660  1760 E SystemServiceRegistry: 	at com.android.server.pm.PackageInstallerSession.commit(PackageInstallerSession.java:2198)
01-09 11:52:52.865   660  1760 E SystemServiceRegistry: 	at android.content.pm.PackageInstaller$Session.commit(PackageInstaller.java:1988)
01-09 11:52:52.865   660  1760 E SystemServiceRegistry: 	at com.android.server.pm.PackageManagerShellCommand.doCommitSession(PackageManagerShellCommand.java:4316)
01-09 11:52:52.865   660  1760 E SystemServiceRegistry: 	at com.android.server.pm.PackageManagerShellCommand.doRunInstall(PackageManagerShellCommand.java:1641)
01-09 11:52:52.865   660  1760 E SystemServiceRegistry: 	at com.android.server.pm.PackageManagerShellCommand.runInstall(PackageManagerShellCommand.java:1562)
01-09 11:52:52.865   660  1760 E SystemServiceRegistry: 	at com.android.server.pm.PackageManagerShellCommand.onCommand(PackageManagerShellCommand.java:246)
01-09 11:52:52.865   660  1760 E SystemServiceRegistry: 	at com.android.modules.utils.BasicShellCommandHandler.exec(BasicShellCommandHandler.java:97)
01-09 11:52:52.865   660  1760 E SystemServiceRegistry: 	at android.os.ShellCommand.exec(ShellCommand.java:38)
01-09 11:52:52.865   660  1760 E SystemServiceRegistry: 	at com.android.server.pm.PackageManagerService$IPackageManagerImpl.onShellCommand(PackageManagerService.java:6684)
01-09 11:52:52.865   660  1760 E SystemServiceRegistry: 	at android.os.Binder.shellCommand(Binder.java:1151)
01-09 11:52:52.865   660  1760 E SystemServiceRegistry: 	at android.os.Binder.onTransact(Binder.java:953)
01-09 11:52:52.865   660  1760 E SystemServiceRegistry: 	at android.content.pm.IPackageManager$Stub.onTransact(IPackageManager.java:4729)
01-09 11:52:52.865   660  1760 E SystemServiceRegistry: 	at com.android.server.pm.PackageManagerService$IPackageManagerImpl.onTransact(PackageManagerService.java:6668)
01-09 11:52:52.865   660  1760 E SystemServiceRegistry: 	at android.os.Binder.execTransactInternal(Binder.java:1426)
01-09 11:52:52.865   660  1760 E SystemServiceRegistry: 	at android.os.Binder.execTransact(Binder.java:1365)
01-09 11:52:52.865   660  1760 E SystemServiceRegistry: Manager wrapper not available: persistent_data_block
01-09 11:52:52.884   660   744 W IPCThreadState: Sending oneway calls to frozen process.
01-09 11:52:52.885   660   744 W IPCThreadState: Sending oneway calls to frozen process.
01-09 11:52:52.886   660   744 D InstallDependencyHelper: No missing dependency for com.gustavo.fitai
01-09 11:52:52.890   660   736 V Configuration: Updating configuration, locales updated from [] to [en_US]
01-09 11:52:52.890   660   736 I system_server: AssetManager2(0xb4000072b386cbf8) locale list changing from [] to [en-US]
01-09 11:52:52.894   660   736 I PackageManager: Update package com.gustavo.fitai code path from /data/app/~~jG8TbJj3Q28hwwKjpTfinA==/com.gustavo.fitai-7U9m8_TdG7tM0cirV_Rsog== to /data/app/vmdl1224913164.tmp; Retain data and using new
01-09 11:52:52.936   660   711 I ActivityManager: Force stopping com.gustavo.fitai appid=10214 user=-1: installPackageLI
01-09 11:52:52.938   660   736 I PackageManager: installation completed for package:com.gustavo.fitai. Final code path: /data/app/~~ZE3Uza3sJinJOsRY7UjXwQ==/com.gustavo.fitai-O-SS533QpRX8CyYXTNaxoQ==
01-09 11:52:52.940   660   711 I ActivityManager: Killing 6731:com.gustavo.fitai/u0a214 (adj 0): stop com.gustavo.fitai due to installPackageLI
01-09 11:52:52.946   660   826 D InetDiagMessage: Destroyed 0 sockets, proto=IPPROTO_TCP, family=AF_INET, states=14
01-09 11:52:52.948   660   826 D InetDiagMessage: Destroyed 2 sockets, proto=IPPROTO_TCP, family=AF_INET6, states=14
01-09 11:52:52.949   660   826 D InetDiagMessage: Destroyed live tcp sockets for uids={10214} in 3ms
01-09 11:52:52.949   660   826 D InetDiagMessage: Destroyed 0 sockets, proto=IPPROTO_TCP, family=AF_INET, states=14
01-09 11:52:52.949  6755  6755 I cr_ChildProcessService: Destroying ChildProcessService pid=6755
01-09 11:52:52.950   660   826 D InetDiagMessage: Destroyed 0 sockets, proto=IPPROTO_TCP, family=AF_INET6, states=14
01-09 11:52:52.950   660   826 D InetDiagMessage: Destroyed live tcp sockets for uids={20214} in 2ms
01-09 11:52:52.951   660   721 D KernelCpuUidUserSysTimeReader: Removing uids 99004-99004
01-09 11:52:52.954   660   711 W ActivityTaskManager: Force removing ActivityRecord{154943441 u0 com.gustavo.fitai/.MainActivity t39 f}}: app died, no saved state
01-09 11:52:52.957   915  1032 V WindowManagerShell: Transition requested (#41): android.os.BinderProxy@53dd060 TransitionRequestInfo { type = CLOSE, triggerTask = TaskInfo{userId=0 taskId=39 effectiveUid=10214 displayId=0 isRunning=false baseIntent=Intent { flg=0x10000000 cmp=com.gustavo.fitai/.MainActivity } baseActivity=null topActivity=null origActivity=null realActivity=ComponentInfo{com.gustavo.fitai/com.gustavo.fitai.MainActivity} numActivities=0 lastActiveTime=1762913 supportsMultiWindow=true resizeMode=1 isResizeable=true minWidth=-1 minHeight=-1 defaultMinSize=220 token=WCT{android.window.IWindowContainerToken$Stub$Proxy@b0f2919} topActivityType=1 pictureInPictureParams=null shouldDockBigOverlays=false launchIntoPipHostTaskId=-1 lastParentTaskIdBeforePip=-1 displayCutoutSafeInsets=Rect(0, 0 - 0, 0) topActivityInfo=null launchCookies=[] positionInParent=Point(0, 0) parentTaskId=-1 isFocused=true isVisible=true isVisibleRequested=true isTopActivityNoDisplay=false isSleeping=false locusId=null displayAreaFeatureId=1 isTopActivityTransparent=false isActivityStackTransparent=true lastNonFullscreenBounds=Rect(278, 711 - 803, 1791) capturedLink=null capturedLinkTimestamp=0 requestedVisibleTypes=-9 topActivityRequestOpenInBrowserEducationTimestamp=0 appCompatTaskInfo=AppCompatTaskInfo { topActivityInSizeCompat=false eligibleForLetterboxEducation= false isLetterboxEducationEnabled= false isLetterboxDoubleTapEnabled= false eligibleForUserAspectRatioButton= false topActivityBoundsLetterboxed= false isFromLetterboxDoubleTap= false topActivityLetterboxVerticalPosition= -1 topActivityLetterboxHorizontalPosition= -1 topActivityLetterboxWidth=-1 topActivityLetterboxHeight=-1 topActivityAppBounds=Rect(0, 0 - 0, 0) isUserFullscreenOverrideEnabled=false isSystemFullscreenOverrideEnabled=false hasMinAspectRatioOverride=false topActivityLetterboxBounds=null cameraCompatTaskInfo=CameraCompatTaskInfo { freeformCameraCompatMode=undefined}} topActivityMainWindowFrame=null}, pipChange = null, remoteTransition = null, displayChange = null, flags = 0, debugId = 41 }
01-09 11:52:52.957   505  1033 I BpBinder: onLastStrongRef automatically unlinking death recipients: 
01-09 11:52:52.958   660   870 D BackgroundInstallControlService: Package event received: 0
01-09 11:52:52.958  6755  6755 I ocessService0:0: System.exit called, status: 0
01-09 11:52:52.958  6755  6755 I AndroidRuntime: VM exiting with result code 0, cleanup skipped.
01-09 11:52:52.961   660   711 I ActivityManager: Killing 6755:com.google.android.webview:sandboxed_process0:org.chromium.content.app.SandboxedProcessService0:0/u0a214i6 (adj 0): isolated not needed
01-09 11:52:52.962   660   711 W IPCThreadState: Sending oneway calls to frozen process.
01-09 11:52:52.962   660   711 W IPCThreadState: Sending oneway calls to frozen process.
01-09 11:52:52.962   660   711 W IPCThreadState: Sending oneway calls to frozen process.
01-09 11:52:52.962   660   711 W IPCThreadState: Sending oneway calls to frozen process.
01-09 11:52:52.962   660   711 W IPCThreadState: Sending oneway calls to frozen process.
01-09 11:52:52.962   660   711 W IPCThreadState: Sending oneway calls to frozen process.
01-09 11:52:52.962   660   711 W IPCThreadState: Sending oneway calls to frozen process.
01-09 11:52:52.962   660   711 W IPCThreadState: Sending oneway calls to frozen process.
01-09 11:52:52.962   660   711 W IPCThreadState: Sending oneway calls to frozen process.
01-09 11:52:52.962   660   711 W IPCThreadState: Sending oneway calls to frozen process.
01-09 11:52:52.962   660   711 W IPCThreadState: Sending oneway calls to frozen process.
01-09 11:52:52.962   660   711 W IPCThreadState: Sending oneway calls to frozen process.
01-09 11:52:52.962   660   711 W IPCThreadState: Sending oneway calls to frozen process.
01-09 11:52:52.962   660   711 W IPCThreadState: Sending oneway calls to frozen process.
01-09 11:52:52.962   660   711 W IPCThreadState: Sending oneway calls to frozen process.
01-09 11:52:52.962   660   711 W IPCThreadState: Sending oneway calls to frozen process.
01-09 11:52:52.962   660   711 W IPCThreadState: Sending oneway calls to frozen process.
01-09 11:52:52.962   660   711 W IPCThreadState: Sending oneway calls to frozen process.
01-09 11:52:52.962   660   711 W IPCThreadState: Sending oneway calls to frozen process.
01-09 11:52:52.962   660   711 W IPCThreadState: Sending oneway calls to frozen process.
01-09 11:52:52.962   660   711 W IPCThreadState: Sending oneway calls to frozen process.
01-09 11:52:52.962   660   711 W IPCThreadState: Sending oneway calls to frozen process.
01-09 11:52:52.962   660   711 W IPCThreadState: Sending oneway calls to frozen process.
01-09 11:52:52.962   660   711 W IPCThreadState: Sending oneway calls to frozen process.
01-09 11:52:52.962   660   711 W IPCThreadState: Sending oneway calls to frozen process.
01-09 11:52:52.962   660   711 W IPCThreadState: Sending oneway calls to frozen process.
01-09 11:52:52.962   660   711 W IPCThreadState: Sending oneway calls to frozen process.
01-09 11:52:52.963   660   711 W IPCThreadState: Sending oneway calls to frozen process.
01-09 11:52:52.963   660   711 W IPCThreadState: Sending oneway calls to frozen process.
01-09 11:52:52.963   660   711 W IPCThreadState: Sending oneway calls to frozen process.
01-09 11:52:52.963   660   711 W IPCThreadState: Sending oneway calls to frozen process.
01-09 11:52:52.963   660   711 W IPCThreadState: Sending oneway calls to frozen process.
01-09 11:52:52.963   660   711 W IPCThreadState: Sending oneway calls to frozen process.
01-09 11:52:52.963   660   711 W IPCThreadState: Sending oneway calls to frozen process.
01-09 11:52:52.964   660   736 I ActivityManager: Force stopping com.gustavo.fitai appid=10214 user=0: pkg removed
01-09 11:52:52.964   660   736 I WindowManager:   Force removing ActivityRecord{154943441 u0 com.gustavo.fitai/.MainActivity t39 f} isExiting}
01-09 11:52:52.965   660   736 W WindowManager: removeAppToken: Attempted to remove non-existing token: Token{37fd37 ActivityRecord{154943441 u0 com.gustavo.fitai/.MainActivity t39 f} isExiting}}
01-09 11:52:52.966   660   870 D BackgroundInstallControlService: Package event received: 0
01-09 11:52:52.966   660   870 D BackgroundInstallControlService: Package event received: 0
01-09 11:52:52.969   660   870 D BackgroundInstallControlService: Package event received: 0
01-09 11:52:52.970   660   736 W IPCThreadState: Sending oneway calls to frozen process.
01-09 11:52:52.970   660   736 W IPCThreadState: Sending oneway calls to frozen process.
01-09 11:52:52.970   660   736 W IPCThreadState: Sending oneway calls to frozen process.
01-09 11:52:52.970   660   736 W IPCThreadState: Sending oneway calls to frozen process.
01-09 11:52:52.970   660   736 W IPCThreadState: Sending oneway calls to frozen process.
01-09 11:52:52.970   660   736 W IPCThreadState: Sending oneway calls to frozen process.
01-09 11:52:52.970   660   736 W IPCThreadState: Sending oneway calls to frozen process.
01-09 11:52:52.970   660   736 W IPCThreadState: Sending oneway calls to frozen process.
01-09 11:52:52.970   660   736 W IPCThreadState: Sending oneway calls to frozen process.
01-09 11:52:52.970   660   736 W IPCThreadState: Sending oneway calls to frozen process.
01-09 11:52:52.970   660   736 W IPCThreadState: Sending oneway calls to frozen process.
01-09 11:52:52.970   660   736 W IPCThreadState: Sending oneway calls to frozen process.
01-09 11:52:52.970   660   736 W IPCThreadState: Sending oneway calls to frozen process.
01-09 11:52:52.970   660   736 W IPCThreadState: Sending oneway calls to frozen process.
01-09 11:52:52.970   660   736 W IPCThreadState: Sending oneway calls to frozen process.
01-09 11:52:52.971   660   736 W IPCThreadState: Sending oneway calls to frozen process.
