01-09 11:46:06.531  1642  2028 I bmdg    : (REDACTED) starting updateConfig, reason: %s
01-09 11:46:06.532  2668  6276 D DatabaseUtils: insert() battery event data into database
01-09 11:46:06.532  2668  6276 D DatabaseUtils: sendBatteryEventData() size=9 in 2/ms
01-09 11:46:06.532  2668  6276 D BatteryUsageDataLoader: preprocessBatteryUsageSlots() batteryLevelData=dailyBatteryLevels: timestamps: [1767913200000, 1767927600000, 1767967200000]; levels: [100, 100, -1]; hourlyBatteryLevelsPerDay: [timestamps: [1767913200000, 1767920400000, 1767927600000]; levels: [100, -1, 100], timestamps: [1767927600000, 1767934800000, 1767942000000, 1767949200000, 1767956400000, 1767963600000, 1767967200000]; levels: [100, -1, -1, -1, -1, -1, -1]] in 11/ms
01-09 11:46:06.532  2668  6276 D BatteryUsageDataLoader: loadUsageDataSafely() in 2603/ms
01-09 11:46:06.532  1642  2028 I bmnn    : #getEarcons
01-09 11:46:06.533  1642  2028 I bnnl    : (REDACTED) #isBluetoothOrWiredHeadsetConnected Number of connected audio devices: %s
01-09 11:46:06.533  1642  2028 I bpph    : (REDACTED) #isRobinOnlyLocale checkedLocale:%s language:%s list:%s
01-09 11:46:06.534  1642  2040 I bteo    : OptInSetting is UNKNOWN or UNRECOGNIZED [CONTEXT ratelimit_period="10 SECONDS" skipped=3 ]
01-09 11:46:06.534  2668  4003 D DatabaseUtils: sixDaysAgoTimestamp: Jan 03, 2026, 00:00:00
01-09 11:46:06.534  1642  2040 I bpnr    : Manufacturer not matched [CONTEXT ratelimit_period="10 SECONDS" skipped=3 ]
01-09 11:46:06.534  1642  2040 I bpnr    : Device not matched [CONTEXT ratelimit_period="10 SECONDS" skipped=3 ]
01-09 11:46:06.534  1642  2040 I ccjr    : (REDACTED) getInitialSimplifiedOobeViaDeeplinkUser: %b
01-09 11:46:06.534  1642  2040 I bteo    : (REDACTED) isDeeplinkEnabled %s, isInitialSimplifiedOobeViaDeeplinkUser %s
01-09 11:46:06.534  1642  2040 I bteo    : #getOobeStatus: BeforeOobe [CONTEXT ratelimit_period="10 SECONDS" skipped=3 ]
01-09 11:46:06.535  1642  2040 I bmok    : (REDACTED) FCF System FeatureName to check: %s
01-09 11:46:06.535  1642  2040 I bmok    : (REDACTED) FCF: Device model check status : %s
01-09 11:46:06.535  1642  2040 I bmvp    : #isGeminiDefaultSystemFeatureEnabled: false
01-09 11:46:06.535  2668  4003 D BatteryUsageContentProvider: getQueryUserIds from uri: content://com.android.settings.battery.usage.provider/AppUsageEvent?timestamp=1767902400000&userid=0
01-09 11:46:06.535  2668  4003 D BatteryUsageContentProvider: getQueryTimestamp from uri: content://com.android.settings.battery.usage.provider/AppUsageEvent?timestamp=1767902400000&userid=0
01-09 11:46:06.535  2668  4003 W BatteryUsageContentProvider: getAppUsageEvents() in 0/ms
01-09 11:46:06.535  2668  4003 D DatabaseUtils: getAppUsageEventForUser userId=0 size=129 in 1/ms
01-09 11:46:06.535  2668  4003 D DataProcessManager: execute loadDatabaseAppUsageList size=129 in 1/ms
01-09 11:46:06.536  2668  6276 D DatabaseUtils: getBatteryEvents for timestamp: 1767913200000
01-09 11:46:06.536  2668  6276 D BatteryUsageContentProvider: getQueryBatteryEventTypes from uri: content://com.android.settings.battery.usage.provider/BatteryEvent?timestamp=1767913200000&batteryEventType=1%2C2
01-09 11:46:06.536  2668  6276 D BatteryUsageContentProvider: getQueryTimestamp from uri: content://com.android.settings.battery.usage.provider/BatteryEvent?timestamp=1767913200000&batteryEventType=1%2C2
01-09 11:46:06.536  2668  6276 W BatteryUsageContentProvider: getBatteryEvents() in 0/ms
01-09 11:46:06.536  2668  6276 D DatabaseUtils: getBatteryEvents size=0 in 0/ms
01-09 11:46:06.536  2668  6276 D DataProcessManager: execute loadPowerConnectionBatteryEventList size=0 in 0/ms
01-09 11:46:06.536  2668  2668 D DataProcessManager: batteryEventList is null or empty
01-09 11:46:06.537  1642  2073 I ccjr    : (REDACTED) getInitialSimplifiedOobeViaDeeplinkUser: %b
01-09 11:46:06.537  1642  2073 I bteo    : (REDACTED) isDeeplinkEnabled %s, isInitialSimplifiedOobeViaDeeplinkUser %s
01-09 11:46:06.537  1642  2073 I bmvl    : User not OptedIn. Skipping Eligibility Checks.
01-09 11:46:06.538  1642  2028 I ccjr    : (REDACTED) getInitialSimplifiedOobeViaDeeplinkUser: %b
01-09 11:46:06.538  1642  2028 I bteo    : (REDACTED) isDeeplinkEnabled %s, isInitialSimplifiedOobeViaDeeplinkUser %s
01-09 11:46:06.538  1642  2028 I bmvl    : User not OptedIn. Skipping Eligibility Checks.
01-09 11:46:06.538  1642  2028 I bmtt    : Robin is not eligible or not opted-in
01-09 11:46:06.538  1642  2028 I bmtt    : Headphone voice queries disabled: HEADPHONE_VOICE_QUERIES flag not enabled
01-09 11:46:06.538  1642  2028 I bmtt    : (REDACTED) Headphone Integration status: %s
01-09 11:46:06.539  1433  1437 W d.process.acore: Reducing the number of considered missed Gc histogram windows from 152 to 100
01-09 11:46:06.539  1507  1575 I .apps.wellbeing: AssetManager2(0xb4000072b37abc78) locale list changing from [] to [en-US]
01-09 11:46:06.540  6356  6356 D Capacitor: Registering plugin instance: CapacitorCookies
01-09 11:46:06.540  1642  2073 I bsmc    : (REDACTED) DelegationStatus: %s
01-09 11:46:06.543  1642  2073 I bmkm    : (REDACTED) Populated bump behaviors: %s
01-09 11:46:06.543  1507  1575 I .apps.wellbeing: AssetManager2(0xb4000072b37d07f8) locale list changing from [] to [en-US]
01-09 11:46:06.544  1642  2073 I bmkt    : (REDACTED) Client type %s set for %s
01-09 11:46:06.544  1642  2073 I bmkt    : (REDACTED) Client type %s set for %s
01-09 11:46:06.544  1642  2073 I bmkt    : (REDACTED) Client type %s set for %s
01-09 11:46:06.546  6356  6356 D Capacitor: Registering plugin instance: WebView
01-09 11:46:06.548  6356  6356 D Capacitor: Registering plugin instance: CapacitorHttp
01-09 11:46:06.550  6356  6356 D Capacitor: Registering plugin instance: SystemBars
01-09 11:46:06.555  1642  1925 I rnp     : no assistant invocation found, returning 0.
01-09 11:46:06.559  1642  1925 I rnp     : no assistant invocation found, returning max duration.
01-09 11:46:06.560  1642  2040 I bpph    : (REDACTED) #isRobinOnlyLocale checkedLocale:%s language:%s list:%s
01-09 11:46:06.560  1642  2040 I bmok    : (REDACTED) FCF System FeatureName to check: %s
01-09 11:46:06.560  1642  2040 I bmok    : (REDACTED) FCF: Device model check status : %s
01-09 11:46:06.560  1642  2040 I bmul    : (REDACTED) #evaluate: isEnabled = %s failure reasons: %s
01-09 11:46:06.561  2668  6276 W PowerUsageFeatureProviderGoogleImpl: processBatteryReattributeData: disabled
01-09 11:46:06.561  2668  6276 D DataProcessManager: execute generateFinalDataAndApplyCallback size=8 in 23/ms
01-09 11:46:06.562  1642  2040 I bmbg    : (REDACTED) #initialConfig Current Locale set to: %s
01-09 11:46:06.562  1642  2040 I bmbg    : (REDACTED) #initialConfig Assistant is currently enabled: %s
01-09 11:46:06.562  1642  2040 I bmbg    : (REDACTED) #initialConfig InputModality is currently: %s
01-09 11:46:06.562  1642  2040 I bmbg    : (REDACTED) #initialConfig Speed Bump entry points: %s
01-09 11:46:06.562  1642  2040 I bmbg    : (REDACTED) #initialConfig Long Press Power Education entrypoints: %s
01-09 11:46:06.562  1642  2040 I bmbg    : (REDACTED) #initialConfig Robin entrypoints: %s
01-09 11:46:06.562  1642  2040 I bmbg    : (REDACTED) #initialConfig Preferred audio route type: %s
01-09 11:46:06.562  1642  2040 I bmbg    : (REDACTED) #initialConfig Earcons to be added: %s
01-09 11:46:06.562  1642  2040 I bmbg    : (REDACTED) #initialConfig Mic occupied behavior: %s
01-09 11:46:06.562  1642  2040 I bmbg    : (REDACTED) #initialConfig Headphone voice queries and spoken notifications status: %s
01-09 11:46:06.562  1642  2040 I bsmc    : (REDACTED) DelegationStatus: %s
01-09 11:46:06.563  1507  1575 I .apps.wellbeing: AssetManager2(0xb4000072b37c9a98) locale list changing from [] to [en-US]
01-09 11:46:06.564  6356  6356 W Capacitor: Unable to read file at path public/plugins
01-09 11:46:06.568  6356  6356 D Capacitor: Loading app at https://localhost
01-09 11:46:06.570  2668  2668 E SmsApplication: com.google.android.apps.messaging lost android:read_cell_broadcasts:  (fixing)
01-09 11:46:06.570   660   892 W AppOpService: Ignored setUidMode call for runtime permission app op: uid = 10147, code = READ_CELL_BROADCASTS, mode = allow, callingUid = 1000, oldMode = allow
01-09 11:46:06.571  1642  2028 I bmnr    : (REDACTED) #FCF: Preferred assistant locale set %s 
01-09 11:46:06.571  1642  2028 I bmok    : (REDACTED) FCF System FeatureName to check: %s
01-09 11:46:06.571  1642  2028 I bmok    : (REDACTED) FCF: Device model check status : %s
01-09 11:46:06.571  1642  2028 I bmok    : (REDACTED) FCF System FeatureName to check: %s
01-09 11:46:06.571  1642  2028 I bmok    : (REDACTED) FCF: Device model check status : %s
01-09 11:46:06.571  1642  2028 I bmul    : (REDACTED) #evaluate: isEnabled = %s failure reasons: %s
01-09 11:46:06.571  1642  2028 I bmun    : (REDACTED) #evaluate: isEnabled = %s failure reasons: %s
01-09 11:46:06.571  1642  2028 I bmur    : (REDACTED) #evaluate: isEnabled = %s failure reasons: %s
01-09 11:46:06.571  1642  2028 I bmnr    : (REDACTED) #FCF: Preferred assistant locale set %s 
01-09 11:46:06.571  1642  2040 I bmok    : (REDACTED) FCF System FeatureName to check: %s
01-09 11:46:06.571  1642  2040 I bmok    : (REDACTED) FCF: Device model check status : %s
01-09 11:46:06.571  1642  2040 I bmuw    : (REDACTED) #evaluate: isEnabled[ = %s failure reasons: %s
01-09 11:46:06.571  1642  2040 I bmuv    : (REDACTED) #evaluate: isEnabled = %s failure reasons: %s
01-09 11:46:06.571  1642  2040 I bmbg    : (REDACTED) Needs to download files: %s
01-09 11:46:06.572  1642  2040 I bsmc    : (REDACTED) DelegationStatus: %s
01-09 11:46:06.572  1642  2040 I ccjr    : (REDACTED) getInitialSimplifiedOobeViaDeeplinkUser: %b
01-09 11:46:06.572  1642  2040 I bteo    : (REDACTED) isDeeplinkEnabled %s, isInitialSimplifiedOobeViaDeeplinkUser %s
01-09 11:46:06.572  1642  2040 I bmvl    : User not OptedIn. Skipping Eligibility Checks.
01-09 11:46:06.572  1642  2040 I bmdg    : No changes in config detected
01-09 11:46:06.575   660   892 W AppOpService: Ignored setUidMode call for runtime permission app op: uid = 1001, code = READ_SMS, mode = allow, callingUid = 1000, oldMode = allow
01-09 11:46:06.575   660   892 W AppOpService: Ignored setUidMode call for runtime permission app op: uid = 1001, code = RECEIVE_SMS, mode = allow, callingUid = 1000, oldMode = allow
01-09 11:46:06.575   660   892 W AppOpService: Ignored setUidMode call for runtime permission app op: uid = 1001, code = RECEIVE_WAP_PUSH, mode = allow, callingUid = 1000, oldMode = allow
01-09 11:46:06.575   660   892 W AppOpService: Ignored setUidMode call for runtime permission app op: uid = 1001, code = SEND_SMS, mode = allow, callingUid = 1000, oldMode = allow
01-09 11:46:06.576   660   892 W AppOpService: Ignored setUidMode call for runtime permission app op: uid = 1001, code = READ_CELL_BROADCASTS, mode = allow, callingUid = 1000, oldMode = allow
01-09 11:46:06.581  2668  2668 D DatabaseUtils: insert() battery usage slots data into database
01-09 11:46:06.581  2668  2668 D DatabaseUtils: sendBatteryUsageSlotData() size=8 in 5/ms
01-09 11:46:06.587  6452  6465 I cr_LibraryLoader: Successfully loaded native library
01-09 11:46:06.587  6356  6477 W cr_media: BLUETOOTH_CONNECT permission is missing.
01-09 11:46:06.587  6452  6465 I cr_CachingUmaRecorder: Flushed 2 samples from 2 histograms, 0 samples were dropped.
01-09 11:46:06.588  6356  6477 W cr_media: getBluetoothAdapter() requires BLUETOOTH permission
01-09 11:46:06.588  6356  6477 W cr_media: registerBluetoothIntentsIfNeeded: Requires BLUETOOTH permission
01-09 11:46:06.589  6452  6465 W SystemServiceRegistry: No service published for: uimode
01-09 11:46:06.597  6356  6521 W libc    : Access denied finding property "vendor.mesa.log"
01-09 11:46:06.597  6356  6521 W libc    : Access denied finding property "vendor.mesa.log.file"
01-09 11:46:06.597  6356  6521 E MESA    : Failed to open rendernode: No such file or directory
01-09 11:46:06.604  6452  6465 W chromium: [WARNING:runtime_features.cc(560)] Fenced frames cannot be enabled in this configuration. Use --enable-features=FencedFrames instead.
01-09 11:46:06.604  6452  6465 W chromium: [WARNING:runtime_features.cc(585)] Topics cannot be enabled in this configuration. Use --enable-features=BrowsingTopics in addition.
01-09 11:46:06.604  6452  6465 W chromium: [WARNING:runtime_features.cc(606)] SharedStorage cannot be enabled in this configuration. Use --enable-features=SharedStorageAPI in addition.
01-09 11:46:06.615  6356  6356 D Capacitor: App started
01-09 11:46:06.616  6356  6521 W libc    : Access denied finding property "vendor.mesa.vk.trace.per.submit"
01-09 11:46:06.616  6356  6356 D Capacitor: App resumed
01-09 11:46:06.616  6356  6521 W libc    : Access denied finding property "vendor.mesa.gallium.print.optio"
01-09 11:46:06.616  6356  6521 W libc    : Access denied finding property "vendor.mesa.vk.trace.frame"
01-09 11:46:06.625  6356  6521 W libc    : Access denied finding property "vendor.mesa.vk.wsi.headless.swa"
01-09 11:46:06.626  1507  1575 I .apps.wellbeing: AssetManager2(0xb4000072b37b0a98) locale list changing from [] to [en-US]
01-09 11:46:06.634  1507  1575 I .apps.wellbeing: AssetManager2(0xb4000072b37cc658) locale list changing from [] to [en-US]
01-09 11:46:06.636  1507  1575 I .apps.wellbeing: AssetManager2(0xb4000072b37d2738) locale list changing from [] to [en-US]
01-09 11:46:06.642  1507  1575 I .apps.wellbeing: AssetManager2(0xb4000072b37cb398) locale list changing from [] to [en-US]
01-09 11:46:06.642  1160  2109 I FontLog : (REDACTED) Received query %s, URI %s
01-09 11:46:06.643  1160  2109 I FontLog : (REDACTED) Query [%s] resolved to %s
01-09 11:46:06.645  1160  2109 I FontLog : (REDACTED) Font PFD returned from cache for %s
01-09 11:46:06.646  1160  2109 I FontLog : (REDACTED) Fetch %s end status %s
01-09 11:46:06.646  1507  1575 I .apps.wellbeing: AssetManager2(0xb4000072b37ccc98) locale list changing from [] to [en-US]
01-09 11:46:06.648  6356  6356 W HWUI    : Unknown dataspace 0
01-09 11:46:06.650  1160  2402 I FontLog : (REDACTED) Pulling font file for id = %d, cache size = %d
01-09 11:46:06.652  1507  1575 I .apps.wellbeing: AssetManager2(0xb4000072b37cb9d8) locale list changing from [] to [en-US]
01-09 11:46:06.655  1507  1575 I .apps.wellbeing: AssetManager2(0xb4000072b37cfe98) locale list changing from [] to [en-US]
01-09 11:46:06.658  6356  6521 W chromium: [WARNING:viz_main_impl.cc(85)] VizNullHypothesis is disabled (not a warning)
01-09 11:46:06.660  1160  2402 I FontLog : (REDACTED) Received query %s, URI %s
01-09 11:46:06.661  1160  2402 I FontLog : (REDACTED) Query [%s] resolved to %s
01-09 11:46:06.662  1507  1575 I .apps.wellbeing: AssetManager2(0xb4000072b37cd918) locale list changing from [] to [en-US]
01-09 11:46:06.665  1160  2402 I FontLog : (REDACTED) Fetch %s end status %s
01-09 11:46:06.667  1507  1575 I .apps.wellbeing: AssetManager2(0xb4000072b37ccfb8) locale list changing from [] to [en-US]
01-09 11:46:06.667  1160  2402 I FontLog : (REDACTED) Pulling font file for id = %d, cache size = %d
01-09 11:46:06.669  1160  2402 I FontLog : (REDACTED) Received query %s, URI %s
01-09 11:46:06.669  1160  2402 I FontLog : (REDACTED) Query [%s] resolved to %s
01-09 11:46:06.670  1160  2402 I FontLog : (REDACTED) Font PFD returned from cache for %s
01-09 11:46:06.670  1160  2402 I FontLog : (REDACTED) Fetch %s end status %s
01-09 11:46:06.672  1507  1575 I .apps.wellbeing: AssetManager2(0xb4000072b37cf858) locale list changing from [] to [en-US]
01-09 11:46:06.672  1160  2402 I FontLog : (REDACTED) Pulling font file for id = %d, cache size = %d
01-09 11:46:06.674  1160  2402 I FontLog : (REDACTED) Received query %s, URI %s
01-09 11:46:06.674  1160  2402 I FontLog : (REDACTED) Query [%s] resolved to %s
01-09 11:46:06.675  1160  2402 I FontLog : (REDACTED) Font PFD returned from cache for %s
01-09 11:46:06.675  1160  2402 I FontLog : (REDACTED) Fetch %s end status %s
01-09 11:46:06.676  1160  2109 I FontLog : (REDACTED) Pulling font file for id = %d, cache size = %d
01-09 11:46:06.677  1160  2402 I FontLog : (REDACTED) Received query %s, URI %s
01-09 11:46:06.678  1160  2402 I FontLog : (REDACTED) Query [%s] resolved to %s
01-09 11:46:06.680  1160  2402 I FontLog : (REDACTED) Font PFD returned from cache for %s
01-09 11:46:06.680  1160  2402 I FontLog : (REDACTED) Fetch %s end status %s
01-09 11:46:06.684  1507  1575 I .apps.wellbeing: AssetManager2(0xb4000072b37d01b8) locale list changing from [] to [en-US]
01-09 11:46:06.685  1160  2109 I FontLog : (REDACTED) Pulling font file for id = %d, cache size = %d
01-09 11:46:06.695  1160  6183 W FontLog : Error updating last accessed time for {Google Sans, wdth 100.0, wght 500, ital 0.0, bestEffort false}, isVf false}. [CONTEXT service_id=132 ]
01-09 11:46:06.695  1160  6183 W FontLog : java.lang.IllegalStateException: Cannot perform this operation because the connection pool has been closed.
01-09 11:46:06.695  1160  6183 W FontLog : 	at android.database.sqlite.SQLiteConnectionPool.throwIfClosedLocked(SQLiteConnectionPool.java:1110)
01-09 11:46:06.695  1160  6183 W FontLog : 	at android.database.sqlite.SQLiteConnectionPool.waitForConnection(SQLiteConnectionPool.java:723)
01-09 11:46:06.695  1160  6183 W FontLog : 	at android.database.sqlite.SQLiteConnectionPool.acquireConnection(SQLiteConnectionPool.java:406)
01-09 11:46:06.695  1160  6183 W FontLog : 	at android.database.sqlite.SQLiteSession.acquireConnection(SQLiteSession.java:931)
01-09 11:46:06.695  1160  6183 W FontLog : 	at android.database.sqlite.SQLiteSession.executeForChangedRowCount(SQLiteSession.java:789)
01-09 11:46:06.695  1160  6183 W FontLog : 	at android.database.sqlite.SQLiteStatement.executeUpdateDelete(SQLiteStatement.java:67)
01-09 11:46:06.695  1160  6183 W FontLog : 	at android.database.sqlite.SQLiteDatabase.executeSql(SQLiteDatabase.java:2235)
01-09 11:46:06.695  1160  6183 W FontLog : 	at android.database.sqlite.SQLiteDatabase.execSQL(SQLiteDatabase.java:2211)
01-09 11:46:06.695  1160  6183 W FontLog : 	at btrk.run(:com.google.android.gms@254730035@25.47.30 (260400-833691957):57)
01-09 11:46:06.695  1160  6183 W FontLog : 	at bden.c(:com.google.android.gms@254730035@25.47.30 (260400-833691957):50)
01-09 11:46:06.695  1160  6183 W FontLog : 	at bden.run(:com.google.android.gms@254730035@25.47.30 (260400-833691957):73)
01-09 11:46:06.695  1160  6183 W FontLog : 	at java.util.concurrent.ThreadPoolExecutor.runWorker(ThreadPoolExecutor.java:1156)
01-09 11:46:06.695  1160  6183 W FontLog : 	at java.util.concurrent.ThreadPoolExecutor$Worker.run(ThreadPoolExecutor.java:651)
01-09 11:46:06.695  1160  6183 W FontLog : 	at bdke.run(:com.google.android.gms@254730035@25.47.30 (260400-833691957):8)
01-09 11:46:06.695  1160  6183 W FontLog : 	at java.lang.Thread.run(Thread.java:1119)
01-09 11:46:06.695  1160  6183 W FontLog : Caused by: java.lang.Exception: SQLiteConnectionPool.close()
01-09 11:46:06.695  1160  6183 W FontLog : 	at android.database.sqlite.SQLiteConnectionPool.dispose(SQLiteConnectionPool.java:274)
01-09 11:46:06.695  1160  6183 W FontLog : 	at android.database.sqlite.SQLiteConnectionPool.close(SQLiteConnectionPool.java:254)
01-09 11:46:06.695  1160  6183 W FontLog : 	at android.database.sqlite.SQLiteDatabase.dispose(SQLiteDatabase.java:559)
01-09 11:46:06.695  1160  6183 W FontLog : 	at android.database.sqlite.SQLiteDatabase.onAllReferencesReleased(SQLiteDatabase.java:536)
01-09 11:46:06.695  1160  6183 W FontLog : 	at android.database.sqlite.SQLiteClosable.releaseReference(SQLiteClosable.java:92)
01-09 11:46:06.695  1160  6183 W FontLog : 	at android.database.sqlite.SQLiteDatabase.executeSql(SQLiteDatabase.java:2246)
01-09 11:46:06.695  1160  6183 W FontLog : 	... 8 more
01-09 11:46:06.704  6356  6471 D Capacitor: Handling local request: https://localhost/
01-09 11:46:06.719  6356  6535 I CameraManagerGlobal: Connecting to camera service
01-09 11:46:06.736  1507  1575 I .apps.wellbeing: AssetManager2(0xb4000072b37cf538) locale list changing from [] to [en-US]
01-09 11:46:06.738   660  1236 D CoreBackPreview: Window{71e12e u0 com.gustavo.fitai/com.gustavo.fitai.MainActivity}: Setting back callback OnBackInvokedCallbackInfo{mCallback=android.window.IOnBackInvokedCallback$Stub$Proxy@56eb2e1, mPriority=-1, mIsAnimationCallback=false, mOverrideBehavior=0}
01-09 11:46:06.738  1507  1575 I .apps.wellbeing: AssetManager2(0xb4000072b37cdc38) locale list changing from [] to [en-US]
01-09 11:46:06.759   581  3953 I AttributionAndPermissionUtils: checkPermission (forDataDelivery 0 startDataDelivery 0): Permission hard denied for client attribution [uid 10214, pid 6356, packageName "<unknown>"]
01-09 11:46:06.804  1507  1575 I .apps.wellbeing: AssetManager2(0xb4000072b37cdf58) locale list changing from [] to [en-US]
01-09 11:46:06.815  1507  1575 I .apps.wellbeing: AssetManager2(0xb4000072b37b45f8) locale list changing from [] to [en-US]
01-09 11:46:06.846  1160  2701 I NearbyDiscovery: (REDACTED) FastPairHandler: Received action %s
01-09 11:46:06.847  1160  2850 D BluetoothAdapter: isLeEnabled(): ON
01-09 11:46:06.847  1160  2850 D BluetoothAdapter: isLeEnabled(): ON
01-09 11:46:06.847  1160  2701 I NearbyDiscovery: (REDACTED) FastPairHandler: Received action %s
01-09 11:46:06.848  1507  1575 I .apps.wellbeing: AssetManager2(0xb4000072b37c1758) locale list changing from [] to [en-US]
01-09 11:46:06.850  6356  6469 D Capacitor: Handling local request: https://localhost/assets/index-CSKmRarL.js
01-09 11:46:06.854  1642  1642 I fiis    : (REDACTED) O received %s
01-09 11:46:06.856  6356  6468 D Capacitor: Handling local request: https://localhost/assets/vendor-react-B--z-fyW.js
01-09 11:46:06.856  6356  6471 D Capacitor: Handling local request: https://localhost/assets/vendor-icons-py4osTVQ.js
01-09 11:46:06.859  1507  1575 I .apps.wellbeing: AssetManager2(0xb4000072b37b1a38) locale list changing from [] to [en-US]
01-09 11:46:06.860  6356  6488 D Capacitor: Handling local request: https://localhost/assets/vendor-utils-BpRkNtKl.js
01-09 11:46:06.860  6356  6491 D Capacitor: Handling local request: https://localhost/assets/vendor-charts-yx0TjsNI.js
01-09 11:46:06.864  1160  2701 I NearbyDiscovery: (REDACTED) FastPairHandler: Received action %s
01-09 11:46:06.865  1160  2850 I NearbySharing: Bluetooth is enabled
01-09 11:46:06.865  1160  2850 I NearbySharing: Uwb feature is off.
01-09 11:46:06.867  1507  1575 I .apps.wellbeing: AssetManager2(0xb4000072b37b74d8) locale list changing from [] to [en-US]
01-09 11:46:06.868  1160  1160 I MagicTether: (REDACTED) [TetherService] BluetoothStateChangeReceiver: %s
01-09 11:46:06.868  1160  2850 I NearbySharing: Stopping scanning because Nearby Sharing is disabled.
01-09 11:46:06.871  1160  2850 I NearbySharing: Stopping Fast Init advertisement because we're not scanning in the foreground.
01-09 11:46:06.875  1642  1642 I fiis    : (REDACTED) O received %s
01-09 11:46:06.878  1507  1575 I .apps.wellbeing: AssetManager2(0xb4000072b37b8ab8) locale list changing from [] to [en-US]
01-09 11:46:06.880  1160  2701 I NearbyDiscovery: (REDACTED) FastPairHandler: Received action %s
01-09 11:46:06.864  6356  6473 D Capacitor: Handling local request: https://localhost/assets/index-CddRejau.css
01-09 11:46:06.883  1507  1575 I .apps.wellbeing: AssetManager2(0xb4000072b37c26f8) locale list changing from [] to [en-US]
01-09 11:46:06.885  1642  1912 I bcdr    : (REDACTED) isGrpcDeviceIntent: %s
01-09 11:46:06.889   660   870 D BackgroundInstallControlService: Package event received: 0
01-09 11:46:06.889  1160  2850 I NearbySharing: Stopping advertising because Nearby Sharing is disabled.
01-09 11:46:06.897  1507  1575 I .apps.wellbeing: AssetManager2(0xb4000072b37b3018) locale list changing from [] to [en-US]
01-09 11:46:06.901  1507  1575 I .apps.wellbeing: AssetManager2(0xb4000072b37b2cf8) locale list changing from [] to [en-US]
01-09 11:46:06.904  1160  6183 I MagicTether: [TetherService] starting runnable [CONTEXT service_id=276 ]
01-09 11:46:06.905   660   702 I ActivityTaskManager: Displayed com.gustavo.fitai/.MainActivity for user 0: +1s960ms
01-09 11:46:06.907  4380  4410 W adua    : Abort, client detached.
01-09 11:46:06.907  1035  1035 D BaseDepthController: setSurface:
01-09 11:46:06.907  1035  1035 D BaseDepthController: 	mWaitingOnSurfaceValidity: false
01-09 11:46:06.907  1035  1035 D BaseDepthController: 	mBaseSurface: null
01-09 11:46:06.908  1160  6183 I MagicTether: [TetherService] Starting Instant Hotspot feature. [CONTEXT service_id=276 ]
01-09 11:46:06.908  1035  1035 D BaseDepthController: mSurface is null and mCurrentBlur is: 0
01-09 11:46:06.911  1642  1912 I bcdr    : (REDACTED) isGrpcDeviceIntent: %s
01-09 11:46:06.912  1035  1035 D StateManager: goToState - fromState: Normal, toState: Normal, partial trace:
01-09 11:46:06.912  1035  1035 D StateManager: 	at com.android.launcher3.statemanager.StateManager.moveToRestState(go/retraceme 72a59688580715d19f0e415c69e80376c2f062d1648c80db6730905005a27c20:4)
01-09 11:46:06.912  1035  1035 D StateManager: 	at com.android.launcher3.statemanager.StateManager.moveToRestState(go/retraceme 72a59688580715d19f0e415c69e80376c2f062d1648c80db6730905005a27c20:1)
01-09 11:46:06.912  1035  1035 D StateManager: 	at com.android.launcher3.statemanager.StatefulActivity.onStop(go/retraceme 72a59688580715d19f0e415c69e80376c2f062d1648c80db6730905005a27c20:34)
01-09 11:46:06.914  1035  1035 D StatsLog: LAUNCHER_ONSTOP
01-09 11:46:06.922  1160  2701 I NearbyDiscovery: (REDACTED) PureOffloadFastPairScanner: eventType=%s, isInternalReq=%s, isScanning=%s, isScanningAllowed=%s
01-09 11:46:06.922  1160  2701 I NearbyDiscovery: PureOffloadFastPairScanner: Skipping stop, already stopped scanning [CONTEXT service_id=265 ]
01-09 11:46:06.923  1160  2701 I NearbyDiscovery: (REDACTED) ApFastPairScanner: isScreenOn=%s, isLocationEnabled=%s, disableLocationRequirement=%s, isDiscoveryScanningEnabled=%s, during24GhzWifiWarmingUpPeriod=%s
01-09 11:46:06.923  1160  2701 D BluetoothAdapter: isLeEnabled(): ON
01-09 11:46:06.923  1160  2701 I NearbyDiscovery: (REDACTED) ApFastPairScanner: eventType=%s, intReq=%s, scanning=%s, scanAllowed=%s, bleEnabled=%s, lockScanRate=%s, startScanningByLowPowerMode=%s
01-09 11:46:06.926  1035  1035 D StatsLog: LAUNCHER_GOOGLE_SEARCH_RESTORE_LIST_SIZE_AFTER_ACTIVITY_RESTART
01-09 11:46:06.933  1160  2850 I NearbySharing: There is no account metadata, return default instance.
01-09 11:46:06.933  1160  2850 I NearbySharing: There is no account metadata, return default instance.
01-09 11:46:06.933  1160  2850 I NearbySharing: Stopping FastInitiation scanning because visibility is hidden.
01-09 11:46:06.942  1160  2850 I NearbySharing: Fast Initiation Scanning has stopped
01-09 11:46:06.943  1160  2850 I NearbySharing: Dismissing HUN as there's no device nearby.
01-09 11:46:06.946   660   792 I ImeTracker: com.gustavo.fitai:2dd66ede: onRequestHide at ORIGIN_SERVER reason HIDE_UNSPECIFIED_WINDOW fromUser false
01-09 11:46:06.947  1160  6183 I MagicTether: [LaunchUtils] No accounts found for enabling Instant Wifi. [CONTEXT service_id=276 ]
01-09 11:46:06.951   660   870 D BackgroundInstallControlService: Package event received: 0
01-09 11:46:06.953  6356  6356 D InsetsController: hide(ime(), fromIme=false)
01-09 11:46:06.953  6356  6356 I ImeTracker: com.gustavo.fitai:2dd66ede: onCancelled at PHASE_CLIENT_ALREADY_HIDDEN
01-09 11:46:06.956  1160  2850 I NearbySharing: Broadcasting NearbySharing state change.
01-09 11:46:06.971  1160  6398 I Nearby  : (REDACTED) is blocked device type %s, isAuto=%s, isIot=%s, isLatchsky=%s, isChinaWearable=%s, isTv=%s, isWearable=%s (supportWearOs=%s), isChromeOsDevice=%s (supportChromeOs=%s)
01-09 11:46:06.974  1160  6404 I ProximityAuth: [PhoneHubService] Bluetooth state has changed. Calling startService.
01-09 11:46:06.982  1160  6403 I NearbyMediums: ModuleInitializer handles incoming intent android.bluetooth.adapter.action.STATE_CHANGED
01-09 11:46:06.983  1160  1160 I NearbyDiscovery: (REDACTED) DiscoveryService onStartCommand action: %s
01-09 11:46:06.984  1160  1160 I NearbyDiscovery: (REDACTED) FastPair: onAdapterStateChange: state=%s
01-09 11:46:06.989  1160  4799 I NearbyFastPair: DynamicSupportModule: onSupportStateUpdate start [CONTEXT service_id=265 ]
01-09 11:46:06.991  1507  1575 I .apps.wellbeing: AssetManager2(0xb4000072b37aacd8) locale list changing from [] to [en-US]
01-09 11:46:07.005  1160  6183 I MagicTether: (REDACTED) [HostTetherRole] enableProximityAuth: %s
01-09 11:46:07.007  1160  4799 I NearbyFastPair: DynamicSupportModule: onSupportStateUpdate end [CONTEXT service_id=265 ]
01-09 11:46:07.014  1507  1575 I .apps.wellbeing: AssetManager2(0xb4000072b37b2078) locale list changing from [] to [en-US]
01-09 11:46:07.043  1160  2850 I NearbySharing: There is no account metadata, return default instance.
01-09 11:46:07.048  1160  1160 I ProximityAuth: [PhoneHubService] Handling intent for PhoneHubChimeraService.
01-09 11:46:07.053   660  1236 I ImeTracker: system_server:1364d506: onRequestHide at ORIGIN_SERVER reason IME_REQUESTED_CHANGED_LISTENER fromUser false
01-09 11:46:07.060  1160  2850 D BluetoothAdapter: isLeEnabled(): ON
01-09 11:46:07.065  1160  4799 I NearbySharing: Bluetooth is enabled
01-09 11:46:07.065  1160  4799 I NearbySharing: Uwb feature is off.
01-09 11:46:07.066  1160  1160 I NearbyPresence: (REDACTED) %s: BLE ON
01-09 11:46:07.067  1160  1160 I MagicTether: (REDACTED) [TetherService] BluetoothStateChangeReceiver: %s
01-09 11:46:07.068   660   705 I ImeTracker: system_server:1364d506: onCancelled at PHASE_SERVER_SHOULD_HIDE
01-09 11:46:07.069  1494  1494 I GoogleInputMethodService: GoogleInputMethodService.onFinishInput():2043 
01-09 11:46:07.072  1160  4799 I NearbySharing: Stopping scanning because Nearby Sharing is disabled.
01-09 11:46:07.075  1160  4799 I NearbySharing: Stopping Fast Init advertisement because we're not scanning in the foreground.
01-09 11:46:07.081  1160  4799 I NearbySharing: Stopping advertising because Nearby Sharing is disabled.
01-09 11:46:07.081  1160  4799 I NearbySharing: There is no account metadata, return default instance.
01-09 11:46:07.091  1160  1416 I NearbyPresence: (REDACTED) %s verified [!=] new request %s does not equal to the old request %s
01-09 11:46:07.092  1160  1416 I NearbyPresence: (REDACTED) %s verified [==] new request %s equals to the old request
01-09 11:46:07.093  1160  5914 W NearbyMediums: [BLUETOOTH_RADIO] State was changed outside of our control. Updating the snapshot to match current radio state.
01-09 11:46:07.093  1160  1160 D BoundBrokerSvc: onRebind: Intent { act=com.google.android.gms.auth.aang.events.services.START dat=chimera-action:/... xflg=0x4 cmp=com.google.android.gms/.chimera.PersistentApiService }
01-09 11:46:07.094  1160  4799 I NearbySharing: There is no account metadata, return default instance.
01-09 11:46:07.094  1160  4799 I NearbySharing: Stopping FastInitiation scanning because visibility is hidden.
01-09 11:46:07.096  1494  1494 I Module  : DeviceLockedStatusModuleProvider$Module.updateDeviceLockedStatus():100 repeatCheckTimes = 0, locked = false
01-09 11:46:07.098  1160  4799 I NearbySharing: Fast Initiation Scanning has stopped
01-09 11:46:07.099  1160  6182 I ProximityAuth: [PhoneHubService] No enabled account, stopping service
01-09 11:46:07.100  1160  4799 I NearbySharing: Dismissing HUN as there's no device nearby.
01-09 11:46:07.108  1494  1494 I GoogleInputMethodService: GoogleInputMethodService.onStartInput():1293 onStartInput(EditorInfo{EditorInfo{packageName=com.gustavo.fitai, inputType=0, inputTypeString=NULL, enableLearning=false, autoCorrection=false, autoComplete=false, imeOptions=12000000, privateImeOptions=null, actionName=UNSPECIFIED, actionLabel=null, initialSelStart=-1, initialSelEnd=-1, initialCapsMode=0, label=null, fieldId=0, fieldName=null, extras=null, hintText=null, hintLocales=[]}}, false)
01-09 11:46:07.116  1494  1494 I Module  : DeviceLockedStatusModuleProvider$Module.updateDeviceLockedStatus():100 repeatCheckTimes = 1, locked = false
01-09 11:46:07.117   660  1170 W PackageConfigPersister: App-specific configuration not found for packageName: com.gustavo.fitai and userId: 0
01-09 11:46:07.118  1160  1160 I ProximityAuth: [PhoneHubService] Destroying PhoneHubChimeraService.
01-09 11:46:07.118  1160  1160 W ProximityAuth: [PhoneHubNotificationProcessor] shutdown(): context is null.
01-09 11:46:07.118  1160  1160 I ProximityAuth: [PhoneHubService] All devices have disconnected. Performing cleanup...
01-09 11:46:07.119   660   870 D BackgroundInstallControlService: Package event received: 0
01-09 11:46:07.122  1160  1160 W ChimeraUtils: Module com.google.android.gms.auth_proximity missing resource null(0)
01-09 11:46:07.124  1507  1575 I .apps.wellbeing: AssetManager2(0xb4000072b37b77f8) locale list changing from [] to [en-US]
01-09 11:46:07.129  1160  6182 D BluetoothAdapter: isLeEnabled(): ON
01-09 11:46:07.129  1507  1575 I .apps.wellbeing: AssetManager2(0xb4000072b37b4918) locale list changing from [] to [en-US]
01-09 11:46:07.133  1160  2402 I FontLog : (REDACTED) Received query %s, URI %s
01-09 11:46:07.133  1160  2402 I FontLog : (REDACTED) Query [%s] resolved to %s
01-09 11:46:07.137  1160  4799 I NearbySharing: There is no account metadata, return default instance.
01-09 11:46:07.138  1160  2402 I FontLog : (REDACTED) Fetch %s end status %s
01-09 11:46:07.139  1160  6397 I ProximityAuth: [PhoneHubService] Bluetooth state has changed. Calling startService.
01-09 11:46:07.142  1160  2109 I FontLog : (REDACTED) Pulling font file for id = %d, cache size = %d
01-09 11:46:07.143  1160  6397 I Nearby  : (REDACTED) is blocked device type %s, isAuto=%s, isIot=%s, isLatchsky=%s, isChinaWearable=%s, isTv=%s, isWearable=%s (supportWearOs=%s), isChromeOsDevice=%s (supportChromeOs=%s)
01-09 11:46:07.149  1160  6183 W MagicTether: [HostEnablementUtils] Invalid account list. [CONTEXT service_id=276 ]
01-09 11:46:07.150  1507  1575 I .apps.wellbeing: AssetManager2(0xb4000072b37b3338) locale list changing from [] to [en-US]
01-09 11:46:07.153  1160  1160 D BoundBrokerSvc: onRebind: Intent { act=com.google.android.gms.findmydevice.spot.service.locationreport.START dat=chimera-action:/... xflg=0x4 cmp=com.google.android.gms/.chimera.PersistentApiService }
01-09 11:46:07.155  1160  6398 I NearbyMediums: ModuleInitializer handles incoming intent android.bluetooth.adapter.action.STATE_CHANGED
01-09 11:46:07.158  1160  4799 I NearbySharing: Broadcasting NearbySharing state change.
01-09 11:46:07.158  1160  1160 I ProximityAuth: [PhoneHubService] Handling intent for PhoneHubChimeraService.
01-09 11:46:07.160  1160  1160 I NearbyDiscovery: (REDACTED) DiscoveryService onStartCommand action: %s
01-09 11:46:07.161  1160  1160 I NearbyDiscovery: (REDACTED) FastPair: onAdapterStateChange: state=%s
01-09 11:46:07.161  1160  1160 I NearbyDiscovery: (REDACTED) DiscoveryService onStartCommand action: %s
01-09 11:46:07.162  1160  1416 I NearbyFastPair: DynamicSupportModule: onSupportStateUpdate start [CONTEXT service_id=265 ]
01-09 11:46:07.162  1160  6551 I Nearby  : (REDACTED) is blocked device type %s, isAuto=%s, isIot=%s, isLatchsky=%s, isChinaWearable=%s, isTv=%s, isWearable=%s (supportWearOs=%s), isChromeOsDevice=%s (supportChromeOs=%s)
01-09 11:46:07.163  1160  6307 I ProximityAuth: [PhoneHubService] No enabled account, stopping service
01-09 11:46:07.165  1160  4799 I NearbySharing: There is no account metadata, return default instance.
01-09 11:46:07.166  1160  1416 I NearbyFastPair: DynamicSupportModule: onSupportStateUpdate end [CONTEXT service_id=265 ]
01-09 11:46:07.169  1160  6183 I MagicTether: [TetherService] Registering Tidepool update listener [CONTEXT service_id=276 ]
01-09 11:46:07.170  1160  6183 I MagicTether: [LaunchUtils] No accounts found for enabling Instant Wifi. [CONTEXT service_id=276 ]
01-09 11:46:07.170  1160  6183 I MagicTether: [LaunchUtils] No accounts found for enabling Instant Wifi. [CONTEXT service_id=276 ]
01-09 11:46:07.171  1160  6183 I MagicTether: [TetherService] starting runnable [CONTEXT service_id=276 ]
01-09 11:46:07.178  1160  1319 I Multidevice: (REDACTED) [FeatureSettingsApiService] registerXdFeatureStatusListener(featureKeys: %s, enableImmediateCallback: %s)
01-09 11:46:07.183  1160  6183 I MagicTether: [TetherService] Starting Instant Hotspot feature. [CONTEXT service_id=276 ]
01-09 11:46:07.183  1160  6183 I MagicTether: (REDACTED) [HostTetherRole] enableProximityAuth: %s
01-09 11:46:07.184  1160  1160 I ProximityAuth: [PhoneHubService] Destroying PhoneHubChimeraService.
01-09 11:46:07.184  1160  1160 W ProximityAuth: [PhoneHubNotificationProcessor] shutdown(): context is null.
01-09 11:46:07.184  1160  1160 I ProximityAuth: [PhoneHubService] All devices have disconnected. Performing cleanup...
01-09 11:46:07.184  1160  2402 I FontLog : (REDACTED) Pulling font file for id = %d, cache size = %d
01-09 11:46:07.184  1160  1160 W ChimeraUtils: Module com.google.android.gms.auth_proximity missing resource null(0)
01-09 11:46:07.185  1160  6183 W MagicTether: [HostEnablementUtils] Invalid account list. [CONTEXT service_id=276 ]
01-09 11:46:07.186  1160  6183 I MagicTether: (REDACTED) [TidepoolFeatureStatusManager] isInstantHotspotEnabled=%s
01-09 11:46:07.187  1160  6183 I MagicTether: [LaunchUtils] No accounts found for enabling Instant Wifi. [CONTEXT service_id=276 ]
01-09 11:46:07.187  1160  6183 I MagicTether: [TetherService] Stopping Nearby component. [CONTEXT service_id=276 ]
01-09 11:46:07.187  1160  6183 I MagicTether: [LaunchUtils] No accounts found for enabling Instant Wifi. [CONTEXT service_id=276 ]
01-09 11:46:07.187  1160  6183 I MagicTether: [HostTetherRole] Nearby host role already stopped [CONTEXT service_id=276 ]
01-09 11:46:07.188  1160  6183 I MagicTether: [LaunchUtils] No accounts found for enabling Instant Wifi. [CONTEXT service_id=276 ]
01-09 11:46:07.188  1160  6183 I MagicTether: [TetherService] Stopping Nearby client role [CONTEXT service_id=276 ]
01-09 11:46:07.188  1160  6183 I MagicTether: [ClientTetherRole] Client role already stopped [CONTEXT service_id=276 ]
01-09 11:46:07.202  1160  1160 I MagicTether: (REDACTED) [NotificationPresenter] cancelNotification: %d
01-09 11:46:07.203  1507  1575 I .apps.wellbeing: AssetManager2(0xb4000072b37b3978) locale list changing from [] to [en-US]
01-09 11:46:07.209  1507  1575 I .apps.wellbeing: AssetManager2(0xb4000072b37b5598) locale list changing from [] to [en-US]
01-09 11:46:07.209  1160  1160 I MagicTether: [AutoDisconnectIntentOperation] Canceling task. [CONTEXT service_id=276 ]
01-09 11:46:07.217  1507  1575 I .apps.wellbeing: AssetManager2(0xb4000072b37b6538) locale list changing from [] to [en-US]
01-09 11:46:07.217  1160  1160 I MagicTether: [TidepoolFeatureStatusManager] Successfully registered TidepoolListener [CONTEXT service_id=276 ]
01-09 11:46:07.219  1160  1416 I NearbySharing: There is no account metadata, return default instance.
01-09 11:46:07.233  1507  1575 I .apps.wellbeing: AssetManager2(0xb4000072b37b7e38) locale list changing from [] to [en-US]
01-09 11:46:07.242  1507  1575 I .apps.wellbeing: AssetManager2(0xb4000072b37aa378) locale list changing from [] to [en-US]
01-09 11:46:07.244  1160  1160 I MagicTether: (REDACTED) [NotificationPresenter] cancelNotification: %d
01-09 11:46:07.248  1507  1575 I .apps.wellbeing: AssetManager2(0xb4000072b37b42d8) locale list changing from [] to [en-US]
01-09 11:46:07.248  1160  1160 I MagicTether: [AutoDisconnectIntentOperation] Canceling task. [CONTEXT service_id=276 ]
01-09 11:46:07.255  1507  1575 I .apps.wellbeing: AssetManager2(0xb4000072b37af7d8) locale list changing from [] to [en-US]
01-09 11:46:07.264  1160  6305 W EasyUnlock: [HostValidator] Invalid account list. [CONTEXT service_id=234 ]
01-09 11:46:07.265  1160  1160 I MagicTether: (REDACTED) [NotificationPresenter] cancelNotification: %d
01-09 11:46:07.266  1160  1160 I MagicTether: [AutoDisconnectIntentOperation] Canceling task. [CONTEXT service_id=276 ]
01-09 11:46:07.275  1160  6398 I MagicTether: [AutoDisconnectIntentOperation] Canceling task. [CONTEXT service_id=276 ]
01-09 11:46:07.277  1160  1160 I MagicTether: [LaunchUtils] No accounts found for enabling Instant Wifi. [CONTEXT service_id=276 ]
01-09 11:46:07.277  1160  1160 I MagicTether: (REDACTED) [TidepoolFeatureStatusManager] onFeatureStatusChanged: INTERNET_SHARING_HOTSPOT=%s
01-09 11:46:07.277  1160  1160 I MagicTether: (REDACTED) [TetherService] TidepoolUpdateListener#onInstantHotspotUpdate isInstantHotspotEnabled=%s
01-09 11:46:07.281  1160  6398 I MagicTether: (REDACTED) [NotificationPresenter] cancelNotification: %d
01-09 11:46:07.284  1160  6305 I MagicTether: [TetherService] starting runnable [CONTEXT service_id=276 ]
01-09 11:46:07.284  1160  6305 I MagicTether: [TetherService] Starting Instant Hotspot feature. [CONTEXT service_id=276 ]
01-09 11:46:07.284  1160  6305 I MagicTether: (REDACTED) [HostTetherRole] enableProximityAuth: %s
01-09 11:46:07.285  1160  6403 I MagicTether: [AutoDisconnectIntentOperation] Canceling task. [CONTEXT service_id=276 ]
01-09 11:46:07.285  1160  6403 I MagicTether: (REDACTED) [NotificationPresenter] cancelNotification: %d
01-09 11:46:07.287  1160  6403 I MagicTether: [AutoDisconnectIntentOperation] Canceling task. [CONTEXT service_id=276 ]
01-09 11:46:07.287  1160  6403 I MagicTether: (REDACTED) [NotificationPresenter] cancelNotification: %d
01-09 11:46:07.289  1160  6398 I MagicTether: [AutoDisconnectIntentOperation] Canceling task. [CONTEXT service_id=276 ]
01-09 11:46:07.289  1160  6398 I MagicTether: (REDACTED) [NotificationPresenter] cancelNotification: %d
01-09 11:46:07.289  1160  6398 I MagicTether: [AutoDisconnectIntentOperation] Canceling task. [CONTEXT service_id=276 ]
01-09 11:46:07.289  1160  6398 I MagicTether: (REDACTED) [NotificationPresenter] cancelNotification: %d
01-09 11:46:07.289  1160  6403 I MagicTether: [AutoDisconnectIntentOperation] Canceling task. [CONTEXT service_id=276 ]
01-09 11:46:07.289  1160  6403 I MagicTether: (REDACTED) [NotificationPresenter] cancelNotification: %d
01-09 11:46:07.298   660   870 D BackgroundInstallControlService: Package event received: 0
01-09 11:46:07.310  1507  1575 I .apps.wellbeing: AssetManager2(0xb4000072b37b29d8) locale list changing from [] to [en-US]
01-09 11:46:07.310  1160  6305 W MagicTether: [HostEnablementUtils] Invalid account list. [CONTEXT service_id=276 ]
01-09 11:46:07.314  1160  2701 I NearbyDiscovery: (REDACTED) ApFastPairScanner: isScreenOn=%s, isLocationEnabled=%s, disableLocationRequirement=%s, isDiscoveryScanningEnabled=%s, during24GhzWifiWarmingUpPeriod=%s
01-09 11:46:07.319  1507  1575 I .apps.wellbeing: AssetManager2(0xb4000072b37b5ef8) locale list changing from [] to [en-US]
01-09 11:46:07.319  1160  2701 I NearbyDiscovery: (REDACTED) ApFastPairScanner: Start scanning internally, %s
01-09 11:46:07.319  1160  6305 I MagicTether: (REDACTED) [TidepoolFeatureStatusManager] isInstantHotspotEnabled=%s
01-09 11:46:07.320  1160  6305 I MagicTether: [LaunchUtils] No accounts found for enabling Instant Wifi. [CONTEXT service_id=276 ]
01-09 11:46:07.321  1160  6305 I MagicTether: [TetherService] Stopping Nearby component. [CONTEXT service_id=276 ]
01-09 11:46:07.321  1160  2701 D BluetoothAdapter: isLeEnabled(): ON
01-09 11:46:07.322  1160  6305 I MagicTether: [LaunchUtils] No accounts found for enabling Instant Wifi. [CONTEXT service_id=276 ]
01-09 11:46:07.322  1160  6305 I MagicTether: [HostTetherRole] Nearby host role already stopped [CONTEXT service_id=276 ]
01-09 11:46:07.323  6356  6356 I Capacitor/Console: File:  - Line 349 - Msg: [object Object]
01-09 11:46:07.325  6356  6356 V Capacitor/Plugin: To native (Capacitor plugin): callbackId: 92393352, pluginId: CapacitorHttp, methodName: request
01-09 11:46:07.325  6356  6356 V Capacitor: callback: 92393352, pluginId: CapacitorHttp, methodName: request, methodData: {"method":"GET","url":"https:\/\/testeai-732767853162.us-west1.run.app\/api\/usuarios\/exercises\/27","headers":{"Content-Type":"application\/json"},"params":{"requesterId":"27","requesterRole":"USER"}}
01-09 11:46:07.325  1160  1160 I MagicTether: (REDACTED) [NotificationPresenter] cancelNotification: %d
01-09 11:46:07.326  1160  6305 I MagicTether: [LaunchUtils] No accounts found for enabling Instant Wifi. [CONTEXT service_id=276 ]
01-09 11:46:07.326  1160  6305 I MagicTether: [TetherService] Stopping Nearby client role [CONTEXT service_id=276 ]
01-09 11:46:07.326  1160  6305 I MagicTether: [ClientTetherRole] Client role already stopped [CONTEXT service_id=276 ]
01-09 11:46:07.328  1507  1575 I .apps.wellbeing: AssetManager2(0xb4000072b37ae838) locale list changing from [] to [en-US]
01-09 11:46:07.329  1160  1160 I MagicTether: [AutoDisconnectIntentOperation] Canceling task. [CONTEXT service_id=276 ]
01-09 11:46:07.332  1160  6403 I MagicTether: [AutoDisconnectIntentOperation] Canceling task. [CONTEXT service_id=276 ]
01-09 11:46:07.332  1160  6403 I MagicTether: (REDACTED) [NotificationPresenter] cancelNotification: %d
01-09 11:46:07.335  1160  1160 I MagicTether: (REDACTED) [NotificationPresenter] cancelNotification: %d
01-09 11:46:07.336  1160  1160 I MagicTether: [AutoDisconnectIntentOperation] Canceling task. [CONTEXT service_id=276 ]
01-09 11:46:07.346  1160  6398 I MagicTether: [AutoDisconnectIntentOperation] Canceling task. [CONTEXT service_id=276 ]
01-09 11:46:07.346  1160  6398 I MagicTether: (REDACTED) [NotificationPresenter] cancelNotification: %d
01-09 11:46:07.347  6342  6355 I bt_shim_scanner: system/main/shim/le_scanning_manager.cc:135 RegisterScanner: in shim layer, UUID=2060b106-f4e0-49b0-9324-4424d8fa8d72
01-09 11:46:07.351  6356  6469 D Capacitor: Handling local request: https://localhost/favicon.ico
01-09 11:46:07.352  1160  6398 I MagicTether: [AutoDisconnectIntentOperation] Canceling task. [CONTEXT service_id=276 ]
01-09 11:46:07.352  1160  6398 I MagicTether: (REDACTED) [NotificationPresenter] cancelNotification: %d
01-09 11:46:07.352  1160  6398 I MagicTether: [AutoDisconnectIntentOperation] Canceling task. [CONTEXT service_id=276 ]
01-09 11:46:07.352  1160  6398 I MagicTether: (REDACTED) [NotificationPresenter] cancelNotification: %d
01-09 11:46:07.378  1160  2402 D BluetoothLeScanner: onScannerRegistered() - status=0 scannerId=1 mScannerId=0
01-09 11:46:07.387  1160  2701 I NearbyDiscovery: (REDACTED) ApFastPairScanner: Start scanning, mode=%s
01-09 11:46:07.387  1160  2701 I NearbyDiscovery: (REDACTED) FastPairHandler: Received action %s
01-09 11:46:07.387  1160  2701 I NearbyDiscovery: (REDACTED) FastPairHandler: Received action %s
01-09 11:46:07.387  1160  2701 I NearbyDiscovery: (REDACTED) PureOffloadFastPairScanner: eventType=%s, isInternalReq=%s, isScanning=%s, isScanningAllowed=%s
01-09 11:46:07.387  1160  2701 I NearbyDiscovery: (REDACTED) ApFastPairScanner: isScreenOn=%s, isLocationEnabled=%s, disableLocationRequirement=%s, isDiscoveryScanningEnabled=%s, during24GhzWifiWarmingUpPeriod=%s
01-09 11:46:07.388  1160  2701 D BluetoothAdapter: isLeEnabled(): ON
01-09 11:46:07.388  1160  2701 I NearbyDiscovery: (REDACTED) ApFastPairScanner: eventType=%s, intReq=%s, scanning=%s, scanAllowed=%s, bleEnabled=%s, lockScanRate=%s, startScanningByLowPowerMode=%s
01-09 11:46:07.388  1160  2701 I NearbyDiscovery: (REDACTED) ApFastPairScanner: Stopping scan, %s
01-09 11:46:07.388  1160  2701 D BluetoothAdapter: isLeEnabled(): ON
01-09 11:46:07.394  6342  6474 I bt_shim_scanner: system/main/shim/le_scanning_manager.cc:236 ScanFilterEnable: in shim layer
01-09 11:46:07.394  6342  6514 I bt_shim_scanner: system/main/shim/le_scanning_manager.cc:141 Unregister: in shim layer, scannerId=1
01-09 11:46:07.394  1160  2701 I NearbyDiscovery: (REDACTED) ApFastPairScanner: StartScanning with stop current scanning in %s
01-09 11:46:07.394  1160  2701 I NearbyDiscovery: (REDACTED) ApFastPairScanner: isScreenOn=%s, isLocationEnabled=%s, disableLocationRequirement=%s, isDiscoveryScanningEnabled=%s, during24GhzWifiWarmingUpPeriod=%s
01-09 11:46:07.394  1160  2701 I NearbyDiscovery: (REDACTED) ApFastPairScanner: Start scanning internally, %s
01-09 11:46:07.395  1160  2701 D BluetoothAdapter: isLeEnabled(): ON
01-09 11:46:07.395  1507  1575 I .apps.wellbeing: AssetManager2(0xb4000072b37acf38) locale list changing from [] to [en-US]
01-09 11:46:07.396  6342  6474 I bt_shim_scanner: system/main/shim/le_scanning_manager.cc:213 ScanFilterAdd: in shim layer
01-09 11:46:07.397  6342  6474 I bt_shim_scanner: system/main/shim/le_scanning_manager.cc:180 ScanFilterParamSetup: in shim layer, clientIf=1
01-09 11:46:07.397  6342  6514 I bt_shim_scanner: system/main/shim/le_scanning_manager.cc:135 RegisterScanner: in shim layer, UUID=f56b1b1b-faea-40b5-bb69-faf448f4858f
01-09 11:46:07.397  6342  6474 I bt_shim_scanner: system/main/shim/le_scanning_manager.cc:213 ScanFilterAdd: in shim layer
01-09 11:46:07.397  1160  2402 D BluetoothLeScanner: onScannerRegistered() - status=0 scannerId=1 mScannerId=0
01-09 11:46:07.397  6342  6474 I bt_shim_scanner: system/main/shim/le_scanning_manager.cc:180 ScanFilterParamSetup: in shim layer, clientIf=1
01-09 11:46:07.397  6342  6474 I bt_shim_scanner: system/main/shim/le_scanning_manager.cc:147 Scan: in shim layer started
01-09 11:46:07.397  6342  6436 I bluetooth: system/gd/hci/le_scanning_manager.cc:601 stop_scan: Scanning already stopped, return!
01-09 11:46:07.397  6342  6436 I bluetooth: system/gd/hci/le_address_manager.cc:576 GetNextPrivateAddressIntervalRange: client=LeAddressManager, nonwake=8m16s, wake=14m45s
01-09 11:46:07.397  6342  6436 I bluetooth: system/gd/hci/le_address_manager.cc:259 register_client: Scheduled address rotation for first client registered
01-09 11:46:07.397  6342  6436 I bluetooth: system/gd/hci/le_address_manager.cc:263 register_client: Client registered
