01-09 11:46:05.901  4380  6312 I earchbox:search: AssetManager2(0xb4000072b37ae1f8) locale list changing from [] to [en-US]
01-09 11:46:05.904  1034  1034 E SmsApplication: com.google.android.apps.messaging lost android:read_cell_broadcasts:  (fixing)
01-09 11:46:05.904   660  1762 W AppOpService: Ignored setUidMode call for runtime permission app op: uid = 10147, code = READ_CELL_BROADCASTS, mode = allow, callingUid = 1001, oldMode = allow
01-09 11:46:05.904  1528  1528 D BoundBrokerSvc: onBind: Intent { act=com.google.android.gms.common.BIND_SHARED_PREFS xflg=0x4 pkg=com.google.android.gms }
01-09 11:46:05.904  1528  1528 D BoundBrokerSvc: Loading bound service for intent: Intent { act=com.google.android.gms.common.BIND_SHARED_PREFS xflg=0x4 pkg=com.google.android.gms }
01-09 11:46:05.905  1035  1035 D ScalingWorkspaceRevealAnim: alpha of workspace at the end of animation: 1.0
01-09 11:46:05.906   660  1170 W AppOpService: Ignored setUidMode call for runtime permission app op: uid = 1001, code = READ_SMS, mode = allow, callingUid = 1001, oldMode = allow
01-09 11:46:05.906   660  1844 W AppOpService: Ignored setUidMode call for runtime permission app op: uid = 1001, code = RECEIVE_SMS, mode = allow, callingUid = 1001, oldMode = allow
01-09 11:46:05.906   660  1844 W AppOpService: Ignored setUidMode call for runtime permission app op: uid = 1001, code = RECEIVE_WAP_PUSH, mode = allow, callingUid = 1001, oldMode = allow
01-09 11:46:05.906   660  1170 W AppOpService: Ignored setUidMode call for runtime permission app op: uid = 1001, code = SEND_SMS, mode = allow, callingUid = 1001, oldMode = allow
01-09 11:46:05.906   660  1844 W AppOpService: Ignored setUidMode call for runtime permission app op: uid = 1001, code = READ_CELL_BROADCASTS, mode = allow, callingUid = 1001, oldMode = allow
01-09 11:46:05.907  1964  6230 I BugleSimStateTracker: Update trigger: 2
01-09 11:46:05.907  1160  2701 I Nearby  : (REDACTED) is blocked device type %s, isAuto=%s, isIot=%s, isLatchsky=%s, isChinaWearable=%s, isTv=%s, isWearable=%s (supportWearOs=%s), isChromeOsDevice=%s (supportChromeOs=%s)
01-09 11:46:05.907  1528  4569 I gle.android.gms: AssetManager2(0xb4000072b37ba3b8) locale list changing from [] to [en-US]
01-09 11:46:05.907  6356  6399 I EGL_emulation: Opening libGLESv1_CM_emulation.so
01-09 11:46:05.908  6356  6399 I EGL_emulation: Opening libGLESv2_emulation.so
01-09 11:46:05.908  4380  6312 W earchbox:search: ClassLoaderContext classpath element mismatch. expected=base.apk, found=/product/priv-app/Velvet/Velvet.apk (DLC[];PCL[base.apk*2084529788]{PCL[/system/framework/org.apache.http.legacy.jar*4247870504]#PCL[/system/framework/com.android.media.remotedisplay.jar*487574312]#PCL[/system/framework/com.android.location.provider.jar*1570284764]#PCL[/system_ext/framework/androidx.window.extensions.jar*1030441313]#PCL[/system_ext/framework/androidx.window.sidecar.jar*3860983653]} | DLC[];PCL[/product/priv-app/Velvet/Velvet.apk*3451800579]{PCL[/system/framework/org.apache.http.legacy.jar*4247870504]#PCL[/system_ext/framework/com.android.extensions.appfunctions.jar*2880224042]#PCL[/system_ext/framework/androidx.window.extensions.jar*1030441313]#PCL[/system_ext/framework/androidx.window.sidecar.jar*3860983653]})
01-09 11:46:05.910  6356  6356 D CompatChangeReporter: Compat change id reported: 377864165; UID 10214; state: ENABLED
01-09 11:46:05.911  1964  6230 I BugleSimStateTracker: Is carrier config for identified carrier: true
01-09 11:46:05.912  1964  6230 I BugleSimStateTracker: default call SIM: redacted-pii:sim_id[chars:20,last3:897], default sms SIM redacted-pii:sim_id[chars:20,last3:897]. default data SIM redacted-pii:sim_id[chars:20,last3:897].
01-09 11:46:05.912  1160  2701 I NearbyDiscovery: (REDACTED) DiscoveryController, showNotification, itemSize=%s
01-09 11:46:05.912  1160  2701 I NearbyDiscovery: (REDACTED) Show notifications: %d total, no changes since last shown, no-op.
01-09 11:46:05.912  1034  1034 D CarrierSvcBindHelper: onPackageUpdateFinished: com.gustavo.fitai
01-09 11:46:05.912  1034  1034 D CarrierSvcBindHelper: No carrier app for: 0
01-09 11:46:05.912  1034  1034 D CarrierSvcBindHelper: onPackageModified: com.gustavo.fitai
01-09 11:46:05.912  1034  1034 D CarrierSvcBindHelper: No carrier app for: 0
01-09 11:46:05.913  6356  6356 D DesktopModeFlags: Toggle override initialized to: OVERRIDE_UNSET
01-09 11:46:05.916  1528  6291 I Auth    : (REDACTED) [SupervisedAccountIntentOperation] onHandleIntent: %s
01-09 11:46:05.920  1034  1034 E SmsApplication: com.google.android.apps.messaging lost android:read_cell_broadcasts:  (fixing)
01-09 11:46:05.921   660  1762 W AppOpService: Ignored setUidMode call for runtime permission app op: uid = 10147, code = READ_CELL_BROADCASTS, mode = allow, callingUid = 1001, oldMode = allow
01-09 11:46:05.922  1528  6291 I NearbyDiscovery: (REDACTED) processGrantSlicePermission: %s
01-09 11:46:05.924  6342  6342 D BluetoothKeystoreService: loadConfigData
01-09 11:46:05.925  6356  6399 W HWUI    : Failed to choose config with EGL_SWAP_BEHAVIOR_PRESERVED, retrying without...
01-09 11:46:05.926  6342  6409 I BluetoothKeystoreService: Interrupted while operating.
01-09 11:46:05.926  6342  6409 I BluetoothKeystoreService: ComputeDataThread: Stop, doEncrypt: true
01-09 11:46:05.926   660  1762 W AppOpService: Ignored setUidMode call for runtime permission app op: uid = 1001, code = READ_SMS, mode = allow, callingUid = 1001, oldMode = allow
01-09 11:46:05.926  6356  6399 W HWUI    : Failed to initialize 101010-2 format, error = EGL_SUCCESS
01-09 11:46:05.929  6342  6410 I BluetoothKeystoreService: Interrupted while operating.
01-09 11:46:05.929  6342  6410 I BluetoothKeystoreService: ComputeDataThread: Stop, doEncrypt: false
01-09 11:46:05.930   660  1170 W AppOpService: Ignored setUidMode call for runtime permission app op: uid = 1001, code = RECEIVE_SMS, mode = allow, callingUid = 1001, oldMode = allow
01-09 11:46:05.930   660  1844 W AppOpService: Ignored setUidMode call for runtime permission app op: uid = 1001, code = RECEIVE_WAP_PUSH, mode = allow, callingUid = 1001, oldMode = allow
01-09 11:46:05.930   660  1170 W AppOpService: Ignored setUidMode call for runtime permission app op: uid = 1001, code = SEND_SMS, mode = allow, callingUid = 1001, oldMode = allow
01-09 11:46:05.930   660   750 W AppOpService: Ignored setUidMode call for runtime permission app op: uid = 1001, code = READ_CELL_BROADCASTS, mode = allow, callingUid = 1001, oldMode = allow
01-09 11:46:05.932  6342  6342 D BluetoothKeystoreService: getCompareResult: 0
01-09 11:46:05.932  6342  6342 E ashmem  : Pinning is deprecated since Android Q. Please use trim or other methods.
01-09 11:46:05.933  6342  6342 D BluetoothAdapterService: Loading JNI Library
01-09 11:46:05.941  1034  1034 E SmsApplication: com.google.android.apps.messaging lost android:read_cell_broadcasts:  (fixing)
01-09 11:46:05.941   660   750 W AppOpService: Ignored setUidMode call for runtime permission app op: uid = 10147, code = READ_CELL_BROADCASTS, mode = allow, callingUid = 1001, oldMode = allow
01-09 11:46:05.942   660   750 W AppOpService: Ignored setUidMode call for runtime permission app op: uid = 1001, code = READ_SMS, mode = allow, callingUid = 1001, oldMode = allow
01-09 11:46:05.942  4380  6312 I earchbox:search: AssetManager2(0xb4000072b37ae518) locale list changing from [] to [en-US]
01-09 11:46:05.942   660   750 W AppOpService: Ignored setUidMode call for runtime permission app op: uid = 1001, code = RECEIVE_SMS, mode = allow, callingUid = 1001, oldMode = allow
01-09 11:46:05.942   660   750 W AppOpService: Ignored setUidMode call for runtime permission app op: uid = 1001, code = RECEIVE_WAP_PUSH, mode = allow, callingUid = 1001, oldMode = allow
01-09 11:46:05.942   660   750 W AppOpService: Ignored setUidMode call for runtime permission app op: uid = 1001, code = SEND_SMS, mode = allow, callingUid = 1001, oldMode = allow
01-09 11:46:05.942   660   750 W AppOpService: Ignored setUidMode call for runtime permission app op: uid = 1001, code = READ_CELL_BROADCASTS, mode = allow, callingUid = 1001, oldMode = allow
01-09 11:46:05.942  4380  6312 I earchbox:search: AssetManager2(0xb4000072b37b0a98) locale list changing from [] to [en-US]
01-09 11:46:05.945  6356  6356 I m.gustavo.fitai: hiddenapi: Accessing hidden method Landroid/view/ViewGroup;->makeOptionalFitsSystemWindows()V (runtime_flags=0, domain=platform, api=unsupported) from Landroidx/appcompat/widget/ViewUtils; (domain=app) using reflection: allowed
01-09 11:46:05.946  1034  1202 D ImsResolver: maybeAddedImsService, packageName: com.gustavo.fitai
01-09 11:46:05.946  1034  1202 V ImsResolver: searchForImsServices: package=com.gustavo.fitai, users=[UserHandle{0}]
01-09 11:46:05.946  1034  1202 V ImsResolver: searchForImsServices: package=com.gustavo.fitai, users=[UserHandle{0}]
01-09 11:46:05.954  4380  6312 D nativeloader: Configuring clns-12 for other apk . target_sdk_version=35, uses_libraries=ALL, library_path=/data/app/~~jfaalmuk5Iq9PCISxhh6tw==/com.google.android.gms-GD3o_hYHpt4LZBfB2qZRjQ==/split_CronetDynamite_installtime.apk!/lib/arm64-v8a, permitted_path=/data:/mnt/expand
01-09 11:46:05.955  1034  1034 W VvmPkgInstalledRcvr: carrierVvmPkgAdded: carrier vvm packages doesn't contain com.gustavo.fitai
01-09 11:46:05.957  1528  6289 W SQLiteLog: (28) double-quoted string literal: "com.gustavo.fitai"
01-09 11:46:05.962  1034  1034 D SatelliteController: packageStateChanged: package:com.gustavo.fitai DefaultSmsPackageName:com.google.android.apps.messaging
01-09 11:46:05.962  1034  1034 V SatelliteController: Neither SMS or SatelliteGateway package
01-09 11:46:05.962  1034  1034 D ActivityThread: Package [com.gustavo.fitai] reported as REPLACED, but missing application info. Assuming REMOVED.
01-09 11:46:05.967  6356  6356 I m.gustavo.fitai: AssetManager2(0xb4000072b37afe18) locale list changing from [] to [en-US]
01-09 11:46:05.967  6356  6356 I WebViewFactory: Loading com.google.android.webview version 133.0.6943.137 (code 694313732)
01-09 11:46:05.968  1034  1034 D MultiSimSettingController: onSubscriptionsChanged
01-09 11:46:05.968  1034  1034 D MultiSimSettingController: isReadyToReevaluate: subInfoInitialized=true, carrierConfigsLoaded=true, satelliteEnabledOrBeingEnabled=false
01-09 11:46:05.968  1034  1034 D MultiSimSettingController: updateDefaults
01-09 11:46:05.968  1034  1034 D MultiSimSettingController: isReadyToReevaluate: subInfoInitialized=true, carrierConfigsLoaded=true, satelliteEnabledOrBeingEnabled=false
01-09 11:46:05.969  1034  1034 D MultiSimSettingController: updateDefaultValues: change: 0
01-09 11:46:05.969  1034  1034 D MultiSimSettingController: isReadyToReevaluate: subInfoInitialized=true, carrierConfigsLoaded=true, satelliteEnabledOrBeingEnabled=false
01-09 11:46:05.971  6356  6356 I m.gustavo.fitai: AssetManager2(0xb4000072b37af198) locale list changing from [] to [en-US]
01-09 11:46:05.971  1034  1034 I CallNotifier: onSubscriptionsChanged
01-09 11:46:05.973  1034  1034 I CallNotifier: updatePhoneStateListeners: update CF/MWI for subId=1
01-09 11:46:05.973  1034  1034 I NotificationMgr: updateCfi: subId= 1, visible=N
01-09 11:46:05.974  6356  6356 I m.gustavo.fitai: AssetManager2(0xb4000072b37a5b98) locale list changing from [] to [en-US]
01-09 11:46:05.975  6356  6356 I m.gustavo.fitai: AssetManager2(0xb4000072b37a8438) locale list changing from [] to [en-US]
01-09 11:46:05.976  6356  6356 I m.gustavo.fitai: AssetManager2(0xb4000072b37a93d8) locale list changing from [] to [en-US]
01-09 11:46:05.976  6356  6356 V ResourcesManager: The following library key has been added: ResourcesKey{ mHash=741d799f mResDir=null mSplitDirs=[] mOverlayDirs=[] mLibDirs=[/data/app/~~F4PJQn9Z8Xd96yVC9-N95A==/com.google.android.webview-bbfcoPg-Oz3fxCAavLIGhA==/WebViewGoogle.apk,/data/app/~~Nzz7FEiOIVbTdnTJvXBdFQ==/com.google.android.trichromelibrary_694313732-FS-rZabC_YKZJ_wQdp4_dg==/TrichromeLibrary.apk,/system_ext/framework/androidx.window.extensions.jar] mDisplayId=0 mOverrideConfig=v36 mCompatInfo={420dpi always-compat} mLoaders=[]}
01-09 11:46:05.979  1034  1034 I NotificationMgr: updateMwi(): subId:1 isRefresh:true state:N->N (changed:N)
01-09 11:46:05.981  6356  6356 W m.gustavo.fitai: Failed to find entry 'classes.dex': Entry not found
01-09 11:46:05.982  4380  6418 I HttpFlagsLoader: HTTP flags log line (Impl): Using live production flag values from Google
01-09 11:46:05.984  6356  6356 D nativeloader: Configuring clns-10 for other apk /data/app/~~Nzz7FEiOIVbTdnTJvXBdFQ==/com.google.android.trichromelibrary_694313732-FS-rZabC_YKZJ_wQdp4_dg==/TrichromeLibrary.apk. target_sdk_version=34, uses_libraries=ALL, library_path=/data/app/~~F4PJQn9Z8Xd96yVC9-N95A==/com.google.android.webview-bbfcoPg-Oz3fxCAavLIGhA==/lib/arm64:/data/app/~~F4PJQn9Z8Xd96yVC9-N95A==/com.google.android.webview-bbfcoPg-Oz3fxCAavLIGhA==/WebViewGoogle.apk!/lib/arm64-v8a:/data/app/~~Nzz7FEiOIVbTdnTJvXBdFQ==/com.google.android.trichromelibrary_694313732-FS-rZabC_YKZJ_wQdp4_dg==/TrichromeLibrary.apk!/lib/arm64-v8a, permitted_path=/data:/mnt/expand
01-09 11:46:05.984  1034  1034 I NotificationMgr: maybeSendVoicemailNotificationUsingDefaultDialer: count: 0->0 (changed=false)
01-09 11:46:05.984  6356  6356 D ApplicationLoaders: Returning zygote-cached class loader: /system_ext/framework/androidx.window.extensions.jar
01-09 11:46:05.985  1034  1034 I NotificationMgr: maybeSendVoicemailNotificationUsingDefaultDialer: skip bcast to:com.google.android.dialer, user:UserHandle{0}
01-09 11:46:05.985  1034  1034 I Telephony: TelecomAccountRegistry: onSubscriptionsChanged - update accounts
01-09 11:46:05.985  1034  1034 I Telephony: PstnIncomingCallNotifier: Unregistering: [0]
01-09 11:46:05.985  1034  1034 D Telephony: Unregistering: Handler (com.android.internal.telephony.GsmCdmaPhone) {b8446d6}
01-09 11:46:05.985  1034  1034 I PhoneInterfaceManager: unregisterMmTelCapabilityCallback: 1 is inactive, ignoring unregister.
01-09 11:46:05.985  1034  1034 I PhoneInterfaceManager: unregisterImsRegistrationCallback: 1is inactive, ignoring unregister.
01-09 11:46:05.986  1034  1034 I Telephony: TelecomAccountRegistry: setupAccounts: Found 1 phones.  Attempting to register.
01-09 11:46:05.987  1034  1034 I Telephony: TelecomAccountRegistry: setupAccounts: Phone with subscription id 1
01-09 11:46:05.988   660  1844 D ConnectivityService: requestNetwork for uid/pid:10149/4380 activeRequest: null callbackRequest: 205 [NetworkRequest [ REQUEST id=206, [ Capabilities: INTERNET&NOT_RESTRICTED&TRUSTED&NOT_VCN_MANAGED&NOT_BANDWIDTH_CONSTRAINED Uid: 10149 RequestorUid: 10149 RequestorPkg: com.google.android.googlequicksearchbox UnderlyingNetworks: Null] ]] callback flags: 0 order: 2147483647 isUidTracked: false declaredMethods: AVAIL|LOST|NC|LP
01-09 11:46:05.989  1034  1034 V SimultaneousCallingTracker: Device is not simultaneous calling capable
01-09 11:46:05.989  6356  6356 D nativeloader: Configuring clns-11 for other apk /data/app/~~F4PJQn9Z8Xd96yVC9-N95A==/com.google.android.webview-bbfcoPg-Oz3fxCAavLIGhA==/WebViewGoogle.apk. target_sdk_version=34, uses_libraries=, library_path=/data/app/~~F4PJQn9Z8Xd96yVC9-N95A==/com.google.android.webview-bbfcoPg-Oz3fxCAavLIGhA==/lib/arm64:/data/app/~~F4PJQn9Z8Xd96yVC9-N95A==/com.google.android.webview-bbfcoPg-Oz3fxCAavLIGhA==/WebViewGoogle.apk!/lib/arm64-v8a:/data/app/~~Nzz7FEiOIVbTdnTJvXBdFQ==/com.google.android.trichromelibrary_694313732-FS-rZabC_YKZJ_wQdp4_dg==/TrichromeLibrary.apk!/lib/arm64-v8a, permitted_path=/data:/mnt/expand
01-09 11:46:05.989  4380  6312 D nativeloader: Load /data/app/~~jfaalmuk5Iq9PCISxhh6tw==/com.google.android.gms-GD3o_hYHpt4LZBfB2qZRjQ==/split_CronetDynamite_installtime.apk!/lib/arm64-v8a/libcronet.143.0.7445.0.so using isolated ns clns-12 (caller=/data/app/~~jfaalmuk5Iq9PCISxhh6tw==/com.google.android.gms-GD3o_hYHpt4LZBfB2qZRjQ==/split_CronetDynamite_installtime.apk): ok
01-09 11:46:05.992  1034  1034 D Telephony: isEmergencyPreferredAccount: subId=1, activeData=1
01-09 11:46:05.992  1034  1034 D Telephony: isEmergencyPreferredAccount: Device does not require preference.
01-09 11:46:05.992  1034  1034 I Telephony: isRttCurrentlySupported -- regular acct, hasVoiceAvailability: false
01-09 11:46:05.992  1034  1034 I Telephony:  isRttSupported: false
01-09 11:46:05.992  1034  1034 I Telephony:  alwaysAllowWhileRoaming: false
01-09 11:46:05.992  1034  1034 I Telephony:  isRoaming: false
01-09 11:46:05.992  1034  1034 I Telephony:  isOnWfc: false
01-09 11:46:05.994   660   820 D WifiNetworkFactory: got request NetworkRequest [ REQUEST id=206, [ Capabilities: INTERNET&NOT_RESTRICTED&TRUSTED&NOT_VCN_MANAGED&NOT_BANDWIDTH_CONSTRAINED Uid: 10149 RequestorUid: 10149 RequestorPkg: com.google.android.googlequicksearchbox UnderlyingNetworks: Null] ]
01-09 11:46:05.996   660   826 D ConnectivityService: NetReassign [206 : null â†’ 101] [c 0] [a 4] [i 2]
01-09 11:46:05.997   660   820 D UntrustedWifiNetworkFactory: got request NetworkRequest [ REQUEST id=206, [ Capabilities: INTERNET&NOT_RESTRICTED&TRUSTED&NOT_VCN_MANAGED&NOT_BANDWIDTH_CONSTRAINED Uid: 10149 RequestorUid: 10149 RequestorPkg: com.google.android.googlequicksearchbox UnderlyingNetworks: Null] ]
01-09 11:46:05.997  1528  4569 I gle.android.gms: AssetManager2(0xb4000072b37b3fb8) locale list changing from [] to [en-US]
01-09 11:46:05.998   660   820 D OemPaidWifiNetworkFactory: got request NetworkRequest [ REQUEST id=206, [ Capabilities: INTERNET&NOT_RESTRICTED&TRUSTED&NOT_VCN_MANAGED&NOT_BANDWIDTH_CONSTRAINED Uid: 10149 RequestorUid: 10149 RequestorPkg: com.google.android.googlequicksearchbox UnderlyingNetworks: Null] ]
01-09 11:46:05.998   660   820 D MultiInternetWifiNetworkFactory: got request NetworkRequest [ REQUEST id=206, [ Capabilities: INTERNET&NOT_RESTRICTED&TRUSTED&NOT_VCN_MANAGED&NOT_BANDWIDTH_CONSTRAINED Uid: 10149 RequestorUid: 10149 RequestorPkg: com.google.android.googlequicksearchbox UnderlyingNetworks: Null] ]
01-09 11:46:06.005   660   826 D ConnectivityService: NetReassign [no changes] [c 0] [a 8] [i 1]
01-09 11:46:06.006  4380  6312 I cn_CronetLibraryLoader: Cronet version: 143.0.7445.0, arch: aarch64
01-09 11:46:06.006  1528  4569 I Icing   : Usage reports ok 4, Failed Usage reports 0, indexed 0, rejected 0
01-09 11:46:06.027  1964  6230 I BugleSimStateTracker: Looking up Fi through package names.
01-09 11:46:06.029  4380  6422 W chromium: [0109/114606.028764:WARNING:components/cronet/url_request_context_config.cc:769] Unrecognized Cronet experimental option "enable_telemetry" with params "true
01-09 11:46:06.029  4380  6422 W chromium: 
01-09 11:46:06.032  1528  4506 I Icing   : IndexChimeraService.getServiceInterface callingPackage=com.google.android.gms componentName=AppsCorpus serviceId=36
01-09 11:46:06.044  1528  4569 I Icing   : Usage reports ok 0, Failed Usage reports 0, indexed 0, rejected 0
01-09 11:46:06.048  1964  6230 I BugleSimStateTracker: All newly built SimSubscriptionInfos: [(simId: redacted-pii:sim_id[chars:20,last3:897],
01-09 11:46:06.048  1964  6230 I BugleSimStateTracker: subId: 1,
01-09 11:46:06.048  1964  6230 I BugleSimStateTracker: simSlot: 0,
01-09 11:46:06.048  1964  6230 I BugleSimStateTracker: imsi: redacted-pii:imsi[chars:15],
01-09 11:46:06.048  1964  6230 I BugleSimStateTracker: phoneNumber: redacted-pii:phone_number[chars:12,last2:67],
01-09 11:46:06.048  1964  6230 I BugleSimStateTracker: countryCode: US,
01-09 11:46:06.048  1964  6230 I BugleSimStateTracker: networkOperatorName: T-Mobile,
01-09 11:46:06.048  1964  6230 I BugleSimStateTracker: subscriptionGroupUuid: ,
01-09 11:46:06.048  1964  6230 I BugleSimStateTracker: mcc: 310,
01-09 11:46:06.048  1964  6230 I BugleSimStateTracker: mnc: 260,
01-09 11:46:06.048  1964  6230 I BugleSimStateTracker: simCarrierId: 1,
01-09 11:46:06.048  1964  6230 I BugleSimStateTracker: iccid: redacted-pii:sim_iccid[chars:20],
01-09 11:46:06.048  1964  6230 I BugleSimStateTracker: isFi: false,
01-09 11:46:06.048  1964  6230 I BugleSimStateTracker: loggableGuid: 4f78a398-abff-48a2-8cd5-c6a06007ec25,
01-09 11:46:06.048  1964  6230 I BugleSimStateTracker: formattedMsisdn: redacted-pii:phone_number[chars:12,last2:67],
01-09 11:46:06.048  1964  6230 I BugleSimStateTracker: simOperatorName: T-Mobile,
01-09 11:46:06.048  1964  6230 I BugleSimStateTracker: simOperator: 310260,
01-09 11:46:06.048  1964  6230 I BugleSimStateTracker: groupIdLevel1: ,
01-09 11:46:06.048  1964  6230 I BugleSimStateTracker: preferredSubscriptionName: T-Mobile)]
01-09 11:46:06.048  1964  6230 I BugleSimStateTracker: Storing updatedSimSubscriptionInfos: [(redacted-pii:sim_id[chars:20,last3:897], 4f78a398-abff-48a2-8cd5-c6a06007ec25)]
01-09 11:46:06.053  1034  1034 W HWUI    : Image decoding logging dropped!
01-09 11:46:06.053  1034  1034 I Telephony: TelecomAccountRegistry$AccountEntry: registerPstnPhoneAccount: Registering account=[[ ] PhoneAccount: ComponentInfo{com.android.phone/com.android.services.telephony.TelephonyConnectionService}, 1, UserHandle{0} Capabilities: CallProvider MultiUser PlaceEmerg SimSub  Audio Routes: BESW Schemes: tel voicemail  Extras: Bundle[{android.telecom.extra.SUPPORTS_VIDEO_CALLING_FALLBACK=true}] GroupId: *** SC Restrictions: [ ]] with Telecom. subId=1
01-09 11:46:06.054   660  2237 I Telecom : TelecomServiceImpl$1: registerPhoneAccount: account=[[ ] PhoneAccount: ComponentInfo{com.android.phone/com.android.services.telephony.TelephonyConnectionService}, 1, UserHandle{0} Capabilities: CallProvider MultiUser PlaceEmerg SimSub  Audio Routes: BESW Schemes: tel voicemail  Extras: Bundle[{android.telecom.extra.SUPPORTS_VIDEO_CALLING_FALLBACK=true}] GroupId: *** SC Restrictions: [ ]]: TSI.rPA(cap)@AMw
01-09 11:46:06.054   660  2237 I Telecom : PhoneAccountRegistrar: Modify account: [ComponentInfo{com.android.phone/com.android.services.telephony.TelephonyConnectionService}, 1, UserHandle{0}]: TSI.rPA(cap)@AMw
01-09 11:46:06.055   660  2237 I Telecom : CallsManager: handlePhoneAccountChanged: phoneAccount=[[X] PhoneAccount: ComponentInfo{com.android.phone/com.android.services.telephony.TelephonyConnectionService}, 1, UserHandle{0} Capabilities: CallProvider MultiUser PlaceEmerg SimSub  Audio Routes: BESW Schemes: tel voicemail  Extras: Bundle[{android.telecom.extra.SUPPORTS_VIDEO_CALLING_FALLBACK=true}] GroupId: *** SC Restrictions: [ ]]: TSI.rPA(cap)@AMw
01-09 11:46:06.057  1964  6230 I BugleSimStateTracker: No newly loaded SIMs on phone sim state update.
01-09 11:46:06.060   660  2237 I Telecom : PhoneAccountRegistrar: getSimCallManager: SimCallManager for subId 1 queried, returning: null: TSI.rPA(cap)@AMw
01-09 11:46:06.060   660  2237 I Telecom : PhoneAccountRegistrar: Notifying telephony of voice service override change for 1 SIMs, hasService = false: TSI.rPA(cap)@AMw
01-09 11:46:06.060  1034  1034 I PhoneInterfaceManager: setVoiceServiceStateOverride: subId=1, phone=Handler (com.android.internal.telephony.GsmCdmaPhone) {b8446d6}, hasService=false, callingPackage=com.android.server.telecom
01-09 11:46:06.060  1034  1034 I Telephony: TelecomAccountRegistry$AccountEntry: Registered phoneAccount: [[ ] PhoneAccount: ComponentInfo{com.android.phone/com.android.services.telephony.TelephonyConnectionService}, 1, UserHandle{0} Capabilities: CallProvider MultiUser PlaceEmerg SimSub  Audio Routes: BESW Schemes: tel voicemail  Extras: Bundle[{android.telecom.extra.SUPPORTS_VIDEO_CALLING_FALLBACK=true}] GroupId: *** SC Restrictions: [ ]] with handle: ComponentInfo{com.android.phone/com.android.services.telephony.TelephonyConnectionService}, 1, UserHandle{0}
01-09 11:46:06.060  1034  1034 I Telephony: PstnIncomingCallNotifier: Registering: [0]
01-09 11:46:06.060  1034  1034 D Telephony: Registering: Handler (com.android.internal.telephony.GsmCdmaPhone) {b8446d6}
01-09 11:46:06.060  1034  1034 W Telephony: registerMmTelCapabilityCallback: registration failed, no ImsService available. Exception: code: 1
01-09 11:46:06.060  1034  1034 W Telephony: registerImsRegistrationCallback: registration failed, no ImsService available. Exception: code: 1
01-09 11:46:06.060  1034  1034 D Telephony: Finished registering mSimultaneousCallingTrackerListener for phoneId = 0; subId = 1
01-09 11:46:06.061  1034  1034 I ImsExternalCallTracker: handleVideoCapabilitiesChanged : isVideoCapable = false
01-09 11:46:06.061  1034  1034 D ImsExternalCallTracker: refreshCallPullState
01-09 11:46:06.061  1034  1034 I Telephony: handleVideoCapabilitesChanged. Video capability - false
01-09 11:46:06.064  6342  6342 D nativeloader: Load libbluetooth_jni.so using class loader ns clns-shared-9 (caller=/apex/com.android.bt/app/BluetoothGoogle@360527520/BluetoothGoogle.apk): ok
01-09 11:46:06.064  6342  6342 I BluetoothServiceJni: android/app/jni/com_android_bluetooth_btservice_AdapterService.cpp:2411 JNI_OnLoad: Set stack default log level to 'INFO'
01-09 11:46:06.064  6356  6356 I cr_WVCFactoryProvider: version=133.0.6943.137 (694313732) minSdkVersion=29 isBundle=false multiprocess=true packageId=2
01-09 11:46:06.065  1034  1034 V SimultaneousCallingTracker: Received EVENT 101
01-09 11:46:06.065  1034  1034 D SimultaneousCallingTracker: Ignoring updatePhoneMapAndSimultaneousCallSupportMap since device is not DSDA capable.
01-09 11:46:06.065  1034  1034 I ImsExternalCallTracker: handleVideoCapabilitiesChanged : isVideoCapable = false
01-09 11:46:06.065  1034  1034 D ImsExternalCallTracker: refreshCallPullState
01-09 11:46:06.065  1034  1034 I Telephony: handleVideoCapabilitesChanged. Video capability - false
01-09 11:46:06.065   660  1844 D TelephonyManager: requestModemActivityInfo: Sending result to app: ModemActivityInfo{ mTimestamp=1551578 mSleepTimeMs=210 mIdleTimeMs=70 mActivityStatsTechSpecificInfo=[{mRat=UNKNOWN,mFrequencyRange=UNKNOWN,mTxTimeMs[]=[5, 15, 30, 40, 45],mRxTimeMs=45}]}
01-09 11:46:06.065  1034  1034 D Telephony: isEmergencyPreferredAccount: subId=1, activeData=1
01-09 11:46:06.065  1034  1034 D Telephony: isEmergencyPreferredAccount: Device does not require preference.
01-09 11:46:06.065  1034  1034 W Telephony: registerMmTelCapabilityCallback: registration failed, no ImsService available. Exception: code: 1
01-09 11:46:06.065  1034  1034 I Telephony: isRttCurrentlySupported -- regular acct, hasVoiceAvailability: false
01-09 11:46:06.065  1034  1034 I Telephony:  isRttSupported: false
01-09 11:46:06.065  1034  1034 I Telephony:  alwaysAllowWhileRoaming: false
01-09 11:46:06.065  1034  1034 I Telephony:  isRoaming: false
01-09 11:46:06.065  1034  1034 I Telephony:  isOnWfc: false
01-09 11:46:06.068  6342  6342 I bt_btif : system/btif/src/bluetooth.cc:412 init: start restricted = false ; common criteria mode = false, config compare result = 0
01-09 11:46:06.068  6342  6430 I bluetooth: system/common/message_loop_thread.cc:176 Run: message loop starting for thread bt_stack_manager_thread
01-09 11:46:06.069  6342  6430 I bt_stack_manager: system/btif/src/stack_manager.cc:253 event_init_stack: is initializing the stack
01-09 11:46:06.069  6342  6431 I bluetooth: system/common/message_loop_thread.cc:176 Run: message loop starting for thread bt_main_thread
01-09 11:46:06.069  6342  6430 I device_iot_config: system/device/src/device_iot_config_int.cc:61 device_iot_config_module_init: 
01-09 11:46:06.070  6356  6356 I m.gustavo.fitai: AssetManager2(0xb4000072b37ab638) locale list changing from [] to [en-US]
01-09 11:46:06.070  6342  6430 I device_iot_config: system/device/src/device_iot_config_int.cc:121 device_iot_config_module_init: Devices loaded 0
01-09 11:46:06.070  6342  6434 I bt_osi_thread: system/osi/src/thread.cc:223 run_thread: thread id 6434, thread name alarm_default_ca started
01-09 11:46:06.070  6342  6435 I bt_osi_thread: system/osi/src/thread.cc:223 run_thread: thread id 6435, thread name alarm_dispatcher started
01-09 11:46:06.071  6342  6430 I bt_core_module: system/btcore/src/module.cc:85 module_start_up: Starting module "gd_shim_module"
01-09 11:46:06.071  6342  6430 I bt_gd_shim: system/main/shim/stack.cc:87 StartEverything: Starting Gd stack
01-09 11:46:06.071  6342  6430 I bluetooth: system/gd/hal/snoop_logger.cc:558 SnoopLogger: Snoop Logs disabled
01-09 11:46:06.071  6342  6430 I bluetooth: system/gd/hal/snoop_logger.cc:368 delete_btsnoop_files: Deleting logs if they exist
01-09 11:46:06.072  6342  6430 I bluetooth: system/gd/hal/snoop_logger.cc:374 delete_btsnoop_files: Main log file does not exist at "/data/misc/bluetooth/logs/btsnoop_hci.log.filtered"
01-09 11:46:06.072  6342  6430 I bluetooth: system/gd/hal/snoop_logger.cc:382 delete_btsnoop_files: Last log file does not exist at "/data/misc/bluetooth/logs/btsnoop_hci.log.filtered"
01-09 11:46:06.072  6342  6430 I bluetooth: system/gd/hal/snoop_logger.cc:368 delete_btsnoop_files: Deleting logs if they exist
01-09 11:46:06.072  6342  6430 I bluetooth: system/gd/hal/snoop_logger.cc:374 delete_btsnoop_files: Main log file does not exist at "/data/misc/bluetooth/logs/btsnoop_hci.log"
01-09 11:46:06.072  6342  6430 I bluetooth: system/gd/hal/snoop_logger.cc:382 delete_btsnoop_files: Last log file does not exist at "/data/misc/bluetooth/logs/btsnoop_hci.log"
01-09 11:46:06.072  6342  6430 I BtGdWakelockNative: system/gd/os/android/wakelock_native.cc:62 Initialize: Initializing native wake locks
01-09 11:46:06.072  1964  6229 I WM-WorkerWrapper: Worker result SUCCESS for Work [ id=49e8aa5e-2812-4b7e-b2b8-5e617510e5eb, tags={ com.google.android.apps.messaging.shared.datamodel.workqueue.WorkQueueWorkerShim,sim_state_update_queue-WORK_TYPE_UPDATE_PHONE_SIMS_STATE } ]
01-09 11:46:06.072  1528  4569 I Icing   : Usage reports ok 0, Failed Usage reports 0, indexed 0, rejected 0
01-09 11:46:06.072  6342  6430 W droid.bluetooth: AIBinder_linkToDeath is being called with a non-null cookie and no onUnlink callback set. This might not be intended. AIBinder_DeathRecipient_setOnUnlinked should be called first.
01-09 11:46:06.073  6342  6430 I bt_gd_shim: system/main/shim/stack.cc:129 StartEverything: GD stack is running
01-09 11:46:06.073  6342  6437 I BluetoothCounterMetrics: system/gd/metrics/counter_metrics.cc:37 Start: Counter metrics initialized
01-09 11:46:06.073  1964  1964 D WM-Processor: pst 49e8aa5e-2812-4b7e-b2b8-5e617510e5eb executed; reschedule = false
01-09 11:46:06.073  1964  1964 D WM-SystemJobService: 49e8aa5e-2812-4b7e-b2b8-5e617510e5eb executed on JobScheduler
01-09 11:46:06.074  6342  6437 I bluetooth: system/btif/src/btif_keystore.cc:58 ConvertEncryptOrDecryptKeyIfNeeded: callback isn't ready.
01-09 11:46:06.076  1964  6229 D WM-GreedyScheduler: Cancelling work ID 49e8aa5e-2812-4b7e-b2b8-5e617510e5eb
01-09 11:46:06.076  6342  6437 I BtGdModule: system/gd/module.cc:100 Start: Constructing next module
01-09 11:46:06.076  6342  6437 I BtGdModule: system/gd/module.cc:104 Start: Starting dependencies of Low Power Processor Offload Manager
01-09 11:46:06.076  6342  6437 I BtGdModule: system/gd/module.cc:100 Start: Constructing next module
01-09 11:46:06.076  6342  6437 I BtGdModule: system/gd/module.cc:104 Start: Starting dependencies of SocketHalAndroid
01-09 11:46:06.076  6342  6437 I BtGdModule: system/gd/module.cc:108 Start: Finished starting dependencies and calling Start() of SocketHalAndroid
01-09 11:46:06.076  1964  6229 D WM-GreedyScheduler: Ignoring {WorkSpec: 36647b7c-ee7e-49e8-8dc6-6398b5a52cea}. Requires device idle.
01-09 11:46:06.076  1964  6229 D WM-GreedyScheduler: Ignoring {WorkSpec: 0eb734f7-e522-43ab-baf1-c5591d1251f9}. Requires device idle.
01-09 11:46:06.076  1964  6229 D WM-GreedyScheduler: Ignoring {WorkSpec: af650b09-89b6-4b1f-80f1-3a633ecc626f}. Requires device idle.
01-09 11:46:06.076  1964  6229 D WM-GreedyScheduler: Starting tracking for 7250556d-5cea-4e37-8db3-2e4afcf53a27,ca4c25ae-367b-49d9-b0cd-6c52a580477b,bdecc893-b604-4224-abc0-e9ed365671ce
01-09 11:46:06.076  6342  6437 E bluetooth: system/gd/hal/socket_hal_android.cc:93 Start: The service android.hardware.bluetooth.socket.IBluetoothSocket/default is not declared
01-09 11:46:06.076  6342  6437 I BtGdModule: system/gd/module.cc:120 Start: Started SocketHalAndroid
01-09 11:46:06.076  6342  6437 I BtGdModule: system/gd/module.cc:108 Start: Finished starting dependencies and calling Start() of Low Power Processor Offload Manager
01-09 11:46:06.076  6342  6437 I bluetooth: system/gd/lpp/lpp_offload_manager.cc:36 start: 
01-09 11:46:06.076  6342  6437 I BtGdModule: system/gd/module.cc:120 Start: Started Low Power Processor Offload Manager
01-09 11:46:06.076  6342  6437 I BtGdModule: system/gd/module.cc:100 Start: Constructing next module
01-09 11:46:06.076  6342  6437 I BtGdModule: system/gd/module.cc:104 Start: Starting dependencies of HciHal
01-09 11:46:06.076  6342  6437 I BtGdModule: system/gd/module.cc:100 Start: Constructing next module
01-09 11:46:06.076  6342  6437 I BtGdModule: system/gd/module.cc:104 Start: Starting dependencies of LinkClocker
01-09 11:46:06.076  6342  6437 I BtGdModule: system/gd/module.cc:108 Start: Finished starting dependencies and calling Start() of LinkClocker
01-09 11:46:06.076  6342  6437 I BtGdModule: system/gd/module.cc:120 Start: Started LinkClocker
01-09 11:46:06.076  6342  6437 I BtGdModule: system/gd/module.cc:108 Start: Finished starting dependencies and calling Start() of HciHal
01-09 11:46:06.077  6342  6437 W droid.bluetooth: AIBinder_linkToDeath is being called with a non-null cookie and no onUnlink callback set. This might not be intended. AIBinder_DeathRecipient_setOnUnlinked should be called first.
01-09 11:46:06.078   471   471 I android.hardware.bluetooth.service.default: initialize
01-09 11:46:06.078   471   471 I android.hardware.bluetooth.service.default: opening hci interface 0
01-09 11:46:06.078   471   471 E android.hardware.bluetooth.service.default: unable to open /dev/rfkill: Permission denied
01-09 11:46:06.078   471   471 E android.hardware.bluetooth.service.default: rfkill unavailable
01-09 11:46:06.078   471   471 I android.hardware.bluetooth.service.default: waiting for hci interface 0
01-09 11:46:06.078   471   471 I android.hardware.bluetooth.service.default: hci interface 0 found
01-09 11:46:06.078   471   471 I android.hardware.bluetooth.service.default: hci interface 0 ready
01-09 11:46:06.082   471   471 I android.hardware.bluetooth.service.default: HCI Reset successful
01-09 11:46:06.083   471   471 I android.hardware.bluetooth.service.default: initialization complete
01-09 11:46:06.083  6342  6437 I BtGdModule: system/gd/module.cc:120 Start: Started HciHal
01-09 11:46:06.083  6342  6437 I BtGdModule: system/gd/module.cc:100 Start: Constructing next module
01-09 11:46:06.083  6342  6437 I BtGdModule: system/gd/module.cc:104 Start: Starting dependencies of Hci Layer
01-09 11:46:06.083  6342  6437 I BtGdModule: system/gd/module.cc:108 Start: Finished starting dependencies and calling Start() of Hci Layer
01-09 11:46:06.086  6356  6356 D nativeloader: Load /data/app/~~Nzz7FEiOIVbTdnTJvXBdFQ==/com.google.android.trichromelibrary_694313732-FS-rZabC_YKZJ_wQdp4_dg==/TrichromeLibrary.apk!/lib/arm64-v8a/libmonochrome_64.so using class loader ns clns-11 (caller=/data/app/~~F4PJQn9Z8Xd96yVC9-N95A==/com.google.android.webview-bbfcoPg-Oz3fxCAavLIGhA==/WebViewGoogle.apk): ok
01-09 11:46:06.090  1160  2701 I NearbyDiscovery: (REDACTED) FastPairHandler: Received action %s
01-09 11:46:06.090  1160  2850 D BluetoothAdapter: isLeEnabled(): BLE_TURNING_ON
01-09 11:46:06.092   660   721 E BluetoothPowerStatsCollector: Cannot acquire BluetoothActivityEnergyInfo
01-09 11:46:06.092   660   721 E BluetoothPowerStatsCollector: java.util.concurrent.ExecutionException: java.lang.RuntimeException: error: 11
01-09 11:46:06.092   660   721 E BluetoothPowerStatsCollector: 	at java.util.concurrent.CompletableFuture.reportGet(CompletableFuture.java:372)
01-09 11:46:06.092   660   721 E BluetoothPowerStatsCollector: 	at java.util.concurrent.CompletableFuture.get(CompletableFuture.java:2072)
01-09 11:46:06.092   660   721 E BluetoothPowerStatsCollector: 	at com.android.server.power.stats.BluetoothPowerStatsCollector.collectBluetoothActivityInfo(BluetoothPowerStatsCollector.java:192)
01-09 11:46:06.092   660   721 E BluetoothPowerStatsCollector: 	at com.android.server.power.stats.BluetoothPowerStatsCollector.collectStats(BluetoothPowerStatsCollector.java:155)
01-09 11:46:06.092   660   721 E BluetoothPowerStatsCollector: 	at com.android.server.power.stats.PowerStatsCollector.collectAndDeliverStats(PowerStatsCollector.java:176)
01-09 11:46:06.092   660   721 E BluetoothPowerStatsCollector: 	at com.android.server.power.stats.PowerStatsCollector$$ExternalSyntheticLambda0.run(R8$$SyntheticClass:0)
01-09 11:46:06.092   660   721 E BluetoothPowerStatsCollector: 	at android.os.Handler.handleCallback(Handler.java:995)
01-09 11:46:06.092   660   721 E BluetoothPowerStatsCollector: 	at android.os.Handler.dispatchMessage(Handler.java:103)
01-09 11:46:06.092   660   721 E BluetoothPowerStatsCollector: 	at android.os.Looper.loopOnce(Looper.java:248)
01-09 11:46:06.092   660   721 E BluetoothPowerStatsCollector: 	at android.os.Looper.loop(Looper.java:338)
01-09 11:46:06.092   660   721 E BluetoothPowerStatsCollector: 	at android.os.HandlerThread.run(HandlerThread.java:85)
01-09 11:46:06.092   660   721 E BluetoothPowerStatsCollector: Caused by: java.lang.RuntimeException: error: 11
01-09 11:46:06.092   660   721 E BluetoothPowerStatsCollector: 	at com.android.server.power.stats.BluetoothPowerStatsCollector$1.onBluetoothActivityEnergyInfoError(BluetoothPowerStatsCollector.java:181)
01-09 11:46:06.092   660   721 E BluetoothPowerStatsCollector: 	at android.bluetooth.BluetoothAdapter$OnBluetoothActivityEnergyInfoProxy.lambda$onBluetoothActivityEnergyInfoAvailable$0(BluetoothAdapter.java:1037)
01-09 11:46:06.092   660   721 E BluetoothPowerStatsCollector: 	at android.bluetooth.BluetoothAdapter$OnBluetoothActivityEnergyInfoProxy$$ExternalSyntheticLambda1.run(D8$$SyntheticClass:0)
01-09 11:46:06.092   660   721 E BluetoothPowerStatsCollector: 	at android.bluetooth.BluetoothUtils.lambda$executeFromBinder$0(BluetoothUtils.java:343)
01-09 11:46:06.092   660   721 E BluetoothPowerStatsCollector: 	at android.bluetooth.BluetoothUtils$$ExternalSyntheticLambda1.run(D8$$SyntheticClass:0)
01-09 11:46:06.092   660   721 E BluetoothPowerStatsCollector: 	at com.android.server.SystemServerInitThreadPool$$ExternalSyntheticLambda0.execute(R8$$SyntheticClass:0)
01-09 11:46:06.092   660   721 E BluetoothPowerStatsCollector: 	at android.bluetooth.BluetoothUtils.executeFromBinder(BluetoothUtils.java:343)
01-09 11:46:06.092   660   721 E BluetoothPowerStatsCollector: 	at android.bluetooth.BluetoothAdapter$OnBluetoothActivityEnergyInfoProxy.onBluetoothActivityEnergyInfoAvailable(BluetoothAdapter.java:1035)
01-09 11:46:06.092   660   721 E BluetoothPowerStatsCollector: 	at android.bluetooth.IBluetoothActivityEnergyInfoListener$Stub.onTransact(IBluetoothActivityEnergyInfoListener.java:98)
01-09 11:46:06.092   660   721 E BluetoothPowerStatsCollector: 	at android.os.Binder.execTransactInternal(Binder.java:1426)
01-09 11:46:06.092   660   721 E BluetoothPowerStatsCollector: 	at android.os.Binder.execTransact(Binder.java:1365)
01-09 11:46:06.098  6356  6356 D nativeloader: Load /system/lib64/libwebviewchromium_plat_support.so using class loader ns clns-11 (caller=/data/app/~~F4PJQn9Z8Xd96yVC9-N95A==/com.google.android.webview-bbfcoPg-Oz3fxCAavLIGhA==/WebViewGoogle.apk): ok
01-09 11:46:06.102  6342  6437 I BtGdModule: system/gd/module.cc:120 Start: Started Hci Layer
01-09 11:46:06.102  6342  6437 I BtGdModule: system/gd/module.cc:100 Start: Constructing next module
01-09 11:46:06.103  6342  6436 I bluetooth: system/gd/hci/hci_layer.cc:387 register_event: Registering test for CONNECTION_REQUEST, since there's no ACL
01-09 11:46:06.104  6342  6437 I BtGdModule: system/gd/module.cc:104 Start: Starting dependencies of Controller
01-09 11:46:06.104  6342  6437 I BtGdModule: system/gd/module.cc:108 Start: Finished starting dependencies and calling Start() of Controller
01-09 11:46:06.109  1528  6379 I gle.android.gms: AssetManager2(0xb4000072b37b8478) locale list changing from [] to [en-US]
01-09 11:46:06.112  6356  6442 E chromium: [0109/114606.110289:ERROR:variations_seed_loader.cc(39)] Seed missing signature.
01-09 11:46:06.114  6356  6442 I chromium: [0109/114606.113597:INFO:variations_seed_loader.cc(67)] Failed to open file for reading.: No such file or directory (2)
01-09 11:46:06.119  1034  1034 I Telephony: TelecomAccountRegistry$AccountEntry: registerPstnPhoneAccount: Registering account=[[ ] PhoneAccount: ComponentInfo{com.android.phone/com.android.services.telephony.TelephonyConnectionService}, 1, UserHandle{0} Capabilities: CallProvider MultiUser PlaceEmerg SimSub  Audio Routes: BESW Schemes: tel voicemail  Extras: Bundle[{android.telecom.extra.SUPPORTS_VIDEO_CALLING_FALLBACK=true}] GroupId: *** SC Restrictions: [ ]] with Telecom. subId=1
01-09 11:46:06.120   660  1170 I Telecom : TelecomServiceImpl$1: registerPhoneAccount: account=[[ ] PhoneAccount: ComponentInfo{com.android.phone/com.android.services.telephony.TelephonyConnectionService}, 1, UserHandle{0} Capabilities: CallProvider MultiUser PlaceEmerg SimSub  Audio Routes: BESW Schemes: tel voicemail  Extras: Bundle[{android.telecom.extra.SUPPORTS_VIDEO_CALLING_FALLBACK=true}] GroupId: *** SC Restrictions: [ ]]: TSI.rPA(cap)@AM8
01-09 11:46:06.120  1507  1575 I .apps.wellbeing: AssetManager2(0xb4000072b37b6e98) locale list changing from [] to [en-US]
01-09 11:46:06.121   660  1170 I Telecom : PhoneAccountRegistrar: Modify account: [ComponentInfo{com.android.phone/com.android.services.telephony.TelephonyConnectionService}, 1, UserHandle{0}]: TSI.rPA(cap)@AM8
01-09 11:46:06.122   660  1170 I Telecom : CallsManager: handlePhoneAccountChanged: phoneAccount=[[X] PhoneAccount: ComponentInfo{com.android.phone/com.android.services.telephony.TelephonyConnectionService}, 1, UserHandle{0} Capabilities: CallProvider MultiUser PlaceEmerg SimSub  Audio Routes: BESW Schemes: tel voicemail  Extras: Bundle[{android.telecom.extra.SUPPORTS_VIDEO_CALLING_FALLBACK=true}] GroupId: *** SC Restrictions: [ ]]: TSI.rPA(cap)@AM8
01-09 11:46:06.124   660  1170 I Telecom : PhoneAccountRegistrar: getSimCallManager: SimCallManager for subId 1 queried, returning: null: TSI.rPA(cap)@AM8
01-09 11:46:06.124   660  1170 I Telecom : PhoneAccountRegistrar: Notifying telephony of voice service override change for 1 SIMs, hasService = false: TSI.rPA(cap)@AM8
01-09 11:46:06.124  1034  1034 I PhoneInterfaceManager: setVoiceServiceStateOverride: subId=1, phone=Handler (com.android.internal.telephony.GsmCdmaPhone) {b8446d6}, hasService=false, callingPackage=com.android.server.telecom
01-09 11:46:06.124   660   870 D BackgroundInstallControlService: Package event received: 0
01-09 11:46:06.125   660  2237 D ActivityManager: sync unfroze 3792 com.google.android.webview:webview_service for 6
01-09 11:46:06.126   660   870 D BackgroundInstallControlService: Package event received: 0
01-09 11:46:06.126   660  2237 W IPCThreadState: Sending oneway calls to frozen process.
01-09 11:46:06.127  3792  3792 D ActivityThread: Package [com.gustavo.fitai] reported as REPLACED, but missing application info. Assuming REMOVED.
01-09 11:46:06.128  3792  3792 D ActivityThread: Package [com.gustavo.fitai] reported as REPLACED, but missing application info. Assuming REMOVED.
01-09 11:46:06.129   660  1170 D TelephonyManager: requestModemActivityInfo: Sending result to app: ModemActivityInfo{ mTimestamp=1551740 mSleepTimeMs=252 mIdleTimeMs=84 mActivityStatsTechSpecificInfo=[{mRat=UNKNOWN,mFrequencyRange=UNKNOWN,mTxTimeMs[]=[6, 18, 36, 48, 54],mRxTimeMs=54}]}
01-09 11:46:06.135  1528  4569 I Icing   : Indexing com.google.android.gms-apps from com.google.android.gms
01-09 11:46:06.135  3792  3796 W webview_service: Reducing the number of considered missed Gc histogram windows from 109 to 100
01-09 11:46:06.138  6356  6356 I cr_LibraryLoader: Successfully loaded native library
01-09 11:46:06.139  1507  1575 I .apps.wellbeing: AssetManager2(0xb4000072b37d3d18) locale list changing from [] to [en-US]
01-09 11:46:06.141  6356  6356 I cr_CachingUmaRecorder: Flushed 6 samples from 6 histograms, 0 samples were dropped.
01-09 11:46:06.144  6342  6436 I bluetooth: system/gd/hci/controller.cc:691 le_get_vendor_capabilities_handler: invalid data for hci requirements v1.03
01-09 11:46:06.145  6342  6437 I BtGdModule: system/gd/module.cc:120 Start: Started Controller
01-09 11:46:06.145  6342  6437 I BtGdModule: system/gd/module.cc:100 Start: Constructing next module
01-09 11:46:06.145  6342  6437 I BtGdModule: system/gd/module.cc:104 Start: Starting dependencies of AclSchedulerModule
01-09 11:46:06.145  6342  6437 I BtGdModule: system/gd/module.cc:108 Start: Finished starting dependencies and calling Start() of AclSchedulerModule
01-09 11:46:06.145  6342  6437 I BtGdModule: system/gd/module.cc:120 Start: Started AclSchedulerModule
01-09 11:46:06.145  6342  6437 I BtGdModule: system/gd/module.cc:100 Start: Constructing next module
01-09 11:46:06.145  6342  6437 I BtGdModule: system/gd/module.cc:104 Start: Starting dependencies of Acl Manager
01-09 11:46:06.145  6342  6437 I BtGdModule: system/gd/module.cc:100 Start: Constructing next module
01-09 11:46:06.145  6342  6437 I BtGdModule: system/gd/module.cc:104 Start: Starting dependencies of RemoteNameRequestModule
01-09 11:46:06.145  6342  6437 I BtGdModule: system/gd/module.cc:108 Start: Finished starting dependencies and calling Start() of RemoteNameRequestModule
01-09 11:46:06.145  6342  6437 I bluetooth: system/gd/hci/remote_name_request.cc:34 Start: Starting RemoteNameRequestModule
01-09 11:46:06.145  6342  6437 I BtGdModule: system/gd/module.cc:120 Start: Started RemoteNameRequestModule
01-09 11:46:06.145  6342  6437 I BtGdModule: system/gd/module.cc:108 Start: Finished starting dependencies and calling Start() of Acl Manager
01-09 11:46:06.145  6342  6437 I BtGdModule: system/gd/module.cc:120 Start: Started Acl Manager
01-09 11:46:06.145  6342  6437 I BtGdModule: system/gd/module.cc:100 Start: Constructing next module
01-09 11:46:06.145  6342  6437 I BtGdModule: system/gd/module.cc:104 Start: Starting dependencies of Le Advertising Manager
01-09 11:46:06.145  6342  6437 I BtGdModule: system/gd/module.cc:108 Start: Finished starting dependencies and calling Start() of Le Advertising Manager
01-09 11:46:06.145  6342  6437 I bluetooth: system/gd/hci/le_advertising_manager.cc:210 get_tx_path_loss_compensation: Tx path loss compensation: 0
01-09 11:46:06.145  6342  6437 I BtGdModule: system/gd/module.cc:120 Start: Started Le Advertising Manager
01-09 11:46:06.145  6342  6437 I BtGdModule: system/gd/module.cc:100 Start: Constructing next module
01-09 11:46:06.145  6342  6437 I bluetooth: system/gd/hci/msft.cc:315 MsftExtensionManager: MsftExtensionManager()
01-09 11:46:06.145  6342  6437 I BtGdModule: system/gd/module.cc:104 Start: Starting dependencies of Microsoft Extension Manager
01-09 11:46:06.145  6342  6437 I BtGdModule: system/gd/module.cc:108 Start: Finished starting dependencies and calling Start() of Microsoft Extension Manager
01-09 11:46:06.145  6342  6437 I bluetooth: system/gd/hci/msft.cc:49 start: MsftExtensionManager start()
01-09 11:46:06.145  6342  6437 I bluetooth: system/gd/hci/msft.cc:61 start: MSFT extension is not supported.
01-09 11:46:06.145  6342  6437 I BtGdModule: system/gd/module.cc:120 Start: Started Microsoft Extension Manager
01-09 11:46:06.145  6342  6437 I BtGdModule: system/gd/module.cc:100 Start: Constructing next module
01-09 11:46:06.145  6342  6437 I BtGdModule: system/gd/module.cc:104 Start: Starting dependencies of Le Scanning Manager
01-09 11:46:06.145  6342  6437 I BtGdModule: system/gd/module.cc:108 Start: Finished starting dependencies and calling Start() of Le Scanning Manager
01-09 11:46:06.145  6342  6437 I bluetooth: system/gd/hci/le_scanning_manager.cc:302 get_rx_path_loss_compensation: Rx path loss compensation: 0
01-09 11:46:06.145  6342  6437 I BtGdModule: system/gd/module.cc:120 Start: Started Le Scanning Manager
01-09 11:46:06.145  6342  6437 I BtGdModule: system/gd/module.cc:100 Start: Constructing next module
01-09 11:46:06.145  6342  6437 I BtGdModule: system/gd/module.cc:104 Start: Starting dependencies of Distance Measurement Manager
01-09 11:46:06.145  6342  6437 I BtGdModule: system/gd/module.cc:100 Start: Constructing next module
01-09 11:46:06.145  6342  6437 I BtGdModule: system/gd/module.cc:104 Start: Starting dependencies of RangingHalAndroid
01-09 11:46:06.146  6342  6437 I BtGdModule: system/gd/module.cc:108 Start: Finished starting dependencies and calling Start() of RangingHalAndroid
01-09 11:46:06.146  6342  6437 I bluetooth: system/gd/hal/ranging_hal_android.cc:567 Start: AServiceManager_isDeclared false
01-09 11:46:06.146  6342  6437 I BtGdModule: system/gd/module.cc:120 Start: Started RangingHalAndroid
01-09 11:46:06.146  6342  6437 I BtGdModule: system/gd/module.cc:108 Start: Finished starting dependencies and calling Start() of Distance Measurement Manager
01-09 11:46:06.146  6342  6437 I bluetooth: system/gd/hci/distance_measurement_manager.cc:328 start: The controller doesn't support Channel Sounding feature.
01-09 11:46:06.146  6342  6437 I BtGdModule: system/gd/module.cc:120 Start: Started Distance Measurement Manager
01-09 11:46:06.146  6342  6430 I bt_gd_shim: system/main/shim/stack.cc:142 StartEverything: init_status == 0
01-09 11:46:06.146  6342  6430 I bt_gd_shim: system/main/shim/stack.cc:147 StartEverything: Successfully toggled Gd stack
01-09 11:46:06.146  6342  6430 I bt_shim_scanner: system/main/shim/le_scanning_manager.cc:124 Init: init BleScannerInterfaceImpl
01-09 11:46:06.146  6342  6430 I bt_core_module: system/btcore/src/module.cc:90 module_start_up: Started module "gd_shim_module"
01-09 11:46:06.146  6342  6430 I bt_btif_core: system/btif/src/btif_core.cc:154 btif_init_bluetooth: entered
