01-09 11:49:35.398  3143  3143 W PhotopickerUserMonitor: 	at com.android.photopicker.core.ActivityModule_ProvideEventsFactory.get(go/retraceme 9d916760896ec3e3078b706e31d8680032bdf2f9fa907182cccdcf251fa860cf:11)
01-09 11:49:35.398  3143  3143 W PhotopickerUserMonitor: 	at dagger.internal.DoubleCheck.get(go/retraceme 9d916760896ec3e3078b706e31d8680032bdf2f9fa907182cccdcf251fa860cf:14)
01-09 11:49:35.398  3143  3143 W PhotopickerUserMonitor: 	at com.android.photopicker.MainActivity$listenForEvents$1.invokeSuspend(go/retraceme 9d916760896ec3e3078b706e31d8680032bdf2f9fa907182cccdcf251fa860cf:33)
01-09 11:49:35.398  3143  3143 W PhotopickerUserMonitor: 	at kotlin.coroutines.jvm.internal.BaseContinuationImpl.resumeWith(go/retraceme 9d916760896ec3e3078b706e31d8680032bdf2f9fa907182cccdcf251fa860cf:8)
01-09 11:49:35.398  3143  3143 W PhotopickerUserMonitor: 	at kotlinx.coroutines.internal.DispatchedContinuationKt.resumeCancellableWith(go/retraceme 9d916760896ec3e3078b706e31d8680032bdf2f9fa907182cccdcf251fa860cf:143)
01-09 11:49:35.398  3143  3143 W PhotopickerUserMonitor: 	at kotlinx.coroutines.intrinsics.CancellableKt.startCoroutineCancellable(go/retraceme 9d916760896ec3e3078b706e31d8680032bdf2f9fa907182cccdcf251fa860cf:14)
01-09 11:49:35.398  3143  3143 W PhotopickerUserMonitor: 	at kotlinx.coroutines.AbstractCoroutine.start(go/retraceme 9d916760896ec3e3078b706e31d8680032bdf2f9fa907182cccdcf251fa860cf:102)
01-09 11:49:35.398  3143  3143 W PhotopickerUserMonitor: 	at kotlinx.coroutines.BuildersKt.launch(Unknown Source:36)
01-09 11:49:35.398  3143  3143 W PhotopickerUserMonitor: 	at kotlinx.coroutines.BuildersKt.launch$default(Unknown Source:13)
01-09 11:49:35.398  3143  3143 W PhotopickerUserMonitor: 	at com.android.photopicker.MainActivity.onCreate(go/retraceme 9d916760896ec3e3078b706e31d8680032bdf2f9fa907182cccdcf251fa860cf:446)
01-09 11:49:35.398  3143  3143 W PhotopickerUserMonitor: 	at android.app.Activity.performCreate(Activity.java:9155)
01-09 11:49:35.398  3143  3143 W PhotopickerUserMonitor: 	at android.app.Activity.performCreate(Activity.java:9133)
01-09 11:49:35.398  3143  3143 W PhotopickerUserMonitor: 	at android.app.Instrumentation.callActivityOnCreate(Instrumentation.java:1521)
01-09 11:49:35.398  3143  3143 W PhotopickerUserMonitor: 	at android.app.ActivityThread.performLaunchActivity(ActivityThread.java:4262)
01-09 11:49:35.398  3143  3143 W PhotopickerUserMonitor: 	at android.app.ActivityThread.handleLaunchActivity(ActivityThread.java:4467)
01-09 11:49:35.398  3143  3143 W PhotopickerUserMonitor: 	at android.app.servertransaction.LaunchActivityItem.execute(LaunchActivityItem.java:222)
01-09 11:49:35.398  3143  3143 W PhotopickerUserMonitor: 	at android.app.servertransaction.TransactionExecutor.executeNonLifecycleItem(TransactionExecutor.java:133)
01-09 11:49:35.398  3143  3143 W PhotopickerUserMonitor: 	at android.app.servertransaction.TransactionExecutor.executeTransactionItems(TransactionExecutor.java:103)
01-09 11:49:35.398  3143  3143 W PhotopickerUserMonitor: 	at android.app.servertransaction.TransactionExecutor.execute(TransactionExecutor.java:80)
01-09 11:49:35.398  3143  3143 W PhotopickerUserMonitor: 	at android.app.ActivityThread$H.handleMessage(ActivityThread.java:2823)
01-09 11:49:35.398  3143  3143 W PhotopickerUserMonitor: 	at android.os.Handler.dispatchMessage(Handler.java:110)
01-09 11:49:35.398  3143  3143 W PhotopickerUserMonitor: 	at android.os.Looper.loopOnce(Looper.java:248)
01-09 11:49:35.398  3143  3143 W PhotopickerUserMonitor: 	at android.os.Looper.loop(Looper.java:338)
01-09 11:49:35.398  3143  3143 W PhotopickerUserMonitor: 	at android.app.ActivityThread.main(ActivityThread.java:9067)
01-09 11:49:35.398  3143  3143 W PhotopickerUserMonitor: 	at java.lang.reflect.Method.invoke(Native Method)
01-09 11:49:35.398  3143  3143 W PhotopickerUserMonitor: 	at com.android.internal.os.RuntimeInit$MethodAndArgsCaller.run(RuntimeInit.java:593)
01-09 11:49:35.398  3143  3143 W PhotopickerUserMonitor: 	at com.android.internal.os.ZygoteInit.main(ZygoteInit.java:932)
01-09 11:49:35.398  3320  3791 I artd    : GetBestInfo: /data/user_de/0/com.google.android.gms/app_chimera/m/00000009/dl-Appsearch.optional_250834100400.apk has no usable artifacts
01-09 11:49:35.398  3143  3143 W PhotopickerUserMonitor: Expected profile resources could not be found
01-09 11:49:35.398  3143  3143 W PhotopickerUserMonitor: android.content.res.Resources$NotFoundException: No badge found for this user.
01-09 11:49:35.398  3143  3143 W PhotopickerUserMonitor: 	at android.os.UserManager.getUserBadge(UserManager.java:6133)
01-09 11:49:35.398  3143  3143 W PhotopickerUserMonitor: 	at com.android.photopicker.core.user.UserMonitor.getUserProfileFromHandle(go/retraceme 9d916760896ec3e3078b706e31d8680032bdf2f9fa907182cccdcf251fa860cf:62)
01-09 11:49:35.398  3143  3143 W PhotopickerUserMonitor: 	at com.android.photopicker.core.user.UserMonitor.<init>(go/retraceme 9d916760896ec3e3078b706e31d8680032bdf2f9fa907182cccdcf251fa860cf:172)
01-09 11:49:35.398  3143  3143 W PhotopickerUserMonitor: 	at com.android.photopicker.core.ActivityModule_ProvideUserMonitorFactory.get(go/retraceme 9d916760896ec3e3078b706e31d8680032bdf2f9fa907182cccdcf251fa860cf:70)
01-09 11:49:35.398  3143  3143 W PhotopickerUserMonitor: 	at dagger.internal.DoubleCheck.get(go/retraceme 9d916760896ec3e3078b706e31d8680032bdf2f9fa907182cccdcf251fa860cf:14)
01-09 11:49:35.398  3143  3143 W PhotopickerUserMonitor: 	at com.android.photopicker.core.ActivityModule_ProvidePrefetchDataServiceFactory.get(go/retraceme 9d916760896ec3e3078b706e31d8680032bdf2f9fa907182cccdcf251fa860cf:3)
01-09 11:49:35.398  3143  3143 W PhotopickerUserMonitor: 	at dagger.internal.DoubleCheck.get(go/retraceme 9d916760896ec3e3078b706e31d8680032bdf2f9fa907182cccdcf251fa860cf:14)
01-09 11:49:35.398  3143  3143 W PhotopickerUserMonitor: 	at com.android.photopicker.core.ActivityModule_ProvideFeatureManagerFactory.get(go/retraceme 9d916760896ec3e3078b706e31d8680032bdf2f9fa907182cccdcf251fa860cf:19)
01-09 11:49:35.398  3143  3143 W PhotopickerUserMonitor: 	at dagger.internal.DoubleCheck.get(go/retraceme 9d916760896ec3e3078b706e31d8680032bdf2f9fa907182cccdcf251fa860cf:14)
01-09 11:49:35.398  3143  3143 W PhotopickerUserMonitor: 	at com.android.photopicker.core.ActivityModule_ProvideEventsFactory.get(go/retraceme 9d916760896ec3e3078b706e31d8680032bdf2f9fa907182cccdcf251fa860cf:11)
01-09 11:49:35.398  3143  3143 W PhotopickerUserMonitor: 	at dagger.internal.DoubleCheck.get(go/retraceme 9d916760896ec3e3078b706e31d8680032bdf2f9fa907182cccdcf251fa860cf:14)
01-09 11:49:35.398  3143  3143 W PhotopickerUserMonitor: 	at com.android.photopicker.MainActivity$listenForEvents$1.invokeSuspend(go/retraceme 9d916760896ec3e3078b706e31d8680032bdf2f9fa907182cccdcf251fa860cf:33)
01-09 11:49:35.398  3143  3143 W PhotopickerUserMonitor: 	at kotlin.coroutines.jvm.internal.BaseContinuationImpl.resumeWith(go/retraceme 9d916760896ec3e3078b706e31d8680032bdf2f9fa907182cccdcf251fa860cf:8)
01-09 11:49:35.398  3143  3143 W PhotopickerUserMonitor: 	at kotlinx.coroutines.internal.DispatchedContinuationKt.resumeCancellableWith(go/retraceme 9d916760896ec3e3078b706e31d8680032bdf2f9fa907182cccdcf251fa860cf:143)
01-09 11:49:35.398  3143  3143 W PhotopickerUserMonitor: 	at kotlinx.coroutines.intrinsics.CancellableKt.startCoroutineCancellable(go/retraceme 9d916760896ec3e3078b706e31d8680032bdf2f9fa907182cccdcf251fa860cf:14)
01-09 11:49:35.398  3143  3143 W PhotopickerUserMonitor: 	at kotlinx.coroutines.AbstractCoroutine.start(go/retraceme 9d916760896ec3e3078b706e31d8680032bdf2f9fa907182cccdcf251fa860cf:102)
01-09 11:49:35.398  3143  3143 W PhotopickerUserMonitor: 	at kotlinx.coroutines.BuildersKt.launch(Unknown Source:36)
01-09 11:49:35.398  3143  3143 W PhotopickerUserMonitor: 	at kotlinx.coroutines.BuildersKt.launch$default(Unknown Source:13)
01-09 11:49:35.398  3143  3143 W PhotopickerUserMonitor: 	at com.android.photopicker.MainActivity.onCreate(go/retraceme 9d916760896ec3e3078b706e31d8680032bdf2f9fa907182cccdcf251fa860cf:446)
01-09 11:49:35.398  3143  3143 W PhotopickerUserMonitor: 	at android.app.Activity.performCreate(Activity.java:9155)
01-09 11:49:35.398  3143  3143 W PhotopickerUserMonitor: 	at android.app.Activity.performCreate(Activity.java:9133)
01-09 11:49:35.398  3143  3143 W PhotopickerUserMonitor: 	at android.app.Instrumentation.callActivityOnCreate(Instrumentation.java:1521)
01-09 11:49:35.398  3143  3143 W PhotopickerUserMonitor: 	at android.app.ActivityThread.performLaunchActivity(ActivityThread.java:4262)
01-09 11:49:35.398  3143  3143 W PhotopickerUserMonitor: 	at android.app.ActivityThread.handleLaunchActivity(ActivityThread.java:4467)
01-09 11:49:35.398  3143  3143 W PhotopickerUserMonitor: 	at android.app.servertransaction.LaunchActivityItem.execute(LaunchActivityItem.java:222)
01-09 11:49:35.398  3143  3143 W PhotopickerUserMonitor: 	at android.app.servertransaction.TransactionExecutor.executeNonLifecycleItem(TransactionExecutor.java:133)
01-09 11:49:35.398  3143  3143 W PhotopickerUserMonitor: 	at android.app.servertransaction.TransactionExecutor.executeTransactionItems(TransactionExecutor.java:103)
01-09 11:49:35.398  3143  3143 W PhotopickerUserMonitor: 	at android.app.servertransaction.TransactionExecutor.execute(TransactionExecutor.java:80)
01-09 11:49:35.398  3143  3143 W PhotopickerUserMonitor: 	at android.app.ActivityThread$H.handleMessage(ActivityThread.java:2823)
01-09 11:49:35.398  3143  3143 W PhotopickerUserMonitor: 	at android.os.Handler.dispatchMessage(Handler.java:110)
01-09 11:49:35.398  3143  3143 W PhotopickerUserMonitor: 	at android.os.Looper.loopOnce(Looper.java:248)
01-09 11:49:35.398  3143  3143 W PhotopickerUserMonitor: 	at android.os.Looper.loop(Looper.java:338)
01-09 11:49:35.398  3143  3143 W PhotopickerUserMonitor: 	at android.app.ActivityThread.main(ActivityThread.java:9067)
01-09 11:49:35.398  3143  3143 W PhotopickerUserMonitor: 	at java.lang.reflect.Method.invoke(Native Method)
01-09 11:49:35.398  3143  3143 W PhotopickerUserMonitor: 	at com.android.internal.os.RuntimeInit$MethodAndArgsCaller.run(RuntimeInit.java:593)
01-09 11:49:35.398  3143  3143 W PhotopickerUserMonitor: 	at com.android.internal.os.ZygoteInit.main(ZygoteInit.java:932)
01-09 11:49:35.399  3143  3143 W PhotopickerUserMonitor: Expected profile resources could not be found
01-09 11:49:35.399  3143  3143 W PhotopickerUserMonitor: android.content.res.Resources$NotFoundException: No badge found for this user.
01-09 11:49:35.399  3143  3143 W PhotopickerUserMonitor: 	at android.os.UserManager.getUserBadge(UserManager.java:6133)
01-09 11:49:35.399  3143  3143 W PhotopickerUserMonitor: 	at com.android.photopicker.core.user.UserMonitor.getUserProfileFromHandle(go/retraceme 9d916760896ec3e3078b706e31d8680032bdf2f9fa907182cccdcf251fa860cf:62)
01-09 11:49:35.399  3143  3143 W PhotopickerUserMonitor: 	at com.android.photopicker.core.user.UserMonitor.<init>(go/retraceme 9d916760896ec3e3078b706e31d8680032bdf2f9fa907182cccdcf251fa860cf:252)
01-09 11:49:35.399  3143  3143 W PhotopickerUserMonitor: 	at com.android.photopicker.core.ActivityModule_ProvideUserMonitorFactory.get(go/retraceme 9d916760896ec3e3078b706e31d8680032bdf2f9fa907182cccdcf251fa860cf:70)
01-09 11:49:35.399  3143  3143 W PhotopickerUserMonitor: 	at dagger.internal.DoubleCheck.get(go/retraceme 9d916760896ec3e3078b706e31d8680032bdf2f9fa907182cccdcf251fa860cf:14)
01-09 11:49:35.399  3143  3143 W PhotopickerUserMonitor: 	at com.android.photopicker.core.ActivityModule_ProvidePrefetchDataServiceFactory.get(go/retraceme 9d916760896ec3e3078b706e31d8680032bdf2f9fa907182cccdcf251fa860cf:3)
01-09 11:49:35.399  3143  3143 W PhotopickerUserMonitor: 	at dagger.internal.DoubleCheck.get(go/retraceme 9d916760896ec3e3078b706e31d8680032bdf2f9fa907182cccdcf251fa860cf:14)
01-09 11:49:35.399  3143  3143 W PhotopickerUserMonitor: 	at com.android.photopicker.core.ActivityModule_ProvideFeatureManagerFactory.get(go/retraceme 9d916760896ec3e3078b706e31d8680032bdf2f9fa907182cccdcf251fa860cf:19)
01-09 11:49:35.399  3143  3143 W PhotopickerUserMonitor: 	at dagger.internal.DoubleCheck.get(go/retraceme 9d916760896ec3e3078b706e31d8680032bdf2f9fa907182cccdcf251fa860cf:14)
01-09 11:49:35.399  3143  3143 W PhotopickerUserMonitor: 	at com.android.photopicker.core.ActivityModule_ProvideEventsFactory.get(go/retraceme 9d916760896ec3e3078b706e31d8680032bdf2f9fa907182cccdcf251fa860cf:11)
01-09 11:49:35.399  3143  3143 W PhotopickerUserMonitor: 	at dagger.internal.DoubleCheck.get(go/retraceme 9d916760896ec3e3078b706e31d8680032bdf2f9fa907182cccdcf251fa860cf:14)
01-09 11:49:35.399  3143  3143 W PhotopickerUserMonitor: 	at com.android.photopicker.MainActivity$listenForEvents$1.invokeSuspend(go/retraceme 9d916760896ec3e3078b706e31d8680032bdf2f9fa907182cccdcf251fa860cf:33)
01-09 11:49:35.399  3143  3143 W PhotopickerUserMonitor: 	at kotlin.coroutines.jvm.internal.BaseContinuationImpl.resumeWith(go/retraceme 9d916760896ec3e3078b706e31d8680032bdf2f9fa907182cccdcf251fa860cf:8)
01-09 11:49:35.399  3143  3143 W PhotopickerUserMonitor: 	at kotlinx.coroutines.internal.DispatchedContinuationKt.resumeCancellableWith(go/retraceme 9d916760896ec3e3078b706e31d8680032bdf2f9fa907182cccdcf251fa860cf:143)
01-09 11:49:35.399  3143  3143 W PhotopickerUserMonitor: 	at kotlinx.coroutines.intrinsics.CancellableKt.startCoroutineCancellable(go/retraceme 9d916760896ec3e3078b706e31d8680032bdf2f9fa907182cccdcf251fa860cf:14)
01-09 11:49:35.399  3143  3143 W PhotopickerUserMonitor: 	at kotlinx.coroutines.AbstractCoroutine.start(go/retraceme 9d916760896ec3e3078b706e31d8680032bdf2f9fa907182cccdcf251fa860cf:102)
01-09 11:49:35.399  3143  3143 W PhotopickerUserMonitor: 	at kotlinx.coroutines.BuildersKt.launch(Unknown Source:36)
01-09 11:49:35.399  3143  3143 W PhotopickerUserMonitor: 	at kotlinx.coroutines.BuildersKt.launch$default(Unknown Source:13)
01-09 11:49:35.399  3143  3143 W PhotopickerUserMonitor: 	at com.android.photopicker.MainActivity.onCreate(go/retraceme 9d916760896ec3e3078b706e31d8680032bdf2f9fa907182cccdcf251fa860cf:446)
01-09 11:49:35.399  3143  3143 W PhotopickerUserMonitor: 	at android.app.Activity.performCreate(Activity.java:9155)
01-09 11:49:35.399  3143  3143 W PhotopickerUserMonitor: 	at android.app.Activity.performCreate(Activity.java:9133)
01-09 11:49:35.399  3143  3143 W PhotopickerUserMonitor: 	at android.app.Instrumentation.callActivityOnCreate(Instrumentation.java:1521)
01-09 11:49:35.399  3143  3143 W PhotopickerUserMonitor: 	at android.app.ActivityThread.performLaunchActivity(ActivityThread.java:4262)
01-09 11:49:35.399  3143  3143 W PhotopickerUserMonitor: 	at android.app.ActivityThread.handleLaunchActivity(ActivityThread.java:4467)
01-09 11:49:35.399  3143  3143 W PhotopickerUserMonitor: 	at android.app.servertransaction.LaunchActivityItem.execute(LaunchActivityItem.java:222)
01-09 11:49:35.399  3143  3143 W PhotopickerUserMonitor: 	at android.app.servertransaction.TransactionExecutor.executeNonLifecycleItem(TransactionExecutor.java:133)
01-09 11:49:35.399  3143  3143 W PhotopickerUserMonitor: 	at android.app.servertransaction.TransactionExecutor.executeTransactionItems(TransactionExecutor.java:103)
01-09 11:49:35.399  3143  3143 W PhotopickerUserMonitor: 	at android.app.servertransaction.TransactionExecutor.execute(TransactionExecutor.java:80)
01-09 11:49:35.399  3143  3143 W PhotopickerUserMonitor: 	at android.app.ActivityThread$H.handleMessage(ActivityThread.java:2823)
01-09 11:49:35.399  3143  3143 W PhotopickerUserMonitor: 	at android.os.Handler.dispatchMessage(Handler.java:110)
01-09 11:49:35.399  3143  3143 W PhotopickerUserMonitor: 	at android.os.Looper.loopOnce(Looper.java:248)
01-09 11:49:35.399  3143  3143 W PhotopickerUserMonitor: 	at android.os.Looper.loop(Looper.java:338)
01-09 11:49:35.399  3143  3143 W PhotopickerUserMonitor: 	at android.app.ActivityThread.main(ActivityThread.java:9067)
01-09 11:49:35.399  3143  3143 W PhotopickerUserMonitor: 	at java.lang.reflect.Method.invoke(Native Method)
01-09 11:49:35.399  3143  3143 W PhotopickerUserMonitor: 	at com.android.internal.os.RuntimeInit$MethodAndArgsCaller.run(RuntimeInit.java:593)
01-09 11:49:35.399  3143  3143 W PhotopickerUserMonitor: 	at com.android.internal.os.ZygoteInit.main(ZygoteInit.java:932)
01-09 11:49:35.399  3143  3143 D PrefetchDataService: PrefetchDataService requested but not yet initialized. Initializing PrefetchDataService.
01-09 11:49:35.399  3143  3143 D PhotopickerFeatureManager: FeatureManager requested but not yet initialized. Initializing FeatureManager.
01-09 11:49:35.399  3143  3143 D PhotopickerFeatureManager: Beginning prefetching results in the background.
01-09 11:49:35.399  3320  3791 I artd    : GetBestInfo: vdex next to the dex file (/data/user/0/com.google.android.gms/app_dg_cache/539E273229BC2C9434CD4D54F801F1B642616683/oat/arm64/the.vdex) is kOatUpToDate with filter 'verify' executable 'false'
01-09 11:49:35.400  3143  3143 D PhotopickerFeatureManager: Creation of deferred prefetch results map is complete for keys: []
01-09 11:49:35.400  3143  3143 D PhotopickerFeatureManager: Beginning feature initialization with config: PhotopickerConfiguration(runtimeEnv=ACTIVITY, action=android.intent.action.GET_CONTENT, callingPackage=com.gustavo.fitai, callingPackageUid=10214, callingPackageLabel=fitai-analizer, callingPackageMediaCapabilities=null, accentColor=null, mimeTypes=[video/*, image/*], pickImagesInOrder=false, selectionLimit=100, startDestination=DEFAULT, preSelectedUris=null, deviceIsDebuggable=false, flags=PhotopickerFlags(CLOUD_ALLOWED_PROVIDERS=[com.google.android.apps.photos], CLOUD_ENFORCE_PROVIDER_ALLOWLIST=true, CLOUD_MEDIA_ENABLED=true, PRIVATE_SPACE_ENABLED=true, MANAGED_SELECTION_ENABLED=true, PICKER_SEARCH_ENABLED=false, PICKER_DATESCRUBBER_ENABLED=false, PICKER_TRANSCODING_ENABLED=true, OWNED_PHOTOS_ENABLED=true, EXPRESSIVE_THEME_ENABLED=false), sessionId=19355, intent=Intent { act=android.intent.action.GET_CONTENT cat=[android.intent.category.OPENABLE] typ=video/* flg=0x800000 xflg=0x4 cmp=com.google.android.photopicker/com.android.photopicker.PhotopickerGetContentActivity (has extras) })
01-09 11:49:35.400  3143  3143 D PhotopickerFeatureManager: Feature initialization complete. Features: [PHOTO_GRID, SELECTION_BAR, NAVIGATION_BAR, PREVIEW, PROFILE_SELECTOR, ALBUM_GRID, SNACK_BAR, CLOUD_MEDIA, OVERFLOW_MENU, PRIVACY_EXPLAINER, BROWSE, MEDIA_PREPARE]
01-09 11:49:35.400  3320  3791 I artd    : GetBestInfo: vdex next to the dex file (/data/user/0/com.google.android.gms/app_dg_cache/F6B993618D245C45CC8EA213FA039A5EB670AFCE/oat/arm64/the.vdex) is kOatUpToDate with filter 'verify' executable 'false'
01-09 11:49:35.400  3143  3143 D PhotopickerEvents: Events requested but not yet initialized. Initializing Events.
01-09 11:49:35.401  3320  3320 I artd    : GetBestInfo: /data/user_de/0/com.google.android.gms/app_chimera/m/00000012/dl-MlkitBarcodeUi.optional_254730100400.apk has no usable artifacts
01-09 11:49:35.401  3320  3791 I artd    : GetBestInfo: /data/user_de/0/com.google.android.gms/app_chimera/m/0000000f/dl-VisionOcr.optional_254730100000.apk has no usable artifacts
01-09 11:49:35.402  3320  3791 I artd    : GetBestInfo: /data/user_de/0/com.google.android.gms/app_chimera/m/00000016/dl-Appsearch.optional_254730100400.apk has no usable artifacts
01-09 11:49:35.403  3143  3143 W WindowOnBackDispatcher: OnBackInvokedCallback is not enabled for the application.
01-09 11:49:35.403  3143  3143 W WindowOnBackDispatcher: Set 'android:enableOnBackInvokedCallback="true"' in the application manifest.
01-09 11:49:35.403  3143  3143 D Photopicker: MainActivity OnResume
01-09 11:49:35.403  3320  3791 I artd    : GetBestInfo: vdex next to the dex file (/data/user/0/com.google.android.gms/app_dg_cache/1479D6BF6FCF6C46C8B4A12D79750ADE94AAD018/oat/arm64/the.vdex) is kOatUpToDate with filter 'verify' executable 'false'
01-09 11:49:35.403  3143  5983 D PhotoPickerNotificationService: NotificationService requested but not yet initialized. Initializing NotificationService.
01-09 11:49:35.403  3143  5983 D PhotopickerDataService: DataService requested but not yet initialized. Initializing DataService.
01-09 11:49:35.403  3320  3320 I artd    : GetBestInfo: /data/user_de/0/com.google.android.gms/app_chimera/m/0000000e/dl-TfliteDynamiteDynamite.integ_243930802100400.apk has no usable artifacts
01-09 11:49:35.404  3320  3791 I artd    : GetBestInfo: /data/user_de/0/com.google.android.gms/app_chimera/m/00000015/dl-PlayCloudSearch.optional_254730100000.apk has no usable artifacts
01-09 11:49:35.405  3320  3791 I artd    : GetBestInfo: vdex next to the dex file (/data/user/0/com.google.android.gms/app_dg_cache/F69F380742AF765C5688217890FC7C5272FF6A59/oat/arm64/the.vdex) is kOatUpToDate with filter 'verify' executable 'false'
01-09 11:49:35.406  3320  3791 I artd    : GetBestInfo: vdex next to the dex file (/data/user/0/com.google.android.gms/app_dg_cache/BC758ED5E7D6BDB04AA7A99271131838E0308423/oat/arm64/the.vdex) is kOatUpToDate with filter 'verify' executable 'false'
01-09 11:49:35.407  3320  3320 I artd    : GetBestInfo: /data/user_de/0/com.google.android.gms/app_chimera/m/00000008/dl-TfliteDynamiteDynamite.integ_243930801100400.apk has no usable artifacts
01-09 11:49:35.407  3320  3791 I artd    : GetBestInfo: /data/user_de/0/com.google.android.gms/app_chimera/m/0000000c/dl-MlkitBarcodeUi.optional_250834100400.apk has no usable artifacts
01-09 11:49:35.408  3320  3791 I artd    : GetBestInfo: /data/user_de/0/com.google.android.gms/app_chimera/m/00000010/dl-MlkitOcrCommon.optional_254730100400.apk has no usable artifacts
01-09 11:49:35.410  3320  3320 I artd    : GetBestInfo: /data/user_de/0/com.google.android.gms/app_chimera/m/00000007/MeasurementDynamite.apk has no usable artifacts
01-09 11:49:35.414  1617  3431 D PickerSyncLockManager: Trying to acquire lock com.android.providers.media.photopicker.sync.CloseableReentrantLock@5e2f9b1[Unlocked]. Lock Name = CLOUD_PROVIDER_LOCK. Threads that may be waiting to acquire this lock = [] with timeout.
01-09 11:49:35.414  1617  3431 D CloseableReentrantLock: Successfully acquired lock com.android.providers.media.photopicker.sync.CloseableReentrantLock@5e2f9b1[Locked by thread binder:1617_5]. Lock Name = CLOUD_PROVIDER_LOCK. Threads that may be waiting to acquire this lock = []
01-09 11:49:35.414  1617  3431 D CloseableReentrantLock: Successfully released lock com.android.providers.media.photopicker.sync.CloseableReentrantLock@5e2f9b1[Unlocked]. Lock Name = CLOUD_PROVIDER_LOCK. Threads that may be waiting to acquire this lock = []
01-09 11:49:35.414  1617  3431 D PickerSyncLockManager: Trying to acquire lock com.android.providers.media.photopicker.sync.CloseableReentrantLock@5e2f9b1[Unlocked]. Lock Name = CLOUD_PROVIDER_LOCK. Threads that may be waiting to acquire this lock = [] with timeout.
01-09 11:49:35.414  1617  3431 D CloseableReentrantLock: Successfully acquired lock com.android.providers.media.photopicker.sync.CloseableReentrantLock@5e2f9b1[Locked by thread binder:1617_5]. Lock Name = CLOUD_PROVIDER_LOCK. Threads that may be waiting to acquire this lock = []
01-09 11:49:35.414  1617  3431 D PickerSyncLockManager: Trying to acquire lock com.android.providers.media.photopicker.sync.CloseableReentrantLock@5e2f9b1[Locked by thread binder:1617_5]. Lock Name = CLOUD_PROVIDER_LOCK. Threads that may be waiting to acquire this lock = [] with timeout.
01-09 11:49:35.414  1617  3431 D CloseableReentrantLock: Successfully acquired lock com.android.providers.media.photopicker.sync.CloseableReentrantLock@5e2f9b1[Locked by thread binder:1617_5]. Lock Name = CLOUD_PROVIDER_LOCK. Threads that may be waiting to acquire this lock = []
01-09 11:49:35.414  1617  3431 D CloseableReentrantLock: Successfully released lock com.android.providers.media.photopicker.sync.CloseableReentrantLock@5e2f9b1[Locked by thread binder:1617_5]. Lock Name = CLOUD_PROVIDER_LOCK. Threads that may be waiting to acquire this lock = []
01-09 11:49:35.414  1617  3431 D PickerSyncLockManager: Trying to acquire lock com.android.providers.media.photopicker.sync.CloseableReentrantLock@d70036d[Unlocked]. Lock Name = DB_CLOUD_LOCK. Threads that may be waiting to acquire this lock = []
01-09 11:49:35.414  1617  3431 D CloseableReentrantLock: Successfully acquired lock com.android.providers.media.photopicker.sync.CloseableReentrantLock@d70036d[Locked by thread binder:1617_5]. Lock Name = DB_CLOUD_LOCK. Threads that may be waiting to acquire this lock = []
01-09 11:49:35.414  1617  3431 D CloseableReentrantLock: Successfully released lock com.android.providers.media.photopicker.sync.CloseableReentrantLock@d70036d[Unlocked]. Lock Name = DB_CLOUD_LOCK. Threads that may be waiting to acquire this lock = []
01-09 11:49:35.414  1617  3431 D CloseableReentrantLock: Successfully released lock com.android.providers.media.photopicker.sync.CloseableReentrantLock@5e2f9b1[Unlocked]. Lock Name = CLOUD_PROVIDER_LOCK. Threads that may be waiting to acquire this lock = []
01-09 11:49:35.416  3143  5979 D PhotopickerDataService: Available providers have changed to [Provider(authority=com.android.providers.media.photopicker, mediaSource=LOCAL, uid=10207, displayName=Media picker)].
01-09 11:49:35.416  3143  6581 D PhotopickerDataService: Active content resolver has changed.
01-09 11:49:35.417  3143  3143 D PhotopickerActivityModule: Initializing selection.
01-09 11:49:35.418  1617  2005 D PickerSyncLockManager: Trying to acquire lock com.android.providers.media.photopicker.sync.CloseableReentrantLock@5f39ff0[Unlocked]. Lock Name = CLOUD_SYNC_LOCK. Threads that may be waiting to acquire this lock = [] with timeout.
01-09 11:49:35.418  1617  2005 D CloseableReentrantLock: Successfully acquired lock com.android.providers.media.photopicker.sync.CloseableReentrantLock@5f39ff0[Locked by thread binder:1617_4]. Lock Name = CLOUD_SYNC_LOCK. Threads that may be waiting to acquire this lock = []
01-09 11:49:35.418  1617  2005 D PickerSyncLockManager: Trying to acquire lock com.android.providers.media.photopicker.sync.CloseableReentrantLock@5e2f9b1[Unlocked]. Lock Name = CLOUD_PROVIDER_LOCK. Threads that may be waiting to acquire this lock = [] with timeout.
01-09 11:49:35.418  1617  2005 D CloseableReentrantLock: Successfully acquired lock com.android.providers.media.photopicker.sync.CloseableReentrantLock@5e2f9b1[Locked by thread binder:1617_4]. Lock Name = CLOUD_PROVIDER_LOCK. Threads that may be waiting to acquire this lock = []
01-09 11:49:35.418  1617  2005 D CloseableReentrantLock: Successfully released lock com.android.providers.media.photopicker.sync.CloseableReentrantLock@5e2f9b1[Unlocked]. Lock Name = CLOUD_PROVIDER_LOCK. Threads that may be waiting to acquire this lock = []
01-09 11:49:35.418  1617  2005 D PickerSyncLockManager: Trying to acquire lock com.android.providers.media.photopicker.sync.CloseableReentrantLock@5e2f9b1[Unlocked]. Lock Name = CLOUD_PROVIDER_LOCK. Threads that may be waiting to acquire this lock = [] with timeout.
01-09 11:49:35.418  1617  2005 D CloseableReentrantLock: Successfully acquired lock com.android.providers.media.photopicker.sync.CloseableReentrantLock@5e2f9b1[Locked by thread binder:1617_4]. Lock Name = CLOUD_PROVIDER_LOCK. Threads that may be waiting to acquire this lock = []
01-09 11:49:35.418  1617  2005 D PickerSyncController: getSyncRequestParams() CLOUD, auth=com.google.android.apps.photos.cloudpicker
01-09 11:49:35.419  1617  3431 D PickerSyncLockManager: Trying to acquire lock com.android.providers.media.photopicker.sync.CloseableReentrantLock@5e2f9b1[Locked by thread binder:1617_4]. Lock Name = CLOUD_PROVIDER_LOCK. Threads that may be waiting to acquire this lock = [] with timeout.
01-09 11:49:35.424   660   684 D ActivityManager: sync unfroze 3201 com.google.android.apps.photos for 7
01-09 11:49:35.426   660   684 W IPCThreadState: Sending oneway calls to frozen process.
01-09 11:49:35.427   660   870 D BackgroundInstallControlService: Package event received: 0
01-09 11:49:35.431  3143  3143 D PhotopickerFeatureManager: Composing for NAVIGATION_BAR for (com.android.photopicker.features.navigationbar.NavigationBarFeature@df0cc3e, 90)
01-09 11:49:35.432  3143  3143 D PhotopickerFeatureManager: Composing for PROFILE_SELECTOR for (com.android.photopicker.features.profileselector.ProfileSelectorFeature@67ab1bb, 90)
01-09 11:49:35.432  3143  3143 D PhotopickerFeatureManager: Composing for NAVIGATION_BAR_NAV_BUTTON for (com.android.photopicker.features.photogrid.PhotoGridFeature@b697ca2, 100)
01-09 11:49:35.433  3143  3143 D PhotopickerFeatureManager: Composing for NAVIGATION_BAR_NAV_BUTTON for (com.android.photopicker.features.albumgrid.AlbumGridFeature@27166dd, 90)
01-09 11:49:35.434  3143  3143 D PhotopickerFeatureManager: Composing for OVERFLOW_MENU for (com.android.photopicker.features.overflowmenu.OverflowMenuFeature@93ec14d, 90)
01-09 11:49:35.436  3143  3143 D PhotopickerActivityModule: Initializing DatabaseManager
01-09 11:49:35.436  3143  3143 D PhotopickerActivityModule: BannerManager requested and initializing.
01-09 11:49:35.436  3143  3143 D PhotoGridViewModel: Media grid data flow is not initialized with the correct recents cell count9
01-09 11:49:35.440  3143  3143 D PhotopickerFeatureManager: Composing for SNACK_BAR for (com.android.photopicker.features.snackbar.SnackbarFeature@e7e0314, 90)
01-09 11:49:35.441  3143  3143 D PhotopickerFeatureManager: Composing for SELECTION_BAR for (com.android.photopicker.features.selectionbar.SelectionBarFeature@93cd926, 90)
01-09 11:49:35.441  3143  3143 D PhotopickerFeatureManager: Composing for MEDIA_PREPARER for (com.android.photopicker.features.preparemedia.PrepareMediaFeature@ac23c80, 90)
01-09 11:49:35.446  3201  3201 D ActivityThread: Package [com.gustavo.fitai] reported as REPLACED, but missing application info. Assuming REMOVED.
01-09 11:49:35.446  3201  3201 D ActivityThread: Package [com.gustavo.fitai] reported as REPLACED, but missing application info. Assuming REMOVED.
01-09 11:49:35.446   660   750 D CoreBackPreview: Window{23f1b77 u0 com.google.android.photopicker/com.android.photopicker.PhotopickerGetContentActivity}: Setting back callback OnBackInvokedCallbackInfo{mCallback=android.window.IOnBackInvokedCallback$Stub$Proxy@ee8026f, mPriority=0, mIsAnimationCallback=false, mOverrideBehavior=0}
01-09 11:49:35.454  3201  6858 W libc    : Access denied finding property "ro.debuggable"
01-09 11:49:35.451  3201  3201 W binder:3201_C: type=1400 audit(0.0:219): avc:  denied  { read } for  name="u:object_r:userdebug_or_eng_prop:s0" dev="tmpfs" ino=362 scontext=u:r:untrusted_app:s0:c170,c256,c512,c768 tcontext=u:object_r:userdebug_or_eng_prop:s0 tclass=file permissive=0 app=com.google.android.apps.photos
01-09 11:49:35.455  1617  2005 D PickerSyncController:    Latest ID/Gen=null/0
01-09 11:49:35.455  1617  2005 D PickerSyncController:    Cached ID/Gen=null/-1
01-09 11:49:35.456  1617  2005 D CloseableReentrantLock: Successfully released lock com.android.providers.media.photopicker.sync.CloseableReentrantLock@5e2f9b1[Unlocked]. Lock Name = CLOUD_PROVIDER_LOCK. Threads that may be waiting to acquire this lock = [Thread[binder:1617_5,5,main]]
01-09 11:49:35.456  1617  2005 D CloseableReentrantLock: Successfully released lock com.android.providers.media.photopicker.sync.CloseableReentrantLock@5f39ff0[Unlocked]. Lock Name = CLOUD_SYNC_LOCK. Threads that may be waiting to acquire this lock = []
01-09 11:49:35.456  1617  3431 D CloseableReentrantLock: Successfully acquired lock com.android.providers.media.photopicker.sync.CloseableReentrantLock@5e2f9b1[Locked by thread binder:1617_5]. Lock Name = CLOUD_PROVIDER_LOCK. Threads that may be waiting to acquire this lock = []
01-09 11:49:35.456  1617  3431 D CloseableReentrantLock: Successfully released lock com.android.providers.media.photopicker.sync.CloseableReentrantLock@5e2f9b1[Unlocked]. Lock Name = CLOUD_PROVIDER_LOCK. Threads that may be waiting to acquire this lock = []
01-09 11:49:35.456  1617  3431 D PickerSyncLockManager: Trying to acquire lock com.android.providers.media.photopicker.sync.CloseableReentrantLock@5e2f9b1[Unlocked]. Lock Name = CLOUD_PROVIDER_LOCK. Threads that may be waiting to acquire this lock = [] with timeout.
01-09 11:49:35.456  1617  3431 D CloseableReentrantLock: Successfully acquired lock com.android.providers.media.photopicker.sync.CloseableReentrantLock@5e2f9b1[Locked by thread binder:1617_5]. Lock Name = CLOUD_PROVIDER_LOCK. Threads that may be waiting to acquire this lock = []
01-09 11:49:35.456  1617  3431 D PickerSyncLockManager: Trying to acquire lock com.android.providers.media.photopicker.sync.CloseableReentrantLock@5e2f9b1[Locked by thread binder:1617_5]. Lock Name = CLOUD_PROVIDER_LOCK. Threads that may be waiting to acquire this lock = [] with timeout.
01-09 11:49:35.456  1617  3431 D CloseableReentrantLock: Successfully acquired lock com.android.providers.media.photopicker.sync.CloseableReentrantLock@5e2f9b1[Locked by thread binder:1617_5]. Lock Name = CLOUD_PROVIDER_LOCK. Threads that may be waiting to acquire this lock = []
01-09 11:49:35.456  1617  3431 D CloseableReentrantLock: Successfully released lock com.android.providers.media.photopicker.sync.CloseableReentrantLock@5e2f9b1[Locked by thread binder:1617_5]. Lock Name = CLOUD_PROVIDER_LOCK. Threads that may be waiting to acquire this lock = []
01-09 11:49:35.456  1617  3431 D PickerSyncLockManager: Trying to acquire lock com.android.providers.media.photopicker.sync.CloseableReentrantLock@d70036d[Unlocked]. Lock Name = DB_CLOUD_LOCK. Threads that may be waiting to acquire this lock = []
01-09 11:49:35.456  1617  3431 D CloseableReentrantLock: Successfully acquired lock com.android.providers.media.photopicker.sync.CloseableReentrantLock@d70036d[Locked by thread binder:1617_5]. Lock Name = DB_CLOUD_LOCK. Threads that may be waiting to acquire this lock = []
01-09 11:49:35.456  1617  3431 D CloseableReentrantLock: Successfully released lock com.android.providers.media.photopicker.sync.CloseableReentrantLock@d70036d[Unlocked]. Lock Name = DB_CLOUD_LOCK. Threads that may be waiting to acquire this lock = []
01-09 11:49:35.456  1617  3431 D CloseableReentrantLock: Successfully released lock com.android.providers.media.photopicker.sync.CloseableReentrantLock@5e2f9b1[Unlocked]. Lock Name = CLOUD_PROVIDER_LOCK. Threads that may be waiting to acquire this lock = []
01-09 11:49:35.457  1617  2005 E DatabaseUtils: Writing exception to parcel
01-09 11:49:35.457  1617  2005 E DatabaseUtils: java.lang.IllegalStateException: Unexpected Latest Media Collection Info: ID/Gen=null/0
01-09 11:49:35.457  1617  2005 E DatabaseUtils: 	at com.android.providers.media.photopicker.PickerSyncController.getSyncRequestParamsLocked(PickerSyncController.java:1554)
01-09 11:49:35.457  1617  2005 E DatabaseUtils: 	at com.android.providers.media.photopicker.PickerSyncController.getSyncRequestParams(PickerSyncController.java:1514)
01-09 11:49:35.457  1617  2005 E DatabaseUtils: 	at com.android.providers.media.photopicker.PickerSyncController.maybeEnableCloudMediaQueries(PickerSyncController.java:355)
01-09 11:49:35.457  1617  2005 E DatabaseUtils: 	at com.android.providers.media.photopicker.v2.PickerDataLayerV2.ensureProviders(PickerDataLayerV2.java:198)
01-09 11:49:35.457  1617  2005 E DatabaseUtils: 	at com.android.providers.media.MediaProvider.callInternal(MediaProvider.java:7280)
01-09 11:49:35.457  1617  2005 E DatabaseUtils: 	at com.android.providers.media.MediaProvider.call(MediaProvider.java:7174)
01-09 11:49:35.457  1617  2005 E DatabaseUtils: 	at android.content.ContentProvider.call(ContentProvider.java:2709)
01-09 11:49:35.457  1617  2005 E DatabaseUtils: 	at android.content.ContentProvider$Transport.call(ContentProvider.java:638)
01-09 11:49:35.457  1617  2005 E DatabaseUtils: 	at android.content.ContentProviderNative.onTransact(ContentProviderNative.java:307)
01-09 11:49:35.457  1617  2005 E DatabaseUtils: 	at android.os.Binder.execTransactInternal(Binder.java:1421)
01-09 11:49:35.457  1617  2005 E DatabaseUtils: 	at android.os.Binder.execTransact(Binder.java:1365)
01-09 11:49:35.458  3143  6597 D PhotopickerDataService: Available providers update notification received [Provider(authority=com.android.providers.media.photopicker, mediaSource=LOCAL, uid=10207, displayName=Media picker)]
01-09 11:49:35.458  1617  2005 I MediaProvider: Received media init query for extras: Bundle[mParcelledData.dataSize=304]
01-09 11:49:35.459  1617  2005 I PickerDataLayer: Init data request for the main photo grid i.e. media data. Should sync with local provider only: false
01-09 11:49:35.461  1617  2005 I PickerSyncTracker: Created new sync future java.util.concurrent.CompletableFuture@3739868[Not completed, 1 dependents]. Future map: {acf77f1f-3e70-4f30-aa1a-493264e0889c=java.util.concurrent.CompletableFuture@3739868[Not completed, 1 dependents]}
01-09 11:49:35.462  3143  5983 E MediaProviderClient: Ensure providers failed
01-09 11:49:35.462  3143  5983 E MediaProviderClient: java.lang.IllegalStateException: Unexpected Latest Media Collection Info: ID/Gen=null/0
01-09 11:49:35.462  3143  5983 E MediaProviderClient: 	at android.os.Parcel.createExceptionOrNull(Parcel.java:3348)
01-09 11:49:35.462  3143  5983 E MediaProviderClient: 	at android.os.Parcel.createException(Parcel.java:3324)
01-09 11:49:35.462  3143  5983 E MediaProviderClient: 	at android.os.Parcel.readException(Parcel.java:3307)
01-09 11:49:35.462  3143  5983 E MediaProviderClient: 	at android.database.DatabaseUtils.readExceptionFromParcel(DatabaseUtils.java:201)
01-09 11:49:35.462  3143  5983 E MediaProviderClient: 	at android.database.DatabaseUtils.readExceptionFromParcel(DatabaseUtils.java:153)
01-09 11:49:35.462  3143  5983 E MediaProviderClient: 	at android.content.ContentProviderProxy.call(ContentProviderNative.java:764)
01-09 11:49:35.462  3143  5983 E MediaProviderClient: 	at android.content.ContentResolver.call(ContentResolver.java:2468)
01-09 11:49:35.462  3143  5983 E MediaProviderClient: 	at com.android.photopicker.data.DataServiceImpl.ensureProviders(go/retraceme 9d916760896ec3e3078b706e31d8680032bdf2f9fa907182cccdcf251fa860cf:81)
01-09 11:49:35.462  3143  5983 E MediaProviderClient: 	at com.android.photopicker.MainActivity$onResume$1$1.invokeSuspend(go/retraceme 9d916760896ec3e3078b706e31d8680032bdf2f9fa907182cccdcf251fa860cf:49)
01-09 11:49:35.462  3143  5983 E MediaProviderClient: 	at kotlin.coroutines.jvm.internal.BaseContinuationImpl.resumeWith(go/retraceme 9d916760896ec3e3078b706e31d8680032bdf2f9fa907182cccdcf251fa860cf:8)
01-09 11:49:35.462  3143  5983 E MediaProviderClient: 	at kotlinx.coroutines.DispatchedTask.run(go/retraceme 9d916760896ec3e3078b706e31d8680032bdf2f9fa907182cccdcf251fa860cf:115)
01-09 11:49:35.462  3143  5983 E MediaProviderClient: 	at kotlinx.coroutines.internal.LimitedDispatcher$Worker.run(go/retraceme 9d916760896ec3e3078b706e31d8680032bdf2f9fa907182cccdcf251fa860cf:4)
01-09 11:49:35.462  3143  5983 E MediaProviderClient: 	at kotlinx.coroutines.scheduling.TaskImpl.run(go/retraceme 9d916760896ec3e3078b706e31d8680032bdf2f9fa907182cccdcf251fa860cf:3)
01-09 11:49:35.462  3143  5983 E MediaProviderClient: 	at kotlinx.coroutines.scheduling.CoroutineScheduler.runSafely(go/retraceme 9d916760896ec3e3078b706e31d8680032bdf2f9fa907182cccdcf251fa860cf:1)
01-09 11:49:35.462  3143  5983 E MediaProviderClient: 	at kotlinx.coroutines.scheduling.CoroutineScheduler$Worker.run(go/retraceme 9d916760896ec3e3078b706e31d8680032bdf2f9fa907182cccdcf251fa860cf:88)
01-09 11:49:35.465  1617  3431 D PickerSyncLockManager: Trying to acquire lock com.android.providers.media.photopicker.sync.CloseableReentrantLock@5e2f9b1[Unlocked]. Lock Name = CLOUD_PROVIDER_LOCK. Threads that may be waiting to acquire this lock = [] with timeout.
01-09 11:49:35.465  1617  3431 D CloseableReentrantLock: Successfully acquired lock com.android.providers.media.photopicker.sync.CloseableReentrantLock@5e2f9b1[Locked by thread binder:1617_5]. Lock Name = CLOUD_PROVIDER_LOCK. Threads that may be waiting to acquire this lock = []
01-09 11:49:35.465  1617  3431 D CloseableReentrantLock: Successfully released lock com.android.providers.media.photopicker.sync.CloseableReentrantLock@5e2f9b1[Unlocked]. Lock Name = CLOUD_PROVIDER_LOCK. Threads that may be waiting to acquire this lock = []
01-09 11:49:35.465  1617  3431 D PickerSyncLockManager: Trying to acquire lock com.android.providers.media.photopicker.sync.CloseableReentrantLock@5e2f9b1[Unlocked]. Lock Name = CLOUD_PROVIDER_LOCK. Threads that may be waiting to acquire this lock = [] with timeout.
01-09 11:49:35.465  1617  3431 D CloseableReentrantLock: Successfully acquired lock com.android.providers.media.photopicker.sync.CloseableReentrantLock@5e2f9b1[Locked by thread binder:1617_5]. Lock Name = CLOUD_PROVIDER_LOCK. Threads that may be waiting to acquire this lock = []
01-09 11:49:35.465  1617  3431 D PickerSyncLockManager: Trying to acquire lock com.android.providers.media.photopicker.sync.CloseableReentrantLock@5e2f9b1[Locked by thread binder:1617_5]. Lock Name = CLOUD_PROVIDER_LOCK. Threads that may be waiting to acquire this lock = [] with timeout.
01-09 11:49:35.465  1617  3431 D CloseableReentrantLock: Successfully acquired lock com.android.providers.media.photopicker.sync.CloseableReentrantLock@5e2f9b1[Locked by thread binder:1617_5]. Lock Name = CLOUD_PROVIDER_LOCK. Threads that may be waiting to acquire this lock = []
01-09 11:49:35.465  1617  3431 D CloseableReentrantLock: Successfully released lock com.android.providers.media.photopicker.sync.CloseableReentrantLock@5e2f9b1[Locked by thread binder:1617_5]. Lock Name = CLOUD_PROVIDER_LOCK. Threads that may be waiting to acquire this lock = []
01-09 11:49:35.465  1617  3431 D PickerSyncLockManager: Trying to acquire lock com.android.providers.media.photopicker.sync.CloseableReentrantLock@d70036d[Unlocked]. Lock Name = DB_CLOUD_LOCK. Threads that may be waiting to acquire this lock = []
01-09 11:49:35.465  1617  3431 D CloseableReentrantLock: Successfully acquired lock com.android.providers.media.photopicker.sync.CloseableReentrantLock@d70036d[Locked by thread binder:1617_5]. Lock Name = DB_CLOUD_LOCK. Threads that may be waiting to acquire this lock = []
01-09 11:49:35.465  1617  3431 D CloseableReentrantLock: Successfully released lock com.android.providers.media.photopicker.sync.CloseableReentrantLock@d70036d[Unlocked]. Lock Name = DB_CLOUD_LOCK. Threads that may be waiting to acquire this lock = []
01-09 11:49:35.465  1617  3431 D CloseableReentrantLock: Successfully released lock com.android.providers.media.photopicker.sync.CloseableReentrantLock@5e2f9b1[Unlocked]. Lock Name = CLOUD_PROVIDER_LOCK. Threads that may be waiting to acquire this lock = []
01-09 11:49:35.467  1617  4545 I MediaProvider: Received media init query for extras: Bundle[mParcelledData.dataSize=304]
01-09 11:49:35.467  1617  4545 I PickerDataLayer: Init data request for the main photo grid i.e. media data. Should sync with local provider only: false
01-09 11:49:35.467  1617  4545 I PickerSyncTracker: Created new sync future java.util.concurrent.CompletableFuture@917c481[Not completed, 1 dependents]. Future map: {8c745a6c-d866-4738-90c4-8a0db793eb97=java.util.concurrent.CompletableFuture@917c481[Not completed, 1 dependents], acf77f1f-3e70-4f30-aa1a-493264e0889c=java.util.concurrent.CompletableFuture@3739868[Not completed, 1 dependents]}
01-09 11:49:35.486  1617  1781 D WM-SystemJobScheduler: Scheduling work ID acf77f1f-3e70-4f30-aa1a-493264e0889cJob ID 97
01-09 11:49:35.491  1617  1781 D WM-GreedyScheduler: Ignoring {WorkSpec: 44df8988-83ba-4212-a0d9-1caa12839ee8}. Requires device idle.
01-09 11:49:35.491  1617  1781 D WM-GreedyScheduler: Ignoring {WorkSpec: dc2b16e3-8105-45d8-926a-2f24299e1717}. Requires device idle.
01-09 11:49:35.491  1617  1781 D WM-GreedyScheduler: Starting work for acf77f1f-3e70-4f30-aa1a-493264e0889c
01-09 11:49:35.492  1617  2005 I PickerSyncTracker: Created new sync future java.util.concurrent.CompletableFuture@47b27bd[Not completed, 1 dependents]. Future map: {0984e71b-5e2d-4de0-bb9f-6aeb4dcb2980=java.util.concurrent.CompletableFuture@47b27bd[Not completed, 1 dependents]}
01-09 11:49:35.494   660   750 W ProcessStats: Tracking association SourceState{1cabbcf com.google.android.providers.media.module/10207 BFgs #3724} whose proc state 4 is better than process ProcessState{e2827c3 com.google.android.apps.photos/10170 pkg=com.google.android.apps.photos} proc state 15 (1 skipped)
01-09 11:49:35.501  1617  1617 D WM-SystemJobService: onStartJob for WorkGenerationalId(workSpecId=acf77f1f-3e70-4f30-aa1a-493264e0889c, generation=0)
01-09 11:49:35.506  3201  3207 W oid.apps.photos: Reducing the number of considered missed Gc histogram windows from 131 to 100
01-09 11:49:35.512  1617  4545 I PickerSyncTracker: Created new sync future java.util.concurrent.CompletableFuture@fe11503[Not completed, 1 dependents]. Future map: {9e6a0e28-b3da-45ce-b5c1-13cde3f253a3=java.util.concurrent.CompletableFuture@fe11503[Not completed, 1 dependents], 0984e71b-5e2d-4de0-bb9f-6aeb4dcb2980=java.util.concurrent.CompletableFuture@47b27bd[Not completed, 1 dependents]}
01-09 11:49:35.513  1617  1781 D WM-Processor: Processor: processing WorkGenerationalId(workSpecId=acf77f1f-3e70-4f30-aa1a-493264e0889c, generation=0)
01-09 11:49:35.516  1617  1781 D WM-SystemJobScheduler: Scheduling work ID 0984e71b-5e2d-4de0-bb9f-6aeb4dcb2980Job ID 98
01-09 11:49:35.518  1617  1617 D WM-SystemJobService: onStartJob for WorkGenerationalId(workSpecId=0984e71b-5e2d-4de0-bb9f-6aeb4dcb2980, generation=0)
01-09 11:49:35.519  1617  1781 D WM-GreedyScheduler: Ignoring {WorkSpec: 44df8988-83ba-4212-a0d9-1caa12839ee8}. Requires device idle.
01-09 11:49:35.519  1617  1781 D WM-GreedyScheduler: Ignoring {WorkSpec: dc2b16e3-8105-45d8-926a-2f24299e1717}. Requires device idle.
01-09 11:49:35.519  1617  1781 D WM-GreedyScheduler: Starting work for 0984e71b-5e2d-4de0-bb9f-6aeb4dcb2980
01-09 11:49:35.519  1617  2005 I PickerSyncTracker: Created new sync future java.util.concurrent.CompletableFuture@f0d36fe[Not completed, 1 dependents]. Future map: {ca4a03f0-244f-4312-a820-f670b8a30835=java.util.concurrent.CompletableFuture@f0d36fe[Not completed, 1 dependents]}
01-09 11:49:35.519  1617  1781 D WM-Processor: Work WorkGenerationalId(workSpecId=acf77f1f-3e70-4f30-aa1a-493264e0889c, generation=0) is already enqueued for processing
01-09 11:49:35.520  1617  4545 I PickerSyncTracker: Created new sync future java.util.concurrent.CompletableFuture@9c49175[Not completed, 1 dependents]. Future map: {ca4a03f0-244f-4312-a820-f670b8a30835=java.util.concurrent.CompletableFuture@f0d36fe[Not completed, 1 dependents], 8bc8a1bc-3b14-4aa7-bcbb-a241586bec8e=java.util.concurrent.CompletableFuture@9c49175[Not completed, 1 dependents]}
01-09 11:49:35.523  1617  1617 D WM-WorkerWrapper: Starting work for com.android.providers.media.photopicker.sync.ImmediateGrantsSyncWorker
01-09 11:49:35.523  1617  1781 D WM-Processor: Processor: processing WorkGenerationalId(workSpecId=0984e71b-5e2d-4de0-bb9f-6aeb4dcb2980, generation=0)
01-09 11:49:35.524  1617  1781 D WM-Processor: Work WorkGenerationalId(workSpecId=0984e71b-5e2d-4de0-bb9f-6aeb4dcb2980, generation=0) is already enqueued for processing
01-09 11:49:35.524  3143  3143 V PhotopickerDataService: Created a media paging source that queries [Provider(authority=com.android.providers.media.photopicker, mediaSource=LOCAL, uid=10207, displayName=Media picker)]
01-09 11:49:35.524  1617  3944 I ISyncGrantsWorker: Starting immediate picker grants sync from external database.
01-09 11:49:35.525  1617  3944 D PickerDbFacade: Clearing all picker database grants for calling package.
01-09 11:49:35.526  1617  3431 D PickerSyncLockManager: Trying to acquire lock com.android.providers.media.photopicker.sync.CloseableReentrantLock@5e2f9b1[Unlocked]. Lock Name = CLOUD_PROVIDER_LOCK. Threads that may be waiting to acquire this lock = [] with timeout.
01-09 11:49:35.526  1617  3431 D CloseableReentrantLock: Successfully acquired lock com.android.providers.media.photopicker.sync.CloseableReentrantLock@5e2f9b1[Locked by thread binder:1617_5]. Lock Name = CLOUD_PROVIDER_LOCK. Threads that may be waiting to acquire this lock = []
01-09 11:49:35.526  1617  3431 D CloseableReentrantLock: Successfully released lock com.android.providers.media.photopicker.sync.CloseableReentrantLock@5e2f9b1[Unlocked]. Lock Name = CLOUD_PROVIDER_LOCK. Threads that may be waiting to acquire this lock = []
01-09 11:49:35.526  1617  3431 D PickerSyncTracker: Flushing all complete futures: {9e6a0e28-b3da-45ce-b5c1-13cde3f253a3=java.util.concurrent.CompletableFuture@fe11503[Not completed, 1 dependents], 0984e71b-5e2d-4de0-bb9f-6aeb4dcb2980=java.util.concurrent.CompletableFuture@47b27bd[Not completed, 1 dependents]}
01-09 11:49:35.526  1617  3431 I PickerSyncTracker: Returning pending sync future map: {9e6a0e28-b3da-45ce-b5c1-13cde3f253a3=java.util.concurrent.CompletableFuture@fe11503[Not completed, 1 dependents], 0984e71b-5e2d-4de0-bb9f-6aeb4dcb2980=java.util.concurrent.CompletableFuture@47b27bd[Not completed, 1 dependents]}
01-09 11:49:35.526  1617  3944 I PickerSyncController: Successfully executed clear grants operation. Result count: 0
01-09 11:49:35.526  1617  3944 I ISyncGrantsWorker: Completed immediate picker grants sync from external database. 
01-09 11:49:35.527  1617  3944 I PickerSyncTracker: Marked sync future complete for work id: acf77f1f-3e70-4f30-aa1a-493264e0889c. Future map: {8c745a6c-d866-4738-90c4-8a0db793eb97=java.util.concurrent.CompletableFuture@917c481[Not completed, 1 dependents]}
01-09 11:49:35.527  1617  1781 D WM-SystemJobScheduler: Scheduling work ID ca4a03f0-244f-4312-a820-f670b8a30835Job ID 99
01-09 11:49:35.527   915  6730 V WindowManagerShell: onTransitionReady(transaction=2834678416682)
