--------- beginning of system
01-09 11:49:03.928   660   892 W ActivityTaskManager: callingPackage for (uid=2000, pid=6727) has no WPC
--------- beginning of main
01-09 11:49:03.932   660   892 V GrammaticalInflectionUtils: AttributionSource: android.content.AttributionSource@6f000d82 does not have READ_SYSTEM_GRAMMATICAL_GENDER permission.
01-09 11:49:03.932   660   892 W OptProp : Cannot read opt property android.window.PROPERTY_COMPAT_ALLOW_USER_ASPECT_RATIO_OVERRIDE
01-09 11:49:03.932   660   892 W OptProp : Cannot read opt property android.window.PROPERTY_COMPAT_ALLOW_USER_ASPECT_RATIO_FULLSCREEN_OVERRIDE
01-09 11:49:03.933   660   892 W OptProp : Cannot read opt property android.window.PROPERTY_COMPAT_ALLOW_RESIZEABLE_ACTIVITY_OVERRIDES
01-09 11:49:03.933   660   892 W OptProp : Cannot read opt property android.window.PROPERTY_COMPAT_ALLOW_MIN_ASPECT_RATIO_OVERRIDE
01-09 11:49:03.934   660   892 W OptProp : Cannot read opt property android.window.PROPERTY_COMPAT_ALLOW_ORIENTATION_OVERRIDE
01-09 11:49:03.934   505   553 I BpBinder: onLastStrongRef automatically unlinking death recipients: 
01-09 11:49:03.937   915  1113 I ndroid.systemui: AssetManager2(0xb4000072b37afaf8) locale list changing from [] to [en-US]
01-09 11:49:03.937   660   892 I ActivityTaskManager: START u0 {flg=0x10000000 xflg=0x5 cmp=com.gustavo.fitai/.MainActivity} with LAUNCH_SINGLE_TASK from uid 2000 (BAL_ALLOW_PERMISSION) result code=0
01-09 11:49:03.938   660   892 D CompatChangeReporter: Compat change id reported: 377864165; UID 10214; state: ENABLED
01-09 11:49:03.941   660   705 V GrammaticalInflectionUtils: AttributionSource: android.content.AttributionSource@6f000d82 does not have READ_SYSTEM_GRAMMATICAL_GENDER permission.
01-09 11:49:03.942   915  1032 V WindowManagerShell: Transition requested (#38): android.os.BinderProxy@6eb2bcb TransitionRequestInfo { type = OPEN, triggerTask = TaskInfo{userId=0 taskId=39 effectiveUid=10214 displayId=0 isRunning=true baseIntent=Intent { flg=0x10000000 cmp=com.gustavo.fitai/.MainActivity } baseActivity=ComponentInfo{com.gustavo.fitai/com.gustavo.fitai.MainActivity} topActivity=ComponentInfo{com.gustavo.fitai/com.gustavo.fitai.MainActivity} origActivity=null realActivity=ComponentInfo{com.gustavo.fitai/com.gustavo.fitai.MainActivity} numActivities=1 lastActiveTime=1729551 supportsMultiWindow=true resizeMode=1 isResizeable=true minWidth=-1 minHeight=-1 defaultMinSize=220 token=WCT{android.window.IWindowContainerToken$Stub$Proxy@1d6425} topActivityType=1 pictureInPictureParams=null shouldDockBigOverlays=false launchIntoPipHostTaskId=-1 lastParentTaskIdBeforePip=-1 displayCutoutSafeInsets=Rect(0, 142 - 0, 0) topActivityInfo=ActivityInfo{aa519fa com.gustavo.fitai.MainActivity} launchCookies=[] positionInParent=Point(0, 0) parentTaskId=-1 isFocused=false isVisible=false isVisibleRequested=false isTopActivityNoDisplay=false isSleeping=false locusId=null displayAreaFeatureId=1 isTopActivityTransparent=false isActivityStackTransparent=false lastNonFullscreenBounds=Rect(278, 711 - 803, 1791) capturedLink=null capturedLinkTimestamp=0 requestedVisibleTypes=-9 topActivityRequestOpenInBrowserEducationTimestamp=0 appCompatTaskInfo=AppCompatTaskInfo { topActivityInSizeCompat=false eligibleForLetterboxEducation= false isLetterboxEducationEnabled= true isLetterboxDoubleTapEnabled= false eligibleForUserAspectRatioButton= false topActivityBoundsLetterboxed= false isFromLetterboxDoubleTap= false topActivityLetterboxVerticalPosition= -1 topActivityLetterboxHorizontalPosition= -1 topActivityLetterboxWidth=-1 topActivityLetterboxHeight=-1 topActivityAppBounds=Rect(0, 0 - 1080, 2424) isUserFullscreenOverrideEnabled=false isSystemFullscreenOverrideEnabled=false hasMinAspectRatioOverride=false topActivityLetterboxBounds=null cameraCompatTaskInfo=CameraCompatTaskInfo { freeformCameraCompatMode=inactive}} topActivityMainWindowFrame=null}, pipChange = null, remoteTransition = null, displayChange = null, flags = 0, debugId = 38 }
01-09 11:49:03.944   915  1032 D ShellSplitScreen: logExit: no-op, mLoggerSessionId is null
01-09 11:49:03.946  1035  1035 W SplitSelectStateCtor: Missing session instanceIds
01-09 11:49:03.946  1035  1035 D StatsLog: LAUNCHER_SPLIT_SELECTION_EXIT_INTERRUPTED
01-09 11:49:03.952   915  1114 W HWUI    : Image decoding logging dropped!
01-09 11:49:03.955   505   505 I BpBinder: onLastStrongRef automatically unlinking death recipients: 
01-09 11:49:03.959   915  1114 W HWUI    : Image decoding logging dropped!
01-09 11:49:03.961   915  1032 D WindowManagerShell: setLauncherKeepClearAreaHeight: visible=false, height=527
01-09 11:49:03.961   660   870 D BackgroundInstallControlService: Package event received: 0
01-09 11:49:03.963   660   705 W IPCThreadState: Sending oneway calls to frozen process.
01-09 11:49:03.964   660   705 W IPCThreadState: Sending oneway calls to frozen process.
01-09 11:49:03.965   660   705 W IPCThreadState: Sending oneway calls to frozen process.
01-09 11:49:03.965   660   705 W IPCThreadState: Sending oneway calls to frozen process.
01-09 11:49:03.965   660   705 W IPCThreadState: Sending oneway calls to frozen process.
01-09 11:49:03.965   660   705 W IPCThreadState: Sending oneway calls to frozen process.
01-09 11:49:03.965   660   705 W IPCThreadState: Sending oneway calls to frozen process.
01-09 11:49:03.965   660   705 W IPCThreadState: Sending oneway calls to frozen process.
01-09 11:49:03.965   660   705 W IPCThreadState: Sending oneway calls to frozen process.
01-09 11:49:03.965   660   705 W IPCThreadState: Sending oneway calls to frozen process.
01-09 11:49:03.965   660   705 W IPCThreadState: Sending oneway calls to frozen process.
01-09 11:49:03.965   660   705 W IPCThreadState: Sending oneway calls to frozen process.
01-09 11:49:03.965   660   705 W IPCThreadState: Sending oneway calls to frozen process.
01-09 11:49:03.965   660   705 W IPCThreadState: Sending oneway calls to frozen process.
01-09 11:49:03.965   660   705 W IPCThreadState: Sending oneway calls to frozen process.
01-09 11:49:03.965   660   705 W IPCThreadState: Sending oneway calls to frozen process.
01-09 11:49:03.965   660   705 W IPCThreadState: Sending oneway calls to frozen process.
01-09 11:49:03.965   660   705 W IPCThreadState: Sending oneway calls to frozen process.
01-09 11:49:03.965   660   705 W IPCThreadState: Sending oneway calls to frozen process.
01-09 11:49:03.965   660   705 W IPCThreadState: Sending oneway calls to frozen process.
01-09 11:49:03.965   660   705 W IPCThreadState: Sending oneway calls to frozen process.
01-09 11:49:03.965   660   705 W IPCThreadState: Sending oneway calls to frozen process.
01-09 11:49:03.965   660   705 W IPCThreadState: Sending oneway calls to frozen process.
01-09 11:49:03.965   660   705 W IPCThreadState: Sending oneway calls to frozen process.
01-09 11:49:03.965   660   705 W IPCThreadState: Sending oneway calls to frozen process.
01-09 11:49:03.965   660   705 W IPCThreadState: Sending oneway calls to frozen process.
01-09 11:49:03.965   660   705 W IPCThreadState: Sending oneway calls to frozen process.
01-09 11:49:03.966   660   705 W IPCThreadState: Sending oneway calls to frozen process.
01-09 11:49:03.966   660   705 W IPCThreadState: Sending oneway calls to frozen process.
01-09 11:49:03.966   660   705 W IPCThreadState: Sending oneway calls to frozen process.
01-09 11:49:03.967   453   453 D Zygote  : Forked child process 6731
01-09 11:49:03.970   660   712 I ActivityManager: Start proc 6731:com.gustavo.fitai/u0a214 for next-top-activity {com.gustavo.fitai/com.gustavo.fitai.MainActivity}
01-09 11:49:03.970   660   712 I ActivityManager: ProcessObserver broadcast disabled
01-09 11:49:03.990  6731  6731 I m.gustavo.fitai: Late-enabling -Xcheck:jni
01-09 11:49:04.000   660   702 V WindowManager: Sent Transition (#38) createdAt=01-09 11:49:03.933 via request=TransitionRequestInfo { type = OPEN, triggerTask = TaskInfo{userId=0 taskId=39 effectiveUid=10214 displayId=0 isRunning=true baseIntent=Intent { flg=0x10000000 cmp=com.gustavo.fitai/.MainActivity } baseActivity=ComponentInfo{com.gustavo.fitai/com.gustavo.fitai.MainActivity} topActivity=ComponentInfo{com.gustavo.fitai/com.gustavo.fitai.MainActivity} origActivity=null realActivity=ComponentInfo{com.gustavo.fitai/com.gustavo.fitai.MainActivity} numActivities=1 lastActiveTime=1729551 supportsMultiWindow=true resizeMode=1 isResizeable=true minWidth=-1 minHeight=-1 defaultMinSize=220 token=WCT{RemoteToken{8cf2bc5 Task{6bf0a36 #39 type=standard A=10214:com.gustavo.fitai}}} topActivityType=1 pictureInPictureParams=null shouldDockBigOverlays=false launchIntoPipHostTaskId=-1 lastParentTaskIdBeforePip=-1 displayCutoutSafeInsets=Rect(0, 142 - 0, 0) topActivityInfo=ActivityInfo{ee9d91a com.gustavo.fitai.MainActivity} launchCookies=[] positionInParent=Point(0, 0) parentTaskId=-1 isFocused=false isVisible=false isVisibleRequested=false isTopActivityNoDisplay=false isSleeping=false locusId=null displayAreaFeatureId=1 isTopActivityTransparent=false isActivityStackTransparent=false lastNonFullscreenBounds=Rect(278, 711 - 803, 1791) capturedLink=null capturedLinkTimestamp=0 requestedVisibleTypes=-9 topActivityRequestOpenInBrowserEducationTimestamp=0 appCompatTaskInfo=AppCompatTaskInfo { topActivityInSizeCompat=false eligibleForLetterboxEducation= false isLetterboxEducationEnabled= true isLetterboxDoubleTapEnabled= false eligibleForUserAspectRatioButton= false topActivityBoundsLetterboxed= false isFromLetterboxDoubleTap= false topActivityLetterboxVerticalPosition= -1 topActivityLetterboxHorizontalPosition= -1 topActivityLetterboxWidth=-1 topActivityLetterboxHeight=-1 topActivityAppBounds=Rect(0, 0 - 1080, 2424) isUserFullscreenOverrideEnabled=false isSystemFullscreenOverrideEnabled=false hasMinAspectRatioOverride=false topActivityLetterboxBounds=null cameraCompatTaskInfo=CameraCompatTaskInfo { freeformCameraCompatMode=inactive}} topActivityMainWindowFrame=null}, pipChange = null, remoteTransition = null, displayChange = null, flags = 0, debugId = 38 }
01-09 11:49:04.000   660   702 V WindowManager:     startWCT=WindowContainerTransaction { changes= {} hops= [] errorCallbackToken=null taskFragmentOrganizer=null }
01-09 11:49:04.000   915  3734 V WindowManagerShell: onTransitionReady(transaction=2834678416638)
01-09 11:49:04.000   915  1032 V WindowManagerShell: onTransitionReady (#38) android.os.BinderProxy@6eb2bcb: {id=38 t=OPEN f=0x0 trk=0 r=[0@Point(0, 0)] c=[
01-09 11:49:04.000   915  1032 V WindowManagerShell:         {m=OPEN f=NONE leash=Surface(name=Task=39)/@0x4d95b50 sb=Rect(0, 0 - 1080, 2424) eb=Rect(0, 0 - 1080, 2424) epz=Point(1080, 2424) d=0 taskParent=-1},
01-09 11:49:04.000   915  1032 V WindowManagerShell:         {m=TO_BACK f=SHOW_WALLPAPER leash=Surface(name=Task=1)/@0xa3e7149 sb=Rect(0, 0 - 1080, 2424) eb=Rect(0, 0 - 1080, 2424) epz=Point(1080, 2424) d=0 taskParent=-1},
01-09 11:49:04.000   915  1032 V WindowManagerShell:         {m=TO_BACK f=IS_WALLPAPER leash=Surface(name=WallpaperWindowToken{11df43c showWhenLocked=false})/@0xa90aa4e sb=Rect(0, 0 - 1080, 2424) eb=Rect(0, 0 - 1080, 2424) epz=Point(1080, 2424) d=0}
01-09 11:49:04.000   915  1032 V WindowManagerShell:     ]}
01-09 11:49:04.001   915  1032 V WindowManagerShell: Playing animation for (#38) android.os.BinderProxy@6eb2bcb@0
01-09 11:49:04.001   915  1032 V ShellRecents: RecentsTransitionHandler.startAnimation: no controller found
01-09 11:49:04.001   915  1032 V WindowManagerShell: Transition doesn't have explicit remote, search filters for match for {id=38 t=OPEN f=0x0 trk=0 r=[0@Point(0, 0)] c=[{m=OPEN f=NONE leash=Surface(name=Task=39)/@0x4d95b50 sb=Rect(0, 0 - 1080, 2424) eb=Rect(0, 0 - 1080, 2424) epz=Point(1080, 2424) d=0 taskParent=-1},{m=TO_BACK f=SHOW_WALLPAPER leash=Surface(name=Task=1)/@0xa3e7149 sb=Rect(0, 0 - 1080, 2424) eb=Rect(0, 0 - 1080, 2424) epz=Point(1080, 2424) d=0 taskParent=-1},{m=TO_BACK f=IS_WALLPAPER leash=Surface(name=WallpaperWindowToken{11df43c showWhenLocked=false})/@0xa90aa4e sb=Rect(0, 0 - 1080, 2424) eb=Rect(0, 0 - 1080, 2424) epz=Point(1080, 2424) d=0}]}
01-09 11:49:04.001   915  1032 V WindowManagerShell:  Checking filter Pair{{types=[] flags=0x0] notFlags=0x0 checks=[{atype=undefined independent=true modes=[CLOSE,TO_BACK] flags=IN_TASK_WITH_EMBEDDED_ACTIVITY mustBeTask=false order=ANY topActivity=null launchCookie=null taskFragmentToken=android.os.BinderProxy@fa35851 windowingMode=undefined}]} RemoteTransition { remoteTransition = android.window.IRemoteTransition$Stub$Proxy@d1b78b6, appThread = android.app.IApplicationThread$Stub$Proxy@63e09b7, debugName = overlayBackTransition }}
01-09 11:49:04.001   915  1032 V WindowManagerShell:  Checking filter Pair{{types=[] flags=0x0] notFlags=0x0 checks=[{atype=dream independent=true modes=[OPEN,TO_FRONT] flags=NONE mustBeTask=false order=ANY topActivity=null launchCookie=null windowingMode=undefined},{atype=home independent=true modes=[CLOSE,TO_BACK] flags=NONE mustBeTask=false order=ANY topActivity=null launchCookie=null windowingMode=undefined}]} RemoteTransition { remoteTransition = android.window.IRemoteTransition$Stub$Proxy@9ea1524, appThread = android.app.IApplicationThread$Stub$Proxy@8f4288d, debugName = LauncherToDream }}
01-09 11:49:04.001   915  1032 V WindowManagerShell:  Checking filter Pair{{types=[] flags=0x0] notFlags=0x100 checks=[{atype=home independent=true modes=[OPEN,TO_FRONT] flags=NONE mustBeTask=false order=TOP topActivity=ComponentInfo{com.google.android.apps.nexuslauncher/com.google.android.apps.nexuslauncher.NexusLauncherActivity} launchCookie=null windowingMode=undefined},{atype=standard independent=true modes=[CLOSE,TO_BACK] flags=NONE mustBeTask=false order=ANY topActivity=null launchCookie=null windowingMode=undefined},{NOT atype=undefined independent=true modes=[] flags=NONE mustBeTask=true order=ANY topActivity=null launchCookie=null customAnim=true windowingMode=undefined}]} RemoteTransition { remoteTransition = android.window.IRemoteTransition$Stub$Proxy@e5e6a42, appThread = android.app.IApplicationThread$Stub$Proxy@39f8a53, debugName = QuickstepLaunchHome }}
01-09 11:49:04.001   915  1032 V WindowManagerShell:  Delegate animation for (#38) to null
01-09 11:49:04.001   915  1032 V WindowManagerShell: start default transition animation, info = {id=38 t=OPEN f=0x0 trk=0 r=[0@Point(0, 0)] c=[{m=OPEN f=NONE leash=Surface(name=Task=39)/@0x4d95b50 sb=Rect(0, 0 - 1080, 2424) eb=Rect(0, 0 - 1080, 2424) epz=Point(1080, 2424) d=0 taskParent=-1},{m=TO_BACK f=SHOW_WALLPAPER leash=Surface(name=Task=1)/@0xa3e7149 sb=Rect(0, 0 - 1080, 2424) eb=Rect(0, 0 - 1080, 2424) epz=Point(1080, 2424) d=0 taskParent=-1},{m=TO_BACK f=IS_WALLPAPER leash=Surface(name=WallpaperWindowToken{11df43c showWhenLocked=false})/@0xa90aa4e sb=Rect(0, 0 - 1080, 2424) eb=Rect(0, 0 - 1080, 2424) epz=Point(1080, 2424) d=0}]}
01-09 11:49:04.001   660   702 V WindowManager:     info={id=38 t=OPEN f=0x0 trk=0 r=[0@Point(0, 0)] c=[
01-09 11:49:04.001   660   702 V WindowManager:         {WCT{RemoteToken{8cf2bc5 Task{6bf0a36 #39 type=standard A=10214:com.gustavo.fitai}}} m=OPEN f=NONE leash=Surface(name=Task=39)/@0xb635c2f sb=Rect(0, 0 - 1080, 2424) eb=Rect(0, 0 - 1080, 2424) epz=Point(1080, 2424) d=0 taskParent=-1},
01-09 11:49:04.001   660   702 V WindowManager:         {WCT{RemoteToken{5fa11b5 Task{9bb366c #1 type=home}}} m=TO_BACK f=SHOW_WALLPAPER leash=Surface(name=Task=1)/@0xf587e78 sb=Rect(0, 0 - 1080, 2424) eb=Rect(0, 0 - 1080, 2424) epz=Point(1080, 2424) d=0 taskParent=-1},
01-09 11:49:04.001   660   702 V WindowManager:         {m=TO_BACK f=IS_WALLPAPER leash=Surface(name=WallpaperWindowToken{11df43c showWhenLocked=false})/@0xb31b3db sb=Rect(0, 0 - 1080, 2424) eb=Rect(0, 0 - 1080, 2424) epz=Point(1080, 2424) d=0}
01-09 11:49:04.001   660   702 V WindowManager:     ]}
01-09 11:49:04.002   915  1032 V WindowManagerShell: loadAnimation: anim=android.view.animation.AnimationSet@511d5a animAttr=0x13 type=OPEN isEntrance=false
01-09 11:49:04.004   915  1032 V WindowManagerShell: loadAnimation: anim=android.view.animation.AnimationSet@573b526 animAttr=0x12 type=OPEN isEntrance=true
01-09 11:49:04.004   915  1032 V WindowManagerShell:  animated by com.android.wm.shell.transition.DefaultTransitionHandler@5ba8d98
01-09 11:49:04.016  6731  6731 I m.gustavo.fitai: Using CollectorTypeCMC GC.
01-09 11:49:04.054   509   548 I adbd    : jdwp connection from 6731
01-09 11:49:04.085  6731  6731 D nativeloader: Load libframework-connectivity-tiramisu-jni.so using APEX ns com_android_tethering for caller /apex/com.android.tethering/javalib/framework-connectivity-t.jar: ok
01-09 11:49:04.110   660   870 D BackgroundInstallControlService: Package event received: 0
01-09 11:49:04.203  6731  6731 D nativeloader: Configuring clns-9 for other apk /data/app/~~jG8TbJj3Q28hwwKjpTfinA==/com.gustavo.fitai-7U9m8_TdG7tM0cirV_Rsog==/base.apk. target_sdk_version=36, uses_libraries=, library_path=/data/app/~~jG8TbJj3Q28hwwKjpTfinA==/com.gustavo.fitai-7U9m8_TdG7tM0cirV_Rsog==/lib/arm64, permitted_path=/data:/mnt/expand:/data/user/0/com.gustavo.fitai
01-09 11:49:04.207  6731  6731 I m.gustavo.fitai: AssetManager2(0xb4000072b37af7d8) locale list changing from [] to [en-US]
01-09 11:49:04.213  6731  6731 V GraphicsEnvironment: Currently set values for:
01-09 11:49:04.213  6731  6731 V GraphicsEnvironment:   angle_gl_driver_selection_pkgs=[]
01-09 11:49:04.213  6731  6731 V GraphicsEnvironment:   angle_gl_driver_selection_values=[]
01-09 11:49:04.213  6731  6731 V GraphicsEnvironment: com.gustavo.fitai is not listed in per-application setting
01-09 11:49:04.213  6731  6731 V GraphicsEnvironment: ANGLE allowlist from config: com.dreamgames.royalmatch com.dts.freefiremax com.dxx.firenow com.gramgames.mergedragons com.ludo.king com.mojang.minecraftpe com.my.defense com.nintendo.zaka com.os.airforce com.playrix.fishdomdd.gplay io.teslatech.callbreak jp.konami.prospia net.peakgames.toonblast
01-09 11:49:04.213  6731  6731 V GraphicsEnvironment: com.gustavo.fitai is not listed in ANGLE allowlist or settings, returning default
01-09 11:49:04.213  6731  6731 V GraphicsEnvironment: Neither updatable production driver nor prerelease driver is supported.
01-09 11:49:04.224   660   684 W OptProp : Cannot read opt property android.window.PROPERTY_COMPAT_ENABLE_FAKE_FOCUS
01-09 11:49:04.226   660   870 D BackgroundInstallControlService: Package event received: 0
01-09 11:49:04.226   660   870 D BackgroundInstallControlService: Package event received: 0
01-09 11:49:04.228  6731  6746 I DisplayManager: Choreographer implicitly registered for the refresh rate.
01-09 11:49:04.229  6731  6731 I m.gustavo.fitai: AssetManager2(0xb4000072b37afe18) locale list changing from [] to [en-US]
01-09 11:49:04.245  6731  6731 D AppCompatDelegate: Checking for metadata for AppLocalesMetadataHolderService : Service not found
01-09 11:49:04.245  6731  6731 I m.gustavo.fitai: AssetManager2(0xb4000072b37ab638) locale list changing from [] to [en-US]
01-09 11:49:04.249  6731  6731 E ashmem  : Pinning is deprecated since Android Q. Please use trim or other methods.
01-09 11:49:04.266  6731  6746 I EGL_emulation: Opening libGLESv1_CM_emulation.so
01-09 11:49:04.266  6731  6746 I EGL_emulation: Opening libGLESv2_emulation.so
01-09 11:49:04.270  6731  6746 W HWUI    : Failed to choose config with EGL_SWAP_BEHAVIOR_PRESERVED, retrying without...
01-09 11:49:04.270  6731  6746 W HWUI    : Failed to initialize 101010-2 format, error = EGL_SUCCESS
01-09 11:49:04.271  6731  6731 D CompatChangeReporter: Compat change id reported: 377864165; UID 10214; state: ENABLED
01-09 11:49:04.272  6731  6731 D DesktopModeFlags: Toggle override initialized to: OVERRIDE_UNSET
01-09 11:49:04.286  6731  6731 I m.gustavo.fitai: hiddenapi: Accessing hidden method Landroid/view/ViewGroup;->makeOptionalFitsSystemWindows()V (runtime_flags=0, domain=platform, api=unsupported) from Landroidx/appcompat/widget/ViewUtils; (domain=app) using reflection: allowed
01-09 11:49:04.290   915  1032 V WindowManagerShell: Transition animation finished (aborted=false), notifying core (#38) android.os.BinderProxy@6eb2bcb@0
01-09 11:49:04.291   660   702 V WindowManager: Finish Transition (#38): created at 01-09 11:49:03.933 collect-started=0.036ms request-sent=3.937ms started=16.683ms ready=65.552ms sent=66.685ms commit=8.739ms finished=357.905ms
01-09 11:49:04.291  1035  1035 D VRI[NexusLauncherActivity]: visibilityChanged oldVisibility=true newVisibility=false
01-09 11:49:04.292   915  1032 V WindowManagerShell: Track 0 became idle
01-09 11:49:04.292   915  1032 V WindowManagerShell: All active transition animations finished
01-09 11:49:04.292  6731  6731 I m.gustavo.fitai: AssetManager2(0xb4000072b37a7498) locale list changing from [] to [en-US]
01-09 11:49:04.293  6731  6731 I WebViewFactory: Loading com.google.android.webview version 133.0.6943.137 (code 694313732)
01-09 11:49:04.293  6731  6731 I m.gustavo.fitai: AssetManager2(0xb4000072b37aa378) locale list changing from [] to [en-US]
01-09 11:49:04.294  6731  6731 I m.gustavo.fitai: AssetManager2(0xb4000072b37ae838) locale list changing from [] to [en-US]
01-09 11:49:04.294  6731  6731 I m.gustavo.fitai: AssetManager2(0xb4000072b37aacd8) locale list changing from [] to [en-US]
01-09 11:49:04.294  6731  6731 I m.gustavo.fitai: AssetManager2(0xb4000072b37abf98) locale list changing from [] to [en-US]
01-09 11:49:04.295  6731  6731 V ResourcesManager: The following library key has been added: ResourcesKey{ mHash=741d799f mResDir=null mSplitDirs=[] mOverlayDirs=[] mLibDirs=[/data/app/~~F4PJQn9Z8Xd96yVC9-N95A==/com.google.android.webview-bbfcoPg-Oz3fxCAavLIGhA==/WebViewGoogle.apk,/data/app/~~Nzz7FEiOIVbTdnTJvXBdFQ==/com.google.android.trichromelibrary_694313732-FS-rZabC_YKZJ_wQdp4_dg==/TrichromeLibrary.apk,/system_ext/framework/androidx.window.extensions.jar] mDisplayId=0 mOverrideConfig=v36 mCompatInfo={420dpi always-compat} mLoaders=[]}
01-09 11:49:04.295  6731  6731 W m.gustavo.fitai: Failed to find entry 'classes.dex': Entry not found
01-09 11:49:04.297  6731  6731 D nativeloader: Configuring clns-10 for other apk /data/app/~~Nzz7FEiOIVbTdnTJvXBdFQ==/com.google.android.trichromelibrary_694313732-FS-rZabC_YKZJ_wQdp4_dg==/TrichromeLibrary.apk. target_sdk_version=34, uses_libraries=ALL, library_path=/data/app/~~F4PJQn9Z8Xd96yVC9-N95A==/com.google.android.webview-bbfcoPg-Oz3fxCAavLIGhA==/lib/arm64:/data/app/~~F4PJQn9Z8Xd96yVC9-N95A==/com.google.android.webview-bbfcoPg-Oz3fxCAavLIGhA==/WebViewGoogle.apk!/lib/arm64-v8a:/data/app/~~Nzz7FEiOIVbTdnTJvXBdFQ==/com.google.android.trichromelibrary_694313732-FS-rZabC_YKZJ_wQdp4_dg==/TrichromeLibrary.apk!/lib/arm64-v8a, permitted_path=/data:/mnt/expand
01-09 11:49:04.297  6731  6731 D ApplicationLoaders: Returning zygote-cached class loader: /system_ext/framework/androidx.window.extensions.jar
01-09 11:49:04.299  6731  6731 D nativeloader: Configuring clns-11 for other apk /data/app/~~F4PJQn9Z8Xd96yVC9-N95A==/com.google.android.webview-bbfcoPg-Oz3fxCAavLIGhA==/WebViewGoogle.apk. target_sdk_version=34, uses_libraries=, library_path=/data/app/~~F4PJQn9Z8Xd96yVC9-N95A==/com.google.android.webview-bbfcoPg-Oz3fxCAavLIGhA==/lib/arm64:/data/app/~~F4PJQn9Z8Xd96yVC9-N95A==/com.google.android.webview-bbfcoPg-Oz3fxCAavLIGhA==/WebViewGoogle.apk!/lib/arm64-v8a:/data/app/~~Nzz7FEiOIVbTdnTJvXBdFQ==/com.google.android.trichromelibrary_694313732-FS-rZabC_YKZJ_wQdp4_dg==/TrichromeLibrary.apk!/lib/arm64-v8a, permitted_path=/data:/mnt/expand
01-09 11:49:04.305  1035  1035 D NexusLauncherModelDelegate: notifySmartspaceEvent: SmartspaceTargetEvent{mSmartspaceTarget=null, mSmartspaceActionId='null', mEventType=7}
01-09 11:49:04.333  6731  6731 I cr_WVCFactoryProvider: version=133.0.6943.137 (694313732) minSdkVersion=29 isBundle=false multiprocess=true packageId=2
01-09 11:49:04.334  6731  6731 I m.gustavo.fitai: AssetManager2(0xb4000072b37a9d38) locale list changing from [] to [en-US]
01-09 11:49:04.346  6731  6731 D nativeloader: Load /data/app/~~Nzz7FEiOIVbTdnTJvXBdFQ==/com.google.android.trichromelibrary_694313732-FS-rZabC_YKZJ_wQdp4_dg==/TrichromeLibrary.apk!/lib/arm64-v8a/libmonochrome_64.so using class loader ns clns-11 (caller=/data/app/~~F4PJQn9Z8Xd96yVC9-N95A==/com.google.android.webview-bbfcoPg-Oz3fxCAavLIGhA==/WebViewGoogle.apk): ok
01-09 11:49:04.352  6731  6731 D nativeloader: Load /system/lib64/libwebviewchromium_plat_support.so using class loader ns clns-11 (caller=/data/app/~~F4PJQn9Z8Xd96yVC9-N95A==/com.google.android.webview-bbfcoPg-Oz3fxCAavLIGhA==/WebViewGoogle.apk): ok
01-09 11:49:04.359  6731  6751 E chromium: [0109/114904.357823:ERROR:variations_seed_loader.cc(39)] Seed missing signature.
01-09 11:49:04.360  6731  6751 I chromium: [0109/114904.360053:INFO:variations_seed_loader.cc(67)] Failed to open file for reading.: No such file or directory (2)
01-09 11:49:04.371  6731  6731 I cr_LibraryLoader: Successfully loaded native library
01-09 11:49:04.375  6731  6731 I cr_CachingUmaRecorder: Flushed 6 samples from 6 histograms, 0 samples were dropped.
01-09 11:49:04.380  6731  6731 I cr_CombinedPProvider: #registerProvider() provider:WV.C8@d823f71 isPolicyCacheEnabled:false policyProvidersSize:0
01-09 11:49:04.381  6731  6731 I cr_PolicyProvider: #setManagerAndSource() 0
01-09 11:49:04.383   660   892 V GrammaticalInflectionUtils: AttributionSource: android.content.AttributionSource@4c5db9aa does not have READ_SYSTEM_GRAMMATICAL_GENDER permission.
01-09 11:49:04.387  1010  1010 D Zygote  : Forked child process 6755
01-09 11:49:04.393  6755  6755 E libc    : SetHeapTaggingLevel: re-enabling tagging after it was disabled is not supported
01-09 11:49:04.394  6755  6755 I ocessService0:0: Using CollectorTypeCMC GC.
01-09 11:49:04.395  6755  6755 E ocessService0:0: Not starting debugger since process cannot load the jdwp agent.
01-09 11:49:04.398  6755  6755 D nativeloader: Load libframework-connectivity-tiramisu-jni.so using APEX ns com_android_tethering for caller /apex/com.android.tethering/javalib/framework-connectivity-t.jar: ok
01-09 11:49:04.398  1528  1528 D BoundBrokerSvc: onBind: Intent { act=com.google.android.gms.safetynet.service.START xflg=0x4 pkg=com.google.android.gms }
01-09 11:49:04.398  1528  1528 D BoundBrokerSvc: Loading bound service for intent: Intent { act=com.google.android.gms.safetynet.service.START xflg=0x4 pkg=com.google.android.gms }
01-09 11:49:04.400   660   892 I ActivityManager: Start proc 6755:com.google.android.webview:sandboxed_process0:org.chromium.content.app.SandboxedProcessService0:0/u0i6 for  {com.gustavo.fitai/org.chromium.content.app.SandboxedProcessService0:0}
01-09 11:49:04.400   660   892 I ActivityManager: ProcessObserver broadcast disabled
01-09 11:49:04.402  6755  6755 D CompatChangeReporter: Compat change id reported: 242716250; UID 99006; state: ENABLED
01-09 11:49:04.407  6755  6755 D ApplicationLoaders: Returning zygote-cached class loader: /system_ext/framework/androidx.window.extensions.jar
01-09 11:49:04.408  6755  6755 I ocessService0:0: AssetManager2(0x72b37a6e58) locale list changing from [] to [en-US]
01-09 11:49:04.410  6755  6755 I LoadedApk: No resource references to update in package com.google.android.trichromelibrary
01-09 11:49:04.410  6755  6755 I cr_WebViewApkApp: version=133.0.6943.137 (694313732) minSdkVersion=29 isBundle=false processName=com.google.android.webview:sandboxed_process0:org.chromium.content.app.SandboxedProcessService0:0
01-09 11:49:04.411   660   870 D BackgroundInstallControlService: Package event received: 0
01-09 11:49:04.412  6755  6755 I cr_ChildProcessService: Creating new ChildProcessService pid=6755
01-09 11:49:04.418  6731  6731 I cr_CombinedPProvider: #linkNativeInternal() 1
01-09 11:49:04.419  6731  6731 I cr_AppResProvider: #getApplicationRestrictionsFromUserManager() Bundle[EMPTY_PARCEL]
01-09 11:49:04.419  6731  6731 I cr_PolicyProvider: #notifySettingsAvailable() 0
01-09 11:49:04.419  6731  6731 I cr_CombinedPProvider: #onSettingsAvailable() 0
01-09 11:49:04.419  6731  6731 I cr_CombinedPProvider: #flushPolicies()
01-09 11:49:04.455  6731  6767 W chromium: [WARNING:dns_config_service_android.cc(81)] Failed to read DnsConfig.
01-09 11:49:04.461  6731  6731 I m.gustavo.fitai: AssetManager2(0xb4000072b37ae518) locale list changing from [] to [en-US]
01-09 11:49:04.462  6731  6731 I m.gustavo.fitai: AssetManager2(0xb4000072b37b0458) locale list changing from [] to [en-US]
01-09 11:49:04.525   660   684 D ActivityManager: sync unfroze 3792 com.google.android.webview:webview_service for 6
01-09 11:49:04.525   660   684 W IPCThreadState: Sending oneway calls to frozen process.
01-09 11:49:04.525  6731  6769 E chromium: [ERROR:simple_file_enumerator.cc(21)] opendir /data/user/0/com.gustavo.fitai/cache/WebView/Default/HTTP Cache/Code Cache/js: No such file or directory (2)
01-09 11:49:04.525  6731  6769 E chromium: [ERROR:simple_index_file.cc(613)] Could not reconstruct index from disk
01-09 11:49:04.526   660   870 D BackgroundInstallControlService: Package event received: 0
01-09 11:49:04.526   660   870 D BackgroundInstallControlService: Package event received: 0
01-09 11:49:04.529  3792  3792 D ActivityThread: Package [com.gustavo.fitai] reported as REPLACED, but missing application info. Assuming REMOVED.
01-09 11:49:04.529  3792  3792 D ActivityThread: Package [com.gustavo.fitai] reported as REPLACED, but missing application info. Assuming REMOVED.
01-09 11:49:04.533   660   892 W ProcessStats: Tracking association SourceState{231501 com.gustavo.fitai/10214 BTop #3688} whose proc state 2 is better than process ProcessState{65600fa com.google.android.webview:webview_service/10167 pkg=com.google.android.webview} proc state 15 (4 skipped)
01-09 11:49:04.571  6731  6731 D Capacitor: Starting BridgeActivity
01-09 11:49:04.581  6731  6731 D Capacitor: Registering plugin instance: CapacitorCookies
01-09 11:49:04.583  6731  6731 D Capacitor: Registering plugin instance: WebView
01-09 11:49:04.583  6731  6731 D Capacitor: Registering plugin instance: CapacitorHttp
01-09 11:49:04.584  6731  6731 D Capacitor: Registering plugin instance: SystemBars
01-09 11:49:04.590  6731  6731 W Capacitor: Unable to read file at path public/plugins
01-09 11:49:04.592  6731  6731 D Capacitor: Loading app at https://localhost
01-09 11:49:04.605  6731  6772 W cr_media: BLUETOOTH_CONNECT permission is missing.
01-09 11:49:04.606  6755  6765 I cr_LibraryLoader: Successfully loaded native library
01-09 11:49:04.606  6755  6765 I cr_CachingUmaRecorder: Flushed 2 samples from 2 histograms, 0 samples were dropped.
01-09 11:49:04.607  6731  6772 W cr_media: getBluetoothAdapter() requires BLUETOOTH permission
01-09 11:49:04.607  6731  6772 W cr_media: registerBluetoothIntentsIfNeeded: Requires BLUETOOTH permission
01-09 11:49:04.607  6755  6765 W SystemServiceRegistry: No service published for: uimode
01-09 11:49:04.611  6731  6789 W libc    : Access denied finding property "vendor.mesa.log"
01-09 11:49:04.611  6731  6789 W libc    : Access denied finding property "vendor.mesa.log.file"
01-09 11:49:04.611  6731  6789 E MESA    : Failed to open rendernode: No such file or directory
01-09 11:49:04.619  6755  6765 W chromium: [WARNING:runtime_features.cc(560)] Fenced frames cannot be enabled in this configuration. Use --enable-features=FencedFrames instead.
01-09 11:49:04.619  6755  6765 W chromium: [WARNING:runtime_features.cc(585)] Topics cannot be enabled in this configuration. Use --enable-features=BrowsingTopics in addition.
01-09 11:49:04.619  6755  6765 W chromium: [WARNING:runtime_features.cc(606)] SharedStorage cannot be enabled in this configuration. Use --enable-features=SharedStorageAPI in addition.
01-09 11:49:04.621  6731  6789 W libc    : Access denied finding property "vendor.mesa.vk.trace.per.submit"
01-09 11:49:04.621  6731  6789 W libc    : Access denied finding property "vendor.mesa.gallium.print.optio"
01-09 11:49:04.621  6731  6789 W libc    : Access denied finding property "vendor.mesa.vk.trace.frame"
01-09 11:49:04.622  6731  6789 W libc    : Access denied finding property "vendor.mesa.vk.wsi.headless.swa"
01-09 11:49:04.623  6731  6731 D Capacitor: App started
01-09 11:49:04.623  6731  6731 D Capacitor: App resumed
01-09 11:49:04.640  6731  6731 W HWUI    : Unknown dataspace 0
01-09 11:49:04.642  6731  6789 W chromium: [WARNING:viz_main_impl.cc(85)] VizNullHypothesis is disabled (not a warning)
01-09 11:49:04.646  1160  2402 I FontLog : (REDACTED) Received query %s, URI %s
01-09 11:49:04.647  1160  2402 I FontLog : (REDACTED) Query [%s] resolved to %s
01-09 11:49:04.649  1160  2402 I FontLog : (REDACTED) Font PFD returned from cache for %s
01-09 11:49:04.649  1160  2402 I FontLog : (REDACTED) Fetch %s end status %s
01-09 11:49:04.653  6731  6778 D Capacitor: Handling local request: https://localhost/
01-09 11:49:04.654  6731  6801 I CameraManagerGlobal: Connecting to camera service
01-09 11:49:04.657  1160  1176 I FontLog : (REDACTED) Pulling font file for id = %d, cache size = %d
01-09 11:49:04.660  1160  1176 I FontLog : (REDACTED) Received query %s, URI %s
01-09 11:49:04.661   660   892 D CoreBackPreview: Window{e7a4830 u0 com.gustavo.fitai/com.gustavo.fitai.MainActivity}: Setting back callback OnBackInvokedCallbackInfo{mCallback=android.window.IOnBackInvokedCallback$Stub$Proxy@26ecbc7, mPriority=-1, mIsAnimationCallback=false, mOverrideBehavior=0}
01-09 11:49:04.661  1160  1176 I FontLog : (REDACTED) Query [%s] resolved to %s
01-09 11:49:04.667  1160  1176 I FontLog : (REDACTED) Fetch %s end status %s
01-09 11:49:04.670   581   648 I AttributionAndPermissionUtils: checkPermission (forDataDelivery 0 startDataDelivery 0): Permission hard denied for client attribution [uid 10214, pid 6731, packageName "<unknown>"]
01-09 11:49:04.671  1160  2402 I FontLog : (REDACTED) Pulling font file for id = %d, cache size = %d
01-09 11:49:04.677  1160  2402 I FontLog : (REDACTED) Received query %s, URI %s
01-09 11:49:04.677  1160  2402 I FontLog : (REDACTED) Query [%s] resolved to %s
01-09 11:49:04.678  1160  2402 I FontLog : (REDACTED) Font PFD returned from cache for %s
01-09 11:49:04.678  1160  2402 I FontLog : (REDACTED) Fetch %s end status %s
01-09 11:49:04.679  1160  2402 I FontLog : (REDACTED) Pulling font file for id = %d, cache size = %d
01-09 11:49:04.680  1160  2402 I FontLog : (REDACTED) Received query %s, URI %s
01-09 11:49:04.680  1160  2402 I FontLog : (REDACTED) Query [%s] resolved to %s
01-09 11:49:04.680  1160  2402 I FontLog : (REDACTED) Font PFD returned from cache for %s
01-09 11:49:04.680  1160  2402 I FontLog : (REDACTED) Fetch %s end status %s
01-09 11:49:04.681  1160  1176 I FontLog : (REDACTED) Pulling font file for id = %d, cache size = %d
01-09 11:49:04.682  1160  1176 I FontLog : (REDACTED) Received query %s, URI %s
01-09 11:49:04.682  1160  1176 I FontLog : (REDACTED) Query [%s] resolved to %s
01-09 11:49:04.683  1160  1176 I FontLog : (REDACTED) Font PFD returned from cache for %s
01-09 11:49:04.684  1160  1176 I FontLog : (REDACTED) Fetch %s end status %s
01-09 11:49:04.685  1160  1176 I FontLog : (REDACTED) Pulling font file for id = %d, cache size = %d
01-09 11:49:04.706   660   702 I ActivityTaskManager: Displayed com.gustavo.fitai/.MainActivity for user 0: +776ms
01-09 11:49:04.715  1035  1035 D BaseDepthController: setSurface:
01-09 11:49:04.715  1035  1035 D BaseDepthController: 	mWaitingOnSurfaceValidity: false
01-09 11:49:04.715  1035  1035 D BaseDepthController: 	mBaseSurface: null
01-09 11:49:04.715  1035  1035 D BaseDepthController: mSurface is null and mCurrentBlur is: 0
01-09 11:49:04.719  1035  1035 D StateManager: goToState - fromState: Normal, toState: Normal, partial trace:
01-09 11:49:04.719  1035  1035 D StateManager: 	at com.android.launcher3.statemanager.StateManager.moveToRestState(go/retraceme 72a59688580715d19f0e415c69e80376c2f062d1648c80db6730905005a27c20:4)
01-09 11:49:04.719  1035  1035 D StateManager: 	at com.android.launcher3.statemanager.StateManager.moveToRestState(go/retraceme 72a59688580715d19f0e415c69e80376c2f062d1648c80db6730905005a27c20:1)
01-09 11:49:04.719  1035  1035 D StateManager: 	at com.android.launcher3.statemanager.StatefulActivity.onStop(go/retraceme 72a59688580715d19f0e415c69e80376c2f062d1648c80db6730905005a27c20:34)
01-09 11:49:04.720  1035  1035 D StatsLog: LAUNCHER_ONSTOP
01-09 11:49:04.723  1035  1035 D StatsLog: LAUNCHER_GOOGLE_SEARCH_RESTORE_LIST_SIZE_AFTER_ACTIVITY_RESTART
01-09 11:49:04.734   660   792 I ImeTracker: com.gustavo.fitai:9ea0ce5: onRequestHide at ORIGIN_SERVER reason HIDE_UNSPECIFIED_WINDOW fromUser false
01-09 11:49:04.736  6731  6731 D InsetsController: hide(ime(), fromIme=false)
01-09 11:49:04.737  6731  6731 I ImeTracker: com.gustavo.fitai:9ea0ce5: onCancelled at PHASE_CLIENT_ALREADY_HIDDEN
01-09 11:49:04.742   660   870 D BackgroundInstallControlService: Package event received: 0
01-09 11:49:04.750   660   892 I ImeTracker: system_server:dabef587: onRequestHide at ORIGIN_SERVER reason IME_REQUESTED_CHANGED_LISTENER fromUser false
01-09 11:49:04.750   660   705 I ImeTracker: system_server:dabef587: onCancelled at PHASE_SERVER_SHOULD_HIDE
01-09 11:49:04.758  1494  1494 I GoogleInputMethodService: GoogleInputMethodService.onFinishInput():2043 
01-09 11:49:04.766  1494  1494 I Module  : DeviceLockedStatusModuleProvider$Module.updateDeviceLockedStatus():100 repeatCheckTimes = 0, locked = false
01-09 11:49:04.769  6731  6736 I m.gustavo.fitai: Compiler allocated 5111KB to compile void android.view.ViewRootImpl.performTraversals()
01-09 11:49:04.771  1494  1494 I GoogleInputMethodService: GoogleInputMethodService.onStartInput():1293 onStartInput(EditorInfo{EditorInfo{packageName=com.gustavo.fitai, inputType=0, inputTypeString=NULL, enableLearning=false, autoCorrection=false, autoComplete=false, imeOptions=12000000, privateImeOptions=null, actionName=UNSPECIFIED, actionLabel=null, initialSelStart=-1, initialSelEnd=-1, initialCapsMode=0, label=null, fieldId=0, fieldName=null, extras=null, hintText=null, hintLocales=[]}}, false)
01-09 11:49:04.783  1494  1494 I Module  : DeviceLockedStatusModuleProvider$Module.updateDeviceLockedStatus():100 repeatCheckTimes = 1, locked = false
01-09 11:49:04.783   660  1759 W PackageConfigPersister: App-specific configuration not found for packageName: com.gustavo.fitai and userId: 0
01-09 11:49:04.797  6731  6768 D Capacitor: Handling local request: https://localhost/assets/index-CSKmRarL.js
01-09 11:49:04.801  6731  6779 D Capacitor: Handling local request: https://localhost/assets/vendor-react-B--z-fyW.js
01-09 11:49:04.801  6731  6778 D Capacitor: Handling local request: https://localhost/assets/vendor-icons-py4osTVQ.js
01-09 11:49:04.801  6731  6777 D Capacitor: Handling local request: https://localhost/assets/vendor-utils-BpRkNtKl.js
01-09 11:49:04.801  6731  6769 D Capacitor: Handling local request: https://localhost/assets/vendor-charts-yx0TjsNI.js
01-09 11:49:04.801  6731  6767 D Capacitor: Handling local request: https://localhost/assets/index-CddRejau.css
01-09 11:49:04.901  6731  6731 I Capacitor/Console: File:  - Line 349 - Msg: [object Object]
01-09 11:49:04.902  6731  6767 D Capacitor: Handling local request: https://localhost/favicon.ico
01-09 11:49:04.914  6731  6731 V Capacitor/Plugin: To native (Capacitor plugin): callbackId: 10526902, pluginId: CapacitorHttp, methodName: request
01-09 11:49:04.915  6731  6731 V Capacitor: callback: 10526902, pluginId: CapacitorHttp, methodName: request, methodData: {"method":"GET","url":"https:\/\/testeai-732767853162.us-west1.run.app\/api\/usuarios\/exercises\/27","headers":{"Content-Type":"application\/json"},"params":{"requesterId":"27","requesterRole":"USER"}}
01-09 11:49:04.938  6731  6817 I CapacitorCookies: Getting cookies at: 'https://testeai-732767853162.us-west1.run.app/api/usuarios/exercises/27?requesterId=27&requesterRole=USER'
01-09 11:49:05.144  1160  1176 I FontLog : (REDACTED) Received query %s, URI %s
01-09 11:49:05.144  1160  1176 I FontLog : (REDACTED) Query [%s] resolved to %s
01-09 11:49:05.145  1160  1176 I FontLog : (REDACTED) Fetch %s end status %s
01-09 11:49:05.145  1160  1176 I FontLog : (REDACTED) Pulling font file for id = %d, cache size = %d
01-09 11:49:05.152  1160  1176 I FontLog : (REDACTED) Pulling font file for id = %d, cache size = %d
01-09 11:49:05.316  6824  6824 W dumpsys : Thread Pool max thread count is 0. Cannot cache binder as linkToDeath cannot be implemented. serviceName: package
01-09 11:49:05.342  3320  3336 I artd    : GetBestInfo: odex next to the dex file (/data/app/~~jfaalmuk5Iq9PCISxhh6tw==/com.google.android.gms-GD3o_hYHpt4LZBfB2qZRjQ==/oat/arm64/base.odex) is kOatUpToDate with filter 'speed-profile' executable 'false'
01-09 11:49:05.346  3320  3336 I artd    : GetBestInfo: odex next to the dex file (/data/app/~~jfaalmuk5Iq9PCISxhh6tw==/com.google.android.gms-GD3o_hYHpt4LZBfB2qZRjQ==/oat/arm64/split_AdsDynamite_installtime.odex) is kOatUpToDate with filter 'speed' executable 'false'
01-09 11:49:05.348  3320  3336 I artd    : GetBestInfo: odex next to the dex file (/data/app/~~jfaalmuk5Iq9PCISxhh6tw==/com.google.android.gms-GD3o_hYHpt4LZBfB2qZRjQ==/oat/arm64/split_CronetDynamite_installtime.odex) is kOatUpToDate with filter 'speed-profile' executable 'false'
01-09 11:49:05.350  3320  3336 I artd    : GetBestInfo: odex next to the dex file (/data/app/~~jfaalmuk5Iq9PCISxhh6tw==/com.google.android.gms-GD3o_hYHpt4LZBfB2qZRjQ==/oat/arm64/split_DynamiteLoader_installtime.odex) is kOatUpToDate with filter 'speed' executable 'false'
01-09 11:49:05.353  3320  3336 I artd    : GetBestInfo: odex next to the dex file (/data/app/~~jfaalmuk5Iq9PCISxhh6tw==/com.google.android.gms-GD3o_hYHpt4LZBfB2qZRjQ==/oat/arm64/split_DynamiteModulesA_installtime.odex) is kOatUpToDate with filter 'speed' executable 'false'
01-09 11:49:05.358  3320  3336 I artd    : GetBestInfo: odex next to the dex file (/data/app/~~jfaalmuk5Iq9PCISxhh6tw==/com.google.android.gms-GD3o_hYHpt4LZBfB2qZRjQ==/oat/arm64/split_DynamiteModulesC_installtime.odex) is kOatUpToDate with filter 'speed' executable 'false'
01-09 11:49:05.362  3320  3336 I artd    : GetBestInfo: odex next to the dex file (/data/app/~~jfaalmuk5Iq9PCISxhh6tw==/com.google.android.gms-GD3o_hYHpt4LZBfB2qZRjQ==/oat/arm64/split_GoogleCertificates_installtime.odex) is kOatUpToDate with filter 'speed' executable 'false'
01-09 11:49:05.364  3320  3320 I artd    : GetBestInfo: odex next to the dex file (/data/app/~~jfaalmuk5Iq9PCISxhh6tw==/com.google.android.gms-GD3o_hYHpt4LZBfB2qZRjQ==/oat/arm64/split_MapsDynamite_installtime.odex) is kOatUpToDate with filter 'speed' executable 'false'
01-09 11:49:05.367  3320  3320 I artd    : GetBestInfo: odex next to the dex file (/data/app/~~jfaalmuk5Iq9PCISxhh6tw==/com.google.android.gms-GD3o_hYHpt4LZBfB2qZRjQ==/oat/arm64/split_MeasurementDynamite_installtime.odex) is kOatUpToDate with filter 'speed' executable 'false'
01-09 11:49:05.369  3320  3320 I artd    : GetBestInfo: odex next to the dex file (/data/app/~~jfaalmuk5Iq9PCISxhh6tw==/com.google.android.gms-GD3o_hYHpt4LZBfB2qZRjQ==/oat/arm64/split_all_locale_splits.odex) is kOatUpToDate with filter 'speed' executable 'false'
01-09 11:49:05.369  3320  3320 I artd    : GetBestInfo: /data/user_de/0/com.google.android.gms/app_chimera/m/00000001/CronetDynamite.apk has no usable artifacts
01-09 11:49:05.371  3320  3320 I artd    : GetBestInfo: vdex next to the dex file (/data/user/0/com.google.android.gms/app_dg_cache/86A13DB628665CCE468EC763B2421D69DCAC1B2A/oat/arm64/the.vdex) is kOatUpToDate with filter 'verify' executable 'false'
01-09 11:49:05.371  3320  3320 I artd    : GetBestInfo: /data/user_de/0/com.google.android.gms/app_chimera/m/00000002/DynamiteLoader.apk has no usable artifacts
01-09 11:49:05.372  3320  3320 I artd    : GetBestInfo: /data/user_de/0/com.google.android.gms/app_chimera/m/00000005/GoogleCertificates.apk has no usable artifacts
01-09 11:49:05.381  3320  3320 I artd    : GetBestInfo: /data/user_de/0/com.google.android.gms/app_chimera/m/00000009/dl-Appsearch.optional_250834100400.apk has no usable artifacts
01-09 11:49:05.383  3320  3320 I artd    : GetBestInfo: vdex next to the dex file (/data/user/0/com.google.android.gms/app_dg_cache/539E273229BC2C9434CD4D54F801F1B642616683/oat/arm64/the.vdex) is kOatUpToDate with filter 'verify' executable 'false'
01-09 11:49:05.385  3320  3320 I artd    : GetBestInfo: vdex next to the dex file (/data/user/0/com.google.android.gms/app_dg_cache/F6B993618D245C45CC8EA213FA039A5EB670AFCE/oat/arm64/the.vdex) is kOatUpToDate with filter 'verify' executable 'false'
01-09 11:49:05.386  3320  3320 I artd    : GetBestInfo: /data/user_de/0/com.google.android.gms/app_chimera/m/00000012/dl-MlkitBarcodeUi.optional_254730100400.apk has no usable artifacts
01-09 11:49:05.390  3320  3320 I artd    : GetBestInfo: /data/user_de/0/com.google.android.gms/app_chimera/m/0000000f/dl-VisionOcr.optional_254730100000.apk has no usable artifacts
01-09 11:49:05.392  3320  3320 I artd    : GetBestInfo: /data/user_de/0/com.google.android.gms/app_chimera/m/00000016/dl-Appsearch.optional_254730100400.apk has no usable artifacts
01-09 11:49:05.396  3320  3320 I artd    : GetBestInfo: vdex next to the dex file (/data/user/0/com.google.android.gms/app_dg_cache/1479D6BF6FCF6C46C8B4A12D79750ADE94AAD018/oat/arm64/the.vdex) is kOatUpToDate with filter 'verify' executable 'false'
01-09 11:49:05.396  3320  3320 I artd    : GetBestInfo: /data/user_de/0/com.google.android.gms/app_chimera/m/0000000e/dl-TfliteDynamiteDynamite.integ_243930802100400.apk has no usable artifacts
01-09 11:49:05.397  3320  3320 I artd    : GetBestInfo: /data/user_de/0/com.google.android.gms/app_chimera/m/00000015/dl-PlayCloudSearch.optional_254730100000.apk has no usable artifacts
01-09 11:49:05.400  3320  3320 I artd    : GetBestInfo: vdex next to the dex file (/data/user/0/com.google.android.gms/app_dg_cache/F69F380742AF765C5688217890FC7C5272FF6A59/oat/arm64/the.vdex) is kOatUpToDate with filter 'verify' executable 'false'
01-09 11:49:05.402  3320  3320 I artd    : GetBestInfo: vdex next to the dex file (/data/user/0/com.google.android.gms/app_dg_cache/BC758ED5E7D6BDB04AA7A99271131838E0308423/oat/arm64/the.vdex) is kOatUpToDate with filter 'verify' executable 'false'
01-09 11:49:05.402  3320  3320 I artd    : GetBestInfo: /data/user_de/0/com.google.android.gms/app_chimera/m/00000008/dl-TfliteDynamiteDynamite.integ_243930801100400.apk has no usable artifacts
01-09 11:49:05.403  3320  3320 I artd    : GetBestInfo: /data/user_de/0/com.google.android.gms/app_chimera/m/0000000c/dl-MlkitBarcodeUi.optional_250834100400.apk has no usable artifacts
01-09 11:49:05.403  3320  3320 I artd    : GetBestInfo: /data/user_de/0/com.google.android.gms/app_chimera/m/00000010/dl-MlkitOcrCommon.optional_254730100400.apk has no usable artifacts
01-09 11:49:05.408  3320  3320 I artd    : GetBestInfo: /data/user_de/0/com.google.android.gms/app_chimera/m/00000007/MeasurementDynamite.apk has no usable artifacts
01-09 11:49:06.595  1528  1528 D BoundBrokerSvc: onUnbind: Intent { act=com.google.android.gms.feedback.internal.IFeedbackService dat=chimera-action:/... xflg=0x4 cmp=com.google.android.gms/.chimera.GmsBoundBrokerService }
