01-09 11:46:06.147  6356  6356 I cr_CombinedPProvider: #registerProvider() provider:WV.C8@42a61ad isPolicyCacheEnabled:false policyProvidersSize:0
01-09 11:46:06.148  6342  6446 I bluetooth: system/common/message_loop_thread.cc:176 Run: message loop starting for thread bt_jni_thread
01-09 11:46:06.148  6342  6436 I bluetooth: system/gd/hci/le_scanning_manager.cc:1477 on_apcf_read_extended_features_complete: set is_ad_type_filter_supported_ to true & is_transport_discovery_data_filter_supported_ to false
01-09 11:46:06.149  6342  6430 I bt_btif_core: system/btif/src/btif_core.cc:158 btif_init_bluetooth: finished
01-09 11:46:06.149  6356  6356 I cr_PolicyProvider: #setManagerAndSource() 0
01-09 11:46:06.152   660  1844 V GrammaticalInflectionUtils: AttributionSource: android.content.AttributionSource@4aa8e10b does not have READ_SYSTEM_GRAMMATICAL_GENDER permission.
01-09 11:46:06.152  1507  1575 I .apps.wellbeing: AssetManager2(0xb4000072b37d2a58) locale list changing from [] to [en-US]
01-09 11:46:06.153  6342  6430 I bt_stack_config: system/main/stack_config.cc:69 init: attempt to load stack conf from /apex/com.android.bt/etc/bluetooth/bt_stack.conf
01-09 11:46:06.155  6342  6430 I bt_stack_manager: system/btif/src/stack_manager.cc:261 event_init_stack: finished
01-09 11:46:06.155  6342  6342 I bt_osi_wakelock: system/osi/src/wakelock.cc:91 wakelock_set_os_callouts: set to non-native
01-09 11:46:06.155  6342  6342 I bt_btif : system/btif/src/bluetooth.cc:915 get_profile_interface: id = socket
01-09 11:46:06.155  6342  6342 I BluetoothKeystoreService: ComputeDataThread: create, doEncrypt: true
01-09 11:46:06.155  6342  6342 I BluetoothKeystoreService: ComputeDataThread: create, doEncrypt: false
01-09 11:46:06.156  6342  6431 I bt_btif_storage: system/btif/src/btif_storage.cc:610 btif_storage_get_adapter_property: Controller ready!
01-09 11:46:06.156  6342  6342 I bt_btif : system/btif/src/bluetooth.cc:915 get_profile_interface: id = bluetooth_keystore
01-09 11:46:06.156  6342  6342 I bt_btif : system/btif/src/bluetooth.cc:915 get_profile_interface: id = bqr
01-09 11:46:06.156  6342  6342 I bluetooth: system/btif/src/btif_bqr.cc:1005 init: BluetoothQualityReportInterfaceImpl
01-09 11:46:06.156  6342  6342 I bluetooth: system/btif/src/btif_hci_vs.cc:75 init: BluetoothHciVendorSpecificInterfaceImpl
01-09 11:46:06.156  6342  6446 I bluetooth: system/gd/storage/config_cache.cc:301 ConvertEncryptOrDecryptKeyIfNeeded: 
01-09 11:46:06.156  6342  6450 I BluetoothKeystoreService: ComputeDataThread: run, doEncrypt: false
01-09 11:46:06.156  6342  6342 I bt_btif : system/btif/src/bluetooth.cc:915 get_profile_interface: id = sdp
01-09 11:46:06.157  6342  6449 I BluetoothKeystoreService: ComputeDataThread: run, doEncrypt: true
01-09 11:46:06.159  1507  1575 I .apps.wellbeing: AssetManager2(0xb4000072b37d39f8) locale list changing from [] to [en-US]
01-09 11:46:06.159  1010  1010 D Zygote  : Forked child process 6452
01-09 11:46:06.161   660   712 I ActivityManager: Start proc 6452:com.google.android.webview:sandboxed_process0:org.chromium.content.app.SandboxedProcessService0:0/u0i5 for  {com.gustavo.fitai/org.chromium.content.app.SandboxedProcessService0:0}
01-09 11:46:06.161   660   712 I ActivityManager: ProcessObserver broadcast disabled
01-09 11:46:06.162  6342  6342 I BluetoothAdapterService: Phone policy enabled
01-09 11:46:06.163  1528  6379 I Icing   : Indexing done com.google.android.gms-apps
01-09 11:46:06.164  6452  6452 E libc    : SetHeapTaggingLevel: re-enabling tagging after it was disabled is not supported
01-09 11:46:06.164  1528  6379 I Icing   : Indexing com.google.android.gms-apps from com.google.android.gms
01-09 11:46:06.164  1528  6379 I Icing   : Indexing done com.google.android.gms-apps
01-09 11:46:06.166  6452  6452 I ocessService0:0: Using CollectorTypeCMC GC.
01-09 11:46:06.168  1507  1575 I .apps.wellbeing: AssetManager2(0xb4000072b37d6f18) locale list changing from [] to [en-US]
01-09 11:46:06.170  6452  6452 E ocessService0:0: Not starting debugger since process cannot load the jdwp agent.
01-09 11:46:06.173  6452  6452 D nativeloader: Load libframework-connectivity-tiramisu-jni.so using APEX ns com_android_tethering for caller /apex/com.android.tethering/javalib/framework-connectivity-t.jar: ok
01-09 11:46:06.181  1507  1575 I .apps.wellbeing: AssetManager2(0xb4000072b37d8818) locale list changing from [] to [en-US]
01-09 11:46:06.183  6452  6452 D CompatChangeReporter: Compat change id reported: 242716250; UID 99005; state: ENABLED
01-09 11:46:06.184  1528  1528 D BoundBrokerSvc: onBind: Intent { act=com.google.android.gms.safetynet.service.START xflg=0x4 pkg=com.google.android.gms }
01-09 11:46:06.184  1528  1528 D BoundBrokerSvc: Loading bound service for intent: Intent { act=com.google.android.gms.safetynet.service.START xflg=0x4 pkg=com.google.android.gms }
01-09 11:46:06.189  6452  6452 D ApplicationLoaders: Returning zygote-cached class loader: /system_ext/framework/androidx.window.extensions.jar
01-09 11:46:06.191  6452  6452 I ocessService0:0: AssetManager2(0x72b37a6e58) locale list changing from [] to [en-US]
01-09 11:46:06.194  6452  6452 I LoadedApk: No resource references to update in package com.google.android.trichromelibrary
01-09 11:46:06.195  6452  6452 I cr_WebViewApkApp: version=133.0.6943.137 (694313732) minSdkVersion=29 isBundle=false processName=com.google.android.webview:sandboxed_process0:org.chromium.content.app.SandboxedProcessService0:0
01-09 11:46:06.199  6342  6342 I AdapterState: BLE_TURNING_ON : entered 
01-09 11:46:06.199   660  1844 D BluetoothSystemServer: BluetoothManagerService: IBluetoothCallback.onBluetoothStateChange: prevState=OFF newState=BLE_TURNING_ON
01-09 11:46:06.200   660   787 D BluetoothSystemServer: BluetoothManagerService: MESSAGE_BLUETOOTH_STATE_CHANGE: prevState=OFF newState=BLE_TURNING_ON
01-09 11:46:06.201   660   787 D BluetoothSystemServer: BluetoothManagerService: bluetoothStateChangeHandler: Already in state BLE_TURNING_ON
01-09 11:46:06.202   660   870 D BackgroundInstallControlService: Package event received: 0
01-09 11:46:06.207  1507  1575 I .apps.wellbeing: AssetManager2(0xb4000072b37d52f8) locale list changing from [] to [en-US]
01-09 11:46:06.207  6356  6356 I cr_CombinedPProvider: #linkNativeInternal() 1
01-09 11:46:06.209  6452  6452 I cr_ChildProcessService: Creating new ChildProcessService pid=6452
01-09 11:46:06.211  6356  6356 I cr_AppResProvider: #getApplicationRestrictionsFromUserManager() Bundle[EMPTY_PARCEL]
01-09 11:46:06.211  6356  6356 I cr_PolicyProvider: #notifySettingsAvailable() 0
01-09 11:46:06.211  6356  6356 I cr_CombinedPProvider: #onSettingsAvailable() 0
01-09 11:46:06.211  6356  6356 I cr_CombinedPProvider: #flushPolicies()
01-09 11:46:06.214  6342  6342 I AdapterProperties: init(), maxConnectedAudioDevices, default=5, propertyOverlayed=5, finalValue=5
01-09 11:46:06.215  1507  1575 I .apps.wellbeing: AssetManager2(0xb4000072b37d5f78) locale list changing from [] to [en-US]
01-09 11:46:06.219  6342  6466 I BluetoothBondStateMachine: StableState(): Entering Off State
01-09 11:46:06.220  6342  6342 I BluetoothAdapterService: startGattProfileService() called
01-09 11:46:06.229  2668  6276 D DataProcessor: getBatteryUsageStats() from BatteryStatsManager in 2226/ms
01-09 11:46:06.241  2668  6276 W PowerProfile: ambient.on is deprecated! Use ambient.on.display0 instead.
01-09 11:46:06.241  2668  6276 W PowerProfile: screen.on is deprecated! Use screen.on.display0 instead.
01-09 11:46:06.241  2668  6276 W PowerProfile: screen.full is deprecated! Use screen.full.display0 instead.
01-09 11:46:06.242  2668  6276 W ModemPowerProfile: getAverageBatteryDrainMaH called with unexpected key: 0x0, drain:SLEEP,RAT:DEFAULT
01-09 11:46:06.244  1507  1575 I .apps.wellbeing: AssetManager2(0xb4000072b37d4678) locale list changing from [] to [en-US]
01-09 11:46:06.246  2668  6276 W ModemPowerProfile: getAverageBatteryDrainMaH called with unexpected key: 0x10000000, drain:IDLE,RAT:DEFAULT
01-09 11:46:06.246  2668  6276 W ModemPowerProfile: getAverageBatteryDrainMaH called with unexpected key: 0x20000000, drain:RX,RAT:DEFAULT
01-09 11:46:06.246  2668  6276 W ModemPowerProfile: getAverageBatteryDrainMaH called with unexpected key: 0x30000000, drain:TX,level:0,RAT:DEFAULT
01-09 11:46:06.246  2668  6276 W ModemPowerProfile: getAverageBatteryDrainMaH called with unexpected key: 0x31000000, drain:TX,level:1,RAT:DEFAULT
01-09 11:46:06.246  2668  6276 W ModemPowerProfile: getAverageBatteryDrainMaH called with unexpected key: 0x32000000, drain:TX,level:2,RAT:DEFAULT
01-09 11:46:06.246  2668  6276 W ModemPowerProfile: getAverageBatteryDrainMaH called with unexpected key: 0x33000000, drain:TX,level:3,RAT:DEFAULT
01-09 11:46:06.246  2668  6276 W ModemPowerProfile: getAverageBatteryDrainMaH called with unexpected key: 0x34000000, drain:TX,level:4,RAT:DEFAULT
01-09 11:46:06.249  2668  6276 W DataProcessor: shouldShowBatteryAttributionList(): 0.1
01-09 11:46:06.249  2668  6276 W BatteryUsageDataLoader: getBatteryEntryList() returns null or empty content
01-09 11:46:06.249  2668  6276 D BatteryUsageDataLoader: getBatteryUsageStats() in 2265/ms
01-09 11:46:06.252  6342  6342 I bt_btif : system/btif/src/bluetooth.cc:915 get_profile_interface: id = gatt
01-09 11:46:06.252  6342  6342 I bluetooth: system/bta/gatt/bta_gatts_api.cc:371 BTA_GATTS_InitBonded: 
01-09 11:46:06.253  6342  6431 I bt_bta_sys_main: system/bta/sys/bta_sys_main.cc:80 bta_sys_event: Ignoring receipt of unregistered event id:BTA_ID_GATTS[32]
01-09 11:46:06.262  6342  6342 I bt_shim_scanner: system/main/shim/le_scanning_manager.cc:447 RegisterCallbacks: in shim layer
01-09 11:46:06.264  1507  1575 I .apps.wellbeing: AssetManager2(0xb4000072b37d5938) locale list changing from [] to [en-US]
01-09 11:46:06.273  6342  6451 I BluetoothDatabaseManager: cacheMetadata
01-09 11:46:06.273  6342  6451 I BluetoothDatabaseManager: cacheMetadata: Database is ready
01-09 11:46:06.291  1507  1575 I .apps.wellbeing: AssetManager2(0xb4000072b37d2418) locale list changing from [] to [en-US]
01-09 11:46:06.299  6342  6342 I AdapterProperties: adapterPropertyChangedCallback with type:2 len:6
01-09 11:46:06.299   660   892 D BluetoothSystemServer: BluetoothManagerService: IBluetoothCallback.onAdapterAddressChange: XX:XX:XX:XX:17:00
01-09 11:46:06.299   660   787 V BluetoothSystemServer: BluetoothManagerService: storeAddress(XX:XX:XX:XX:17:00): Success
01-09 11:46:06.299  6342  6342 I AdapterProperties: adapterPropertyChangedCallback with type:1 len:18
01-09 11:46:06.300   660   892 D BluetoothSystemServer: BluetoothManagerService: IBluetoothCallback.onAdapterNameChange: sdk_gphone64_arm64
01-09 11:46:06.301  1507  1575 I .apps.wellbeing: AssetManager2(0xb4000072b37d7b98) locale list changing from [] to [en-US]
01-09 11:46:06.306  1507  1575 I .apps.wellbeing: AssetManager2(0xb4000072b37cc338) locale list changing from [] to [en-US]
01-09 11:46:06.307  6342  6430 I bt_stack_manager: system/btif/src/stack_manager.cc:285 event_start_up_stack: is bringing up the stack
01-09 11:46:06.307  6342  6430 I bt_stack_manager: system/btif/src/stack_manager.cc:289 event_start_up_stack: Gd shim module enabled
01-09 11:46:06.307  6342  6430 I bt_core_module: system/btcore/src/module.cc:85 module_start_up: Starting module "btif_config_module"
01-09 11:46:06.307  6342  6430 I bt_core_module: system/btcore/src/module.cc:90 module_start_up: Started module "btif_config_module"
01-09 11:46:06.307  6342  6430 I bt_l2cap: system/stack/l2cap/l2c_api.cc:158 L2CA_Register: L2CAP Registered service classic PSM: 0x0001
01-09 11:46:06.307  6342  6430 I bt_l2cap: system/stack/l2cap/l2c_api.cc:158 L2CA_Register: L2CAP Registered service classic PSM: 0x001f
01-09 11:46:06.307  6342  6430 I gatt_api: system/stack/gatt/gatt_api.cc:1261 GATT_Register: Allocated name:GattProfileDb uuid:81818181-8181-8181-8181-818181818181 gatt_if:41 eatt_support:false
01-09 11:46:06.307  6342  6430 I gatt_api: system/stack/gatt/gatt_api.cc:187 GATTS_AddService: 
01-09 11:46:06.307  6342  6430 I gatt_api: system/stack/gatt/gatt_api.cc:302 GATTS_AddService: service parsed correctly, now starting
01-09 11:46:06.307  6342  6430 I bluetooth: system/stack/gatt/gatt_sr_hash.cc:126 gatts_calculate_database_hash: hash=80AEB10BC70DCCEFA207489DCED98FED
01-09 11:46:06.307  6342  6430 I bt_l2cap: system/stack/l2cap/l2c_api.cc:427 L2CA_RegisterLECoc: Registered service LE COC PSM: 0x0027
01-09 11:46:06.307  6342  6430 I bt_l2cap: system/stack/l2cap/l2c_api.cc:158 L2CA_Register: L2CAP Registered service classic PSM: 0x0003
01-09 11:46:06.307  6342  6430 I gatt_api: system/stack/gatt/gatt_api.cc:1261 GATT_Register: Allocated name:Gap uuid:82828282-8282-8282-8282-828282828282 gatt_if:42 eatt_support:false
01-09 11:46:06.307  6342  6430 I gatt_api: system/stack/gatt/gatt_api.cc:187 GATTS_AddService: 
01-09 11:46:06.307  6342  6430 I gatt_api: system/stack/gatt/gatt_api.cc:302 GATTS_AddService: service parsed correctly, now starting
01-09 11:46:06.307  6342  6430 I bluetooth: system/stack/gatt/gatt_sr_hash.cc:126 gatts_calculate_database_hash: hash=8991C462EBE9D90B9EA0DA3E16D0F513
01-09 11:46:06.307  6342  6430 I gatt_api: system/stack/gatt/gatt_api.cc:1261 GATT_Register: Allocated name:Ais uuid:c5c5c5c5-c5c5-c5c5-c5c5-c5c5c5c5c5c5 gatt_if:43 eatt_support:false
01-09 11:46:06.307  6342  6430 I gatt_api: system/stack/gatt/gatt_api.cc:187 GATTS_AddService: 
01-09 11:46:06.307  6342  6430 I gatt_api: system/stack/gatt/gatt_api.cc:302 GATTS_AddService: service parsed correctly, now starting
01-09 11:46:06.307  6342  6430 I bluetooth: system/stack/gatt/gatt_sr_hash.cc:126 gatts_calculate_database_hash: hash=847A41AC9E8CFB7486E624707B38E540
01-09 11:46:06.307  6342  6430 W bluetooth: system/stack/btm/btm_inq.cc:1031 btm_clr_inq_result_flt: Memory being reset multiple times
01-09 11:46:06.307  6342  6430 I bt_btm_pm: system/stack/acl/btm_pm.cc:371 btm_pm_reset: reset pm
01-09 11:46:06.307  6342  6430 I btm_acl : system/stack/acl/btm_acl.cc:664 check_link_policy: park not supported (settings: 0x0007)
01-09 11:46:06.308  6342  6430 I bt_bta_dm: system/bta/dm/bta_dm_act.cc:245 BTA_dm_on_hw_on: Read default class of device [0x5a, 0x2, 0xc]
01-09 11:46:06.308  6342  6430 I bt_btm_sec: system/stack/btm/btm_sec.cc:347 BTM_SecRegister: p_cb_info->p_le_callback == 0x0x7186ac982c
01-09 11:46:06.308  6342  6430 I bt_btm_sec: system/stack/btm/btm_sec.cc:361 BTM_SecRegister: btm_sec_cb.api.p_le_callback = 0x0x7186ac982c
01-09 11:46:06.308  6342  6430 I bluetooth: system/gd/lpp/lpp_offload_manager.cc:53 get_socket_capabilities: 
01-09 11:46:06.308  6342  6430 I bluetooth: system/stack/btm/ble_scanner_hci_interface.cc:305 Initialize: Periodic Adv Sync Transfer Recipient role is supported
01-09 11:46:06.309  6342  6342 I AdapterProperties: adapterPropertyChangedCallback with type:13 len:32
01-09 11:46:06.309   660   787 V BluetoothSystemServer: BluetoothManagerService: storeName(sdk_gphone64_arm64): Success
01-09 11:46:06.310  6342  6342 I AdapterProperties: adapterPropertyChangedCallback with type:27 len:2
01-09 11:46:06.311  2668  2680 W ndroid.settings: Reducing the number of considered missed Gc histogram windows from 152 to 100
01-09 11:46:06.312  1507  1575 I .apps.wellbeing: AssetManager2(0xb4000072b37d1dd8) locale list changing from [] to [en-US]
01-09 11:46:06.319  6342  6431 I gatt_api: system/stack/gatt/gatt_api.cc:1261 GATT_Register: Allocated name:bta_dm_disc_gatt uuid:229d8f24-e01b-1e92-9794-bfc45b15dd66 gatt_if:44 eatt_support:false
01-09 11:46:06.319  6342  6431 I bt_bta_dm: system/bta/dm/bta_dm_disc.cc:471 operator(): Registered device discovery search gatt client tGATT_IF:44
01-09 11:46:06.326  6356  6469 W chromium: [WARNING:dns_config_service_android.cc(81)] Failed to read DnsConfig.
01-09 11:46:06.327  2668  6276 D DatabaseUtils: insert() data into database with isFullChargeStart:false
01-09 11:46:06.331  6342  6431 I bt_btif_dm: system/btif/src/btif_dm.cc:2001 BTIF_dm_enable: Local BLE Privacy enabled:true
01-09 11:46:06.331  6342  6431 W bt_btm_ble: system/stack/btm/btm_ble_gap.cc:736 BTM_BleConfigPrivacy: 1
01-09 11:46:06.331  6342  6436 I bluetooth: system/gd/hci/le_address_manager.cc:116 SetPrivacyPolicyForInitiatorAddress: New policy: LeAddressManager::AddressPolicy::USE_RESOLVABLE_ADDRESS(0x4)
01-09 11:46:06.331  6342  6436 I bluetooth: system/gd/hci/le_address_manager.cc:154 SetPrivacyPolicyForInitiatorAddress: minimum_rotation_time_=420000ms, maximum_rotation_time_=900000ms
01-09 11:46:06.331  6342  6431 I bt_btif_storage: system/btif/src/btif_storage.cc:610 btif_storage_get_adapter_property: Controller ready!
01-09 11:46:06.331  6342  6431 I bt_btif_storage: system/btif/src/btif_storage.cc:635 btif_storage_get_adapter_property: Service_mask=0x20000000
01-09 11:46:06.331  6342  6431 I bluetooth: system/btif/src/btif_bqr.cc:472 EnableBtQualityReport: 
01-09 11:46:06.331  6342  6431 W bluetooth: system/btif/src/btif_bqr.cc:433 EnableDisableBtQualityReport: Bluetooth Quality Report is disabled. bqr_prop_evtmask: 
01-09 11:46:06.331  2668  6276 D DatabaseUtils: sendBatteryEntryData() size=1 in 82/ms
01-09 11:46:06.332  6342  6480 I bt_osi_thread: system/osi/src/thread.cc:223 run_thread: thread id 6480, thread name btif_sock
01-09 11:46:06.332  6342  6431 I bt_btif_sock_hal: system/btif/src/btif_sock_hal.cc:59 btsock_hal_init: 
01-09 11:46:06.332  6342  6431 I bluetooth: system/gd/lpp/lpp_offload_manager.cc:48 register_socket_hal_callbacks: 
01-09 11:46:06.332  6342  6431 W bt_btif_sock_hal: system/btif/src/btif_sock_hal.cc:66 btsock_hal_init: RegisterSocketHalCallback() failed!
01-09 11:46:06.332  6342  6431 W bt_btif_sock: system/btif/src/btif_sock.cc:124 btif_sock_init: error initializing socket hal: 1
01-09 11:46:06.332  6342  6431 I bt_bta_dm: system/bta/dm/bta_dm_act.cc:1359 bta_dm_eir_update_uuid: EIR Adding UUID=0x1200 into extended inquiry response
01-09 11:46:06.332  6342  6431 I bt_bta_dm: system/bta/dm/bta_dm_act.cc:1090 bta_dm_set_eir: Generating extended inquiry response packet EIR
01-09 11:46:06.332  6342  6431 I bt_btif_core: system/btif/src/btif_core.cc:231 btif_enable_bluetooth_evt: Bluetooth enable event completed
01-09 11:46:06.332  6342  6431 I bt_bta_dm: system/bta/dm/bta_dm_act.cc:1090 bta_dm_set_eir: Generating extended inquiry response packet EIR
01-09 11:46:06.332  6342  6431 I bt_btif_sock_rfcomm: system/btif/src/btif_sock_rfc.cc:1011 jv_dm_cback: handling event:BTA_JV_ENABLE_EVT, slot_id:0
01-09 11:46:06.338  6342  6342 I AdapterProperties: adapterPropertyChangedCallback with type:8 len:0
01-09 11:46:06.338  6342  6342 I AdapterProperties: adapterPropertyChangedCallback with type:2 len:6
01-09 11:46:06.338  6342  6342 I AdapterProperties: adapterPropertyChangedCallback with type:1 len:18
01-09 11:46:06.338  6342  6342 I AdapterProperties: adapterPropertyChangedCallback with type:9 len:4
01-09 11:46:06.338  6342  6342 I AdapterProperties: adapterPropertyChangedCallback with type:8 len:0
01-09 11:46:06.338  6342  6342 I AdapterProperties: adapterPropertyChangedCallback with type:3 len:0
01-09 11:46:06.338  6342  6430 I bt_stack_manager: system/btif/src/stack_manager.cc:324 event_start_up_stack: Starting rust module
01-09 11:46:06.338  6342  6430 I bt_core_module: system/btcore/src/module.cc:85 module_start_up: Starting module "rust_module"
01-09 11:46:06.342  6342  6481 I bluetooth_core: starting Rust modules
01-09 11:46:06.342  6342  6481 I bluetooth: system/stack/arbiter/acl_arbiter.cc:132 StoreCallbacksFromRust: Received callbacks from Rust, registering in Arbiter
01-09 11:46:06.342  6342  6481 I bluetooth_core: starting event loop
01-09 11:46:06.342  6342  6430 I bt_core_module: system/btcore/src/module.cc:90 module_start_up: Started module "rust_module"
01-09 11:46:06.342  6342  6431 I bluetooth: system/bta/ras/ras_server.cc:98 do_initialize: controller does not support channel sounding.
01-09 11:46:06.342  6342  6431 I bluetooth: system/bta/ras/ras_client.cc:155 do_initialize: controller does not support channel sounding.
01-09 11:46:06.342  6342  6430 I bt_stack_manager: system/btif/src/stack_manager.cc:333 event_start_up_stack: finished
01-09 11:46:06.343  6342  6342 I AdapterState: BLE_ON : entered 
01-09 11:46:06.343   660  1844 D BluetoothSystemServer: BluetoothManagerService: IBluetoothCallback.onBluetoothStateChange: prevState=BLE_TURNING_ON newState=BLE_ON
01-09 11:46:06.343  6356  6356 I m.gustavo.fitai: AssetManager2(0xb4000072b37aacd8) locale list changing from [] to [en-US]
01-09 11:46:06.345   660   787 D BluetoothSystemServer: BluetoothManagerService: MESSAGE_BLUETOOTH_STATE_CHANGE: prevState=BLE_TURNING_ON newState=BLE_ON
01-09 11:46:06.345   660   787 D BluetoothSystemServer: BluetoothManagerService: broadcastIntentStateChange: action=BLE_STATE_CHANGED prevState=BLE_TURNING_ON newState=BLE_ON
01-09 11:46:06.345   660   787 D BluetoothSystemServer: BluetoothManagerService: isBluetoothPersistedStateOnBluetooth: 1
01-09 11:46:06.345   660   787 I BluetoothSystemServer: BluetoothManagerService: continueFromBleOnState: Starting br edr
01-09 11:46:06.345   660   787 D BluetoothSystemServer: BluetoothManagerService: bleOnToOn: sending request
01-09 11:46:06.345   660   787 D BluetoothSystemServer: BluetoothManagerService: broadcastIntentStateChange: action=BLE_STATE_CHANGED prevState=BLE_ON newState=TURNING_ON
01-09 11:46:06.346  6356  6356 I m.gustavo.fitai: AssetManager2(0xb4000072b37b0a98) locale list changing from [] to [en-US]
01-09 11:46:06.346  6342  6342 I AdapterState: TURNING_ON : entered 
01-09 11:46:06.346   660  2237 D BluetoothSystemServer: BluetoothManagerService: IBluetoothCallback.onBluetoothStateChange: prevState=BLE_ON newState=TURNING_ON
01-09 11:46:06.347  6342  6436 I bluetooth: system/gd/hci/le_address_manager.cc:777 OnCommandComplete: Received command complete with op_code LE_SET_RANDOM_ADDRESS(0x2005)
01-09 11:46:06.347   660   787 D BluetoothSystemServer: BluetoothManagerService: broadcastIntentStateChange: action=STATE_CHANGED prevState=OFF newState=TURNING_ON
01-09 11:46:06.347  6342  6436 I bluetooth: system/gd/hci/le_address_manager.cc:797 OnCommandComplete: update random address : xx:xx:xx:xx:0a:67
01-09 11:46:06.347  6342  6436 I bluetooth: system/gd/hci/le_address_manager.cc:392 resume_registered_clients: Resuming registered clients
01-09 11:46:06.350   660   660 D BluetoothAdapter: isLeEnabled(): TURNING_ON
01-09 11:46:06.350   660   660 D BluetoothAdapter: isLeEnabled(): TURNING_ON
01-09 11:46:06.351   660   787 I BluetoothSystemServer: BluetoothServerProxy: setBluetoothPersistedState(1)
01-09 11:46:06.351   660   787 W BluetoothSystemServer: BluetoothManagerService: bluetooth is recovered from error
01-09 11:46:06.351   660   787 D BluetoothSystemServer: BluetoothManagerService: MESSAGE_BLUETOOTH_STATE_CHANGE: prevState=BLE_ON newState=TURNING_ON
01-09 11:46:06.351   660   787 D BluetoothSystemServer: BluetoothManagerService: bluetoothStateChangeHandler: Already in state TURNING_ON
01-09 11:46:06.354  6342  6342 I BluetoothAdapterService: setProfileServiceState(A2DP, 12): starting profile
01-09 11:46:06.354  6342  6342 I A2dpService: Max connected audio devices set to 5
01-09 11:46:06.362  6342  6342 I bluetooth-a2dp: system/btif/src/btif_av.cc:3387 btif_av_source_init: 
01-09 11:46:06.362  6342  6431 I bluetooth-a2dp: system/btif/src/btif_av.cc:1131 Init: max_connected_audio_devices=5
01-09 11:46:06.362  6342  6431 I bluetooth-a2dp: system/btif/src/btif_av.cc:1161 Cleanup: 
01-09 11:46:06.362  6342  6431 I bluetooth-a2dp: system/btif/src/btif_av.cc:1335 CleanupAllPeers: 
01-09 11:46:06.362  6342  6431 I bluetooth-a2dp: system/btif/src/btif_av.cc:1137 Init: a2dp_offload.enable=false
01-09 11:46:06.362  6342  6431 I bluetooth-a2dp: system/stack/a2dp/a2dp_codec_config.cc:642 init: 
01-09 11:46:06.364  6342  6431 I bluetooth-a2dp: system/stack/a2dp/a2dp_codec_config.cc:670 init: OPUS codec disabled, updated priority to -1
01-09 11:46:06.364  6342  6431 I bluetooth-a2dp: system/stack/a2dp/a2dp_codec_config.cc:699 init: initialized Source codec LDAC, idx 4
01-09 11:46:06.364  6342  6431 I bluetooth-a2dp: system/stack/a2dp/a2dp_codec_config.cc:699 init: initialized Source codec aptX-HD, idx 3
01-09 11:46:06.364  6342  6431 I bluetooth-a2dp: system/stack/a2dp/a2dp_codec_config.cc:699 init: initialized Source codec aptX, idx 2
01-09 11:46:06.364  6342  6431 I bluetooth-a2dp: system/stack/a2dp/a2dp_codec_config.cc:699 init: initialized Source codec AAC, idx 1
01-09 11:46:06.364  6342  6431 I bluetooth-a2dp: system/stack/a2dp/a2dp_codec_config.cc:699 init: initialized Source codec SBC, idx 0
01-09 11:46:06.364  6342  6431 I bluetooth-a2dp: system/stack/a2dp/a2dp_codec_config.cc:706 init: initialized Sink codec Opus SINK, idx 13
01-09 11:46:06.364  6342  6431 I bluetooth-a2dp: system/stack/a2dp/a2dp_codec_config.cc:706 init: initialized Sink codec AAC SINK, idx 12
01-09 11:46:06.364  6342  6431 I bluetooth-a2dp: system/stack/a2dp/a2dp_codec_config.cc:706 init: initialized Sink codec SBC SINK, idx 11
01-09 11:46:06.364  6342  6431 I bluetooth-a2dp: system/stack/a2dp/a2dp_codec_config.cc:642 init: 
01-09 11:46:06.364  6342  6431 I bluetooth-a2dp: system/stack/a2dp/a2dp_codec_config.cc:670 init: OPUS codec disabled, updated priority to -1
01-09 11:46:06.364  6342  6431 I bluetooth-a2dp: system/stack/a2dp/a2dp_codec_config.cc:699 init: initialized Source codec LDAC, idx 4
01-09 11:46:06.364  6342  6431 I bluetooth-a2dp: system/stack/a2dp/a2dp_codec_config.cc:699 init: initialized Source codec aptX-HD, idx 3
01-09 11:46:06.364  6342  6431 I bluetooth-a2dp: system/stack/a2dp/a2dp_codec_config.cc:699 init: initialized Source codec aptX, idx 2
01-09 11:46:06.364  6342  6431 I bluetooth-a2dp: system/stack/a2dp/a2dp_codec_config.cc:699 init: initialized Source codec AAC, idx 1
01-09 11:46:06.364  6342  6431 I bluetooth-a2dp: system/stack/a2dp/a2dp_codec_config.cc:699 init: initialized Source codec SBC, idx 0
01-09 11:46:06.364  6342  6431 I bluetooth-a2dp: system/stack/a2dp/a2dp_codec_config.cc:706 init: initialized Sink codec Opus SINK, idx 13
01-09 11:46:06.364  6342  6431 I bluetooth-a2dp: system/stack/a2dp/a2dp_codec_config.cc:706 init: initialized Sink codec AAC SINK, idx 12
01-09 11:46:06.364  6342  6431 I bluetooth-a2dp: system/stack/a2dp/a2dp_codec_config.cc:706 init: initialized Sink codec SBC SINK, idx 11
01-09 11:46:06.364  6342  6431 I bluetooth-a2dp: system/stack/a2dp/a2dp_codec_config.cc:642 init: 
01-09 11:46:06.364  6342  6431 I bluetooth-a2dp: system/stack/a2dp/a2dp_codec_config.cc:670 init: OPUS codec disabled, updated priority to -1
01-09 11:46:06.364  6342  6431 I bluetooth-a2dp: system/stack/a2dp/a2dp_codec_config.cc:699 init: initialized Source codec LDAC, idx 4
01-09 11:46:06.364  6342  6431 I bluetooth-a2dp: system/stack/a2dp/a2dp_codec_config.cc:699 init: initialized Source codec aptX-HD, idx 3
01-09 11:46:06.364  6342  6431 I bluetooth-a2dp: system/stack/a2dp/a2dp_codec_config.cc:699 init: initialized Source codec aptX, idx 2
01-09 11:46:06.364  6342  6431 I bluetooth-a2dp: system/stack/a2dp/a2dp_codec_config.cc:699 init: initialized Source codec AAC, idx 1
01-09 11:46:06.364  6342  6431 I bluetooth-a2dp: system/stack/a2dp/a2dp_codec_config.cc:699 init: initialized Source codec SBC, idx 0
01-09 11:46:06.364  6342  6431 I bluetooth-a2dp: system/stack/a2dp/a2dp_codec_config.cc:706 init: initialized Sink codec Opus SINK, idx 13
01-09 11:46:06.364  6342  6431 I bluetooth-a2dp: system/stack/a2dp/a2dp_codec_config.cc:706 init: initialized Sink codec AAC SINK, idx 12
01-09 11:46:06.364  6342  6431 I bluetooth-a2dp: system/stack/a2dp/a2dp_codec_config.cc:706 init: initialized Sink codec SBC SINK, idx 11
01-09 11:46:06.364  6342  6431 I bluetooth-a2dp: system/stack/a2dp/a2dp_codec_config.cc:642 init: 
01-09 11:46:06.364  6342  6431 I bluetooth-a2dp: system/stack/a2dp/a2dp_codec_config.cc:670 init: OPUS codec disabled, updated priority to -1
01-09 11:46:06.364  6342  6431 I bluetooth-a2dp: system/stack/a2dp/a2dp_codec_config.cc:699 init: initialized Source codec LDAC, idx 4
01-09 11:46:06.364  6342  6431 I bluetooth-a2dp: system/stack/a2dp/a2dp_codec_config.cc:699 init: initialized Source codec aptX-HD, idx 3
01-09 11:46:06.364  6342  6431 I bluetooth-a2dp: system/stack/a2dp/a2dp_codec_config.cc:699 init: initialized Source codec aptX, idx 2
01-09 11:46:06.364  6342  6431 I bluetooth-a2dp: system/stack/a2dp/a2dp_codec_config.cc:699 init: initialized Source codec AAC, idx 1
01-09 11:46:06.364  6342  6431 I bluetooth-a2dp: system/stack/a2dp/a2dp_codec_config.cc:699 init: initialized Source codec SBC, idx 0
01-09 11:46:06.364  6342  6431 I bluetooth-a2dp: system/stack/a2dp/a2dp_codec_config.cc:706 init: initialized Sink codec Opus SINK, idx 13
01-09 11:46:06.364  6342  6431 I bluetooth-a2dp: system/stack/a2dp/a2dp_codec_config.cc:706 init: initialized Sink codec AAC SINK, idx 12
01-09 11:46:06.364  6342  6431 I bluetooth-a2dp: system/stack/a2dp/a2dp_codec_config.cc:706 init: initialized Sink codec SBC SINK, idx 11
01-09 11:46:06.364  6342  6431 I bluetooth-a2dp: system/stack/a2dp/a2dp_codec_config.cc:642 init: 
01-09 11:46:06.364  6342  6431 I bluetooth-a2dp: system/stack/a2dp/a2dp_codec_config.cc:670 init: OPUS codec disabled, updated priority to -1
01-09 11:46:06.364  6342  6431 I bluetooth-a2dp: system/stack/a2dp/a2dp_codec_config.cc:699 init: initialized Source codec LDAC, idx 4
01-09 11:46:06.364  6342  6431 I bluetooth-a2dp: system/stack/a2dp/a2dp_codec_config.cc:699 init: initialized Source codec aptX-HD, idx 3
01-09 11:46:06.364  6342  6431 I bluetooth-a2dp: system/stack/a2dp/a2dp_codec_config.cc:699 init: initialized Source codec aptX, idx 2
01-09 11:46:06.364  6342  6431 I bluetooth-a2dp: system/stack/a2dp/a2dp_codec_config.cc:699 init: initialized Source codec AAC, idx 1
01-09 11:46:06.364  6342  6431 I bluetooth-a2dp: system/stack/a2dp/a2dp_codec_config.cc:699 init: initialized Source codec SBC, idx 0
01-09 11:46:06.364  6342  6431 I bluetooth-a2dp: system/stack/a2dp/a2dp_codec_config.cc:706 init: initialized Sink codec Opus SINK, idx 13
01-09 11:46:06.364  6342  6431 I bluetooth-a2dp: system/stack/a2dp/a2dp_codec_config.cc:706 init: initialized Sink codec AAC SINK, idx 12
01-09 11:46:06.364  6342  6431 I bluetooth-a2dp: system/stack/a2dp/a2dp_codec_config.cc:706 init: initialized Sink codec SBC SINK, idx 11
01-09 11:46:06.364  6342  6431 I bluetooth-a2dp: system/stack/a2dp/a2dp_codec_config.cc:642 init: 
01-09 11:46:06.364  6342  6431 I bluetooth-a2dp: system/stack/a2dp/a2dp_codec_config.cc:670 init: OPUS codec disabled, updated priority to -1
01-09 11:46:06.364  6342  6431 I bluetooth-a2dp: system/stack/a2dp/a2dp_codec_config.cc:699 init: initialized Source codec LDAC, idx 4
01-09 11:46:06.364  6342  6431 I bluetooth-a2dp: system/stack/a2dp/a2dp_codec_config.cc:699 init: initialized Source codec aptX-HD, idx 3
01-09 11:46:06.364  6342  6431 I bluetooth-a2dp: system/stack/a2dp/a2dp_codec_config.cc:699 init: initialized Source codec aptX, idx 2
01-09 11:46:06.364  6342  6431 I bluetooth-a2dp: system/stack/a2dp/a2dp_codec_config.cc:699 init: initialized Source codec AAC, idx 1
01-09 11:46:06.364  6342  6431 I bluetooth-a2dp: system/stack/a2dp/a2dp_codec_config.cc:699 init: initialized Source codec SBC, idx 0
01-09 11:46:06.364  6342  6431 I bluetooth-a2dp: system/stack/a2dp/a2dp_codec_config.cc:706 init: initialized Sink codec Opus SINK, idx 13
01-09 11:46:06.364  6342  6431 I bluetooth-a2dp: system/stack/a2dp/a2dp_codec_config.cc:706 init: initialized Sink codec AAC SINK, idx 12
01-09 11:46:06.364  6342  6431 I bluetooth-a2dp: system/stack/a2dp/a2dp_codec_config.cc:706 init: initialized Sink codec SBC SINK, idx 11
01-09 11:46:06.364  6342  6431 I bluetooth-a2dp: system/btif/src/btif_a2dp_source.cc:329 btif_a2dp_source_init: 
01-09 11:46:06.364  6342  6482 I bluetooth: system/common/message_loop_thread.cc:176 Run: message loop starting for thread bt_a2dp_source_worker_thread
01-09 11:46:06.364  6342  6431 I bluetooth-a2dp: system/btif/src/btif_av.cc:3795 btif_av_source_execute_service: enable=true
01-09 11:46:06.364  6342  6431 I bt_btif_storage: system/btif/src/btif_storage.cc:635 btif_storage_get_adapter_property: Service_mask=0x20000008
01-09 11:46:06.364  6342  6431 I bluetooth-a2dp: system/btif/src/btif_a2dp_source.cc:410 btif_a2dp_source_init_delayed: 
01-09 11:46:06.364  6342  6431 I BTAudioA2dpAIDL: system/audio_hal_interface/aidl/a2dp/a2dp_encoding_aidl.cc:367 init: 
01-09 11:46:06.364  6342  6342 I BluetoothAdapterService: setProfileServiceState(A2DP, 12): completed in 10ms
01-09 11:46:06.364  6342  6342 I BluetoothAdapterService: setProfileServiceState(AVRCP, 12): starting profile
01-09 11:46:06.370   456   481 I BTAudioProviderFactoryAIDL: getProviderCapabilities - SessionType=A2DP_SOFTWARE_ENCODING_DATAPATH supports 1 codecs
01-09 11:46:06.371  6342  6431 I BTAudioClientAIDL: system/audio_hal_interface/aidl/a2dp/client_interface_aidl.cc:196 FetchAudioProvider: BluetoothAudioHal SessionType=A2DP_SOFTWARE_ENCODING_DATAPATH has 1 AudioCapabilities
01-09 11:46:06.371   456   481 I BTAudioProviderFactoryAIDL: openProvider - SessionType=A2DP_SOFTWARE_ENCODING_DATAPATH
01-09 11:46:06.371   456   481 I BTAudioProviderA2dpSW: A2dpSoftwareAudioProvider - size of audio buffer 7680 byte(s)
01-09 11:46:06.371   660   660 D BluetoothAdapter: isLeEnabled(): TURNING_ON
01-09 11:46:06.372  6342  6431 W droid.bluetooth: AIBinder_linkToDeath is being called with a non-null cookie and no onUnlink callback set. This might not be intended. AIBinder_DeathRecipient_setOnUnlinked should be called first.
01-09 11:46:06.372  6342  6431 I BTAudioClientAIDL: system/audio_hal_interface/aidl/a2dp/client_interface_aidl.cc:217 FetchAudioProvider: IBluetoothAudioProvidersFactory::openProvider() returned 0xb4000073637ae8a0 (remote)
01-09 11:46:06.372  6342  6431 I bluetooth-a2dp: system/bta/av/bta_av_main.cc:460 bta_av_api_register: AVRCP version used for sdp: 0x105
01-09 11:46:06.372  6342  6431 I bt_l2cap: system/stack/l2cap/l2c_api.cc:158 L2CA_Register: L2CAP Registered service classic PSM: 0x0019
01-09 11:46:06.372  6342  6431 I bt_l2cap: system/stack/l2cap/l2c_api.cc:158 L2CA_Register: L2CAP Registered service classic PSM: 0x0017
01-09 11:46:06.372  6342  6431 I bt_l2cap: system/stack/l2cap/l2c_api.cc:158 L2CA_Register: L2CAP Registered service classic PSM: 0x001b
01-09 11:46:06.372  6342  6431 I bt_bta_dm: system/bta/dm/bta_dm_act.cc:1359 bta_dm_eir_update_uuid: EIR Adding UUID=0x110A into extended inquiry response
01-09 11:46:06.372  6342  6431 I bt_bta_dm: system/bta/dm/bta_dm_act.cc:1090 bta_dm_set_eir: Generating extended inquiry response packet EIR
01-09 11:46:06.372  6342  6431 I bluetooth-a2dp: system/bta/av/bta_av_act.cc:345 bta_av_rc_create: Skipping RC creation for the old AVRCP profile
01-09 11:46:06.372  6342  6431 I bluetooth-a2dp: system/bta/av/bta_av_main.cc:460 bta_av_api_register: AVRCP version used for sdp: 0x105
01-09 11:46:06.372  6342  6431 I bluetooth-a2dp: system/bta/av/bta_av_main.cc:460 bta_av_api_register: AVRCP version used for sdp: 0x105
01-09 11:46:06.372  6342  6431 I bluetooth-a2dp: system/bta/av/bta_av_main.cc:460 bta_av_api_register: AVRCP version used for sdp: 0x105
01-09 11:46:06.372  6342  6431 I bluetooth-a2dp: system/bta/av/bta_av_main.cc:460 bta_av_api_register: AVRCP version used for sdp: 0x105
01-09 11:46:06.372  6342  6431 I bluetooth-a2dp: system/bta/av/bta_av_main.cc:460 bta_av_api_register: AVRCP version used for sdp: 0x105
01-09 11:46:06.375   915   915 D PowerNotificationWarningsGoogleImpl: onReceive: android.bluetooth.adapter.action.STATE_CHANGED
01-09 11:46:06.375   915   915 D PulsarController: dispatchIntent: android.bluetooth.adapter.action.STATE_CHANGED
01-09 11:46:06.375   915   915 D IncompatibleChargerNotification: dispatchIntent: android.bluetooth.adapter.action.STATE_CHANGED
01-09 11:46:06.388   660   892 D MediaSessionService: The MediaKeyEventSessionChangedListener (android.os.BinderProxy@7b1a0ac) is added by com.google.android.bluetooth
01-09 11:46:06.389  6342  6342 I AvrcpTargetService: Starting the AVRCP Target Service
01-09 11:46:06.389  6342  6431 I bluetooth: system/btif/avrcp/avrcp_service.cc:395 Init: AVRCP Target Service started
01-09 11:46:06.389  6342  6431 I bt_bta_dm: system/bta/dm/bta_dm_act.cc:1359 bta_dm_eir_update_uuid: EIR Adding UUID=0x110C into extended inquiry response
01-09 11:46:06.389  6342  6431 I bt_bta_dm: system/bta/dm/bta_dm_act.cc:1090 bta_dm_set_eir: Generating extended inquiry response packet EIR
01-09 11:46:06.389  6342  6431 I bt_bta_dm: system/bta/dm/bta_dm_act.cc:1359 bta_dm_eir_update_uuid: EIR Adding UUID=0x110E into extended inquiry response
01-09 11:46:06.389  6342  6431 I bt_bta_dm: system/bta/dm/bta_dm_act.cc:1090 bta_dm_set_eir: Generating extended inquiry response packet EIR
01-09 11:46:06.389  6342  6431 I avrcp   : system/profile/avrcp/connection_handler.cc:221 AvrcpConnect: Connect to device ff:ff:ff:ff:ff:ff
01-09 11:46:06.389  6342  6431 I avrcp   : system/profile/avrcp/connection_handler.cc:240 AvrcpConnect: handle=0x0 status=0x0
01-09 11:46:06.390  6342  6342 I BrowsedPlayerWrapper: Wrapping Media Browser com.google.android.bluetooth
01-09 11:46:06.391  6342  6342 I BrowsedPlayerWrapper: Wrapping Media Browser com.google.android.googlequicksearchbox
01-09 11:46:06.391  6342  6342 E AvrcpTargetService: Please use AVRCP version 1.6 to enable cover art
01-09 11:46:06.391  6342  6342 I BluetoothAdapterService: setProfileServiceState(AVRCP, 12): completed in 26ms
01-09 11:46:06.391  6342  6342 I BluetoothAdapterService: setProfileServiceState(HEADSET, 12): starting profile
01-09 11:46:06.392  2668  6276 D PowerUsageFeatureProviderGoogleImpl: mBatteryUsageReattributeEnabled: false
01-09 11:46:06.392  2668  6276 D PowerUsageFeatureProviderGoogleImpl: mForceHideBatteryReattributeItem: true
01-09 11:46:06.394  6342  6342 I HeadsetService: mIsAptXSwbEnabled: false
01-09 11:46:06.394  6342  6342 I HeadsetService: mIsAptXSwbPmEnabled: false
01-09 11:46:06.394  6342  6342 W HeadsetClientService: getHeadsetClientService(): service is null
01-09 11:46:06.394  6342  6342 I bt_btif : system/btif/src/bluetooth.cc:915 get_profile_interface: id = handsfree
01-09 11:46:06.394  6342  6342 I bt_btif_hf: system/btif/src/btif_hf.cc:1608 ExecuteService: service starts to: Initialize
01-09 11:46:06.394  6342  6342 I bt_btif_storage: system/btif/src/btif_storage.cc:635 btif_storage_get_adapter_property: Service_mask=0x20000048
01-09 11:46:06.394  6342  6431 I bluetooth: system/bta/ag/bta_ag_main.cc:408 bta_ag_api_enable: AG api enable
01-09 11:46:06.394  6342  6446 I bt_btif_hf: system/btif/src/btif_hf.cc:335 btif_hf_upstreams_evt: AG enable/disable event 0
01-09 11:46:06.394  6342  6431 I bluetooth: system/bta/ag/bta_ag_sdp.cc:178 bta_ag_add_record: features: 135023
01-09 11:46:06.394  6342  6431 I bt_bta_dm: system/bta/dm/bta_dm_act.cc:1359 bta_dm_eir_update_uuid: EIR Adding UUID=0x1112 into extended inquiry response
01-09 11:46:06.394  6342  6342 E BluetoothHeadsetServiceJni: android/app/jni/com_android_bluetooth_hfp.cpp:973 enableSwbNative: Failed to disable
01-09 11:46:06.394  6342  6431 I bt_bta_dm: system/bta/dm/bta_dm_act.cc:1090 bta_dm_set_eir: Generating extended inquiry response packet EIR
01-09 11:46:06.394  6342  6431 I bluetooth: system/bta/ag/bta_ag_sdp.cc:178 bta_ag_add_record: features: 135023
01-09 11:46:06.394  6342  6431 I bt_bta_dm: system/bta/dm/bta_dm_act.cc:1359 bta_dm_eir_update_uuid: EIR Adding UUID=0x111F into extended inquiry response
01-09 11:46:06.394  6342  6431 I bt_bta_dm: system/bta/dm/bta_dm_act.cc:1090 bta_dm_set_eir: Generating extended inquiry response packet EIR
01-09 11:46:06.394  6342  6431 W rfcomm_port_utils: system/stack/rfcomm/port_utils.cc:289 port_find_mcb: not found, bd_addr:ff:ff:ff:ff:ff:ff
01-09 11:46:06.394  6342  6431 I bt_port_api: system/stack/rfcomm/port_api.cc:226 RFCOMM_CreateConnectionWithSecurity: bd_addr=ff:ff:ff:ff:ff:ff, scn=2, is_server=true, mtu=256, uuid=0x1112, dlci=4, signal_state=0xb, p_port=0x718732b398
01-09 11:46:06.394  6342  6431 W rfcomm_port_utils: system/stack/rfcomm/port_utils.cc:289 port_find_mcb: not found, bd_addr:ff:ff:ff:ff:ff:ff
01-09 11:46:06.394  6342  6431 I bt_port_api: system/stack/rfcomm/port_api.cc:226 RFCOMM_CreateConnectionWithSecurity: bd_addr=ff:ff:ff:ff:ff:ff, scn=3, is_server=true, mtu=256, uuid=0x111f, dlci=6, signal_state=0xb, p_port=0x718732b488
01-09 11:46:06.394  6342  6431 W rfcomm_port_utils: system/stack/rfcomm/port_utils.cc:289 port_find_mcb: not found, bd_addr:ff:ff:ff:ff:ff:ff
01-09 11:46:06.394  6342  6431 I bt_port_api: system/stack/rfcomm/port_api.cc:226 RFCOMM_CreateConnectionWithSecurity: bd_addr=ff:ff:ff:ff:ff:ff, scn=2, is_server=true, mtu=256, uuid=0x1112, dlci=4, signal_state=0xb, p_port=0x718732b578
01-09 11:46:06.394  6342  6431 W rfcomm_port_utils: system/stack/rfcomm/port_utils.cc:289 port_find_mcb: not found, bd_addr:ff:ff:ff:ff:ff:ff
01-09 11:46:06.394  6342  6431 I bt_port_api: system/stack/rfcomm/port_api.cc:226 RFCOMM_CreateConnectionWithSecurity: bd_addr=ff:ff:ff:ff:ff:ff, scn=3, is_server=true, mtu=256, uuid=0x111f, dlci=6, signal_state=0xb, p_port=0x718732b668
01-09 11:46:06.394  6342  6431 W rfcomm_port_utils: system/stack/rfcomm/port_utils.cc:289 port_find_mcb: not found, bd_addr:ff:ff:ff:ff:ff:ff
01-09 11:46:06.394  6342  6431 I bt_port_api: system/stack/rfcomm/port_api.cc:226 RFCOMM_CreateConnectionWithSecurity: bd_addr=ff:ff:ff:ff:ff:ff, scn=2, is_server=true, mtu=256, uuid=0x1112, dlci=4, signal_state=0xb, p_port=0x718732b758
01-09 11:46:06.394  6342  6431 W rfcomm_port_utils: system/stack/rfcomm/port_utils.cc:289 port_find_mcb: not found, bd_addr:ff:ff:ff:ff:ff:ff
01-09 11:46:06.394  6342  6431 I bt_port_api: system/stack/rfcomm/port_api.cc:226 RFCOMM_CreateConnectionWithSecurity: bd_addr=ff:ff:ff:ff:ff:ff, scn=3, is_server=true, mtu=256, uuid=0x111f, dlci=6, signal_state=0xb, p_port=0x718732b848
01-09 11:46:06.394  6342  6431 W rfcomm_port_utils: system/stack/rfcomm/port_utils.cc:289 port_find_mcb: not found, bd_addr:ff:ff:ff:ff:ff:ff
01-09 11:46:06.394  6342  6431 I bt_port_api: system/stack/rfcomm/port_api.cc:226 RFCOMM_CreateConnectionWithSecurity: bd_addr=ff:ff:ff:ff:ff:ff, scn=2, is_server=true, mtu=256, uuid=0x1112, dlci=4, signal_state=0xb, p_port=0x718732b938
01-09 11:46:06.394  6342  6431 W rfcomm_port_utils: system/stack/rfcomm/port_utils.cc:289 port_find_mcb: not found, bd_addr:ff:ff:ff:ff:ff:ff
01-09 11:46:06.394  6342  6431 I bt_port_api: system/stack/rfcomm/port_api.cc:226 RFCOMM_CreateConnectionWithSecurity: bd_addr=ff:ff:ff:ff:ff:ff, scn=3, is_server=true, mtu=256, uuid=0x111f, dlci=6, signal_state=0xb, p_port=0x718732ba28
01-09 11:46:06.394  6342  6431 W rfcomm_port_utils: system/stack/rfcomm/port_utils.cc:289 port_find_mcb: not found, bd_addr:ff:ff:ff:ff:ff:ff
01-09 11:46:06.394  6342  6431 I bt_port_api: system/stack/rfcomm/port_api.cc:226 RFCOMM_CreateConnectionWithSecurity: bd_addr=ff:ff:ff:ff:ff:ff, scn=2, is_server=true, mtu=256, uuid=0x1112, dlci=4, signal_state=0xb, p_port=0x718732bb18
01-09 11:46:06.394  6342  6431 W rfcomm_port_utils: system/stack/rfcomm/port_utils.cc:289 port_find_mcb: not found, bd_addr:ff:ff:ff:ff:ff:ff
01-09 11:46:06.394  6342  6431 I bt_port_api: system/stack/rfcomm/port_api.cc:226 RFCOMM_CreateConnectionWithSecurity: bd_addr=ff:ff:ff:ff:ff:ff, scn=3, is_server=true, mtu=256, uuid=0x111f, dlci=6, signal_state=0xb, p_port=0x718732bc08
01-09 11:46:06.394  6342  6431 W rfcomm_port_utils: system/stack/rfcomm/port_utils.cc:289 port_find_mcb: not found, bd_addr:ff:ff:ff:ff:ff:ff
01-09 11:46:06.394  6342  6431 I bt_port_api: system/stack/rfcomm/port_api.cc:226 RFCOMM_CreateConnectionWithSecurity: bd_addr=ff:ff:ff:ff:ff:ff, scn=2, is_server=true, mtu=256, uuid=0x1112, dlci=4, signal_state=0xb, p_port=0x718732bcf8
01-09 11:46:06.394  6342  6431 W rfcomm_port_utils: system/stack/rfcomm/port_utils.cc:289 port_find_mcb: not found, bd_addr:ff:ff:ff:ff:ff:ff
01-09 11:46:06.394  6342  6431 I bt_port_api: system/stack/rfcomm/port_api.cc:226 RFCOMM_CreateConnectionWithSecurity: bd_addr=ff:ff:ff:ff:ff:ff, scn=3, is_server=true, mtu=256, uuid=0x111f, dlci=6, signal_state=0xb, p_port=0x718732bde8
01-09 11:46:06.396  6342  6342 I BluetoothAdapterService: setProfileServiceState(HEADSET, 12): completed in 4ms
01-09 11:46:06.396  6342  6342 I BluetoothAdapterService: setProfileServiceState(HEARING_AID, 12): starting profile
01-09 11:46:06.396  2668  6276 D BatteryUsageContentProvider: getQueryUserId from uri: content://com.android.settings.battery.usage.provider/appUsageLatestTimestamp?userid=0
01-09 11:46:06.397  6342  6342 I bt_btif : system/btif/src/bluetooth.cc:915 get_profile_interface: id = hearing_aid
01-09 11:46:06.397  6342  6342 I BluetoothAdapterService: setProfileServiceState(HEARING_AID, 12): completed in 1ms
01-09 11:46:06.397  6342  6342 I BluetoothAdapterService: setProfileServiceState(HID_DEVICE, 12): starting profile
01-09 11:46:06.397  6342  6431 I bluetooth-asha: system/bta/hearing_aid/hearing_aid.cc:327 HearingAidImpl: default_data_interval_ms=20 overwrite_min_ce_len=-1 overwrite_max_ce_len=-1
01-09 11:46:06.397  6342  6342 I bt_btif : system/btif/src/bluetooth.cc:915 get_profile_interface: id = hiddev
01-09 11:46:06.397  6342  6342 I bt_btif_storage: system/btif/src/btif_storage.cc:635 btif_storage_get_adapter_property: Service_mask=0x60000048
01-09 11:46:06.397  6342  6431 I bluetooth: system/stack/btm/btm_iso_impl.h:98 iso_impl: 0xb4000072d379d410 created, iso credits: 12, buffer size: 1021.
01-09 11:46:06.397  6342  6431 I BTAudioHearingAidAIDL: system/audio_hal_interface/aidl/hearing_aid_software_encoding_aidl.cc:176 init: 
01-09 11:46:06.399  2668  6276 D BatteryUsageContentProvider: getAppUsageLatestTimestamp() for user 0 in 1/ms
01-09 11:46:06.399   456   481 I BTAudioProviderFactoryAIDL: getProviderCapabilities - SessionType=HEARING_AID_SOFTWARE_ENCODING_DATAPATH supports 1 codecs
01-09 11:46:06.399  6342  6431 I BTAudioClientAIDL: system/audio_hal_interface/aidl/client_interface_aidl.cc:163 FetchAudioProvider: BluetoothAudioHal SessionType=HEARING_AID_SOFTWARE_ENCODING_DATAPATH has 1 AudioCapabilities
01-09 11:46:06.400   456   482 I BTAudioProviderFactoryAIDL: openProvider - SessionType=HEARING_AID_SOFTWARE_ENCODING_DATAPATH
01-09 11:46:06.400   456   482 I BTAudioProviderHearingAid: HearingAidAudioProvider - size of audio buffer 3584 byte(s)
01-09 11:46:06.400  6342  6431 W droid.bluetooth: AIBinder_linkToDeath is being called with a non-null cookie and no onUnlink callback set. This might not be intended. AIBinder_DeathRecipient_setOnUnlinked should be called first.
01-09 11:46:06.400  6342  6431 I BTAudioClientAIDL: system/audio_hal_interface/aidl/client_interface_aidl.cc:184 FetchAudioProvider: IBluetoothAudioProvidersFactory::openProvider() returned 0xb4000073637b7390 (remote)
01-09 11:46:06.400  6342  6431 I gatt_api: system/stack/gatt/gatt_api.cc:1261 GATT_Register: Allocated name:asha uuid:84a2f032-e036-1496-4544-9f581049228e gatt_if:45 eatt_support:false
01-09 11:46:06.401  6342  6342 I BluetoothAdapterService: setProfileServiceState(HID_DEVICE, 12): completed in 3ms
01-09 11:46:06.401  6342  6342 I BluetoothAdapterService: setProfileServiceState(HID_HOST, 12): starting profile
01-09 11:46:06.401  6342  6342 I bt_btif : system/btif/src/bluetooth.cc:915 get_profile_interface: id = hidhost
01-09 11:46:06.401  6342  6431 I bt_l2cap: system/stack/l2cap/l2c_api.cc:158 L2CA_Register: L2CAP Registered service classic PSM: 0x0011
01-09 11:46:06.401  6342  6431 I bt_l2cap: system/stack/l2cap/l2c_api.cc:158 L2CA_Register: L2CAP Registered service classic PSM: 0x0013
01-09 11:46:06.401  6342  6431 I bluetooth: system/bta/le_audio/client.cc:7015 RegisterIsoDataConsumer: ISO data consumer changed
01-09 11:46:06.401  6342  6431 I gatt_api: system/stack/gatt/gatt_api.cc:1261 GATT_Register: Allocated name:hid uuid:ba4e6c5e-ecb1-f9cc-0df2-38c6eede6f6e gatt_if:46 eatt_support:false
01-09 11:46:06.401  6342  6342 I bt_btif_storage: system/btif/src/btif_storage.cc:635 btif_storage_get_adapter_property: Service_mask=0x60100048
01-09 11:46:06.401  6342  6342 I BluetoothAdapterService: setProfileServiceState(HID_HOST, 12): completed in 0ms
01-09 11:46:06.401  6342  6342 I BluetoothAdapterService: setProfileServiceState(MAP, 12): starting profile
01-09 11:46:06.402  6342  6487 I HeadsetPhoneState: stopListenForPhoneState(), no listener indicates nothing is listening
01-09 11:46:06.402  6342  6487 W HeadsetPhoneState: startListenForPhoneState, no event to listen
01-09 11:46:06.407  2668  6276 D DatabaseUtils: getAppUsageStartTimestampOfUser() userId=0 latestTimestamp=Jan 08, 2026, 18:50:20 in 11/ms
01-09 11:46:06.408  6356  6473 E chromium: [ERROR:simple_version_upgrade.cc(151)] Failed to write a new fake index.
01-09 11:46:06.408  1507  1575 I .apps.wellbeing: AssetManager2(0xb4000072b37c5f38) locale list changing from [] to [en-US]
01-09 11:46:06.409  2668  6276 D DataProcessor: getAppUsageEventsForUser(): 0 from 1767909020237 to 1767969966396 in 2/ms
01-09 11:46:06.409  2668  6276 D DataProcessor: getAppUsageEvents() for all unlocked users in 13/ms
01-09 11:46:06.411   660   870 D BackgroundInstallControlService: Package event received: 0
01-09 11:46:06.415  6342  6342 I BluetoothAdapterService: setProfileServiceState(MAP, 12): completed in 13ms
01-09 11:46:06.415  6342  6342 I BluetoothAdapterService: setProfileServiceState(MCP_SERVER, 12): starting profile
01-09 11:46:06.419  1507  1575 I .apps.wellbeing: AssetManager2(0xb4000072b37c20b8) locale list changing from [] to [en-US]
01-09 11:46:06.420  6342  6342 I BrowsedPlayerWrapper: Wrapping Media Browser com.google.android.bluetooth
01-09 11:46:06.420  6342  6342 I BrowsedPlayerWrapper: Wrapping Media Browser com.google.android.googlequicksearchbox
