01-09 11:51:15.370  3320  3320 I artd    : GetBestInfo: /data/user_de/0/com.google.android.gms/app_chimera/m/0000000c/dl-MlkitBarcodeUi.optional_250834100400.apk has no usable artifacts
01-09 11:51:15.371  3320  3320 I artd    : GetBestInfo: /data/user_de/0/com.google.android.gms/app_chimera/m/00000010/dl-MlkitOcrCommon.optional_254730100400.apk has no usable artifacts
01-09 11:51:15.371  3320  3320 I artd    : GetBestInfo: /data/user_de/0/com.google.android.gms/app_chimera/m/00000007/MeasurementDynamite.apk has no usable artifacts
01-09 11:51:19.124  1034  1205 D SatelliteController: iisInCarrierRoamingNbIotNtn: satellite is disabled
01-09 11:51:25.327  6901  6901 W dumpsys : Thread Pool max thread count is 0. Cannot cache binder as linkToDeath cannot be implemented. serviceName: package
01-09 11:51:25.364  3320  3320 I artd    : GetBestInfo: odex next to the dex file (/data/app/~~jfaalmuk5Iq9PCISxhh6tw==/com.google.android.gms-GD3o_hYHpt4LZBfB2qZRjQ==/oat/arm64/base.odex) is kOatUpToDate with filter 'speed-profile' executable 'false'
01-09 11:51:25.364  3320  3320 I artd    : GetBestInfo: odex next to the dex file (/data/app/~~jfaalmuk5Iq9PCISxhh6tw==/com.google.android.gms-GD3o_hYHpt4LZBfB2qZRjQ==/oat/arm64/split_AdsDynamite_installtime.odex) is kOatUpToDate with filter 'speed' executable 'false'
01-09 11:51:25.365  3320  3320 I artd    : GetBestInfo: odex next to the dex file (/data/app/~~jfaalmuk5Iq9PCISxhh6tw==/com.google.android.gms-GD3o_hYHpt4LZBfB2qZRjQ==/oat/arm64/split_CronetDynamite_installtime.odex) is kOatUpToDate with filter 'speed-profile' executable 'false'
01-09 11:51:25.366  3320  3320 I artd    : GetBestInfo: odex next to the dex file (/data/app/~~jfaalmuk5Iq9PCISxhh6tw==/com.google.android.gms-GD3o_hYHpt4LZBfB2qZRjQ==/oat/arm64/split_DynamiteLoader_installtime.odex) is kOatUpToDate with filter 'speed' executable 'false'
01-09 11:51:25.366  3320  3320 I artd    : GetBestInfo: odex next to the dex file (/data/app/~~jfaalmuk5Iq9PCISxhh6tw==/com.google.android.gms-GD3o_hYHpt4LZBfB2qZRjQ==/oat/arm64/split_DynamiteModulesA_installtime.odex) is kOatUpToDate with filter 'speed' executable 'false'
01-09 11:51:25.367  3320  3320 I artd    : GetBestInfo: odex next to the dex file (/data/app/~~jfaalmuk5Iq9PCISxhh6tw==/com.google.android.gms-GD3o_hYHpt4LZBfB2qZRjQ==/oat/arm64/split_DynamiteModulesC_installtime.odex) is kOatUpToDate with filter 'speed' executable 'false'
01-09 11:51:25.368  3320  3320 I artd    : GetBestInfo: odex next to the dex file (/data/app/~~jfaalmuk5Iq9PCISxhh6tw==/com.google.android.gms-GD3o_hYHpt4LZBfB2qZRjQ==/oat/arm64/split_GoogleCertificates_installtime.odex) is kOatUpToDate with filter 'speed' executable 'false'
01-09 11:51:25.368  3320  3320 I artd    : GetBestInfo: odex next to the dex file (/data/app/~~jfaalmuk5Iq9PCISxhh6tw==/com.google.android.gms-GD3o_hYHpt4LZBfB2qZRjQ==/oat/arm64/split_MapsDynamite_installtime.odex) is kOatUpToDate with filter 'speed' executable 'false'
01-09 11:51:25.369  3320  3320 I artd    : GetBestInfo: odex next to the dex file (/data/app/~~jfaalmuk5Iq9PCISxhh6tw==/com.google.android.gms-GD3o_hYHpt4LZBfB2qZRjQ==/oat/arm64/split_MeasurementDynamite_installtime.odex) is kOatUpToDate with filter 'speed' executable 'false'
01-09 11:51:25.369  3320  3320 I artd    : GetBestInfo: odex next to the dex file (/data/app/~~jfaalmuk5Iq9PCISxhh6tw==/com.google.android.gms-GD3o_hYHpt4LZBfB2qZRjQ==/oat/arm64/split_all_locale_splits.odex) is kOatUpToDate with filter 'speed' executable 'false'
01-09 11:51:25.369  3320  3320 I artd    : GetBestInfo: /data/user_de/0/com.google.android.gms/app_chimera/m/00000001/CronetDynamite.apk has no usable artifacts
01-09 11:51:25.370  3320  3320 I artd    : GetBestInfo: vdex next to the dex file (/data/user/0/com.google.android.gms/app_dg_cache/86A13DB628665CCE468EC763B2421D69DCAC1B2A/oat/arm64/the.vdex) is kOatUpToDate with filter 'verify' executable 'false'
01-09 11:51:25.370  3320  3320 I artd    : GetBestInfo: /data/user_de/0/com.google.android.gms/app_chimera/m/00000002/DynamiteLoader.apk has no usable artifacts
01-09 11:51:25.370  3320  3320 I artd    : GetBestInfo: /data/user_de/0/com.google.android.gms/app_chimera/m/00000005/GoogleCertificates.apk has no usable artifacts
01-09 11:51:25.371  3320  3320 I artd    : GetBestInfo: /data/user_de/0/com.google.android.gms/app_chimera/m/00000009/dl-Appsearch.optional_250834100400.apk has no usable artifacts
01-09 11:51:25.371  3320  3320 I artd    : GetBestInfo: vdex next to the dex file (/data/user/0/com.google.android.gms/app_dg_cache/539E273229BC2C9434CD4D54F801F1B642616683/oat/arm64/the.vdex) is kOatUpToDate with filter 'verify' executable 'false'
01-09 11:51:25.372  3320  3320 I artd    : GetBestInfo: vdex next to the dex file (/data/user/0/com.google.android.gms/app_dg_cache/F6B993618D245C45CC8EA213FA039A5EB670AFCE/oat/arm64/the.vdex) is kOatUpToDate with filter 'verify' executable 'false'
01-09 11:51:25.372  3320  3320 I artd    : GetBestInfo: /data/user_de/0/com.google.android.gms/app_chimera/m/00000012/dl-MlkitBarcodeUi.optional_254730100400.apk has no usable artifacts
01-09 11:51:25.373  3320  3320 I artd    : GetBestInfo: /data/user_de/0/com.google.android.gms/app_chimera/m/0000000f/dl-VisionOcr.optional_254730100000.apk has no usable artifacts
01-09 11:51:25.373  3320  3320 I artd    : GetBestInfo: /data/user_de/0/com.google.android.gms/app_chimera/m/00000016/dl-Appsearch.optional_254730100400.apk has no usable artifacts
01-09 11:51:25.374  3320  3320 I artd    : GetBestInfo: vdex next to the dex file (/data/user/0/com.google.android.gms/app_dg_cache/1479D6BF6FCF6C46C8B4A12D79750ADE94AAD018/oat/arm64/the.vdex) is kOatUpToDate with filter 'verify' executable 'false'
01-09 11:51:25.374  3320  3320 I artd    : GetBestInfo: /data/user_de/0/com.google.android.gms/app_chimera/m/0000000e/dl-TfliteDynamiteDynamite.integ_243930802100400.apk has no usable artifacts
01-09 11:51:25.375  3320  3320 I artd    : GetBestInfo: /data/user_de/0/com.google.android.gms/app_chimera/m/00000015/dl-PlayCloudSearch.optional_254730100000.apk has no usable artifacts
01-09 11:51:25.375  3320  3320 I artd    : GetBestInfo: vdex next to the dex file (/data/user/0/com.google.android.gms/app_dg_cache/F69F380742AF765C5688217890FC7C5272FF6A59/oat/arm64/the.vdex) is kOatUpToDate with filter 'verify' executable 'false'
01-09 11:51:25.376  3320  3320 I artd    : GetBestInfo: vdex next to the dex file (/data/user/0/com.google.android.gms/app_dg_cache/BC758ED5E7D6BDB04AA7A99271131838E0308423/oat/arm64/the.vdex) is kOatUpToDate with filter 'verify' executable 'false'
01-09 11:51:25.376  3320  3320 I artd    : GetBestInfo: /data/user_de/0/com.google.android.gms/app_chimera/m/00000008/dl-TfliteDynamiteDynamite.integ_243930801100400.apk has no usable artifacts
01-09 11:51:25.377  3320  3320 I artd    : GetBestInfo: /data/user_de/0/com.google.android.gms/app_chimera/m/0000000c/dl-MlkitBarcodeUi.optional_250834100400.apk has no usable artifacts
01-09 11:51:25.377  3320  3320 I artd    : GetBestInfo: /data/user_de/0/com.google.android.gms/app_chimera/m/00000010/dl-MlkitOcrCommon.optional_254730100400.apk has no usable artifacts
01-09 11:51:25.377  3320  3320 I artd    : GetBestInfo: /data/user_de/0/com.google.android.gms/app_chimera/m/00000007/MeasurementDynamite.apk has no usable artifacts
01-09 11:51:29.124  1034  1205 D SatelliteController: iisInCarrierRoamingNbIotNtn: satellite is disabled
01-09 11:51:31.860  1642  1912 I bdee    : (REDACTED) getHotwordActive::active query: %s, watch: %s, devices connected: %s
01-09 11:51:35.328  6904  6904 W dumpsys : Thread Pool max thread count is 0. Cannot cache binder as linkToDeath cannot be implemented. serviceName: package
01-09 11:51:35.348  3320  3320 I artd    : GetBestInfo: odex next to the dex file (/data/app/~~jfaalmuk5Iq9PCISxhh6tw==/com.google.android.gms-GD3o_hYHpt4LZBfB2qZRjQ==/oat/arm64/base.odex) is kOatUpToDate with filter 'speed-profile' executable 'false'
01-09 11:51:35.349  3320  3320 I artd    : GetBestInfo: odex next to the dex file (/data/app/~~jfaalmuk5Iq9PCISxhh6tw==/com.google.android.gms-GD3o_hYHpt4LZBfB2qZRjQ==/oat/arm64/split_AdsDynamite_installtime.odex) is kOatUpToDate with filter 'speed' executable 'false'
01-09 11:51:35.350  3320  3320 I artd    : GetBestInfo: odex next to the dex file (/data/app/~~jfaalmuk5Iq9PCISxhh6tw==/com.google.android.gms-GD3o_hYHpt4LZBfB2qZRjQ==/oat/arm64/split_CronetDynamite_installtime.odex) is kOatUpToDate with filter 'speed-profile' executable 'false'
01-09 11:51:35.351  3320  3320 I artd    : GetBestInfo: odex next to the dex file (/data/app/~~jfaalmuk5Iq9PCISxhh6tw==/com.google.android.gms-GD3o_hYHpt4LZBfB2qZRjQ==/oat/arm64/split_DynamiteLoader_installtime.odex) is kOatUpToDate with filter 'speed' executable 'false'
01-09 11:51:35.352  3320  3320 I artd    : GetBestInfo: odex next to the dex file (/data/app/~~jfaalmuk5Iq9PCISxhh6tw==/com.google.android.gms-GD3o_hYHpt4LZBfB2qZRjQ==/oat/arm64/split_DynamiteModulesA_installtime.odex) is kOatUpToDate with filter 'speed' executable 'false'
01-09 11:51:35.352  3320  3320 I artd    : GetBestInfo: odex next to the dex file (/data/app/~~jfaalmuk5Iq9PCISxhh6tw==/com.google.android.gms-GD3o_hYHpt4LZBfB2qZRjQ==/oat/arm64/split_DynamiteModulesC_installtime.odex) is kOatUpToDate with filter 'speed' executable 'false'
01-09 11:51:35.353  3320  3320 I artd    : GetBestInfo: odex next to the dex file (/data/app/~~jfaalmuk5Iq9PCISxhh6tw==/com.google.android.gms-GD3o_hYHpt4LZBfB2qZRjQ==/oat/arm64/split_GoogleCertificates_installtime.odex) is kOatUpToDate with filter 'speed' executable 'false'
01-09 11:51:35.354  3320  3320 I artd    : GetBestInfo: odex next to the dex file (/data/app/~~jfaalmuk5Iq9PCISxhh6tw==/com.google.android.gms-GD3o_hYHpt4LZBfB2qZRjQ==/oat/arm64/split_MapsDynamite_installtime.odex) is kOatUpToDate with filter 'speed' executable 'false'
01-09 11:51:35.354  3320  3320 I artd    : GetBestInfo: odex next to the dex file (/data/app/~~jfaalmuk5Iq9PCISxhh6tw==/com.google.android.gms-GD3o_hYHpt4LZBfB2qZRjQ==/oat/arm64/split_MeasurementDynamite_installtime.odex) is kOatUpToDate with filter 'speed' executable 'false'
01-09 11:51:35.355  3320  3320 I artd    : GetBestInfo: odex next to the dex file (/data/app/~~jfaalmuk5Iq9PCISxhh6tw==/com.google.android.gms-GD3o_hYHpt4LZBfB2qZRjQ==/oat/arm64/split_all_locale_splits.odex) is kOatUpToDate with filter 'speed' executable 'false'
01-09 11:51:35.355  3320  3320 I artd    : GetBestInfo: /data/user_de/0/com.google.android.gms/app_chimera/m/00000001/CronetDynamite.apk has no usable artifacts
01-09 11:51:35.356  3320  3320 I artd    : GetBestInfo: vdex next to the dex file (/data/user/0/com.google.android.gms/app_dg_cache/86A13DB628665CCE468EC763B2421D69DCAC1B2A/oat/arm64/the.vdex) is kOatUpToDate with filter 'verify' executable 'false'
01-09 11:51:35.356  3320  3320 I artd    : GetBestInfo: /data/user_de/0/com.google.android.gms/app_chimera/m/00000002/DynamiteLoader.apk has no usable artifacts
01-09 11:51:35.356  3320  3320 I artd    : GetBestInfo: /data/user_de/0/com.google.android.gms/app_chimera/m/00000005/GoogleCertificates.apk has no usable artifacts
01-09 11:51:35.357  3320  3320 I artd    : GetBestInfo: /data/user_de/0/com.google.android.gms/app_chimera/m/00000009/dl-Appsearch.optional_250834100400.apk has no usable artifacts
01-09 11:51:35.357  3320  3320 I artd    : GetBestInfo: vdex next to the dex file (/data/user/0/com.google.android.gms/app_dg_cache/539E273229BC2C9434CD4D54F801F1B642616683/oat/arm64/the.vdex) is kOatUpToDate with filter 'verify' executable 'false'
01-09 11:51:35.358  3320  3320 I artd    : GetBestInfo: vdex next to the dex file (/data/user/0/com.google.android.gms/app_dg_cache/F6B993618D245C45CC8EA213FA039A5EB670AFCE/oat/arm64/the.vdex) is kOatUpToDate with filter 'verify' executable 'false'
01-09 11:51:35.359  3320  3320 I artd    : GetBestInfo: /data/user_de/0/com.google.android.gms/app_chimera/m/00000012/dl-MlkitBarcodeUi.optional_254730100400.apk has no usable artifacts
01-09 11:51:35.360  3320  3320 I artd    : GetBestInfo: /data/user_de/0/com.google.android.gms/app_chimera/m/0000000f/dl-VisionOcr.optional_254730100000.apk has no usable artifacts
01-09 11:51:35.360  3320  3320 I artd    : GetBestInfo: /data/user_de/0/com.google.android.gms/app_chimera/m/00000016/dl-Appsearch.optional_254730100400.apk has no usable artifacts
01-09 11:51:35.361  3320  3320 I artd    : GetBestInfo: vdex next to the dex file (/data/user/0/com.google.android.gms/app_dg_cache/1479D6BF6FCF6C46C8B4A12D79750ADE94AAD018/oat/arm64/the.vdex) is kOatUpToDate with filter 'verify' executable 'false'
01-09 11:51:35.362  3320  3320 I artd    : GetBestInfo: /data/user_de/0/com.google.android.gms/app_chimera/m/0000000e/dl-TfliteDynamiteDynamite.integ_243930802100400.apk has no usable artifacts
01-09 11:51:35.362  3320  3320 I artd    : GetBestInfo: /data/user_de/0/com.google.android.gms/app_chimera/m/00000015/dl-PlayCloudSearch.optional_254730100000.apk has no usable artifacts
01-09 11:51:35.363  3320  3320 I artd    : GetBestInfo: vdex next to the dex file (/data/user/0/com.google.android.gms/app_dg_cache/F69F380742AF765C5688217890FC7C5272FF6A59/oat/arm64/the.vdex) is kOatUpToDate with filter 'verify' executable 'false'
01-09 11:51:35.364  3320  3320 I artd    : GetBestInfo: vdex next to the dex file (/data/user/0/com.google.android.gms/app_dg_cache/BC758ED5E7D6BDB04AA7A99271131838E0308423/oat/arm64/the.vdex) is kOatUpToDate with filter 'verify' executable 'false'
01-09 11:51:35.364  3320  3320 I artd    : GetBestInfo: /data/user_de/0/com.google.android.gms/app_chimera/m/00000008/dl-TfliteDynamiteDynamite.integ_243930801100400.apk has no usable artifacts
01-09 11:51:35.364  3320  3320 I artd    : GetBestInfo: /data/user_de/0/com.google.android.gms/app_chimera/m/0000000c/dl-MlkitBarcodeUi.optional_250834100400.apk has no usable artifacts
01-09 11:51:35.365  3320  3320 I artd    : GetBestInfo: /data/user_de/0/com.google.android.gms/app_chimera/m/00000010/dl-MlkitOcrCommon.optional_254730100400.apk has no usable artifacts
01-09 11:51:35.365  3320  3320 I artd    : GetBestInfo: /data/user_de/0/com.google.android.gms/app_chimera/m/00000007/MeasurementDynamite.apk has no usable artifacts
01-09 11:51:39.128  1034  1205 D SatelliteController: iisInCarrierRoamingNbIotNtn: satellite is disabled
01-09 11:51:45.331  6907  6907 W dumpsys : Thread Pool max thread count is 0. Cannot cache binder as linkToDeath cannot be implemented. serviceName: package
01-09 11:51:45.355  3320  3320 I artd    : GetBestInfo: odex next to the dex file (/data/app/~~jfaalmuk5Iq9PCISxhh6tw==/com.google.android.gms-GD3o_hYHpt4LZBfB2qZRjQ==/oat/arm64/base.odex) is kOatUpToDate with filter 'speed-profile' executable 'false'
01-09 11:51:45.356  3320  3320 I artd    : GetBestInfo: odex next to the dex file (/data/app/~~jfaalmuk5Iq9PCISxhh6tw==/com.google.android.gms-GD3o_hYHpt4LZBfB2qZRjQ==/oat/arm64/split_AdsDynamite_installtime.odex) is kOatUpToDate with filter 'speed' executable 'false'
01-09 11:51:45.357  3320  3320 I artd    : GetBestInfo: odex next to the dex file (/data/app/~~jfaalmuk5Iq9PCISxhh6tw==/com.google.android.gms-GD3o_hYHpt4LZBfB2qZRjQ==/oat/arm64/split_CronetDynamite_installtime.odex) is kOatUpToDate with filter 'speed-profile' executable 'false'
01-09 11:51:45.357  3320  3320 I artd    : GetBestInfo: odex next to the dex file (/data/app/~~jfaalmuk5Iq9PCISxhh6tw==/com.google.android.gms-GD3o_hYHpt4LZBfB2qZRjQ==/oat/arm64/split_DynamiteLoader_installtime.odex) is kOatUpToDate with filter 'speed' executable 'false'
01-09 11:51:45.358  3320  3320 I artd    : GetBestInfo: odex next to the dex file (/data/app/~~jfaalmuk5Iq9PCISxhh6tw==/com.google.android.gms-GD3o_hYHpt4LZBfB2qZRjQ==/oat/arm64/split_DynamiteModulesA_installtime.odex) is kOatUpToDate with filter 'speed' executable 'false'
01-09 11:51:45.359  3320  3320 I artd    : GetBestInfo: odex next to the dex file (/data/app/~~jfaalmuk5Iq9PCISxhh6tw==/com.google.android.gms-GD3o_hYHpt4LZBfB2qZRjQ==/oat/arm64/split_DynamiteModulesC_installtime.odex) is kOatUpToDate with filter 'speed' executable 'false'
01-09 11:51:45.359  3320  3320 I artd    : GetBestInfo: odex next to the dex file (/data/app/~~jfaalmuk5Iq9PCISxhh6tw==/com.google.android.gms-GD3o_hYHpt4LZBfB2qZRjQ==/oat/arm64/split_GoogleCertificates_installtime.odex) is kOatUpToDate with filter 'speed' executable 'false'
01-09 11:51:45.360  3320  3320 I artd    : GetBestInfo: odex next to the dex file (/data/app/~~jfaalmuk5Iq9PCISxhh6tw==/com.google.android.gms-GD3o_hYHpt4LZBfB2qZRjQ==/oat/arm64/split_MapsDynamite_installtime.odex) is kOatUpToDate with filter 'speed' executable 'false'
01-09 11:51:45.361  3320  3320 I artd    : GetBestInfo: odex next to the dex file (/data/app/~~jfaalmuk5Iq9PCISxhh6tw==/com.google.android.gms-GD3o_hYHpt4LZBfB2qZRjQ==/oat/arm64/split_MeasurementDynamite_installtime.odex) is kOatUpToDate with filter 'speed' executable 'false'
01-09 11:51:45.361  3320  3320 I artd    : GetBestInfo: odex next to the dex file (/data/app/~~jfaalmuk5Iq9PCISxhh6tw==/com.google.android.gms-GD3o_hYHpt4LZBfB2qZRjQ==/oat/arm64/split_all_locale_splits.odex) is kOatUpToDate with filter 'speed' executable 'false'
01-09 11:51:45.362  3320  3320 I artd    : GetBestInfo: /data/user_de/0/com.google.android.gms/app_chimera/m/00000001/CronetDynamite.apk has no usable artifacts
01-09 11:51:45.362  3320  3320 I artd    : GetBestInfo: vdex next to the dex file (/data/user/0/com.google.android.gms/app_dg_cache/86A13DB628665CCE468EC763B2421D69DCAC1B2A/oat/arm64/the.vdex) is kOatUpToDate with filter 'verify' executable 'false'
01-09 11:51:45.362  3320  3320 I artd    : GetBestInfo: /data/user_de/0/com.google.android.gms/app_chimera/m/00000002/DynamiteLoader.apk has no usable artifacts
01-09 11:51:45.363  3320  3320 I artd    : GetBestInfo: /data/user_de/0/com.google.android.gms/app_chimera/m/00000005/GoogleCertificates.apk has no usable artifacts
01-09 11:51:45.363  3320  3320 I artd    : GetBestInfo: /data/user_de/0/com.google.android.gms/app_chimera/m/00000009/dl-Appsearch.optional_250834100400.apk has no usable artifacts
01-09 11:51:45.364  3320  3320 I artd    : GetBestInfo: vdex next to the dex file (/data/user/0/com.google.android.gms/app_dg_cache/539E273229BC2C9434CD4D54F801F1B642616683/oat/arm64/the.vdex) is kOatUpToDate with filter 'verify' executable 'false'
01-09 11:51:45.364  3320  3320 I artd    : GetBestInfo: vdex next to the dex file (/data/user/0/com.google.android.gms/app_dg_cache/F6B993618D245C45CC8EA213FA039A5EB670AFCE/oat/arm64/the.vdex) is kOatUpToDate with filter 'verify' executable 'false'
01-09 11:51:45.365  3320  3320 I artd    : GetBestInfo: /data/user_de/0/com.google.android.gms/app_chimera/m/00000012/dl-MlkitBarcodeUi.optional_254730100400.apk has no usable artifacts
01-09 11:51:45.365  3320  3320 I artd    : GetBestInfo: /data/user_de/0/com.google.android.gms/app_chimera/m/0000000f/dl-VisionOcr.optional_254730100000.apk has no usable artifacts
01-09 11:51:45.366  3320  3320 I artd    : GetBestInfo: /data/user_de/0/com.google.android.gms/app_chimera/m/00000016/dl-Appsearch.optional_254730100400.apk has no usable artifacts
01-09 11:51:45.367  3320  3320 I artd    : GetBestInfo: vdex next to the dex file (/data/user/0/com.google.android.gms/app_dg_cache/1479D6BF6FCF6C46C8B4A12D79750ADE94AAD018/oat/arm64/the.vdex) is kOatUpToDate with filter 'verify' executable 'false'
01-09 11:51:45.367  3320  3320 I artd    : GetBestInfo: /data/user_de/0/com.google.android.gms/app_chimera/m/0000000e/dl-TfliteDynamiteDynamite.integ_243930802100400.apk has no usable artifacts
01-09 11:51:45.368  3320  3320 I artd    : GetBestInfo: /data/user_de/0/com.google.android.gms/app_chimera/m/00000015/dl-PlayCloudSearch.optional_254730100000.apk has no usable artifacts
01-09 11:51:45.368  3320  3320 I artd    : GetBestInfo: vdex next to the dex file (/data/user/0/com.google.android.gms/app_dg_cache/F69F380742AF765C5688217890FC7C5272FF6A59/oat/arm64/the.vdex) is kOatUpToDate with filter 'verify' executable 'false'
01-09 11:51:45.369  3320  3320 I artd    : GetBestInfo: vdex next to the dex file (/data/user/0/com.google.android.gms/app_dg_cache/BC758ED5E7D6BDB04AA7A99271131838E0308423/oat/arm64/the.vdex) is kOatUpToDate with filter 'verify' executable 'false'
01-09 11:51:45.369  3320  3320 I artd    : GetBestInfo: /data/user_de/0/com.google.android.gms/app_chimera/m/00000008/dl-TfliteDynamiteDynamite.integ_243930801100400.apk has no usable artifacts
01-09 11:51:45.370  3320  3320 I artd    : GetBestInfo: /data/user_de/0/com.google.android.gms/app_chimera/m/0000000c/dl-MlkitBarcodeUi.optional_250834100400.apk has no usable artifacts
01-09 11:51:45.370  3320  3320 I artd    : GetBestInfo: /data/user_de/0/com.google.android.gms/app_chimera/m/00000010/dl-MlkitOcrCommon.optional_254730100400.apk has no usable artifacts
01-09 11:51:45.370  3320  3320 I artd    : GetBestInfo: /data/user_de/0/com.google.android.gms/app_chimera/m/00000007/MeasurementDynamite.apk has no usable artifacts
01-09 11:51:49.132  1034  1205 D SatelliteController: iisInCarrierRoamingNbIotNtn: satellite is disabled
01-09 11:51:55.330  6910  6910 W dumpsys : Thread Pool max thread count is 0. Cannot cache binder as linkToDeath cannot be implemented. serviceName: package
01-09 11:51:55.349  3320  3320 I artd    : GetBestInfo: odex next to the dex file (/data/app/~~jfaalmuk5Iq9PCISxhh6tw==/com.google.android.gms-GD3o_hYHpt4LZBfB2qZRjQ==/oat/arm64/base.odex) is kOatUpToDate with filter 'speed-profile' executable 'false'
01-09 11:51:55.350  3320  3320 I artd    : GetBestInfo: odex next to the dex file (/data/app/~~jfaalmuk5Iq9PCISxhh6tw==/com.google.android.gms-GD3o_hYHpt4LZBfB2qZRjQ==/oat/arm64/split_AdsDynamite_installtime.odex) is kOatUpToDate with filter 'speed' executable 'false'
01-09 11:51:55.351  3320  3320 I artd    : GetBestInfo: odex next to the dex file (/data/app/~~jfaalmuk5Iq9PCISxhh6tw==/com.google.android.gms-GD3o_hYHpt4LZBfB2qZRjQ==/oat/arm64/split_CronetDynamite_installtime.odex) is kOatUpToDate with filter 'speed-profile' executable 'false'
01-09 11:51:55.351  3320  3320 I artd    : GetBestInfo: odex next to the dex file (/data/app/~~jfaalmuk5Iq9PCISxhh6tw==/com.google.android.gms-GD3o_hYHpt4LZBfB2qZRjQ==/oat/arm64/split_DynamiteLoader_installtime.odex) is kOatUpToDate with filter 'speed' executable 'false'
01-09 11:51:55.352  3320  3320 I artd    : GetBestInfo: odex next to the dex file (/data/app/~~jfaalmuk5Iq9PCISxhh6tw==/com.google.android.gms-GD3o_hYHpt4LZBfB2qZRjQ==/oat/arm64/split_DynamiteModulesA_installtime.odex) is kOatUpToDate with filter 'speed' executable 'false'
01-09 11:51:55.353  3320  3320 I artd    : GetBestInfo: odex next to the dex file (/data/app/~~jfaalmuk5Iq9PCISxhh6tw==/com.google.android.gms-GD3o_hYHpt4LZBfB2qZRjQ==/oat/arm64/split_DynamiteModulesC_installtime.odex) is kOatUpToDate with filter 'speed' executable 'false'
01-09 11:51:55.353  3320  3320 I artd    : GetBestInfo: odex next to the dex file (/data/app/~~jfaalmuk5Iq9PCISxhh6tw==/com.google.android.gms-GD3o_hYHpt4LZBfB2qZRjQ==/oat/arm64/split_GoogleCertificates_installtime.odex) is kOatUpToDate with filter 'speed' executable 'false'
01-09 11:51:55.354  3320  3320 I artd    : GetBestInfo: odex next to the dex file (/data/app/~~jfaalmuk5Iq9PCISxhh6tw==/com.google.android.gms-GD3o_hYHpt4LZBfB2qZRjQ==/oat/arm64/split_MapsDynamite_installtime.odex) is kOatUpToDate with filter 'speed' executable 'false'
01-09 11:51:55.355  3320  3320 I artd    : GetBestInfo: odex next to the dex file (/data/app/~~jfaalmuk5Iq9PCISxhh6tw==/com.google.android.gms-GD3o_hYHpt4LZBfB2qZRjQ==/oat/arm64/split_MeasurementDynamite_installtime.odex) is kOatUpToDate with filter 'speed' executable 'false'
01-09 11:51:55.355  3320  3320 I artd    : GetBestInfo: odex next to the dex file (/data/app/~~jfaalmuk5Iq9PCISxhh6tw==/com.google.android.gms-GD3o_hYHpt4LZBfB2qZRjQ==/oat/arm64/split_all_locale_splits.odex) is kOatUpToDate with filter 'speed' executable 'false'
01-09 11:51:55.355  3320  3320 I artd    : GetBestInfo: /data/user_de/0/com.google.android.gms/app_chimera/m/00000001/CronetDynamite.apk has no usable artifacts
01-09 11:51:55.356  3320  3320 I artd    : GetBestInfo: vdex next to the dex file (/data/user/0/com.google.android.gms/app_dg_cache/86A13DB628665CCE468EC763B2421D69DCAC1B2A/oat/arm64/the.vdex) is kOatUpToDate with filter 'verify' executable 'false'
01-09 11:51:55.356  3320  3320 I artd    : GetBestInfo: /data/user_de/0/com.google.android.gms/app_chimera/m/00000002/DynamiteLoader.apk has no usable artifacts
01-09 11:51:55.356  3320  3320 I artd    : GetBestInfo: /data/user_de/0/com.google.android.gms/app_chimera/m/00000005/GoogleCertificates.apk has no usable artifacts
01-09 11:51:55.357  3320  3320 I artd    : GetBestInfo: /data/user_de/0/com.google.android.gms/app_chimera/m/00000009/dl-Appsearch.optional_250834100400.apk has no usable artifacts
01-09 11:51:55.357  3320  3320 I artd    : GetBestInfo: vdex next to the dex file (/data/user/0/com.google.android.gms/app_dg_cache/539E273229BC2C9434CD4D54F801F1B642616683/oat/arm64/the.vdex) is kOatUpToDate with filter 'verify' executable 'false'
01-09 11:51:55.358  3320  3320 I artd    : GetBestInfo: vdex next to the dex file (/data/user/0/com.google.android.gms/app_dg_cache/F6B993618D245C45CC8EA213FA039A5EB670AFCE/oat/arm64/the.vdex) is kOatUpToDate with filter 'verify' executable 'false'
01-09 11:51:55.359  3320  3320 I artd    : GetBestInfo: /data/user_de/0/com.google.android.gms/app_chimera/m/00000012/dl-MlkitBarcodeUi.optional_254730100400.apk has no usable artifacts
01-09 11:51:55.359  3320  3320 I artd    : GetBestInfo: /data/user_de/0/com.google.android.gms/app_chimera/m/0000000f/dl-VisionOcr.optional_254730100000.apk has no usable artifacts
01-09 11:51:55.360  3320  3320 I artd    : GetBestInfo: /data/user_de/0/com.google.android.gms/app_chimera/m/00000016/dl-Appsearch.optional_254730100400.apk has no usable artifacts
01-09 11:51:55.360  3320  3320 I artd    : GetBestInfo: vdex next to the dex file (/data/user/0/com.google.android.gms/app_dg_cache/1479D6BF6FCF6C46C8B4A12D79750ADE94AAD018/oat/arm64/the.vdex) is kOatUpToDate with filter 'verify' executable 'false'
01-09 11:51:55.361  3320  3320 I artd    : GetBestInfo: /data/user_de/0/com.google.android.gms/app_chimera/m/0000000e/dl-TfliteDynamiteDynamite.integ_243930802100400.apk has no usable artifacts
01-09 11:51:55.361  3320  3320 I artd    : GetBestInfo: /data/user_de/0/com.google.android.gms/app_chimera/m/00000015/dl-PlayCloudSearch.optional_254730100000.apk has no usable artifacts
01-09 11:51:55.362  3320  3320 I artd    : GetBestInfo: vdex next to the dex file (/data/user/0/com.google.android.gms/app_dg_cache/F69F380742AF765C5688217890FC7C5272FF6A59/oat/arm64/the.vdex) is kOatUpToDate with filter 'verify' executable 'false'
01-09 11:51:55.362  3320  3320 I artd    : GetBestInfo: vdex next to the dex file (/data/user/0/com.google.android.gms/app_dg_cache/BC758ED5E7D6BDB04AA7A99271131838E0308423/oat/arm64/the.vdex) is kOatUpToDate with filter 'verify' executable 'false'
01-09 11:51:55.363  3320  3320 I artd    : GetBestInfo: /data/user_de/0/com.google.android.gms/app_chimera/m/00000008/dl-TfliteDynamiteDynamite.integ_243930801100400.apk has no usable artifacts
01-09 11:51:55.363  3320  3320 I artd    : GetBestInfo: /data/user_de/0/com.google.android.gms/app_chimera/m/0000000c/dl-MlkitBarcodeUi.optional_250834100400.apk has no usable artifacts
01-09 11:51:55.364  3320  3320 I artd    : GetBestInfo: /data/user_de/0/com.google.android.gms/app_chimera/m/00000010/dl-MlkitOcrCommon.optional_254730100400.apk has no usable artifacts
01-09 11:51:55.364  3320  3320 I artd    : GetBestInfo: /data/user_de/0/com.google.android.gms/app_chimera/m/00000007/MeasurementDynamite.apk has no usable artifacts
01-09 11:51:57.226   660  1760 D TelephonyManager: requestModemActivityInfo: Sending result to app: ModemActivityInfo{ mTimestamp=1902837 mSleepTimeMs=294 mIdleTimeMs=98 mActivityStatsTechSpecificInfo=[{mRat=UNKNOWN,mFrequencyRange=UNKNOWN,mTxTimeMs[]=[7, 21, 42, 56, 63],mRxTimeMs=63}]}
01-09 11:51:59.138  1034  1205 D SatelliteController: iisInCarrierRoamingNbIotNtn: satellite is disabled
01-09 11:52:05.332  6913  6913 W dumpsys : Thread Pool max thread count is 0. Cannot cache binder as linkToDeath cannot be implemented. serviceName: package
01-09 11:52:05.355  3320  3320 I artd    : GetBestInfo: odex next to the dex file (/data/app/~~jfaalmuk5Iq9PCISxhh6tw==/com.google.android.gms-GD3o_hYHpt4LZBfB2qZRjQ==/oat/arm64/base.odex) is kOatUpToDate with filter 'speed-profile' executable 'false'
01-09 11:52:05.356  3320  3320 I artd    : GetBestInfo: odex next to the dex file (/data/app/~~jfaalmuk5Iq9PCISxhh6tw==/com.google.android.gms-GD3o_hYHpt4LZBfB2qZRjQ==/oat/arm64/split_AdsDynamite_installtime.odex) is kOatUpToDate with filter 'speed' executable 'false'
01-09 11:52:05.357  3320  3320 I artd    : GetBestInfo: odex next to the dex file (/data/app/~~jfaalmuk5Iq9PCISxhh6tw==/com.google.android.gms-GD3o_hYHpt4LZBfB2qZRjQ==/oat/arm64/split_CronetDynamite_installtime.odex) is kOatUpToDate with filter 'speed-profile' executable 'false'
01-09 11:52:05.357  3320  3320 I artd    : GetBestInfo: odex next to the dex file (/data/app/~~jfaalmuk5Iq9PCISxhh6tw==/com.google.android.gms-GD3o_hYHpt4LZBfB2qZRjQ==/oat/arm64/split_DynamiteLoader_installtime.odex) is kOatUpToDate with filter 'speed' executable 'false'
01-09 11:52:05.358  3320  3320 I artd    : GetBestInfo: odex next to the dex file (/data/app/~~jfaalmuk5Iq9PCISxhh6tw==/com.google.android.gms-GD3o_hYHpt4LZBfB2qZRjQ==/oat/arm64/split_DynamiteModulesA_installtime.odex) is kOatUpToDate with filter 'speed' executable 'false'
01-09 11:52:05.359  3320  3320 I artd    : GetBestInfo: odex next to the dex file (/data/app/~~jfaalmuk5Iq9PCISxhh6tw==/com.google.android.gms-GD3o_hYHpt4LZBfB2qZRjQ==/oat/arm64/split_DynamiteModulesC_installtime.odex) is kOatUpToDate with filter 'speed' executable 'false'
01-09 11:52:05.360  3320  3320 I artd    : GetBestInfo: odex next to the dex file (/data/app/~~jfaalmuk5Iq9PCISxhh6tw==/com.google.android.gms-GD3o_hYHpt4LZBfB2qZRjQ==/oat/arm64/split_GoogleCertificates_installtime.odex) is kOatUpToDate with filter 'speed' executable 'false'
01-09 11:52:05.360  3320  3320 I artd    : GetBestInfo: odex next to the dex file (/data/app/~~jfaalmuk5Iq9PCISxhh6tw==/com.google.android.gms-GD3o_hYHpt4LZBfB2qZRjQ==/oat/arm64/split_MapsDynamite_installtime.odex) is kOatUpToDate with filter 'speed' executable 'false'
01-09 11:52:05.361  3320  3320 I artd    : GetBestInfo: odex next to the dex file (/data/app/~~jfaalmuk5Iq9PCISxhh6tw==/com.google.android.gms-GD3o_hYHpt4LZBfB2qZRjQ==/oat/arm64/split_MeasurementDynamite_installtime.odex) is kOatUpToDate with filter 'speed' executable 'false'
01-09 11:52:05.362  3320  3320 I artd    : GetBestInfo: odex next to the dex file (/data/app/~~jfaalmuk5Iq9PCISxhh6tw==/com.google.android.gms-GD3o_hYHpt4LZBfB2qZRjQ==/oat/arm64/split_all_locale_splits.odex) is kOatUpToDate with filter 'speed' executable 'false'
01-09 11:52:05.362  3320  3320 I artd    : GetBestInfo: /data/user_de/0/com.google.android.gms/app_chimera/m/00000001/CronetDynamite.apk has no usable artifacts
01-09 11:52:05.363  3320  3320 I artd    : GetBestInfo: vdex next to the dex file (/data/user/0/com.google.android.gms/app_dg_cache/86A13DB628665CCE468EC763B2421D69DCAC1B2A/oat/arm64/the.vdex) is kOatUpToDate with filter 'verify' executable 'false'
01-09 11:52:05.363  3320  3320 I artd    : GetBestInfo: /data/user_de/0/com.google.android.gms/app_chimera/m/00000002/DynamiteLoader.apk has no usable artifacts
01-09 11:52:05.363  3320  3320 I artd    : GetBestInfo: /data/user_de/0/com.google.android.gms/app_chimera/m/00000005/GoogleCertificates.apk has no usable artifacts
01-09 11:52:05.363  3320  3320 I artd    : GetBestInfo: /data/user_de/0/com.google.android.gms/app_chimera/m/00000009/dl-Appsearch.optional_250834100400.apk has no usable artifacts
01-09 11:52:05.364  3320  3320 I artd    : GetBestInfo: vdex next to the dex file (/data/user/0/com.google.android.gms/app_dg_cache/539E273229BC2C9434CD4D54F801F1B642616683/oat/arm64/the.vdex) is kOatUpToDate with filter 'verify' executable 'false'
01-09 11:52:05.365  3320  3320 I artd    : GetBestInfo: vdex next to the dex file (/data/user/0/com.google.android.gms/app_dg_cache/F6B993618D245C45CC8EA213FA039A5EB670AFCE/oat/arm64/the.vdex) is kOatUpToDate with filter 'verify' executable 'false'
01-09 11:52:05.365  3320  3320 I artd    : GetBestInfo: /data/user_de/0/com.google.android.gms/app_chimera/m/00000012/dl-MlkitBarcodeUi.optional_254730100400.apk has no usable artifacts
01-09 11:52:05.366  3320  3320 I artd    : GetBestInfo: /data/user_de/0/com.google.android.gms/app_chimera/m/0000000f/dl-VisionOcr.optional_254730100000.apk has no usable artifacts
01-09 11:52:05.366  3320  3320 I artd    : GetBestInfo: /data/user_de/0/com.google.android.gms/app_chimera/m/00000016/dl-Appsearch.optional_254730100400.apk has no usable artifacts
01-09 11:52:05.367  3320  3320 I artd    : GetBestInfo: vdex next to the dex file (/data/user/0/com.google.android.gms/app_dg_cache/1479D6BF6FCF6C46C8B4A12D79750ADE94AAD018/oat/arm64/the.vdex) is kOatUpToDate with filter 'verify' executable 'false'
01-09 11:52:05.367  3320  3320 I artd    : GetBestInfo: /data/user_de/0/com.google.android.gms/app_chimera/m/0000000e/dl-TfliteDynamiteDynamite.integ_243930802100400.apk has no usable artifacts
01-09 11:52:05.368  3320  3320 I artd    : GetBestInfo: /data/user_de/0/com.google.android.gms/app_chimera/m/00000015/dl-PlayCloudSearch.optional_254730100000.apk has no usable artifacts
01-09 11:52:05.368  3320  3320 I artd    : GetBestInfo: vdex next to the dex file (/data/user/0/com.google.android.gms/app_dg_cache/F69F380742AF765C5688217890FC7C5272FF6A59/oat/arm64/the.vdex) is kOatUpToDate with filter 'verify' executable 'false'
01-09 11:52:05.369  3320  3320 I artd    : GetBestInfo: vdex next to the dex file (/data/user/0/com.google.android.gms/app_dg_cache/BC758ED5E7D6BDB04AA7A99271131838E0308423/oat/arm64/the.vdex) is kOatUpToDate with filter 'verify' executable 'false'
01-09 11:52:05.369  3320  3320 I artd    : GetBestInfo: /data/user_de/0/com.google.android.gms/app_chimera/m/00000008/dl-TfliteDynamiteDynamite.integ_243930801100400.apk has no usable artifacts
01-09 11:52:05.370  3320  3320 I artd    : GetBestInfo: /data/user_de/0/com.google.android.gms/app_chimera/m/0000000c/dl-MlkitBarcodeUi.optional_250834100400.apk has no usable artifacts
01-09 11:52:05.370  3320  3320 I artd    : GetBestInfo: /data/user_de/0/com.google.android.gms/app_chimera/m/00000010/dl-MlkitOcrCommon.optional_254730100400.apk has no usable artifacts
01-09 11:52:05.371  3320  3320 I artd    : GetBestInfo: /data/user_de/0/com.google.android.gms/app_chimera/m/00000007/MeasurementDynamite.apk has no usable artifacts
01-09 11:52:09.137  1034  1205 D SatelliteController: iisInCarrierRoamingNbIotNtn: satellite is disabled
01-09 11:52:15.329  6916  6916 W dumpsys : Thread Pool max thread count is 0. Cannot cache binder as linkToDeath cannot be implemented. serviceName: package
01-09 11:52:15.349  3320  3320 I artd    : GetBestInfo: odex next to the dex file (/data/app/~~jfaalmuk5Iq9PCISxhh6tw==/com.google.android.gms-GD3o_hYHpt4LZBfB2qZRjQ==/oat/arm64/base.odex) is kOatUpToDate with filter 'speed-profile' executable 'false'
01-09 11:52:15.350  3320  3320 I artd    : GetBestInfo: odex next to the dex file (/data/app/~~jfaalmuk5Iq9PCISxhh6tw==/com.google.android.gms-GD3o_hYHpt4LZBfB2qZRjQ==/oat/arm64/split_AdsDynamite_installtime.odex) is kOatUpToDate with filter 'speed' executable 'false'
01-09 11:52:15.350  3320  3320 I artd    : GetBestInfo: odex next to the dex file (/data/app/~~jfaalmuk5Iq9PCISxhh6tw==/com.google.android.gms-GD3o_hYHpt4LZBfB2qZRjQ==/oat/arm64/split_CronetDynamite_installtime.odex) is kOatUpToDate with filter 'speed-profile' executable 'false'
01-09 11:52:15.351  3320  3320 I artd    : GetBestInfo: odex next to the dex file (/data/app/~~jfaalmuk5Iq9PCISxhh6tw==/com.google.android.gms-GD3o_hYHpt4LZBfB2qZRjQ==/oat/arm64/split_DynamiteLoader_installtime.odex) is kOatUpToDate with filter 'speed' executable 'false'
01-09 11:52:15.352  3320  3320 I artd    : GetBestInfo: odex next to the dex file (/data/app/~~jfaalmuk5Iq9PCISxhh6tw==/com.google.android.gms-GD3o_hYHpt4LZBfB2qZRjQ==/oat/arm64/split_DynamiteModulesA_installtime.odex) is kOatUpToDate with filter 'speed' executable 'false'
01-09 11:52:15.352  3320  3320 I artd    : GetBestInfo: odex next to the dex file (/data/app/~~jfaalmuk5Iq9PCISxhh6tw==/com.google.android.gms-GD3o_hYHpt4LZBfB2qZRjQ==/oat/arm64/split_DynamiteModulesC_installtime.odex) is kOatUpToDate with filter 'speed' executable 'false'
01-09 11:52:15.353  3320  3320 I artd    : GetBestInfo: odex next to the dex file (/data/app/~~jfaalmuk5Iq9PCISxhh6tw==/com.google.android.gms-GD3o_hYHpt4LZBfB2qZRjQ==/oat/arm64/split_GoogleCertificates_installtime.odex) is kOatUpToDate with filter 'speed' executable 'false'
01-09 11:52:15.354  3320  3320 I artd    : GetBestInfo: odex next to the dex file (/data/app/~~jfaalmuk5Iq9PCISxhh6tw==/com.google.android.gms-GD3o_hYHpt4LZBfB2qZRjQ==/oat/arm64/split_MapsDynamite_installtime.odex) is kOatUpToDate with filter 'speed' executable 'false'
01-09 11:52:15.354  3320  3320 I artd    : GetBestInfo: odex next to the dex file (/data/app/~~jfaalmuk5Iq9PCISxhh6tw==/com.google.android.gms-GD3o_hYHpt4LZBfB2qZRjQ==/oat/arm64/split_MeasurementDynamite_installtime.odex) is kOatUpToDate with filter 'speed' executable 'false'
01-09 11:52:15.355  3320  3320 I artd    : GetBestInfo: odex next to the dex file (/data/app/~~jfaalmuk5Iq9PCISxhh6tw==/com.google.android.gms-GD3o_hYHpt4LZBfB2qZRjQ==/oat/arm64/split_all_locale_splits.odex) is kOatUpToDate with filter 'speed' executable 'false'
01-09 11:52:15.355  3320  3320 I artd    : GetBestInfo: /data/user_de/0/com.google.android.gms/app_chimera/m/00000001/CronetDynamite.apk has no usable artifacts
01-09 11:52:15.356  3320  3320 I artd    : GetBestInfo: vdex next to the dex file (/data/user/0/com.google.android.gms/app_dg_cache/86A13DB628665CCE468EC763B2421D69DCAC1B2A/oat/arm64/the.vdex) is kOatUpToDate with filter 'verify' executable 'false'
01-09 11:52:15.356  3320  3320 I artd    : GetBestInfo: /data/user_de/0/com.google.android.gms/app_chimera/m/00000002/DynamiteLoader.apk has no usable artifacts
01-09 11:52:15.356  3320  3320 I artd    : GetBestInfo: /data/user_de/0/com.google.android.gms/app_chimera/m/00000005/GoogleCertificates.apk has no usable artifacts
01-09 11:52:15.356  3320  3320 I artd    : GetBestInfo: /data/user_de/0/com.google.android.gms/app_chimera/m/00000009/dl-Appsearch.optional_250834100400.apk has no usable artifacts
01-09 11:52:15.357  3320  3320 I artd    : GetBestInfo: vdex next to the dex file (/data/user/0/com.google.android.gms/app_dg_cache/539E273229BC2C9434CD4D54F801F1B642616683/oat/arm64/the.vdex) is kOatUpToDate with filter 'verify' executable 'false'
01-09 11:52:15.358  3320  3320 I artd    : GetBestInfo: vdex next to the dex file (/data/user/0/com.google.android.gms/app_dg_cache/F6B993618D245C45CC8EA213FA039A5EB670AFCE/oat/arm64/the.vdex) is kOatUpToDate with filter 'verify' executable 'false'
01-09 11:52:15.358  3320  3320 I artd    : GetBestInfo: /data/user_de/0/com.google.android.gms/app_chimera/m/00000012/dl-MlkitBarcodeUi.optional_254730100400.apk has no usable artifacts
01-09 11:52:15.359  3320  3320 I artd    : GetBestInfo: /data/user_de/0/com.google.android.gms/app_chimera/m/0000000f/dl-VisionOcr.optional_254730100000.apk has no usable artifacts
01-09 11:52:15.359  3320  3320 I artd    : GetBestInfo: /data/user_de/0/com.google.android.gms/app_chimera/m/00000016/dl-Appsearch.optional_254730100400.apk has no usable artifacts
01-09 11:52:15.360  3320  3320 I artd    : GetBestInfo: vdex next to the dex file (/data/user/0/com.google.android.gms/app_dg_cache/1479D6BF6FCF6C46C8B4A12D79750ADE94AAD018/oat/arm64/the.vdex) is kOatUpToDate with filter 'verify' executable 'false'
01-09 11:52:15.360  3320  3320 I artd    : GetBestInfo: /data/user_de/0/com.google.android.gms/app_chimera/m/0000000e/dl-TfliteDynamiteDynamite.integ_243930802100400.apk has no usable artifacts
01-09 11:52:15.361  3320  3320 I artd    : GetBestInfo: /data/user_de/0/com.google.android.gms/app_chimera/m/00000015/dl-PlayCloudSearch.optional_254730100000.apk has no usable artifacts
01-09 11:52:15.362  3320  3320 I artd    : GetBestInfo: vdex next to the dex file (/data/user/0/com.google.android.gms/app_dg_cache/F69F380742AF765C5688217890FC7C5272FF6A59/oat/arm64/the.vdex) is kOatUpToDate with filter 'verify' executable 'false'
01-09 11:52:15.362  3320  3320 I artd    : GetBestInfo: vdex next to the dex file (/data/user/0/com.google.android.gms/app_dg_cache/BC758ED5E7D6BDB04AA7A99271131838E0308423/oat/arm64/the.vdex) is kOatUpToDate with filter 'verify' executable 'false'
01-09 11:52:15.363  3320  3320 I artd    : GetBestInfo: /data/user_de/0/com.google.android.gms/app_chimera/m/00000008/dl-TfliteDynamiteDynamite.integ_243930801100400.apk has no usable artifacts
01-09 11:52:15.363  3320  3320 I artd    : GetBestInfo: /data/user_de/0/com.google.android.gms/app_chimera/m/0000000c/dl-MlkitBarcodeUi.optional_250834100400.apk has no usable artifacts
01-09 11:52:15.364  3320  3320 I artd    : GetBestInfo: /data/user_de/0/com.google.android.gms/app_chimera/m/00000010/dl-MlkitOcrCommon.optional_254730100400.apk has no usable artifacts
01-09 11:52:15.364  3320  3320 I artd    : GetBestInfo: /data/user_de/0/com.google.android.gms/app_chimera/m/00000007/MeasurementDynamite.apk has no usable artifacts
01-09 11:52:19.138  1034  1205 D SatelliteController: iisInCarrierRoamingNbIotNtn: satellite is disabled
01-09 11:52:25.309  6919  6919 W dumpsys : Thread Pool max thread count is 0. Cannot cache binder as linkToDeath cannot be implemented. serviceName: package
01-09 11:52:25.340  3320  3320 I artd    : GetBestInfo: odex next to the dex file (/data/app/~~jfaalmuk5Iq9PCISxhh6tw==/com.google.android.gms-GD3o_hYHpt4LZBfB2qZRjQ==/oat/arm64/base.odex) is kOatUpToDate with filter 'speed-profile' executable 'false'
01-09 11:52:25.341  3320  3320 I artd    : GetBestInfo: odex next to the dex file (/data/app/~~jfaalmuk5Iq9PCISxhh6tw==/com.google.android.gms-GD3o_hYHpt4LZBfB2qZRjQ==/oat/arm64/split_AdsDynamite_installtime.odex) is kOatUpToDate with filter 'speed' executable 'false'
01-09 11:52:25.342  3320  3320 I artd    : GetBestInfo: odex next to the dex file (/data/app/~~jfaalmuk5Iq9PCISxhh6tw==/com.google.android.gms-GD3o_hYHpt4LZBfB2qZRjQ==/oat/arm64/split_CronetDynamite_installtime.odex) is kOatUpToDate with filter 'speed-profile' executable 'false'
01-09 11:52:25.342  3320  3320 I artd    : GetBestInfo: odex next to the dex file (/data/app/~~jfaalmuk5Iq9PCISxhh6tw==/com.google.android.gms-GD3o_hYHpt4LZBfB2qZRjQ==/oat/arm64/split_DynamiteLoader_installtime.odex) is kOatUpToDate with filter 'speed' executable 'false'
01-09 11:52:25.343  3320  3320 I artd    : GetBestInfo: odex next to the dex file (/data/app/~~jfaalmuk5Iq9PCISxhh6tw==/com.google.android.gms-GD3o_hYHpt4LZBfB2qZRjQ==/oat/arm64/split_DynamiteModulesA_installtime.odex) is kOatUpToDate with filter 'speed' executable 'false'
01-09 11:52:25.343  3320  3320 I artd    : GetBestInfo: odex next to the dex file (/data/app/~~jfaalmuk5Iq9PCISxhh6tw==/com.google.android.gms-GD3o_hYHpt4LZBfB2qZRjQ==/oat/arm64/split_DynamiteModulesC_installtime.odex) is kOatUpToDate with filter 'speed' executable 'false'
01-09 11:52:25.344  3320  3320 I artd    : GetBestInfo: odex next to the dex file (/data/app/~~jfaalmuk5Iq9PCISxhh6tw==/com.google.android.gms-GD3o_hYHpt4LZBfB2qZRjQ==/oat/arm64/split_GoogleCertificates_installtime.odex) is kOatUpToDate with filter 'speed' executable 'false'
01-09 11:52:25.344  3320  3320 I artd    : GetBestInfo: odex next to the dex file (/data/app/~~jfaalmuk5Iq9PCISxhh6tw==/com.google.android.gms-GD3o_hYHpt4LZBfB2qZRjQ==/oat/arm64/split_MapsDynamite_installtime.odex) is kOatUpToDate with filter 'speed' executable 'false'
01-09 11:52:25.345  3320  3320 I artd    : GetBestInfo: odex next to the dex file (/data/app/~~jfaalmuk5Iq9PCISxhh6tw==/com.google.android.gms-GD3o_hYHpt4LZBfB2qZRjQ==/oat/arm64/split_MeasurementDynamite_installtime.odex) is kOatUpToDate with filter 'speed' executable 'false'
01-09 11:52:25.345  3320  3320 I artd    : GetBestInfo: odex next to the dex file (/data/app/~~jfaalmuk5Iq9PCISxhh6tw==/com.google.android.gms-GD3o_hYHpt4LZBfB2qZRjQ==/oat/arm64/split_all_locale_splits.odex) is kOatUpToDate with filter 'speed' executable 'false'
01-09 11:52:25.346  3320  3320 I artd    : GetBestInfo: /data/user_de/0/com.google.android.gms/app_chimera/m/00000001/CronetDynamite.apk has no usable artifacts
01-09 11:52:25.346  3320  3320 I artd    : GetBestInfo: vdex next to the dex file (/data/user/0/com.google.android.gms/app_dg_cache/86A13DB628665CCE468EC763B2421D69DCAC1B2A/oat/arm64/the.vdex) is kOatUpToDate with filter 'verify' executable 'false'
01-09 11:52:25.346  3320  3320 I artd    : GetBestInfo: /data/user_de/0/com.google.android.gms/app_chimera/m/00000002/DynamiteLoader.apk has no usable artifacts
01-09 11:52:25.347  3320  3320 I artd    : GetBestInfo: /data/user_de/0/com.google.android.gms/app_chimera/m/00000005/GoogleCertificates.apk has no usable artifacts
01-09 11:52:25.347  3320  3320 I artd    : GetBestInfo: /data/user_de/0/com.google.android.gms/app_chimera/m/00000009/dl-Appsearch.optional_250834100400.apk has no usable artifacts
01-09 11:52:25.348  3320  3320 I artd    : GetBestInfo: vdex next to the dex file (/data/user/0/com.google.android.gms/app_dg_cache/539E273229BC2C9434CD4D54F801F1B642616683/oat/arm64/the.vdex) is kOatUpToDate with filter 'verify' executable 'false'
01-09 11:52:25.348  3320  3320 I artd    : GetBestInfo: vdex next to the dex file (/data/user/0/com.google.android.gms/app_dg_cache/F6B993618D245C45CC8EA213FA039A5EB670AFCE/oat/arm64/the.vdex) is kOatUpToDate with filter 'verify' executable 'false'
01-09 11:52:25.349  3320  3320 I artd    : GetBestInfo: /data/user_de/0/com.google.android.gms/app_chimera/m/00000012/dl-MlkitBarcodeUi.optional_254730100400.apk has no usable artifacts
01-09 11:52:25.349  3320  3320 I artd    : GetBestInfo: /data/user_de/0/com.google.android.gms/app_chimera/m/0000000f/dl-VisionOcr.optional_254730100000.apk has no usable artifacts
01-09 11:52:25.350  3320  3320 I artd    : GetBestInfo: /data/user_de/0/com.google.android.gms/app_chimera/m/00000016/dl-Appsearch.optional_254730100400.apk has no usable artifacts
01-09 11:52:25.350  3320  3320 I artd    : GetBestInfo: vdex next to the dex file (/data/user/0/com.google.android.gms/app_dg_cache/1479D6BF6FCF6C46C8B4A12D79750ADE94AAD018/oat/arm64/the.vdex) is kOatUpToDate with filter 'verify' executable 'false'
01-09 11:52:25.351  3320  3320 I artd    : GetBestInfo: /data/user_de/0/com.google.android.gms/app_chimera/m/0000000e/dl-TfliteDynamiteDynamite.integ_243930802100400.apk has no usable artifacts
01-09 11:52:25.351  3320  3320 I artd    : GetBestInfo: /data/user_de/0/com.google.android.gms/app_chimera/m/00000015/dl-PlayCloudSearch.optional_254730100000.apk has no usable artifacts
01-09 11:52:25.352  3320  3320 I artd    : GetBestInfo: vdex next to the dex file (/data/user/0/com.google.android.gms/app_dg_cache/F69F380742AF765C5688217890FC7C5272FF6A59/oat/arm64/the.vdex) is kOatUpToDate with filter 'verify' executable 'false'
01-09 11:52:25.352  3320  3320 I artd    : GetBestInfo: vdex next to the dex file (/data/user/0/com.google.android.gms/app_dg_cache/BC758ED5E7D6BDB04AA7A99271131838E0308423/oat/arm64/the.vdex) is kOatUpToDate with filter 'verify' executable 'false'
01-09 11:52:25.353  3320  3320 I artd    : GetBestInfo: /data/user_de/0/com.google.android.gms/app_chimera/m/00000008/dl-TfliteDynamiteDynamite.integ_243930801100400.apk has no usable artifacts
01-09 11:52:25.353  3320  3320 I artd    : GetBestInfo: /data/user_de/0/com.google.android.gms/app_chimera/m/0000000c/dl-MlkitBarcodeUi.optional_250834100400.apk has no usable artifacts
01-09 11:52:25.353  3320  3320 I artd    : GetBestInfo: /data/user_de/0/com.google.android.gms/app_chimera/m/00000010/dl-MlkitOcrCommon.optional_254730100400.apk has no usable artifacts
01-09 11:52:25.354  3320  3320 I artd    : GetBestInfo: /data/user_de/0/com.google.android.gms/app_chimera/m/00000007/MeasurementDynamite.apk has no usable artifacts
01-09 11:52:27.527   660  1760 D WifiNl80211Manager: Scan result ready event
01-09 11:52:27.527   660  1760 D WifiNative: Scan result ready event
01-09 11:52:27.529  1160  1176 I WifiScanner: onFullResults
01-09 11:52:27.529  1160  2402 I WifiScanner: onFullResults
01-09 11:52:27.532   660   820 I HalDevMgr: bestIfaceCreationProposal is null, requestIface=STA, existingIface=[name=wlan0 type=STA]
01-09 11:52:29.139  1034  1205 D SatelliteController: iisInCarrierRoamingNbIotNtn: satellite is disabled
01-09 11:52:31.859  1642  1912 I bdee    : (REDACTED) getHotwordActive::active query: %s, watch: %s, devices connected: %s
01-09 11:52:35.329  6922  6922 W dumpsys : Thread Pool max thread count is 0. Cannot cache binder as linkToDeath cannot be implemented. serviceName: package
01-09 11:52:35.351  3320  3320 I artd    : GetBestInfo: odex next to the dex file (/data/app/~~jfaalmuk5Iq9PCISxhh6tw==/com.google.android.gms-GD3o_hYHpt4LZBfB2qZRjQ==/oat/arm64/base.odex) is kOatUpToDate with filter 'speed-profile' executable 'false'
01-09 11:52:35.352  3320  3320 I artd    : GetBestInfo: odex next to the dex file (/data/app/~~jfaalmuk5Iq9PCISxhh6tw==/com.google.android.gms-GD3o_hYHpt4LZBfB2qZRjQ==/oat/arm64/split_AdsDynamite_installtime.odex) is kOatUpToDate with filter 'speed' executable 'false'
