01-09 11:49:35.530  1617  1617 D WM-SystemJobService: onStartJob for WorkGenerationalId(workSpecId=ca4a03f0-244f-4312-a820-f670b8a30835, generation=0)
01-09 11:49:35.530  1617  1781 D WM-GreedyScheduler: Ignoring {WorkSpec: 44df8988-83ba-4212-a0d9-1caa12839ee8}. Requires device idle.
01-09 11:49:35.530  1617  1781 D WM-GreedyScheduler: Ignoring {WorkSpec: dc2b16e3-8105-45d8-926a-2f24299e1717}. Requires device idle.
01-09 11:49:35.530  1617  1781 D WM-GreedyScheduler: Starting work for ca4a03f0-244f-4312-a820-f670b8a30835
01-09 11:49:35.532   660   705 W IPCThreadState: Sending oneway calls to frozen process.
01-09 11:49:35.532   660   705 W IPCThreadState: Sending oneway calls to frozen process.
01-09 11:49:35.532   660   705 W IPCThreadState: Sending oneway calls to frozen process.
01-09 11:49:35.532   660   705 W IPCThreadState: Sending oneway calls to frozen process.
01-09 11:49:35.533   660   705 W IPCThreadState: Sending oneway calls to frozen process.
01-09 11:49:35.533   660   705 W IPCThreadState: Sending oneway calls to frozen process.
01-09 11:49:35.533   660   705 W IPCThreadState: Sending oneway calls to frozen process.
01-09 11:49:35.533   660   705 W IPCThreadState: Sending oneway calls to frozen process.
01-09 11:49:35.533   915  1032 V WindowManagerShell: onTransitionReady (#39) android.os.BinderProxy@2725cac: {id=39 t=OPEN f=0x0 trk=0 r=[0@Point(0, 0)] c=[
01-09 11:49:35.533   915  1032 V WindowManagerShell:         {m=OPEN f=TRANSLUCENT|FILLS_TASK leash=Surface(name=ActivityRecord{267107740 u0 com.google.android.photopicker/com.android.photopicker.PhotopickerGetContentActivity)/@0xde9fd7b sb=Rect(0, 0 - 0, 0) eb=Rect(0, 0 - 1080, 2424) epz=Point(1080, 2424) d=-1->0 r=-1->0:-1 bc=ffeeedf4 component=com.google.android.photopicker/com.android.photopicker.MainActivity opt={t=FROM_STYLE mUserId=0}}
01-09 11:49:35.533   915  1032 V WindowManagerShell:     ]}
01-09 11:49:35.533   660   705 W IPCThreadState: Sending oneway calls to frozen process.
01-09 11:49:35.533   660   705 W IPCThreadState: Sending oneway calls to frozen process.
01-09 11:49:35.533   660   705 W IPCThreadState: Sending oneway calls to frozen process.
01-09 11:49:35.533   660   705 W IPCThreadState: Sending oneway calls to frozen process.
01-09 11:49:35.533   660   705 W IPCThreadState: Sending oneway calls to frozen process.
01-09 11:49:35.533   660   705 W IPCThreadState: Sending oneway calls to frozen process.
01-09 11:49:35.533   660   705 W IPCThreadState: Sending oneway calls to frozen process.
01-09 11:49:35.533   660   705 W IPCThreadState: Sending oneway calls to frozen process.
01-09 11:49:35.533   660   705 W IPCThreadState: Sending oneway calls to frozen process.
01-09 11:49:35.533   660   705 W IPCThreadState: Sending oneway calls to frozen process.
01-09 11:49:35.533   660   705 W IPCThreadState: Sending oneway calls to frozen process.
01-09 11:49:35.533   660   705 W IPCThreadState: Sending oneway calls to frozen process.
01-09 11:49:35.533   660   705 W IPCThreadState: Sending oneway calls to frozen process.
01-09 11:49:35.533   660   705 W IPCThreadState: Sending oneway calls to frozen process.
01-09 11:49:35.533   660   705 W IPCThreadState: Sending oneway calls to frozen process.
01-09 11:49:35.533   915  1032 V WindowManagerShell: Playing animation for (#39) android.os.BinderProxy@2725cac@0
01-09 11:49:35.533   660   705 W IPCThreadState: Sending oneway calls to frozen process.
01-09 11:49:35.533   660   705 W IPCThreadState: Sending oneway calls to frozen process.
01-09 11:49:35.533   660   705 W IPCThreadState: Sending oneway calls to frozen process.
01-09 11:49:35.533   660   705 W IPCThreadState: Sending oneway calls to frozen process.
01-09 11:49:35.533   660   705 W IPCThreadState: Sending oneway calls to frozen process.
01-09 11:49:35.533   660   705 W IPCThreadState: Sending oneway calls to frozen process.
01-09 11:49:35.534   660   705 W IPCThreadState: Sending oneway calls to frozen process.
01-09 11:49:35.534   660   705 W IPCThreadState: Sending oneway calls to frozen process.
01-09 11:49:35.534   915  1032 V ShellRecents: RecentsTransitionHandler.startAnimation: no controller found
01-09 11:49:35.534   915  1032 V WindowManagerShell: Transition doesn't have explicit remote, search filters for match for {id=39 t=OPEN f=0x0 trk=0 r=[0@Point(0, 0)] c=[{m=OPEN f=TRANSLUCENT|FILLS_TASK leash=Surface(name=ActivityRecord{267107740 u0 com.google.android.photopicker/com.android.photopicker.PhotopickerGetContentActivity)/@0xde9fd7b sb=Rect(0, 0 - 0, 0) eb=Rect(0, 0 - 1080, 2424) epz=Point(1080, 2424) d=-1->0 r=-1->0:-1 bc=ffeeedf4 component=com.google.android.photopicker/com.android.photopicker.MainActivity opt={t=FROM_STYLE mUserId=0}}]}
01-09 11:49:35.535   915  1032 V WindowManagerShell:  Checking filter Pair{{types=[] flags=0x0] notFlags=0x0 checks=[{atype=undefined independent=true modes=[CLOSE,TO_BACK] flags=IN_TASK_WITH_EMBEDDED_ACTIVITY mustBeTask=false order=ANY topActivity=null launchCookie=null taskFragmentToken=android.os.BinderProxy@fa35851 windowingMode=undefined}]} RemoteTransition { remoteTransition = android.window.IRemoteTransition$Stub$Proxy@d1b78b6, appThread = android.app.IApplicationThread$Stub$Proxy@63e09b7, debugName = overlayBackTransition }}
01-09 11:49:35.535   915  1032 V WindowManagerShell:  Checking filter Pair{{types=[] flags=0x0] notFlags=0x0 checks=[{atype=dream independent=true modes=[OPEN,TO_FRONT] flags=NONE mustBeTask=false order=ANY topActivity=null launchCookie=null windowingMode=undefined},{atype=home independent=true modes=[CLOSE,TO_BACK] flags=NONE mustBeTask=false order=ANY topActivity=null launchCookie=null windowingMode=undefined}]} RemoteTransition { remoteTransition = android.window.IRemoteTransition$Stub$Proxy@9ea1524, appThread = android.app.IApplicationThread$Stub$Proxy@8f4288d, debugName = LauncherToDream }}
01-09 11:49:35.535   915  1032 V WindowManagerShell:  Checking filter Pair{{types=[] flags=0x0] notFlags=0x100 checks=[{atype=home independent=true modes=[OPEN,TO_FRONT] flags=NONE mustBeTask=false order=TOP topActivity=ComponentInfo{com.google.android.apps.nexuslauncher/com.google.android.apps.nexuslauncher.NexusLauncherActivity} launchCookie=null windowingMode=undefined},{atype=standard independent=true modes=[CLOSE,TO_BACK] flags=NONE mustBeTask=false order=ANY topActivity=null launchCookie=null windowingMode=undefined},{NOT atype=undefined independent=true modes=[] flags=NONE mustBeTask=true order=ANY topActivity=null launchCookie=null customAnim=true windowingMode=undefined}]} RemoteTransition { remoteTransition = android.window.IRemoteTransition$Stub$Proxy@e5e6a42, appThread = android.app.IApplicationThread$Stub$Proxy@39f8a53, debugName = QuickstepLaunchHome }}
01-09 11:49:35.535   915  1032 V WindowManagerShell:  Delegate animation for (#39) to null
01-09 11:49:35.535   915  1032 V WindowManagerShell: start default transition animation, info = {id=39 t=OPEN f=0x0 trk=0 r=[0@Point(0, 0)] c=[{m=OPEN f=TRANSLUCENT|FILLS_TASK leash=Surface(name=ActivityRecord{267107740 u0 com.google.android.photopicker/com.android.photopicker.PhotopickerGetContentActivity)/@0xde9fd7b sb=Rect(0, 0 - 0, 0) eb=Rect(0, 0 - 1080, 2424) epz=Point(1080, 2424) d=-1->0 r=-1->0:-1 bc=ffeeedf4 component=com.google.android.photopicker/com.android.photopicker.MainActivity opt={t=FROM_STYLE mUserId=0}}]}
01-09 11:49:35.536  1617  1617 D WM-WorkerWrapper: Starting work for com.android.providers.media.photopicker.sync.ImmediateSyncWorker
01-09 11:49:35.536  1617  1781 I WM-WorkerWrapper: Worker result SUCCESS for Work [ id=acf77f1f-3e70-4f30-aa1a-493264e0889c, tags={ com.android.providers.media.photopicker.sync.ImmediateGrantsSyncWorker } ]
01-09 11:49:35.536  1617  1781 I WM-WorkerWrapper: Setting status to enqueued for 8c745a6c-d866-4738-90c4-8a0db793eb97
01-09 11:49:35.536   915  1032 V WindowManagerShell: loadAnimation: anim=android.view.animation.AnimationSet@8a9b3d6 animAttr=0x4 type=OPEN isEntrance=true
01-09 11:49:35.536  3143  5983 D PhotopickerBannerManager: Refresh of banners was requested.
01-09 11:49:35.536  1617  4369 I ISyncWorker: Starting immediate picker sync from sync source: 1
01-09 11:49:35.537  1617  4369 D PickerSyncController: syncAllMediaFromProvider() LOCAL, auth=com.android.providers.media.photopicker, retry=true
01-09 11:49:35.537  1617  4369 D PickerSyncController: getSyncRequestParams() LOCAL, auth=com.android.providers.media.photopicker
01-09 11:49:35.537   915  1032 V WindowManagerShell:  animated by com.android.wm.shell.transition.DefaultTransitionHandler@5ba8d98
01-09 11:49:35.537  1617  1617 D WM-Processor: Processor acf77f1f-3e70-4f30-aa1a-493264e0889c executed; reschedule = false
01-09 11:49:35.537  1617  1617 D WM-SystemJobService: acf77f1f-3e70-4f30-aa1a-493264e0889c executed on JobScheduler
01-09 11:49:35.537  1617  1781 D WM-Processor: Processor: processing WorkGenerationalId(workSpecId=ca4a03f0-244f-4312-a820-f670b8a30835, generation=0)
01-09 11:49:35.537  1617  1781 D WM-Processor: Work WorkGenerationalId(workSpecId=ca4a03f0-244f-4312-a820-f670b8a30835, generation=0) is already enqueued for processing
01-09 11:49:35.538  1617  1781 D WM-GreedyScheduler: Cancelling work ID acf77f1f-3e70-4f30-aa1a-493264e0889c
01-09 11:49:35.543  1617  4369 D PickerSyncController:    Latest ID/Gen=d7cbd6957b17abf3:external_primary/60
01-09 11:49:35.543  1617  4369 D PickerSyncController:    Cached ID/Gen=d7cbd6957b17abf3:external_primary/60
01-09 11:49:35.543  1617  4369 D PickerSyncController:    RESULT=SyncRequestParams{type=NONE, gen=0, latest=null, pageSize=1000}
01-09 11:49:35.543  1617  4369 I PickerSyncTracker: Marked sync future complete for work id: 0984e71b-5e2d-4de0-bb9f-6aeb4dcb2980. Future map: {9e6a0e28-b3da-45ce-b5c1-13cde3f253a3=java.util.concurrent.CompletableFuture@fe11503[Not completed, 2 dependents]}
01-09 11:49:35.543  1617  4369 I ISyncWorker: Completed immediate picker sync from local provider.
01-09 11:49:35.544  1617  1781 D WM-SystemJobScheduler: Scheduling work ID 8c745a6c-d866-4738-90c4-8a0db793eb97Job ID 100
01-09 11:49:35.548  1617  1781 D WM-GreedyScheduler: Ignoring {WorkSpec: 44df8988-83ba-4212-a0d9-1caa12839ee8}. Requires device idle.
01-09 11:49:35.548  1617  1617 D WM-SystemJobService: onStartJob for WorkGenerationalId(workSpecId=8c745a6c-d866-4738-90c4-8a0db793eb97, generation=0)
01-09 11:49:35.548  1617  1781 D WM-GreedyScheduler: Ignoring {WorkSpec: dc2b16e3-8105-45d8-926a-2f24299e1717}. Requires device idle.
01-09 11:49:35.548  1617  1781 D WM-GreedyScheduler: Starting work for 8c745a6c-d866-4738-90c4-8a0db793eb97
01-09 11:49:35.548   660   792 I ImeTracker: com.google.android.photopicker:3fa7814e: onRequestHide at ORIGIN_SERVER reason HIDE_UNSPECIFIED_WINDOW fromUser false
01-09 11:49:35.548   660   702 I ActivityTaskManager: Displayed com.google.android.photopicker/com.android.photopicker.PhotopickerGetContentActivity for user 0: +235ms
01-09 11:49:35.549   660   702 V WindowManager: Sent Transition (#39) createdAt=01-09 11:49:35.299 via request=TransitionRequestInfo { type = OPEN, triggerTask = TaskInfo{userId=0 taskId=39 effectiveUid=10214 displayId=0 isRunning=true baseIntent=Intent { flg=0x10000000 cmp=com.gustavo.fitai/.MainActivity } baseActivity=ComponentInfo{com.gustavo.fitai/com.gustavo.fitai.MainActivity} topActivity=ComponentInfo{com.google.android.photopicker/com.android.photopicker.MainActivity} origActivity=null realActivity=ComponentInfo{com.gustavo.fitai/com.gustavo.fitai.MainActivity} numActivities=2 lastActiveTime=1760918 supportsMultiWindow=true resizeMode=1 isResizeable=true minWidth=-1 minHeight=-1 defaultMinSize=220 token=WCT{RemoteToken{8cf2bc5 Task{6bf0a36 #39 type=standard A=10214:com.gustavo.fitai}}} topActivityType=1 pictureInPictureParams=null shouldDockBigOverlays=false launchIntoPipHostTaskId=-1 lastParentTaskIdBeforePip=-1 displayCutoutSafeInsets=Rect(0, 0 - 0, 0) topActivityInfo=ActivityInfo{9f2fbf3 com.android.photopicker.PhotopickerGetContentActivity} launchCookies=[] positionInParent=Point(0, 0) parentTaskId=-1 isFocused=true isVisible=true isVisibleRequested=true isTopActivityNoDisplay=false isSleeping=false locusId=null displayAreaFeatureId=1 isTopActivityTransparent=true isActivityStackTransparent=false lastNonFullscreenBounds=Rect(278, 711 - 803, 1791) capturedLink=null capturedLinkTimestamp=0 requestedVisibleTypes=-9 topActivityRequestOpenInBrowserEducationTimestamp=0 appCompatTaskInfo=AppCompatTaskInfo { topActivityInSizeCompat=false eligibleForLetterboxEducation= false isLetterboxEducationEnabled= true isLetterboxDoubleTapEnabled= false eligibleForUserAspectRatioButton= false topActivityBoundsLetterboxed= false isFromLetterboxDoubleTap= false topActivityLetterboxVerticalPosition= -1 topActivityLetterboxHorizontalPosition= -1 topActivityLetterboxWidth=-1 topActivityLetterboxHeight=-1 topActivityAppBounds=Rect(0, 0 - 1080, 2424) isUserFullscreenOverrideEnabled=false isSystemFullscreenOverrideEnabled=false hasMinAspectRatioOverride=false topActivityLetterboxBounds=null cameraCompatTaskInfo=CameraCompatTaskInfo { freeformCameraCompatMode=inactive}} topActivityMainWindowFrame=null}, pipChange = null, remoteTransition = null, displayChange = null, flags = 0, debugId = 39 }
01-09 11:49:35.549   660   702 V WindowManager:     startWCT=WindowContainerTransaction { changes= {} hops= [] errorCallbackToken=null taskFragmentOrganizer=null }
01-09 11:49:35.549   660   702 V WindowManager:     info={id=39 t=OPEN f=0x0 trk=0 r=[0@Point(0, 0)] c=[
01-09 11:49:35.549   660   702 V WindowManager:         {m=OPEN f=TRANSLUCENT|FILLS_TASK leash=Surface(name=ActivityRecord{267107740 u0 com.google.android.photopicker/com.android.photopicker.PhotopickerGetContentActivity)/@0xf68d9fe sb=Rect(0, 0 - 0, 0) eb=Rect(0, 0 - 1080, 2424) epz=Point(1080, 2424) d=-1->0 r=-1->0:-1 bc=ffeeedf4 component=com.google.android.photopicker/com.android.photopicker.MainActivity opt={t=FROM_STYLE mUserId=0}}
01-09 11:49:35.549   660   702 V WindowManager:     ]}
01-09 11:49:35.549  1617  1617 D WM-WorkerWrapper: Starting work for com.android.providers.media.photopicker.sync.ImmediateSyncWorker
01-09 11:49:35.550  1617  1781 I WM-WorkerWrapper: Worker result SUCCESS for Work [ id=0984e71b-5e2d-4de0-bb9f-6aeb4dcb2980, tags={ com.android.providers.media.photopicker.sync.ImmediateSyncWorker } ]
01-09 11:49:35.550  1617  1781 I WM-WorkerWrapper: Setting status to enqueued for 9e6a0e28-b3da-45ce-b5c1-13cde3f253a3
01-09 11:49:35.550  1617  1617 D WM-Processor: Processor 0984e71b-5e2d-4de0-bb9f-6aeb4dcb2980 executed; reschedule = false
01-09 11:49:35.550  1617  1617 D WM-SystemJobService: 0984e71b-5e2d-4de0-bb9f-6aeb4dcb2980 executed on JobScheduler
01-09 11:49:35.550  1617  4371 I ISyncWorker: Starting immediate picker sync from sync source: 2
01-09 11:49:35.550  1617  4371 D PickerSyncLockManager: Trying to acquire lock com.android.providers.media.photopicker.sync.CloseableReentrantLock@5f39ff0[Unlocked]. Lock Name = CLOUD_SYNC_LOCK. Threads that may be waiting to acquire this lock = [] with timeout.
01-09 11:49:35.551  1617  4371 D CloseableReentrantLock: Successfully acquired lock com.android.providers.media.photopicker.sync.CloseableReentrantLock@5f39ff0[Locked by thread pool-4-thread-8]. Lock Name = CLOUD_SYNC_LOCK. Threads that may be waiting to acquire this lock = []
01-09 11:49:35.551  1617  1781 D WM-Processor: Processor: processing WorkGenerationalId(workSpecId=8c745a6c-d866-4738-90c4-8a0db793eb97, generation=0)
01-09 11:49:35.551  1617  4371 D PickerSyncLockManager: Trying to acquire lock com.android.providers.media.photopicker.sync.CloseableReentrantLock@5e2f9b1[Unlocked]. Lock Name = CLOUD_PROVIDER_LOCK. Threads that may be waiting to acquire this lock = [] with timeout.
01-09 11:49:35.551  1617  4371 D CloseableReentrantLock: Successfully acquired lock com.android.providers.media.photopicker.sync.CloseableReentrantLock@5e2f9b1[Locked by thread pool-4-thread-8]. Lock Name = CLOUD_PROVIDER_LOCK. Threads that may be waiting to acquire this lock = []
01-09 11:49:35.551  1617  4371 D CloseableReentrantLock: Successfully released lock com.android.providers.media.photopicker.sync.CloseableReentrantLock@5e2f9b1[Unlocked]. Lock Name = CLOUD_PROVIDER_LOCK. Threads that may be waiting to acquire this lock = []
01-09 11:49:35.551  1617  4371 D PickerSyncController: syncAllMediaFromProvider() CLOUD, auth=com.google.android.apps.photos.cloudpicker, retry=true
01-09 11:49:35.551  1617  4371 D PickerSyncLockManager: Trying to acquire lock com.android.providers.media.photopicker.sync.CloseableReentrantLock@5e2f9b1[Unlocked]. Lock Name = CLOUD_PROVIDER_LOCK. Threads that may be waiting to acquire this lock = [] with timeout.
01-09 11:49:35.551  1617  4371 D CloseableReentrantLock: Successfully acquired lock com.android.providers.media.photopicker.sync.CloseableReentrantLock@5e2f9b1[Locked by thread pool-4-thread-8]. Lock Name = CLOUD_PROVIDER_LOCK. Threads that may be waiting to acquire this lock = []
01-09 11:49:35.551  1617  4371 D PickerSyncController: getSyncRequestParams() CLOUD, auth=com.google.android.apps.photos.cloudpicker
01-09 11:49:35.551  1617  1781 D WM-Processor: Work WorkGenerationalId(workSpecId=8c745a6c-d866-4738-90c4-8a0db793eb97, generation=0) is already enqueued for processing
01-09 11:49:35.551  1617  1781 D WM-GreedyScheduler: Cancelling work ID 0984e71b-5e2d-4de0-bb9f-6aeb4dcb2980
01-09 11:49:35.552  1617  1781 D WM-SystemJobScheduler: Scheduling work ID 9e6a0e28-b3da-45ce-b5c1-13cde3f253a3Job ID 101
01-09 11:49:35.552  3143  3143 D InsetsController: hide(ime(), fromIme=false)
01-09 11:49:35.552  3143  3143 I ImeTracker: com.google.android.photopicker:3fa7814e: onCancelled at PHASE_CLIENT_ALREADY_HIDDEN
01-09 11:49:35.557  1494  1494 I GoogleInputMethodService: GoogleInputMethodService.onFinishInput():2043 
01-09 11:49:35.560  1617  1781 D WM-GreedyScheduler: Ignoring {WorkSpec: 44df8988-83ba-4212-a0d9-1caa12839ee8}. Requires device idle.
01-09 11:49:35.560  1617  1781 D WM-GreedyScheduler: Ignoring {WorkSpec: dc2b16e3-8105-45d8-926a-2f24299e1717}. Requires device idle.
01-09 11:49:35.560  1617  1781 D WM-GreedyScheduler: Starting work for 9e6a0e28-b3da-45ce-b5c1-13cde3f253a3
01-09 11:49:35.561  1617  1617 D WM-SystemJobService: onStartJob for WorkGenerationalId(workSpecId=9e6a0e28-b3da-45ce-b5c1-13cde3f253a3, generation=0)
01-09 11:49:35.562   660  1075 I ImeTracker: system_server:46311c0a: onRequestHide at ORIGIN_SERVER reason IME_REQUESTED_CHANGED_LISTENER fromUser false
01-09 11:49:35.563  1617  1781 D WM-Processor: Processor: processing WorkGenerationalId(workSpecId=9e6a0e28-b3da-45ce-b5c1-13cde3f253a3, generation=0)
01-09 11:49:35.563  1617  1781 D WM-Processor: Work WorkGenerationalId(workSpecId=9e6a0e28-b3da-45ce-b5c1-13cde3f253a3, generation=0) is already enqueued for processing
01-09 11:49:35.563  1494  1494 I Module  : DeviceLockedStatusModuleProvider$Module.updateDeviceLockedStatus():100 repeatCheckTimes = 0, locked = false
01-09 11:49:35.563  1617  1617 D WM-WorkerWrapper: Starting work for com.android.providers.media.photopicker.sync.ImmediateGrantsSyncWorker
01-09 11:49:35.559  3201  3201 W binder:3201_C: type=1400 audit(0.0:220): avc:  denied  { read } for  name="u:object_r:userdebug_or_eng_prop:s0" dev="tmpfs" ino=362 scontext=u:r:untrusted_app:s0:c170,c256,c512,c768 tcontext=u:object_r:userdebug_or_eng_prop:s0 tclass=file permissive=0 app=com.google.android.apps.photos
01-09 11:49:35.566  3201  6858 W libc    : Access denied finding property "ro.debuggable"
01-09 11:49:35.567  1617  4371 D PickerSyncController:    Latest ID/Gen=null/0
01-09 11:49:35.567   660   705 I ImeTracker: system_server:46311c0a: onCancelled at PHASE_SERVER_SHOULD_HIDE
01-09 11:49:35.567  1617  4371 D PickerSyncController:    Cached ID/Gen=null/-1
01-09 11:49:35.567  1617  4374 I ISyncGrantsWorker: Starting immediate picker grants sync from external database.
01-09 11:49:35.567  1617  4371 D CloseableReentrantLock: Successfully released lock com.android.providers.media.photopicker.sync.CloseableReentrantLock@5e2f9b1[Unlocked]. Lock Name = CLOUD_PROVIDER_LOCK. Threads that may be waiting to acquire this lock = []
01-09 11:49:35.567  1617  4371 E PickerSyncController: Failed to sync all media. Reset media and retry: true
01-09 11:49:35.567  1617  4371 E PickerSyncController: java.lang.IllegalStateException: Unexpected Latest Media Collection Info: ID/Gen=null/0
01-09 11:49:35.567  1617  4371 E PickerSyncController: 	at com.android.providers.media.photopicker.PickerSyncController.getSyncRequestParamsLocked(PickerSyncController.java:1554)
01-09 11:49:35.567  1617  4371 E PickerSyncController: 	at com.android.providers.media.photopicker.PickerSyncController.getSyncRequestParams(PickerSyncController.java:1514)
01-09 11:49:35.567  1617  4371 E PickerSyncController: 	at com.android.providers.media.photopicker.PickerSyncController.syncAllMediaFromProvider(PickerSyncController.java:928)
01-09 11:49:35.567  1617  4371 E PickerSyncController: 	at com.android.providers.media.photopicker.PickerSyncController.syncAllMediaFromCloudProvider(PickerSyncController.java:419)
01-09 11:49:35.567  1617  4371 E PickerSyncController: 	at com.android.providers.media.photopicker.sync.ImmediateSyncWorker.doWork(ImmediateSyncWorker.java:90)
01-09 11:49:35.567  1617  4371 E PickerSyncController: 	at androidx.work.Worker$startWork$1.invoke(Worker.kt:64)
01-09 11:49:35.567  1617  4371 E PickerSyncController: 	at androidx.work.Worker$startWork$1.invoke(Worker.kt:64)
01-09 11:49:35.567  1617  4371 E PickerSyncController: 	at androidx.work.WorkerKt.future$lambda$2$lambda$1(Worker.kt:100)
01-09 11:49:35.567  1617  4371 E PickerSyncController: 	at androidx.work.WorkerKt.$r8$lambda$06LNzu7McnKR6G06fSbfQ2BCegc(Worker.kt:0)
01-09 11:49:35.567  1617  4371 E PickerSyncController: 	at androidx.work.WorkerKt$$ExternalSyntheticLambda2.run(R8$$SyntheticClass:0)
01-09 11:49:35.567  1617  4371 E PickerSyncController: 	at java.util.concurrent.ThreadPoolExecutor.runWorker(ThreadPoolExecutor.java:1156)
01-09 11:49:35.567  1617  4371 E PickerSyncController: 	at java.util.concurrent.ThreadPoolExecutor$Worker.run(ThreadPoolExecutor.java:651)
01-09 11:49:35.567  1617  4371 E PickerSyncController: 	at java.lang.Thread.run(Thread.java:1119)
01-09 11:49:35.567  1617  4374 D PickerDbFacade: Clearing all picker database grants for calling package.
01-09 11:49:35.567  1617  4371 I PickerSyncController: Executing SyncReset. isLocal: false. authority: com.google.android.apps.photos.cloudpicker
01-09 11:49:35.567  1617  4374 I PickerSyncController: Successfully executed clear grants operation. Result count: 0
01-09 11:49:35.567  1617  1617 D WM-WorkerWrapper: Starting work for com.android.providers.media.photopicker.sync.ImmediateSyncWorker
01-09 11:49:35.567  1494  1494 I GoogleInputMethodService: GoogleInputMethodService.onStartInput():1293 onStartInput(EditorInfo{EditorInfo{packageName=com.google.android.photopicker, inputType=0, inputTypeString=NULL, enableLearning=false, autoCorrection=false, autoComplete=false, imeOptions=0, privateImeOptions=null, actionName=UNSPECIFIED, actionLabel=null, initialSelStart=-1, initialSelEnd=-1, initialCapsMode=0, label=null, fieldId=0, fieldName=null, extras=null, hintText=null, hintLocales=[]}}, false)
01-09 11:49:35.569  1617  4374 I ISyncGrantsWorker: Completed immediate picker grants sync from external database. 
01-09 11:49:35.569  1617  4374 I PickerSyncTracker: Marked sync future complete for work id: 8c745a6c-d866-4738-90c4-8a0db793eb97. Future map: {}
01-09 11:49:35.569  1617  4374 I ISyncWorker: Starting immediate picker sync from sync source: 1
01-09 11:49:35.569  1617  4374 D PickerSyncController: syncAllMediaFromProvider() LOCAL, auth=com.android.providers.media.photopicker, retry=true
01-09 11:49:35.569  1617  4371 D PickerNotificationSender: Sending a notification for media update
01-09 11:49:35.569  1617  4374 D PickerSyncController: getSyncRequestParams() LOCAL, auth=com.android.providers.media.photopicker
01-09 11:49:35.570  1617  4374 D PickerSyncController:    Latest ID/Gen=d7cbd6957b17abf3:external_primary/60
01-09 11:49:35.570  1617  4374 D PickerSyncController:    Cached ID/Gen=d7cbd6957b17abf3:external_primary/60
01-09 11:49:35.570  1617  4374 D PickerSyncController:    RESULT=SyncRequestParams{type=NONE, gen=0, latest=null, pageSize=1000}
01-09 11:49:35.570  1494  1494 I Module  : DeviceLockedStatusModuleProvider$Module.updateDeviceLockedStatus():100 repeatCheckTimes = 1, locked = false
01-09 11:49:35.570  1617  4371 D PickerNotificationSender: Sending a notification for merged album media update Videos
01-09 11:49:35.570   660  1950 W PackageConfigPersister: App-specific configuration not found for packageName: com.google.android.photopicker and userId: 0
01-09 11:49:35.570  1617  4371 D PickerNotificationSender: Sending a notification for album media update Videos
01-09 11:49:35.571  1617  4374 I PickerSyncTracker: Marked sync future complete for work id: 9e6a0e28-b3da-45ce-b5c1-13cde3f253a3. Future map: {}
01-09 11:49:35.571  3143  6597 D PhotopickerDataService: Media update notification received
01-09 11:49:35.572  3143  3143 V PhotopickerDataService: Created a media paging source that queries [Provider(authority=com.android.providers.media.photopicker, mediaSource=LOCAL, uid=10207, displayName=Media picker)]
01-09 11:49:35.574  1617  4371 D PickerNotificationSender: Sending a notification for merged album media update Favorites
01-09 11:49:35.574  1617  4371 D PickerNotificationSender: Sending a notification for album media update Favorites
01-09 11:49:35.574  1617  4374 I ISyncWorker: Completed immediate picker sync from local provider.
01-09 11:49:35.574  1617  1781 I WM-WorkerWrapper: Worker result SUCCESS for Work [ id=8c745a6c-d866-4738-90c4-8a0db793eb97, tags={ com.android.providers.media.photopicker.sync.ImmediateGrantsSyncWorker } ]
01-09 11:49:35.575  3143  6847 D PhotopickerDataService: Album media update notification received for album authority com.android.providers.media.photopicker and album id Videos
01-09 11:49:35.576  1617  1617 D WM-Processor: Processor 8c745a6c-d866-4738-90c4-8a0db793eb97 executed; reschedule = false
01-09 11:49:35.577  3143  5983 D PhotopickerDataService: Album media update notification received for album authority com.android.providers.media.photopicker and album id Favorites
01-09 11:49:35.577  1617  1617 D WM-SystemJobService: 8c745a6c-d866-4738-90c4-8a0db793eb97 executed on JobScheduler
01-09 11:49:35.577  1617  4545 D PickerSyncLockManager: Trying to acquire lock com.android.providers.media.photopicker.sync.CloseableReentrantLock@5e2f9b1[Unlocked]. Lock Name = CLOUD_PROVIDER_LOCK. Threads that may be waiting to acquire this lock = [] with timeout.
01-09 11:49:35.577  1617  4545 D CloseableReentrantLock: Successfully acquired lock com.android.providers.media.photopicker.sync.CloseableReentrantLock@5e2f9b1[Locked by thread binder:1617_7]. Lock Name = CLOUD_PROVIDER_LOCK. Threads that may be waiting to acquire this lock = []
01-09 11:49:35.577  1617  4545 D CloseableReentrantLock: Successfully released lock com.android.providers.media.photopicker.sync.CloseableReentrantLock@5e2f9b1[Unlocked]. Lock Name = CLOUD_PROVIDER_LOCK. Threads that may be waiting to acquire this lock = []
01-09 11:49:35.577  1617  4545 D PickerSyncTracker: Flushing all complete futures: {}
01-09 11:49:35.577  1617  4545 I PickerSyncTracker: Returning pending sync future map: {}
01-09 11:49:35.577  1617  4371 I PickerSyncController: SyncReset. isLocal:false. authority: com.google.android.apps.photos.cloudpicker. result count: 0
01-09 11:49:35.577  1617  4371 D PickerSyncLockManager: Trying to acquire lock com.android.providers.media.photopicker.sync.CloseableReentrantLock@5e2f9b1[Unlocked]. Lock Name = CLOUD_PROVIDER_LOCK. Threads that may be waiting to acquire this lock = [] with timeout.
01-09 11:49:35.577  1617  4371 D CloseableReentrantLock: Successfully acquired lock com.android.providers.media.photopicker.sync.CloseableReentrantLock@5e2f9b1[Locked by thread pool-4-thread-8]. Lock Name = CLOUD_PROVIDER_LOCK. Threads that may be waiting to acquire this lock = []
01-09 11:49:35.577  1617  4371 D CloseableReentrantLock: Successfully released lock com.android.providers.media.photopicker.sync.CloseableReentrantLock@5e2f9b1[Unlocked]. Lock Name = CLOUD_PROVIDER_LOCK. Threads that may be waiting to acquire this lock = []
01-09 11:49:35.577  1617  4371 D PickerSyncController: syncAllMediaFromProvider() CLOUD, auth=com.google.android.apps.photos.cloudpicker, retry=false
01-09 11:49:35.577  1617  4371 D PickerSyncLockManager: Trying to acquire lock com.android.providers.media.photopicker.sync.CloseableReentrantLock@5e2f9b1[Unlocked]. Lock Name = CLOUD_PROVIDER_LOCK. Threads that may be waiting to acquire this lock = [] with timeout.
01-09 11:49:35.577  1617  4371 D CloseableReentrantLock: Successfully acquired lock com.android.providers.media.photopicker.sync.CloseableReentrantLock@5e2f9b1[Locked by thread pool-4-thread-8]. Lock Name = CLOUD_PROVIDER_LOCK. Threads that may be waiting to acquire this lock = []
01-09 11:49:35.578  1617  4371 D PickerSyncController: getSyncRequestParams() CLOUD, auth=com.google.android.apps.photos.cloudpicker
01-09 11:49:35.578  1617  1875 I WM-WorkerWrapper: Worker result SUCCESS for Work [ id=9e6a0e28-b3da-45ce-b5c1-13cde3f253a3, tags={ com.android.providers.media.photopicker.sync.ImmediateSyncWorker } ]
01-09 11:49:35.578  1617  1617 D WM-Processor: Processor 9e6a0e28-b3da-45ce-b5c1-13cde3f253a3 executed; reschedule = false
01-09 11:49:35.578  1617  1617 D WM-SystemJobService: 9e6a0e28-b3da-45ce-b5c1-13cde3f253a3 executed on JobScheduler
01-09 11:49:35.578  3143  6852 I oid.photopicker: AssetManager2(0xb4000072b37b45f8) locale list changing from [] to [en-US]
01-09 11:49:35.579   660   892 D CompatChangeReporter: Compat change id reported: 310703690; UID 10214; state: ENABLED
01-09 11:49:35.579  3143  6852 D PhotopickerBannerManager: Banner refresh completed, privacy_explainer will be shown
01-09 11:49:35.580  1617  3431 I PickerMediaDBUtil: Returning 1 media metadata
01-09 11:49:35.575  3201  3201 W binder:3201_C: type=1400 audit(0.0:221): avc:  denied  { read } for  name="u:object_r:userdebug_or_eng_prop:s0" dev="tmpfs" ino=362 scontext=u:r:untrusted_app:s0:c170,c256,c512,c768 tcontext=u:object_r:userdebug_or_eng_prop:s0 tclass=file permissive=0 app=com.google.android.apps.photos
01-09 11:49:35.580  3201  6858 W libc    : Access denied finding property "ro.debuggable"
01-09 11:49:35.581  1617  1875 D WM-GreedyScheduler: Cancelling work ID 8c745a6c-d866-4738-90c4-8a0db793eb97
01-09 11:49:35.581  1617  1875 D WM-GreedyScheduler: Ignoring {WorkSpec: 44df8988-83ba-4212-a0d9-1caa12839ee8}. Requires device idle.
01-09 11:49:35.581  1617  1875 D WM-GreedyScheduler: Ignoring {WorkSpec: dc2b16e3-8105-45d8-926a-2f24299e1717}. Requires device idle.
01-09 11:49:35.582  1617  4371 D PickerSyncController:    Latest ID/Gen=null/0
01-09 11:49:35.582  1617  4371 D PickerSyncController:    Cached ID/Gen=null/-1
01-09 11:49:35.582  1617  4371 D CloseableReentrantLock: Successfully released lock com.android.providers.media.photopicker.sync.CloseableReentrantLock@5e2f9b1[Unlocked]. Lock Name = CLOUD_PROVIDER_LOCK. Threads that may be waiting to acquire this lock = []
01-09 11:49:35.582  1617  4371 E PickerSyncController: Failed to sync all media. Reset media and retry: false
01-09 11:49:35.582  1617  4371 E PickerSyncController: java.lang.IllegalStateException: Unexpected Latest Media Collection Info: ID/Gen=null/0
01-09 11:49:35.582  1617  4371 E PickerSyncController: 	at com.android.providers.media.photopicker.PickerSyncController.getSyncRequestParamsLocked(PickerSyncController.java:1554)
01-09 11:49:35.582  1617  4371 E PickerSyncController: 	at com.android.providers.media.photopicker.PickerSyncController.getSyncRequestParams(PickerSyncController.java:1514)
01-09 11:49:35.582  1617  4371 E PickerSyncController: 	at com.android.providers.media.photopicker.PickerSyncController.syncAllMediaFromProvider(PickerSyncController.java:928)
01-09 11:49:35.582  1617  4371 E PickerSyncController: 	at com.android.providers.media.photopicker.PickerSyncController.syncAllMediaFromProvider(PickerSyncController.java:1015)
01-09 11:49:35.582  1617  4371 E PickerSyncController: 	at com.android.providers.media.photopicker.PickerSyncController.syncAllMediaFromCloudProvider(PickerSyncController.java:419)
01-09 11:49:35.582  1617  4371 E PickerSyncController: 	at com.android.providers.media.photopicker.sync.ImmediateSyncWorker.doWork(ImmediateSyncWorker.java:90)
01-09 11:49:35.582  1617  4371 E PickerSyncController: 	at androidx.work.Worker$startWork$1.invoke(Worker.kt:64)
01-09 11:49:35.582  1617  4371 E PickerSyncController: 	at androidx.work.Worker$startWork$1.invoke(Worker.kt:64)
01-09 11:49:35.582  1617  4371 E PickerSyncController: 	at androidx.work.WorkerKt.future$lambda$2$lambda$1(Worker.kt:100)
01-09 11:49:35.582  1617  4371 E PickerSyncController: 	at androidx.work.WorkerKt.$r8$lambda$06LNzu7McnKR6G06fSbfQ2BCegc(Worker.kt:0)
01-09 11:49:35.582  1617  4371 E PickerSyncController: 	at androidx.work.WorkerKt$$ExternalSyntheticLambda2.run(R8$$SyntheticClass:0)
01-09 11:49:35.582  1617  4371 E PickerSyncController: 	at java.util.concurrent.ThreadPoolExecutor.runWorker(ThreadPoolExecutor.java:1156)
01-09 11:49:35.582  1617  4371 E PickerSyncController: 	at java.util.concurrent.ThreadPoolExecutor$Worker.run(ThreadPoolExecutor.java:651)
01-09 11:49:35.582  1617  4371 E PickerSyncController: 	at java.lang.Thread.run(Thread.java:1119)
01-09 11:49:35.582  1617  4371 I PickerSyncController: Executing SyncReset. isLocal: false. authority: com.google.android.apps.photos.cloudpicker
01-09 11:49:35.582  1617  1875 D WM-GreedyScheduler: Cancelling work ID 9e6a0e28-b3da-45ce-b5c1-13cde3f253a3
01-09 11:49:35.582  1617  1875 D WM-GreedyScheduler: Ignoring {WorkSpec: 44df8988-83ba-4212-a0d9-1caa12839ee8}. Requires device idle.
01-09 11:49:35.582  1617  1875 D WM-GreedyScheduler: Ignoring {WorkSpec: dc2b16e3-8105-45d8-926a-2f24299e1717}. Requires device idle.
01-09 11:49:35.583  1617  4545 I PickerMediaDBUtil: Returning 1 media metadata
01-09 11:49:35.583  1617  4371 D PickerNotificationSender: Sending a notification for media update
01-09 11:49:35.583  1617  1623 W System  : A resource failed to call AbstractCursor.close. 
01-09 11:49:35.583  1617  1623 W System  : A resource failed to call CursorWindow.close. 
01-09 11:49:35.583  1617  1623 W System  : A resource failed to call AbstractCursor.close. 
01-09 11:49:35.583  1617  1623 W System  : A resource failed to call CursorWindow.close. 
01-09 11:49:35.583  1617  1623 W System  : A resource failed to call AbstractCursor.close. 
01-09 11:49:35.583  1617  4371 D PickerNotificationSender: Sending a notification for merged album media update Videos
01-09 11:49:35.583  1617  4371 D PickerNotificationSender: Sending a notification for album media update Videos
01-09 11:49:35.583  1617  4371 D PickerNotificationSender: Sending a notification for merged album media update Favorites
01-09 11:49:35.583  3143  6852 D PhotopickerDataService: Media update notification received
01-09 11:49:35.583  1617  4371 D PickerNotificationSender: Sending a notification for album media update Favorites
01-09 11:49:35.583  1617  4371 I PickerSyncController: SyncReset. isLocal:false. authority: com.google.android.apps.photos.cloudpicker. result count: 0
01-09 11:49:35.583  1617  4371 D PickerSyncLockManager: Trying to acquire lock com.android.providers.media.photopicker.sync.CloseableReentrantLock@5e2f9b1[Unlocked]. Lock Name = CLOUD_PROVIDER_LOCK. Threads that may be waiting to acquire this lock = [] with timeout.
01-09 11:49:35.583  1617  4371 D CloseableReentrantLock: Successfully acquired lock com.android.providers.media.photopicker.sync.CloseableReentrantLock@5e2f9b1[Locked by thread pool-4-thread-8]. Lock Name = CLOUD_PROVIDER_LOCK. Threads that may be waiting to acquire this lock = []
01-09 11:49:35.583  3143  3143 V PhotopickerDataService: Created a media paging source that queries [Provider(authority=com.android.providers.media.photopicker, mediaSource=LOCAL, uid=10207, displayName=Media picker)]
01-09 11:49:35.583  1617  4371 D CloseableReentrantLock: Successfully released lock com.android.providers.media.photopicker.sync.CloseableReentrantLock@5e2f9b1[Unlocked]. Lock Name = CLOUD_PROVIDER_LOCK. Threads that may be waiting to acquire this lock = []
01-09 11:49:35.583  1617  4371 E PickerSyncController: Failed to fully complete sync with cloud provider - com.google.android.apps.photos.cloudpicker. The cloud provider may have changed during the sync, or only a partial sync was completed.
01-09 11:49:35.583  1617  4371 D CloseableReentrantLock: Successfully released lock com.android.providers.media.photopicker.sync.CloseableReentrantLock@5f39ff0[Unlocked]. Lock Name = CLOUD_SYNC_LOCK. Threads that may be waiting to acquire this lock = []
01-09 11:49:35.583  1617  4371 I PickerSyncTracker: Marked sync future complete for work id: ca4a03f0-244f-4312-a820-f670b8a30835. Future map: {8bc8a1bc-3b14-4aa7-bcbb-a241586bec8e=java.util.concurrent.CompletableFuture@9c49175[Not completed, 1 dependents]}
01-09 11:49:35.583  1617  4371 I ISyncWorker: Completed immediate picker sync from cloud provider.
01-09 11:49:35.583  3143  6852 D PhotopickerDataService: Album media update notification received for album authority com.android.providers.media.photopicker and album id Videos
01-09 11:49:35.584  3143  6852 D PhotopickerDataService: Album media update notification received for album authority com.android.providers.media.photopicker and album id Favorites
01-09 11:49:35.584  1617  1875 I WM-WorkerWrapper: Worker result SUCCESS for Work [ id=ca4a03f0-244f-4312-a820-f670b8a30835, tags={ com.android.providers.media.photopicker.sync.ImmediateSyncWorker } ]
01-09 11:49:35.584  1617  1875 I WM-WorkerWrapper: Setting status to enqueued for 8bc8a1bc-3b14-4aa7-bcbb-a241586bec8e
01-09 11:49:35.584  1617  1617 D WM-Processor: Processor ca4a03f0-244f-4312-a820-f670b8a30835 executed; reschedule = false
01-09 11:49:35.584  1617  1617 D WM-SystemJobService: ca4a03f0-244f-4312-a820-f670b8a30835 executed on JobScheduler
01-09 11:49:35.585  1617  1875 D WM-GreedyScheduler: Cancelling work ID ca4a03f0-244f-4312-a820-f670b8a30835
01-09 11:49:35.585  1617  3431 D PickerSyncLockManager: Trying to acquire lock com.android.providers.media.photopicker.sync.CloseableReentrantLock@5e2f9b1[Unlocked]. Lock Name = CLOUD_PROVIDER_LOCK. Threads that may be waiting to acquire this lock = [] with timeout.
01-09 11:49:35.585  1617  3431 D CloseableReentrantLock: Successfully acquired lock com.android.providers.media.photopicker.sync.CloseableReentrantLock@5e2f9b1[Locked by thread binder:1617_5]. Lock Name = CLOUD_PROVIDER_LOCK. Threads that may be waiting to acquire this lock = []
01-09 11:49:35.585  1617  3431 D CloseableReentrantLock: Successfully released lock com.android.providers.media.photopicker.sync.CloseableReentrantLock@5e2f9b1[Unlocked]. Lock Name = CLOUD_PROVIDER_LOCK. Threads that may be waiting to acquire this lock = []
01-09 11:49:35.585  1617  3431 D PickerSyncTracker: Flushing all complete futures: {}
01-09 11:49:35.585  1617  3431 I PickerSyncTracker: Returning pending sync future map: {}
01-09 11:49:35.585  1617  1875 D WM-SystemJobScheduler: Scheduling work ID 8bc8a1bc-3b14-4aa7-bcbb-a241586bec8eJob ID 102
01-09 11:49:35.585  1617  3431 I PickerMediaDBUtil: Returning 1 media metadata
01-09 11:49:35.586  3143  3143 D PickerMediaPagingSource: Received 1 media items from the data source.
01-09 11:49:35.587  1617  1875 D WM-GreedyScheduler: Ignoring {WorkSpec: 44df8988-83ba-4212-a0d9-1caa12839ee8}. Requires device idle.
01-09 11:49:35.587  1617  1875 D WM-GreedyScheduler: Ignoring {WorkSpec: dc2b16e3-8105-45d8-926a-2f24299e1717}. Requires device idle.
01-09 11:49:35.587  1617  1875 D WM-GreedyScheduler: Starting work for 8bc8a1bc-3b14-4aa7-bcbb-a241586bec8e
01-09 11:49:35.587  1617  1617 D WM-SystemJobService: onStartJob for WorkGenerationalId(workSpecId=8bc8a1bc-3b14-4aa7-bcbb-a241586bec8e, generation=0)
01-09 11:49:35.587  1617  1875 D WM-Processor: Processor: processing WorkGenerationalId(workSpecId=8bc8a1bc-3b14-4aa7-bcbb-a241586bec8e, generation=0)
01-09 11:49:35.587  1617  1875 D WM-Processor: Work WorkGenerationalId(workSpecId=8bc8a1bc-3b14-4aa7-bcbb-a241586bec8e, generation=0) is already enqueued for processing
01-09 11:49:35.589  3143  3143 D PhotoGridViewModel: Media grid data flow is already initialized with the correct recents cell count: 9
01-09 11:49:35.596  1617  1617 D WM-WorkerWrapper: Starting work for com.android.providers.media.photopicker.sync.ImmediateSyncWorker
01-09 11:49:35.597  1617  4373 I ISyncWorker: Starting immediate picker sync from sync source: 2
01-09 11:49:35.597  1617  4373 D PickerSyncLockManager: Trying to acquire lock com.android.providers.media.photopicker.sync.CloseableReentrantLock@5f39ff0[Unlocked]. Lock Name = CLOUD_SYNC_LOCK. Threads that may be waiting to acquire this lock = [] with timeout.
01-09 11:49:35.597  1617  4373 D CloseableReentrantLock: Successfully acquired lock com.android.providers.media.photopicker.sync.CloseableReentrantLock@5f39ff0[Locked by thread pool-4-thread-9]. Lock Name = CLOUD_SYNC_LOCK. Threads that may be waiting to acquire this lock = []
01-09 11:49:35.597  1617  4373 D PickerSyncLockManager: Trying to acquire lock com.android.providers.media.photopicker.sync.CloseableReentrantLock@5e2f9b1[Unlocked]. Lock Name = CLOUD_PROVIDER_LOCK. Threads that may be waiting to acquire this lock = [] with timeout.
01-09 11:49:35.597  1617  4373 D CloseableReentrantLock: Successfully acquired lock com.android.providers.media.photopicker.sync.CloseableReentrantLock@5e2f9b1[Locked by thread pool-4-thread-9]. Lock Name = CLOUD_PROVIDER_LOCK. Threads that may be waiting to acquire this lock = []
01-09 11:49:35.597  1617  4373 D CloseableReentrantLock: Successfully released lock com.android.providers.media.photopicker.sync.CloseableReentrantLock@5e2f9b1[Unlocked]. Lock Name = CLOUD_PROVIDER_LOCK. Threads that may be waiting to acquire this lock = []
01-09 11:49:35.597  1617  4373 D PickerSyncController: syncAllMediaFromProvider() CLOUD, auth=com.google.android.apps.photos.cloudpicker, retry=true
01-09 11:49:35.597  1617  4373 D PickerSyncLockManager: Trying to acquire lock com.android.providers.media.photopicker.sync.CloseableReentrantLock@5e2f9b1[Unlocked]. Lock Name = CLOUD_PROVIDER_LOCK. Threads that may be waiting to acquire this lock = [] with timeout.
01-09 11:49:35.597  1617  4373 D CloseableReentrantLock: Successfully acquired lock com.android.providers.media.photopicker.sync.CloseableReentrantLock@5e2f9b1[Locked by thread pool-4-thread-9]. Lock Name = CLOUD_PROVIDER_LOCK. Threads that may be waiting to acquire this lock = []
01-09 11:49:35.597  1617  4373 D PickerSyncController: getSyncRequestParams() CLOUD, auth=com.google.android.apps.photos.cloudpicker
01-09 11:49:35.598  3201  6858 W libc    : Access denied finding property "ro.debuggable"
01-09 11:49:35.595  3201  3201 W binder:3201_C: type=1400 audit(0.0:222): avc:  denied  { read } for  name="u:object_r:userdebug_or_eng_prop:s0" dev="tmpfs" ino=362 scontext=u:r:untrusted_app:s0:c170,c256,c512,c768 tcontext=u:object_r:userdebug_or_eng_prop:s0 tclass=file permissive=0 app=com.google.android.apps.photos
01-09 11:49:35.600  1617  4373 D PickerSyncController:    Latest ID/Gen=null/0
01-09 11:49:35.600  1617  4373 D PickerSyncController:    Cached ID/Gen=null/-1
01-09 11:49:35.600  1617  4373 D CloseableReentrantLock: Successfully released lock com.android.providers.media.photopicker.sync.CloseableReentrantLock@5e2f9b1[Unlocked]. Lock Name = CLOUD_PROVIDER_LOCK. Threads that may be waiting to acquire this lock = []
01-09 11:49:35.600  1617  4373 E PickerSyncController: Failed to sync all media. Reset media and retry: true
01-09 11:49:35.600  1617  4373 E PickerSyncController: java.lang.IllegalStateException: Unexpected Latest Media Collection Info: ID/Gen=null/0
01-09 11:49:35.600  1617  4373 E PickerSyncController: 	at com.android.providers.media.photopicker.PickerSyncController.getSyncRequestParamsLocked(PickerSyncController.java:1554)
01-09 11:49:35.600  1617  4373 E PickerSyncController: 	at com.android.providers.media.photopicker.PickerSyncController.getSyncRequestParams(PickerSyncController.java:1514)
01-09 11:49:35.600  1617  4373 E PickerSyncController: 	at com.android.providers.media.photopicker.PickerSyncController.syncAllMediaFromProvider(PickerSyncController.java:928)
01-09 11:49:35.600  1617  4373 E PickerSyncController: 	at com.android.providers.media.photopicker.PickerSyncController.syncAllMediaFromCloudProvider(PickerSyncController.java:419)
01-09 11:49:35.600  1617  4373 E PickerSyncController: 	at com.android.providers.media.photopicker.sync.ImmediateSyncWorker.doWork(ImmediateSyncWorker.java:90)
01-09 11:49:35.600  1617  4373 E PickerSyncController: 	at androidx.work.Worker$startWork$1.invoke(Worker.kt:64)
01-09 11:49:35.600  1617  4373 E PickerSyncController: 	at androidx.work.Worker$startWork$1.invoke(Worker.kt:64)
01-09 11:49:35.600  1617  4373 E PickerSyncController: 	at androidx.work.WorkerKt.future$lambda$2$lambda$1(Worker.kt:100)
01-09 11:49:35.600  1617  4373 E PickerSyncController: 	at androidx.work.WorkerKt.$r8$lambda$06LNzu7McnKR6G06fSbfQ2BCegc(Worker.kt:0)
01-09 11:49:35.600  1617  4373 E PickerSyncController: 	at androidx.work.WorkerKt$$ExternalSyntheticLambda2.run(R8$$SyntheticClass:0)
01-09 11:49:35.600  1617  4373 E PickerSyncController: 	at java.util.concurrent.ThreadPoolExecutor.runWorker(ThreadPoolExecutor.java:1156)
01-09 11:49:35.600  1617  4373 E PickerSyncController: 	at java.util.concurrent.ThreadPoolExecutor$Worker.run(ThreadPoolExecutor.java:651)
01-09 11:49:35.600  1617  4373 E PickerSyncController: 	at java.lang.Thread.run(Thread.java:1119)
01-09 11:49:35.600  1617  4373 I PickerSyncController: Executing SyncReset. isLocal: false. authority: com.google.android.apps.photos.cloudpicker
01-09 11:49:35.600  1617  4373 D PickerNotificationSender: Sending a notification for media update
01-09 11:49:35.600  1617  4373 D PickerNotificationSender: Sending a notification for merged album media update Videos
01-09 11:49:35.600  1617  4373 D PickerNotificationSender: Sending a notification for album media update Videos
01-09 11:49:35.601  1617  4373 D PickerNotificationSender: Sending a notification for merged album media update Favorites
01-09 11:49:35.601  1617  4373 D PickerNotificationSender: Sending a notification for album media update Favorites
01-09 11:49:35.601  1617  4373 I PickerSyncController: SyncReset. isLocal:false. authority: com.google.android.apps.photos.cloudpicker. result count: 0
01-09 11:49:35.601  1617  4373 D PickerSyncLockManager: Trying to acquire lock com.android.providers.media.photopicker.sync.CloseableReentrantLock@5e2f9b1[Unlocked]. Lock Name = CLOUD_PROVIDER_LOCK. Threads that may be waiting to acquire this lock = [] with timeout.
01-09 11:49:35.601  1617  4373 D CloseableReentrantLock: Successfully acquired lock com.android.providers.media.photopicker.sync.CloseableReentrantLock@5e2f9b1[Locked by thread pool-4-thread-9]. Lock Name = CLOUD_PROVIDER_LOCK. Threads that may be waiting to acquire this lock = []
01-09 11:49:35.601  1617  4373 D CloseableReentrantLock: Successfully released lock com.android.providers.media.photopicker.sync.CloseableReentrantLock@5e2f9b1[Unlocked]. Lock Name = CLOUD_PROVIDER_LOCK. Threads that may be waiting to acquire this lock = []
01-09 11:49:35.601  1617  4373 D PickerSyncController: syncAllMediaFromProvider() CLOUD, auth=com.google.android.apps.photos.cloudpicker, retry=false
01-09 11:49:35.601  1617  4373 D PickerSyncLockManager: Trying to acquire lock com.android.providers.media.photopicker.sync.CloseableReentrantLock@5e2f9b1[Unlocked]. Lock Name = CLOUD_PROVIDER_LOCK. Threads that may be waiting to acquire this lock = [] with timeout.
01-09 11:49:35.601  1617  4373 D CloseableReentrantLock: Successfully acquired lock com.android.providers.media.photopicker.sync.CloseableReentrantLock@5e2f9b1[Locked by thread pool-4-thread-9]. Lock Name = CLOUD_PROVIDER_LOCK. Threads that may be waiting to acquire this lock = []
01-09 11:49:35.601  1617  4373 D PickerSyncController: getSyncRequestParams() CLOUD, auth=com.google.android.apps.photos.cloudpicker
01-09 11:49:35.602  3143  5983 D PhotopickerDataService: Media update notification received
01-09 11:49:35.602  3143  5983 D PhotopickerDataService: Album media update notification received for album authority com.android.providers.media.photopicker and album id Videos
01-09 11:49:35.602  3143  5983 D PhotopickerDataService: Album media update notification received for album authority com.android.providers.media.photopicker and album id Favorites
01-09 11:49:35.604  3143  5291 W HWUI    : Image decoding logging dropped!
01-09 11:49:35.599  3201  3201 W binder:3201_C: type=1400 audit(0.0:223): avc:  denied  { read } for  name="u:object_r:userdebug_or_eng_prop:s0" dev="tmpfs" ino=362 scontext=u:r:untrusted_app:s0:c170,c256,c512,c768 tcontext=u:object_r:userdebug_or_eng_prop:s0 tclass=file permissive=0 app=com.google.android.apps.photos
01-09 11:49:35.605  3201  6858 W libc    : Access denied finding property "ro.debuggable"
01-09 11:49:35.609  1617  4373 D PickerSyncController:    Latest ID/Gen=null/0
01-09 11:49:35.609  1617  4373 D PickerSyncController:    Cached ID/Gen=null/-1
01-09 11:49:35.609  1617  4373 D CloseableReentrantLock: Successfully released lock com.android.providers.media.photopicker.sync.CloseableReentrantLock@5e2f9b1[Unlocked]. Lock Name = CLOUD_PROVIDER_LOCK. Threads that may be waiting to acquire this lock = []
