01-09 11:50:09.113  1034  1205 D SatelliteController: iisInCarrierRoamingNbIotNtn: satellite is disabled
01-09 11:50:10.097  1494  1494 I StylusModule: StylusModule.onUpdateToolType():801 Update tool type = 0
01-09 11:50:10.206  1494  1494 I StylusModule: StylusModule.onUpdateToolType():801 Update tool type = 0
01-09 11:50:10.354  1494  1494 I StylusModule: StylusModule.onUpdateToolType():801 Update tool type = 0
01-09 11:50:11.636   660   775 D ActivityManager: freezing 3201 com.google.android.apps.photos
01-09 11:50:11.639   660   826 D InetDiagMessage: Destroyed 0 sockets, proto=IPPROTO_TCP, family=AF_INET, states=14
01-09 11:50:11.639   660   826 D InetDiagMessage: Destroyed 0 sockets, proto=IPPROTO_TCP, family=AF_INET6, states=14
01-09 11:50:11.639   660   826 D InetDiagMessage: Destroyed live tcp sockets for uids={10170} in 1ms
01-09 11:50:15.330  6874  6874 W dumpsys : Thread Pool max thread count is 0. Cannot cache binder as linkToDeath cannot be implemented. serviceName: package
01-09 11:50:15.358  3320  3320 I artd    : GetBestInfo: odex next to the dex file (/data/app/~~jfaalmuk5Iq9PCISxhh6tw==/com.google.android.gms-GD3o_hYHpt4LZBfB2qZRjQ==/oat/arm64/base.odex) is kOatUpToDate with filter 'speed-profile' executable 'false'
01-09 11:50:15.359  3320  3320 I artd    : GetBestInfo: odex next to the dex file (/data/app/~~jfaalmuk5Iq9PCISxhh6tw==/com.google.android.gms-GD3o_hYHpt4LZBfB2qZRjQ==/oat/arm64/split_AdsDynamite_installtime.odex) is kOatUpToDate with filter 'speed' executable 'false'
01-09 11:50:15.359  3320  3320 I artd    : GetBestInfo: odex next to the dex file (/data/app/~~jfaalmuk5Iq9PCISxhh6tw==/com.google.android.gms-GD3o_hYHpt4LZBfB2qZRjQ==/oat/arm64/split_CronetDynamite_installtime.odex) is kOatUpToDate with filter 'speed-profile' executable 'false'
01-09 11:50:15.360  3320  3320 I artd    : GetBestInfo: odex next to the dex file (/data/app/~~jfaalmuk5Iq9PCISxhh6tw==/com.google.android.gms-GD3o_hYHpt4LZBfB2qZRjQ==/oat/arm64/split_DynamiteLoader_installtime.odex) is kOatUpToDate with filter 'speed' executable 'false'
01-09 11:50:15.361  3320  3320 I artd    : GetBestInfo: odex next to the dex file (/data/app/~~jfaalmuk5Iq9PCISxhh6tw==/com.google.android.gms-GD3o_hYHpt4LZBfB2qZRjQ==/oat/arm64/split_DynamiteModulesA_installtime.odex) is kOatUpToDate with filter 'speed' executable 'false'
01-09 11:50:15.362  3320  3320 I artd    : GetBestInfo: odex next to the dex file (/data/app/~~jfaalmuk5Iq9PCISxhh6tw==/com.google.android.gms-GD3o_hYHpt4LZBfB2qZRjQ==/oat/arm64/split_DynamiteModulesC_installtime.odex) is kOatUpToDate with filter 'speed' executable 'false'
01-09 11:50:15.362  3320  3320 I artd    : GetBestInfo: odex next to the dex file (/data/app/~~jfaalmuk5Iq9PCISxhh6tw==/com.google.android.gms-GD3o_hYHpt4LZBfB2qZRjQ==/oat/arm64/split_GoogleCertificates_installtime.odex) is kOatUpToDate with filter 'speed' executable 'false'
01-09 11:50:15.363  3320  3320 I artd    : GetBestInfo: odex next to the dex file (/data/app/~~jfaalmuk5Iq9PCISxhh6tw==/com.google.android.gms-GD3o_hYHpt4LZBfB2qZRjQ==/oat/arm64/split_MapsDynamite_installtime.odex) is kOatUpToDate with filter 'speed' executable 'false'
01-09 11:50:15.364  3320  3320 I artd    : GetBestInfo: odex next to the dex file (/data/app/~~jfaalmuk5Iq9PCISxhh6tw==/com.google.android.gms-GD3o_hYHpt4LZBfB2qZRjQ==/oat/arm64/split_MeasurementDynamite_installtime.odex) is kOatUpToDate with filter 'speed' executable 'false'
01-09 11:50:15.364  3320  3320 I artd    : GetBestInfo: odex next to the dex file (/data/app/~~jfaalmuk5Iq9PCISxhh6tw==/com.google.android.gms-GD3o_hYHpt4LZBfB2qZRjQ==/oat/arm64/split_all_locale_splits.odex) is kOatUpToDate with filter 'speed' executable 'false'
01-09 11:50:15.364  3320  3320 I artd    : GetBestInfo: /data/user_de/0/com.google.android.gms/app_chimera/m/00000001/CronetDynamite.apk has no usable artifacts
01-09 11:50:15.365  3320  3320 I artd    : GetBestInfo: vdex next to the dex file (/data/user/0/com.google.android.gms/app_dg_cache/86A13DB628665CCE468EC763B2421D69DCAC1B2A/oat/arm64/the.vdex) is kOatUpToDate with filter 'verify' executable 'false'
01-09 11:50:15.365  3320  3320 I artd    : GetBestInfo: /data/user_de/0/com.google.android.gms/app_chimera/m/00000002/DynamiteLoader.apk has no usable artifacts
01-09 11:50:15.365  3320  3320 I artd    : GetBestInfo: /data/user_de/0/com.google.android.gms/app_chimera/m/00000005/GoogleCertificates.apk has no usable artifacts
01-09 11:50:15.366  3320  3320 I artd    : GetBestInfo: /data/user_de/0/com.google.android.gms/app_chimera/m/00000009/dl-Appsearch.optional_250834100400.apk has no usable artifacts
01-09 11:50:15.367  3320  3320 I artd    : GetBestInfo: vdex next to the dex file (/data/user/0/com.google.android.gms/app_dg_cache/539E273229BC2C9434CD4D54F801F1B642616683/oat/arm64/the.vdex) is kOatUpToDate with filter 'verify' executable 'false'
01-09 11:50:15.368  3320  3320 I artd    : GetBestInfo: vdex next to the dex file (/data/user/0/com.google.android.gms/app_dg_cache/F6B993618D245C45CC8EA213FA039A5EB670AFCE/oat/arm64/the.vdex) is kOatUpToDate with filter 'verify' executable 'false'
01-09 11:50:15.368  3320  3320 I artd    : GetBestInfo: /data/user_de/0/com.google.android.gms/app_chimera/m/00000012/dl-MlkitBarcodeUi.optional_254730100400.apk has no usable artifacts
01-09 11:50:15.369  3320  3320 I artd    : GetBestInfo: /data/user_de/0/com.google.android.gms/app_chimera/m/0000000f/dl-VisionOcr.optional_254730100000.apk has no usable artifacts
01-09 11:50:15.369  3320  3320 I artd    : GetBestInfo: /data/user_de/0/com.google.android.gms/app_chimera/m/00000016/dl-Appsearch.optional_254730100400.apk has no usable artifacts
01-09 11:50:15.370  3320  3320 I artd    : GetBestInfo: vdex next to the dex file (/data/user/0/com.google.android.gms/app_dg_cache/1479D6BF6FCF6C46C8B4A12D79750ADE94AAD018/oat/arm64/the.vdex) is kOatUpToDate with filter 'verify' executable 'false'
01-09 11:50:15.370  3320  3320 I artd    : GetBestInfo: /data/user_de/0/com.google.android.gms/app_chimera/m/0000000e/dl-TfliteDynamiteDynamite.integ_243930802100400.apk has no usable artifacts
01-09 11:50:15.371  3320  3320 I artd    : GetBestInfo: /data/user_de/0/com.google.android.gms/app_chimera/m/00000015/dl-PlayCloudSearch.optional_254730100000.apk has no usable artifacts
01-09 11:50:15.371  3320  3320 I artd    : GetBestInfo: vdex next to the dex file (/data/user/0/com.google.android.gms/app_dg_cache/F69F380742AF765C5688217890FC7C5272FF6A59/oat/arm64/the.vdex) is kOatUpToDate with filter 'verify' executable 'false'
01-09 11:50:15.372  3320  3320 I artd    : GetBestInfo: vdex next to the dex file (/data/user/0/com.google.android.gms/app_dg_cache/BC758ED5E7D6BDB04AA7A99271131838E0308423/oat/arm64/the.vdex) is kOatUpToDate with filter 'verify' executable 'false'
01-09 11:50:15.372  3320  3320 I artd    : GetBestInfo: /data/user_de/0/com.google.android.gms/app_chimera/m/00000008/dl-TfliteDynamiteDynamite.integ_243930801100400.apk has no usable artifacts
01-09 11:50:15.373  3320  3320 I artd    : GetBestInfo: /data/user_de/0/com.google.android.gms/app_chimera/m/0000000c/dl-MlkitBarcodeUi.optional_250834100400.apk has no usable artifacts
01-09 11:50:15.373  3320  3320 I artd    : GetBestInfo: /data/user_de/0/com.google.android.gms/app_chimera/m/00000010/dl-MlkitOcrCommon.optional_254730100400.apk has no usable artifacts
01-09 11:50:15.374  3320  3320 I artd    : GetBestInfo: /data/user_de/0/com.google.android.gms/app_chimera/m/00000007/MeasurementDynamite.apk has no usable artifacts
01-09 11:50:19.114  1034  1205 D SatelliteController: iisInCarrierRoamingNbIotNtn: satellite is disabled
01-09 11:50:25.327  6878  6878 W dumpsys : Thread Pool max thread count is 0. Cannot cache binder as linkToDeath cannot be implemented. serviceName: package
01-09 11:50:25.354  3320  3320 I artd    : GetBestInfo: odex next to the dex file (/data/app/~~jfaalmuk5Iq9PCISxhh6tw==/com.google.android.gms-GD3o_hYHpt4LZBfB2qZRjQ==/oat/arm64/base.odex) is kOatUpToDate with filter 'speed-profile' executable 'false'
01-09 11:50:25.355  3320  3320 I artd    : GetBestInfo: odex next to the dex file (/data/app/~~jfaalmuk5Iq9PCISxhh6tw==/com.google.android.gms-GD3o_hYHpt4LZBfB2qZRjQ==/oat/arm64/split_AdsDynamite_installtime.odex) is kOatUpToDate with filter 'speed' executable 'false'
01-09 11:50:25.356  3320  3320 I artd    : GetBestInfo: odex next to the dex file (/data/app/~~jfaalmuk5Iq9PCISxhh6tw==/com.google.android.gms-GD3o_hYHpt4LZBfB2qZRjQ==/oat/arm64/split_CronetDynamite_installtime.odex) is kOatUpToDate with filter 'speed-profile' executable 'false'
01-09 11:50:25.357  3320  3320 I artd    : GetBestInfo: odex next to the dex file (/data/app/~~jfaalmuk5Iq9PCISxhh6tw==/com.google.android.gms-GD3o_hYHpt4LZBfB2qZRjQ==/oat/arm64/split_DynamiteLoader_installtime.odex) is kOatUpToDate with filter 'speed' executable 'false'
01-09 11:50:25.358  3320  3320 I artd    : GetBestInfo: odex next to the dex file (/data/app/~~jfaalmuk5Iq9PCISxhh6tw==/com.google.android.gms-GD3o_hYHpt4LZBfB2qZRjQ==/oat/arm64/split_DynamiteModulesA_installtime.odex) is kOatUpToDate with filter 'speed' executable 'false'
01-09 11:50:25.359  3320  3320 I artd    : GetBestInfo: odex next to the dex file (/data/app/~~jfaalmuk5Iq9PCISxhh6tw==/com.google.android.gms-GD3o_hYHpt4LZBfB2qZRjQ==/oat/arm64/split_DynamiteModulesC_installtime.odex) is kOatUpToDate with filter 'speed' executable 'false'
01-09 11:50:25.359  3320  3320 I artd    : GetBestInfo: odex next to the dex file (/data/app/~~jfaalmuk5Iq9PCISxhh6tw==/com.google.android.gms-GD3o_hYHpt4LZBfB2qZRjQ==/oat/arm64/split_GoogleCertificates_installtime.odex) is kOatUpToDate with filter 'speed' executable 'false'
01-09 11:50:25.360  3320  3320 I artd    : GetBestInfo: odex next to the dex file (/data/app/~~jfaalmuk5Iq9PCISxhh6tw==/com.google.android.gms-GD3o_hYHpt4LZBfB2qZRjQ==/oat/arm64/split_MapsDynamite_installtime.odex) is kOatUpToDate with filter 'speed' executable 'false'
01-09 11:50:25.361  3320  3320 I artd    : GetBestInfo: odex next to the dex file (/data/app/~~jfaalmuk5Iq9PCISxhh6tw==/com.google.android.gms-GD3o_hYHpt4LZBfB2qZRjQ==/oat/arm64/split_MeasurementDynamite_installtime.odex) is kOatUpToDate with filter 'speed' executable 'false'
01-09 11:50:25.362  3320  3320 I artd    : GetBestInfo: odex next to the dex file (/data/app/~~jfaalmuk5Iq9PCISxhh6tw==/com.google.android.gms-GD3o_hYHpt4LZBfB2qZRjQ==/oat/arm64/split_all_locale_splits.odex) is kOatUpToDate with filter 'speed' executable 'false'
01-09 11:50:25.362  3320  3320 I artd    : GetBestInfo: /data/user_de/0/com.google.android.gms/app_chimera/m/00000001/CronetDynamite.apk has no usable artifacts
01-09 11:50:25.363  3320  3320 I artd    : GetBestInfo: vdex next to the dex file (/data/user/0/com.google.android.gms/app_dg_cache/86A13DB628665CCE468EC763B2421D69DCAC1B2A/oat/arm64/the.vdex) is kOatUpToDate with filter 'verify' executable 'false'
01-09 11:50:25.363  3320  3320 I artd    : GetBestInfo: /data/user_de/0/com.google.android.gms/app_chimera/m/00000002/DynamiteLoader.apk has no usable artifacts
01-09 11:50:25.363  3320  3320 I artd    : GetBestInfo: /data/user_de/0/com.google.android.gms/app_chimera/m/00000005/GoogleCertificates.apk has no usable artifacts
01-09 11:50:25.364  3320  3320 I artd    : GetBestInfo: /data/user_de/0/com.google.android.gms/app_chimera/m/00000009/dl-Appsearch.optional_250834100400.apk has no usable artifacts
01-09 11:50:25.364  3320  3320 I artd    : GetBestInfo: vdex next to the dex file (/data/user/0/com.google.android.gms/app_dg_cache/539E273229BC2C9434CD4D54F801F1B642616683/oat/arm64/the.vdex) is kOatUpToDate with filter 'verify' executable 'false'
01-09 11:50:25.365  3320  3320 I artd    : GetBestInfo: vdex next to the dex file (/data/user/0/com.google.android.gms/app_dg_cache/F6B993618D245C45CC8EA213FA039A5EB670AFCE/oat/arm64/the.vdex) is kOatUpToDate with filter 'verify' executable 'false'
01-09 11:50:25.365  3320  3320 I artd    : GetBestInfo: /data/user_de/0/com.google.android.gms/app_chimera/m/00000012/dl-MlkitBarcodeUi.optional_254730100400.apk has no usable artifacts
01-09 11:50:25.366  3320  3320 I artd    : GetBestInfo: /data/user_de/0/com.google.android.gms/app_chimera/m/0000000f/dl-VisionOcr.optional_254730100000.apk has no usable artifacts
01-09 11:50:25.367  3320  3320 I artd    : GetBestInfo: /data/user_de/0/com.google.android.gms/app_chimera/m/00000016/dl-Appsearch.optional_254730100400.apk has no usable artifacts
01-09 11:50:25.368  3320  3320 I artd    : GetBestInfo: vdex next to the dex file (/data/user/0/com.google.android.gms/app_dg_cache/1479D6BF6FCF6C46C8B4A12D79750ADE94AAD018/oat/arm64/the.vdex) is kOatUpToDate with filter 'verify' executable 'false'
01-09 11:50:25.369  3320  3320 I artd    : GetBestInfo: /data/user_de/0/com.google.android.gms/app_chimera/m/0000000e/dl-TfliteDynamiteDynamite.integ_243930802100400.apk has no usable artifacts
01-09 11:50:25.369  3320  3320 I artd    : GetBestInfo: /data/user_de/0/com.google.android.gms/app_chimera/m/00000015/dl-PlayCloudSearch.optional_254730100000.apk has no usable artifacts
01-09 11:50:25.370  3320  3320 I artd    : GetBestInfo: vdex next to the dex file (/data/user/0/com.google.android.gms/app_dg_cache/F69F380742AF765C5688217890FC7C5272FF6A59/oat/arm64/the.vdex) is kOatUpToDate with filter 'verify' executable 'false'
01-09 11:50:25.370  3320  3320 I artd    : GetBestInfo: vdex next to the dex file (/data/user/0/com.google.android.gms/app_dg_cache/BC758ED5E7D6BDB04AA7A99271131838E0308423/oat/arm64/the.vdex) is kOatUpToDate with filter 'verify' executable 'false'
01-09 11:50:25.371  3320  3320 I artd    : GetBestInfo: /data/user_de/0/com.google.android.gms/app_chimera/m/00000008/dl-TfliteDynamiteDynamite.integ_243930801100400.apk has no usable artifacts
01-09 11:50:25.372  3320  3320 I artd    : GetBestInfo: /data/user_de/0/com.google.android.gms/app_chimera/m/0000000c/dl-MlkitBarcodeUi.optional_250834100400.apk has no usable artifacts
01-09 11:50:25.372  3320  3320 I artd    : GetBestInfo: /data/user_de/0/com.google.android.gms/app_chimera/m/00000010/dl-MlkitOcrCommon.optional_254730100400.apk has no usable artifacts
01-09 11:50:25.372  3320  3320 I artd    : GetBestInfo: /data/user_de/0/com.google.android.gms/app_chimera/m/00000007/MeasurementDynamite.apk has no usable artifacts
01-09 11:50:28.920  1642  2073 I ekzo    : (REDACTED) Probing voice interaction service recovery for condition(%s).
01-09 11:50:28.922  1642  2073 I ekzo    : (REDACTED) Skipping voice interaction service recovery(%s) for condition(%s).
01-09 11:50:28.922  1642  2073 I ekzo    : (REDACTED) Skipping voice interaction service recovery(%s) for condition(%s).
01-09 11:50:29.116  1034  1205 D SatelliteController: iisInCarrierRoamingNbIotNtn: satellite is disabled
01-09 11:50:31.856  1642  1925 I bdee    : (REDACTED) getHotwordActive::active query: %s, watch: %s, devices connected: %s
01-09 11:50:33.610   915  1122 D ControlsListingControllerImpl: Subscribing callback, service count: 0
01-09 11:50:33.613   915  1122 D ControlsListingControllerImpl: Unsubscribing callback
01-09 11:50:34.035   915  1122 I QuickAccessWalletTile: QAW service is unavailable, recreating the wallet client.
01-09 11:50:35.328  6885  6885 W dumpsys : Thread Pool max thread count is 0. Cannot cache binder as linkToDeath cannot be implemented. serviceName: package
01-09 11:50:35.360  3320  3320 I artd    : GetBestInfo: odex next to the dex file (/data/app/~~jfaalmuk5Iq9PCISxhh6tw==/com.google.android.gms-GD3o_hYHpt4LZBfB2qZRjQ==/oat/arm64/base.odex) is kOatUpToDate with filter 'speed-profile' executable 'false'
01-09 11:50:35.360  3320  3320 I artd    : GetBestInfo: odex next to the dex file (/data/app/~~jfaalmuk5Iq9PCISxhh6tw==/com.google.android.gms-GD3o_hYHpt4LZBfB2qZRjQ==/oat/arm64/split_AdsDynamite_installtime.odex) is kOatUpToDate with filter 'speed' executable 'false'
01-09 11:50:35.361  3320  3320 I artd    : GetBestInfo: odex next to the dex file (/data/app/~~jfaalmuk5Iq9PCISxhh6tw==/com.google.android.gms-GD3o_hYHpt4LZBfB2qZRjQ==/oat/arm64/split_CronetDynamite_installtime.odex) is kOatUpToDate with filter 'speed-profile' executable 'false'
01-09 11:50:35.361  3320  3320 I artd    : GetBestInfo: odex next to the dex file (/data/app/~~jfaalmuk5Iq9PCISxhh6tw==/com.google.android.gms-GD3o_hYHpt4LZBfB2qZRjQ==/oat/arm64/split_DynamiteLoader_installtime.odex) is kOatUpToDate with filter 'speed' executable 'false'
01-09 11:50:35.362  3320  3320 I artd    : GetBestInfo: odex next to the dex file (/data/app/~~jfaalmuk5Iq9PCISxhh6tw==/com.google.android.gms-GD3o_hYHpt4LZBfB2qZRjQ==/oat/arm64/split_DynamiteModulesA_installtime.odex) is kOatUpToDate with filter 'speed' executable 'false'
01-09 11:50:35.363  3320  3320 I artd    : GetBestInfo: odex next to the dex file (/data/app/~~jfaalmuk5Iq9PCISxhh6tw==/com.google.android.gms-GD3o_hYHpt4LZBfB2qZRjQ==/oat/arm64/split_DynamiteModulesC_installtime.odex) is kOatUpToDate with filter 'speed' executable 'false'
01-09 11:50:35.363  3320  3320 I artd    : GetBestInfo: odex next to the dex file (/data/app/~~jfaalmuk5Iq9PCISxhh6tw==/com.google.android.gms-GD3o_hYHpt4LZBfB2qZRjQ==/oat/arm64/split_GoogleCertificates_installtime.odex) is kOatUpToDate with filter 'speed' executable 'false'
01-09 11:50:35.364  3320  3320 I artd    : GetBestInfo: odex next to the dex file (/data/app/~~jfaalmuk5Iq9PCISxhh6tw==/com.google.android.gms-GD3o_hYHpt4LZBfB2qZRjQ==/oat/arm64/split_MapsDynamite_installtime.odex) is kOatUpToDate with filter 'speed' executable 'false'
01-09 11:50:35.365  3320  3320 I artd    : GetBestInfo: odex next to the dex file (/data/app/~~jfaalmuk5Iq9PCISxhh6tw==/com.google.android.gms-GD3o_hYHpt4LZBfB2qZRjQ==/oat/arm64/split_MeasurementDynamite_installtime.odex) is kOatUpToDate with filter 'speed' executable 'false'
01-09 11:50:35.365  3320  3320 I artd    : GetBestInfo: odex next to the dex file (/data/app/~~jfaalmuk5Iq9PCISxhh6tw==/com.google.android.gms-GD3o_hYHpt4LZBfB2qZRjQ==/oat/arm64/split_all_locale_splits.odex) is kOatUpToDate with filter 'speed' executable 'false'
01-09 11:50:35.365  3320  3320 I artd    : GetBestInfo: /data/user_de/0/com.google.android.gms/app_chimera/m/00000001/CronetDynamite.apk has no usable artifacts
01-09 11:50:35.366  3320  3320 I artd    : GetBestInfo: vdex next to the dex file (/data/user/0/com.google.android.gms/app_dg_cache/86A13DB628665CCE468EC763B2421D69DCAC1B2A/oat/arm64/the.vdex) is kOatUpToDate with filter 'verify' executable 'false'
01-09 11:50:35.366  3320  3320 I artd    : GetBestInfo: /data/user_de/0/com.google.android.gms/app_chimera/m/00000002/DynamiteLoader.apk has no usable artifacts
01-09 11:50:35.366  3320  3320 I artd    : GetBestInfo: /data/user_de/0/com.google.android.gms/app_chimera/m/00000005/GoogleCertificates.apk has no usable artifacts
01-09 11:50:35.367  3320  3320 I artd    : GetBestInfo: /data/user_de/0/com.google.android.gms/app_chimera/m/00000009/dl-Appsearch.optional_250834100400.apk has no usable artifacts
01-09 11:50:35.367  3320  3320 I artd    : GetBestInfo: vdex next to the dex file (/data/user/0/com.google.android.gms/app_dg_cache/539E273229BC2C9434CD4D54F801F1B642616683/oat/arm64/the.vdex) is kOatUpToDate with filter 'verify' executable 'false'
01-09 11:50:35.368  3320  3320 I artd    : GetBestInfo: vdex next to the dex file (/data/user/0/com.google.android.gms/app_dg_cache/F6B993618D245C45CC8EA213FA039A5EB670AFCE/oat/arm64/the.vdex) is kOatUpToDate with filter 'verify' executable 'false'
01-09 11:50:35.368  3320  3320 I artd    : GetBestInfo: /data/user_de/0/com.google.android.gms/app_chimera/m/00000012/dl-MlkitBarcodeUi.optional_254730100400.apk has no usable artifacts
01-09 11:50:35.369  3320  3320 I artd    : GetBestInfo: /data/user_de/0/com.google.android.gms/app_chimera/m/0000000f/dl-VisionOcr.optional_254730100000.apk has no usable artifacts
01-09 11:50:35.369  3320  3320 I artd    : GetBestInfo: /data/user_de/0/com.google.android.gms/app_chimera/m/00000016/dl-Appsearch.optional_254730100400.apk has no usable artifacts
01-09 11:50:35.370  3320  3320 I artd    : GetBestInfo: vdex next to the dex file (/data/user/0/com.google.android.gms/app_dg_cache/1479D6BF6FCF6C46C8B4A12D79750ADE94AAD018/oat/arm64/the.vdex) is kOatUpToDate with filter 'verify' executable 'false'
01-09 11:50:35.370  3320  3320 I artd    : GetBestInfo: /data/user_de/0/com.google.android.gms/app_chimera/m/0000000e/dl-TfliteDynamiteDynamite.integ_243930802100400.apk has no usable artifacts
01-09 11:50:35.371  3320  3320 I artd    : GetBestInfo: /data/user_de/0/com.google.android.gms/app_chimera/m/00000015/dl-PlayCloudSearch.optional_254730100000.apk has no usable artifacts
01-09 11:50:35.371  3320  3320 I artd    : GetBestInfo: vdex next to the dex file (/data/user/0/com.google.android.gms/app_dg_cache/F69F380742AF765C5688217890FC7C5272FF6A59/oat/arm64/the.vdex) is kOatUpToDate with filter 'verify' executable 'false'
01-09 11:50:35.372  3320  3320 I artd    : GetBestInfo: vdex next to the dex file (/data/user/0/com.google.android.gms/app_dg_cache/BC758ED5E7D6BDB04AA7A99271131838E0308423/oat/arm64/the.vdex) is kOatUpToDate with filter 'verify' executable 'false'
01-09 11:50:35.372  3320  3320 I artd    : GetBestInfo: /data/user_de/0/com.google.android.gms/app_chimera/m/00000008/dl-TfliteDynamiteDynamite.integ_243930801100400.apk has no usable artifacts
01-09 11:50:35.373  3320  3320 I artd    : GetBestInfo: /data/user_de/0/com.google.android.gms/app_chimera/m/0000000c/dl-MlkitBarcodeUi.optional_250834100400.apk has no usable artifacts
01-09 11:50:35.373  3320  3320 I artd    : GetBestInfo: /data/user_de/0/com.google.android.gms/app_chimera/m/00000010/dl-MlkitOcrCommon.optional_254730100400.apk has no usable artifacts
01-09 11:50:35.374  3320  3320 I artd    : GetBestInfo: /data/user_de/0/com.google.android.gms/app_chimera/m/00000007/MeasurementDynamite.apk has no usable artifacts
01-09 11:50:39.120  1034  1205 D SatelliteController: iisInCarrierRoamingNbIotNtn: satellite is disabled
01-09 11:50:45.347  6889  6889 W dumpsys : Thread Pool max thread count is 0. Cannot cache binder as linkToDeath cannot be implemented. serviceName: package
01-09 11:50:45.373  3320  3320 I artd    : GetBestInfo: odex next to the dex file (/data/app/~~jfaalmuk5Iq9PCISxhh6tw==/com.google.android.gms-GD3o_hYHpt4LZBfB2qZRjQ==/oat/arm64/base.odex) is kOatUpToDate with filter 'speed-profile' executable 'false'
01-09 11:50:45.374  3320  3320 I artd    : GetBestInfo: odex next to the dex file (/data/app/~~jfaalmuk5Iq9PCISxhh6tw==/com.google.android.gms-GD3o_hYHpt4LZBfB2qZRjQ==/oat/arm64/split_AdsDynamite_installtime.odex) is kOatUpToDate with filter 'speed' executable 'false'
01-09 11:50:45.375  3320  3320 I artd    : GetBestInfo: odex next to the dex file (/data/app/~~jfaalmuk5Iq9PCISxhh6tw==/com.google.android.gms-GD3o_hYHpt4LZBfB2qZRjQ==/oat/arm64/split_CronetDynamite_installtime.odex) is kOatUpToDate with filter 'speed-profile' executable 'false'
01-09 11:50:45.376  3320  3320 I artd    : GetBestInfo: odex next to the dex file (/data/app/~~jfaalmuk5Iq9PCISxhh6tw==/com.google.android.gms-GD3o_hYHpt4LZBfB2qZRjQ==/oat/arm64/split_DynamiteLoader_installtime.odex) is kOatUpToDate with filter 'speed' executable 'false'
01-09 11:50:45.376  3320  3320 I artd    : GetBestInfo: odex next to the dex file (/data/app/~~jfaalmuk5Iq9PCISxhh6tw==/com.google.android.gms-GD3o_hYHpt4LZBfB2qZRjQ==/oat/arm64/split_DynamiteModulesA_installtime.odex) is kOatUpToDate with filter 'speed' executable 'false'
01-09 11:50:45.377  3320  3320 I artd    : GetBestInfo: odex next to the dex file (/data/app/~~jfaalmuk5Iq9PCISxhh6tw==/com.google.android.gms-GD3o_hYHpt4LZBfB2qZRjQ==/oat/arm64/split_DynamiteModulesC_installtime.odex) is kOatUpToDate with filter 'speed' executable 'false'
01-09 11:50:45.378  3320  3320 I artd    : GetBestInfo: odex next to the dex file (/data/app/~~jfaalmuk5Iq9PCISxhh6tw==/com.google.android.gms-GD3o_hYHpt4LZBfB2qZRjQ==/oat/arm64/split_GoogleCertificates_installtime.odex) is kOatUpToDate with filter 'speed' executable 'false'
01-09 11:50:45.379  3320  3320 I artd    : GetBestInfo: odex next to the dex file (/data/app/~~jfaalmuk5Iq9PCISxhh6tw==/com.google.android.gms-GD3o_hYHpt4LZBfB2qZRjQ==/oat/arm64/split_MapsDynamite_installtime.odex) is kOatUpToDate with filter 'speed' executable 'false'
01-09 11:50:45.379  3320  3320 I artd    : GetBestInfo: odex next to the dex file (/data/app/~~jfaalmuk5Iq9PCISxhh6tw==/com.google.android.gms-GD3o_hYHpt4LZBfB2qZRjQ==/oat/arm64/split_MeasurementDynamite_installtime.odex) is kOatUpToDate with filter 'speed' executable 'false'
01-09 11:50:45.380  3320  3320 I artd    : GetBestInfo: odex next to the dex file (/data/app/~~jfaalmuk5Iq9PCISxhh6tw==/com.google.android.gms-GD3o_hYHpt4LZBfB2qZRjQ==/oat/arm64/split_all_locale_splits.odex) is kOatUpToDate with filter 'speed' executable 'false'
01-09 11:50:45.380  3320  3320 I artd    : GetBestInfo: /data/user_de/0/com.google.android.gms/app_chimera/m/00000001/CronetDynamite.apk has no usable artifacts
01-09 11:50:45.381  3320  3320 I artd    : GetBestInfo: vdex next to the dex file (/data/user/0/com.google.android.gms/app_dg_cache/86A13DB628665CCE468EC763B2421D69DCAC1B2A/oat/arm64/the.vdex) is kOatUpToDate with filter 'verify' executable 'false'
01-09 11:50:45.381  3320  3320 I artd    : GetBestInfo: /data/user_de/0/com.google.android.gms/app_chimera/m/00000002/DynamiteLoader.apk has no usable artifacts
01-09 11:50:45.381  3320  3320 I artd    : GetBestInfo: /data/user_de/0/com.google.android.gms/app_chimera/m/00000005/GoogleCertificates.apk has no usable artifacts
01-09 11:50:45.382  3320  3320 I artd    : GetBestInfo: /data/user_de/0/com.google.android.gms/app_chimera/m/00000009/dl-Appsearch.optional_250834100400.apk has no usable artifacts
01-09 11:50:45.382  3320  3320 I artd    : GetBestInfo: vdex next to the dex file (/data/user/0/com.google.android.gms/app_dg_cache/539E273229BC2C9434CD4D54F801F1B642616683/oat/arm64/the.vdex) is kOatUpToDate with filter 'verify' executable 'false'
01-09 11:50:45.383  3320  3320 I artd    : GetBestInfo: vdex next to the dex file (/data/user/0/com.google.android.gms/app_dg_cache/F6B993618D245C45CC8EA213FA039A5EB670AFCE/oat/arm64/the.vdex) is kOatUpToDate with filter 'verify' executable 'false'
01-09 11:50:45.384  3320  3320 I artd    : GetBestInfo: /data/user_de/0/com.google.android.gms/app_chimera/m/00000012/dl-MlkitBarcodeUi.optional_254730100400.apk has no usable artifacts
01-09 11:50:45.384  3320  3320 I artd    : GetBestInfo: /data/user_de/0/com.google.android.gms/app_chimera/m/0000000f/dl-VisionOcr.optional_254730100000.apk has no usable artifacts
01-09 11:50:45.385  3320  3320 I artd    : GetBestInfo: /data/user_de/0/com.google.android.gms/app_chimera/m/00000016/dl-Appsearch.optional_254730100400.apk has no usable artifacts
01-09 11:50:45.385  3320  3320 I artd    : GetBestInfo: vdex next to the dex file (/data/user/0/com.google.android.gms/app_dg_cache/1479D6BF6FCF6C46C8B4A12D79750ADE94AAD018/oat/arm64/the.vdex) is kOatUpToDate with filter 'verify' executable 'false'
01-09 11:50:45.386  3320  3320 I artd    : GetBestInfo: /data/user_de/0/com.google.android.gms/app_chimera/m/0000000e/dl-TfliteDynamiteDynamite.integ_243930802100400.apk has no usable artifacts
01-09 11:50:45.386  3320  3320 I artd    : GetBestInfo: /data/user_de/0/com.google.android.gms/app_chimera/m/00000015/dl-PlayCloudSearch.optional_254730100000.apk has no usable artifacts
01-09 11:50:45.387  3320  3320 I artd    : GetBestInfo: vdex next to the dex file (/data/user/0/com.google.android.gms/app_dg_cache/F69F380742AF765C5688217890FC7C5272FF6A59/oat/arm64/the.vdex) is kOatUpToDate with filter 'verify' executable 'false'
01-09 11:50:45.388  3320  3320 I artd    : GetBestInfo: vdex next to the dex file (/data/user/0/com.google.android.gms/app_dg_cache/BC758ED5E7D6BDB04AA7A99271131838E0308423/oat/arm64/the.vdex) is kOatUpToDate with filter 'verify' executable 'false'
01-09 11:50:45.388  3320  3320 I artd    : GetBestInfo: /data/user_de/0/com.google.android.gms/app_chimera/m/00000008/dl-TfliteDynamiteDynamite.integ_243930801100400.apk has no usable artifacts
01-09 11:50:45.389  3320  3320 I artd    : GetBestInfo: /data/user_de/0/com.google.android.gms/app_chimera/m/0000000c/dl-MlkitBarcodeUi.optional_250834100400.apk has no usable artifacts
01-09 11:50:45.389  3320  3320 I artd    : GetBestInfo: /data/user_de/0/com.google.android.gms/app_chimera/m/00000010/dl-MlkitOcrCommon.optional_254730100400.apk has no usable artifacts
01-09 11:50:45.390  3320  3320 I artd    : GetBestInfo: /data/user_de/0/com.google.android.gms/app_chimera/m/00000007/MeasurementDynamite.apk has no usable artifacts
01-09 11:50:49.118  1034  1205 D SatelliteController: iisInCarrierRoamingNbIotNtn: satellite is disabled
01-09 11:50:51.239   660   775 D ActivityManager: freezing 2668 com.android.settings
01-09 11:50:55.331  6892  6892 W dumpsys : Thread Pool max thread count is 0. Cannot cache binder as linkToDeath cannot be implemented. serviceName: package
01-09 11:50:55.352  3320  3320 I artd    : GetBestInfo: odex next to the dex file (/data/app/~~jfaalmuk5Iq9PCISxhh6tw==/com.google.android.gms-GD3o_hYHpt4LZBfB2qZRjQ==/oat/arm64/base.odex) is kOatUpToDate with filter 'speed-profile' executable 'false'
01-09 11:50:55.353  3320  3320 I artd    : GetBestInfo: odex next to the dex file (/data/app/~~jfaalmuk5Iq9PCISxhh6tw==/com.google.android.gms-GD3o_hYHpt4LZBfB2qZRjQ==/oat/arm64/split_AdsDynamite_installtime.odex) is kOatUpToDate with filter 'speed' executable 'false'
01-09 11:50:55.354  3320  3320 I artd    : GetBestInfo: odex next to the dex file (/data/app/~~jfaalmuk5Iq9PCISxhh6tw==/com.google.android.gms-GD3o_hYHpt4LZBfB2qZRjQ==/oat/arm64/split_CronetDynamite_installtime.odex) is kOatUpToDate with filter 'speed-profile' executable 'false'
01-09 11:50:55.355  3320  3320 I artd    : GetBestInfo: odex next to the dex file (/data/app/~~jfaalmuk5Iq9PCISxhh6tw==/com.google.android.gms-GD3o_hYHpt4LZBfB2qZRjQ==/oat/arm64/split_DynamiteLoader_installtime.odex) is kOatUpToDate with filter 'speed' executable 'false'
01-09 11:50:55.356  3320  3320 I artd    : GetBestInfo: odex next to the dex file (/data/app/~~jfaalmuk5Iq9PCISxhh6tw==/com.google.android.gms-GD3o_hYHpt4LZBfB2qZRjQ==/oat/arm64/split_DynamiteModulesA_installtime.odex) is kOatUpToDate with filter 'speed' executable 'false'
01-09 11:50:55.356  3320  3320 I artd    : GetBestInfo: odex next to the dex file (/data/app/~~jfaalmuk5Iq9PCISxhh6tw==/com.google.android.gms-GD3o_hYHpt4LZBfB2qZRjQ==/oat/arm64/split_DynamiteModulesC_installtime.odex) is kOatUpToDate with filter 'speed' executable 'false'
01-09 11:50:55.357  3320  3320 I artd    : GetBestInfo: odex next to the dex file (/data/app/~~jfaalmuk5Iq9PCISxhh6tw==/com.google.android.gms-GD3o_hYHpt4LZBfB2qZRjQ==/oat/arm64/split_GoogleCertificates_installtime.odex) is kOatUpToDate with filter 'speed' executable 'false'
01-09 11:50:55.358  3320  3320 I artd    : GetBestInfo: odex next to the dex file (/data/app/~~jfaalmuk5Iq9PCISxhh6tw==/com.google.android.gms-GD3o_hYHpt4LZBfB2qZRjQ==/oat/arm64/split_MapsDynamite_installtime.odex) is kOatUpToDate with filter 'speed' executable 'false'
01-09 11:50:55.358  3320  3320 I artd    : GetBestInfo: odex next to the dex file (/data/app/~~jfaalmuk5Iq9PCISxhh6tw==/com.google.android.gms-GD3o_hYHpt4LZBfB2qZRjQ==/oat/arm64/split_MeasurementDynamite_installtime.odex) is kOatUpToDate with filter 'speed' executable 'false'
01-09 11:50:55.359  3320  3320 I artd    : GetBestInfo: odex next to the dex file (/data/app/~~jfaalmuk5Iq9PCISxhh6tw==/com.google.android.gms-GD3o_hYHpt4LZBfB2qZRjQ==/oat/arm64/split_all_locale_splits.odex) is kOatUpToDate with filter 'speed' executable 'false'
01-09 11:50:55.359  3320  3320 I artd    : GetBestInfo: /data/user_de/0/com.google.android.gms/app_chimera/m/00000001/CronetDynamite.apk has no usable artifacts
01-09 11:50:55.360  3320  3320 I artd    : GetBestInfo: vdex next to the dex file (/data/user/0/com.google.android.gms/app_dg_cache/86A13DB628665CCE468EC763B2421D69DCAC1B2A/oat/arm64/the.vdex) is kOatUpToDate with filter 'verify' executable 'false'
01-09 11:50:55.360  3320  3320 I artd    : GetBestInfo: /data/user_de/0/com.google.android.gms/app_chimera/m/00000002/DynamiteLoader.apk has no usable artifacts
01-09 11:50:55.360  3320  3320 I artd    : GetBestInfo: /data/user_de/0/com.google.android.gms/app_chimera/m/00000005/GoogleCertificates.apk has no usable artifacts
01-09 11:50:55.361  3320  3320 I artd    : GetBestInfo: /data/user_de/0/com.google.android.gms/app_chimera/m/00000009/dl-Appsearch.optional_250834100400.apk has no usable artifacts
01-09 11:50:55.362  3320  3320 I artd    : GetBestInfo: vdex next to the dex file (/data/user/0/com.google.android.gms/app_dg_cache/539E273229BC2C9434CD4D54F801F1B642616683/oat/arm64/the.vdex) is kOatUpToDate with filter 'verify' executable 'false'
01-09 11:50:55.362  3320  3320 I artd    : GetBestInfo: vdex next to the dex file (/data/user/0/com.google.android.gms/app_dg_cache/F6B993618D245C45CC8EA213FA039A5EB670AFCE/oat/arm64/the.vdex) is kOatUpToDate with filter 'verify' executable 'false'
01-09 11:50:55.363  3320  3320 I artd    : GetBestInfo: /data/user_de/0/com.google.android.gms/app_chimera/m/00000012/dl-MlkitBarcodeUi.optional_254730100400.apk has no usable artifacts
01-09 11:50:55.363  3320  3320 I artd    : GetBestInfo: /data/user_de/0/com.google.android.gms/app_chimera/m/0000000f/dl-VisionOcr.optional_254730100000.apk has no usable artifacts
01-09 11:50:55.364  3320  3320 I artd    : GetBestInfo: /data/user_de/0/com.google.android.gms/app_chimera/m/00000016/dl-Appsearch.optional_254730100400.apk has no usable artifacts
01-09 11:50:55.364  3320  3320 I artd    : GetBestInfo: vdex next to the dex file (/data/user/0/com.google.android.gms/app_dg_cache/1479D6BF6FCF6C46C8B4A12D79750ADE94AAD018/oat/arm64/the.vdex) is kOatUpToDate with filter 'verify' executable 'false'
01-09 11:50:55.365  3320  3320 I artd    : GetBestInfo: /data/user_de/0/com.google.android.gms/app_chimera/m/0000000e/dl-TfliteDynamiteDynamite.integ_243930802100400.apk has no usable artifacts
01-09 11:50:55.365  3320  3320 I artd    : GetBestInfo: /data/user_de/0/com.google.android.gms/app_chimera/m/00000015/dl-PlayCloudSearch.optional_254730100000.apk has no usable artifacts
01-09 11:50:55.366  3320  3320 I artd    : GetBestInfo: vdex next to the dex file (/data/user/0/com.google.android.gms/app_dg_cache/F69F380742AF765C5688217890FC7C5272FF6A59/oat/arm64/the.vdex) is kOatUpToDate with filter 'verify' executable 'false'
01-09 11:50:55.367  3320  3320 I artd    : GetBestInfo: vdex next to the dex file (/data/user/0/com.google.android.gms/app_dg_cache/BC758ED5E7D6BDB04AA7A99271131838E0308423/oat/arm64/the.vdex) is kOatUpToDate with filter 'verify' executable 'false'
01-09 11:50:55.367  3320  3320 I artd    : GetBestInfo: /data/user_de/0/com.google.android.gms/app_chimera/m/00000008/dl-TfliteDynamiteDynamite.integ_243930801100400.apk has no usable artifacts
01-09 11:50:55.367  3320  3320 I artd    : GetBestInfo: /data/user_de/0/com.google.android.gms/app_chimera/m/0000000c/dl-MlkitBarcodeUi.optional_250834100400.apk has no usable artifacts
01-09 11:50:55.368  3320  3320 I artd    : GetBestInfo: /data/user_de/0/com.google.android.gms/app_chimera/m/00000010/dl-MlkitOcrCommon.optional_254730100400.apk has no usable artifacts
01-09 11:50:55.368  3320  3320 I artd    : GetBestInfo: /data/user_de/0/com.google.android.gms/app_chimera/m/00000007/MeasurementDynamite.apk has no usable artifacts
01-09 11:50:59.116  1034  1205 D SatelliteController: iisInCarrierRoamingNbIotNtn: satellite is disabled
01-09 11:51:05.324  6895  6895 W dumpsys : Thread Pool max thread count is 0. Cannot cache binder as linkToDeath cannot be implemented. serviceName: package
01-09 11:51:05.343  3320  3320 I artd    : GetBestInfo: odex next to the dex file (/data/app/~~jfaalmuk5Iq9PCISxhh6tw==/com.google.android.gms-GD3o_hYHpt4LZBfB2qZRjQ==/oat/arm64/base.odex) is kOatUpToDate with filter 'speed-profile' executable 'false'
01-09 11:51:05.344  3320  3320 I artd    : GetBestInfo: odex next to the dex file (/data/app/~~jfaalmuk5Iq9PCISxhh6tw==/com.google.android.gms-GD3o_hYHpt4LZBfB2qZRjQ==/oat/arm64/split_AdsDynamite_installtime.odex) is kOatUpToDate with filter 'speed' executable 'false'
01-09 11:51:05.345  3320  3320 I artd    : GetBestInfo: odex next to the dex file (/data/app/~~jfaalmuk5Iq9PCISxhh6tw==/com.google.android.gms-GD3o_hYHpt4LZBfB2qZRjQ==/oat/arm64/split_CronetDynamite_installtime.odex) is kOatUpToDate with filter 'speed-profile' executable 'false'
01-09 11:51:05.346  3320  3320 I artd    : GetBestInfo: odex next to the dex file (/data/app/~~jfaalmuk5Iq9PCISxhh6tw==/com.google.android.gms-GD3o_hYHpt4LZBfB2qZRjQ==/oat/arm64/split_DynamiteLoader_installtime.odex) is kOatUpToDate with filter 'speed' executable 'false'
01-09 11:51:05.347  3320  3320 I artd    : GetBestInfo: odex next to the dex file (/data/app/~~jfaalmuk5Iq9PCISxhh6tw==/com.google.android.gms-GD3o_hYHpt4LZBfB2qZRjQ==/oat/arm64/split_DynamiteModulesA_installtime.odex) is kOatUpToDate with filter 'speed' executable 'false'
01-09 11:51:05.347  3320  3320 I artd    : GetBestInfo: odex next to the dex file (/data/app/~~jfaalmuk5Iq9PCISxhh6tw==/com.google.android.gms-GD3o_hYHpt4LZBfB2qZRjQ==/oat/arm64/split_DynamiteModulesC_installtime.odex) is kOatUpToDate with filter 'speed' executable 'false'
01-09 11:51:05.348  3320  3320 I artd    : GetBestInfo: odex next to the dex file (/data/app/~~jfaalmuk5Iq9PCISxhh6tw==/com.google.android.gms-GD3o_hYHpt4LZBfB2qZRjQ==/oat/arm64/split_GoogleCertificates_installtime.odex) is kOatUpToDate with filter 'speed' executable 'false'
01-09 11:51:05.349  3320  3320 I artd    : GetBestInfo: odex next to the dex file (/data/app/~~jfaalmuk5Iq9PCISxhh6tw==/com.google.android.gms-GD3o_hYHpt4LZBfB2qZRjQ==/oat/arm64/split_MapsDynamite_installtime.odex) is kOatUpToDate with filter 'speed' executable 'false'
01-09 11:51:05.350  3320  3320 I artd    : GetBestInfo: odex next to the dex file (/data/app/~~jfaalmuk5Iq9PCISxhh6tw==/com.google.android.gms-GD3o_hYHpt4LZBfB2qZRjQ==/oat/arm64/split_MeasurementDynamite_installtime.odex) is kOatUpToDate with filter 'speed' executable 'false'
01-09 11:51:05.350  3320  3320 I artd    : GetBestInfo: odex next to the dex file (/data/app/~~jfaalmuk5Iq9PCISxhh6tw==/com.google.android.gms-GD3o_hYHpt4LZBfB2qZRjQ==/oat/arm64/split_all_locale_splits.odex) is kOatUpToDate with filter 'speed' executable 'false'
01-09 11:51:05.351  3320  3320 I artd    : GetBestInfo: /data/user_de/0/com.google.android.gms/app_chimera/m/00000001/CronetDynamite.apk has no usable artifacts
01-09 11:51:05.351  3320  3320 I artd    : GetBestInfo: vdex next to the dex file (/data/user/0/com.google.android.gms/app_dg_cache/86A13DB628665CCE468EC763B2421D69DCAC1B2A/oat/arm64/the.vdex) is kOatUpToDate with filter 'verify' executable 'false'
01-09 11:51:05.351  3320  3320 I artd    : GetBestInfo: /data/user_de/0/com.google.android.gms/app_chimera/m/00000002/DynamiteLoader.apk has no usable artifacts
01-09 11:51:05.351  3320  3320 I artd    : GetBestInfo: /data/user_de/0/com.google.android.gms/app_chimera/m/00000005/GoogleCertificates.apk has no usable artifacts
01-09 11:51:05.352  3320  3320 I artd    : GetBestInfo: /data/user_de/0/com.google.android.gms/app_chimera/m/00000009/dl-Appsearch.optional_250834100400.apk has no usable artifacts
01-09 11:51:05.353  3320  3320 I artd    : GetBestInfo: vdex next to the dex file (/data/user/0/com.google.android.gms/app_dg_cache/539E273229BC2C9434CD4D54F801F1B642616683/oat/arm64/the.vdex) is kOatUpToDate with filter 'verify' executable 'false'
01-09 11:51:05.354  3320  3320 I artd    : GetBestInfo: vdex next to the dex file (/data/user/0/com.google.android.gms/app_dg_cache/F6B993618D245C45CC8EA213FA039A5EB670AFCE/oat/arm64/the.vdex) is kOatUpToDate with filter 'verify' executable 'false'
01-09 11:51:05.354  3320  3320 I artd    : GetBestInfo: /data/user_de/0/com.google.android.gms/app_chimera/m/00000012/dl-MlkitBarcodeUi.optional_254730100400.apk has no usable artifacts
01-09 11:51:05.355  3320  3320 I artd    : GetBestInfo: /data/user_de/0/com.google.android.gms/app_chimera/m/0000000f/dl-VisionOcr.optional_254730100000.apk has no usable artifacts
01-09 11:51:05.355  3320  3320 I artd    : GetBestInfo: /data/user_de/0/com.google.android.gms/app_chimera/m/00000016/dl-Appsearch.optional_254730100400.apk has no usable artifacts
01-09 11:51:05.356  3320  3320 I artd    : GetBestInfo: vdex next to the dex file (/data/user/0/com.google.android.gms/app_dg_cache/1479D6BF6FCF6C46C8B4A12D79750ADE94AAD018/oat/arm64/the.vdex) is kOatUpToDate with filter 'verify' executable 'false'
01-09 11:51:05.357  3320  3320 I artd    : GetBestInfo: /data/user_de/0/com.google.android.gms/app_chimera/m/0000000e/dl-TfliteDynamiteDynamite.integ_243930802100400.apk has no usable artifacts
01-09 11:51:05.357  3320  3320 I artd    : GetBestInfo: /data/user_de/0/com.google.android.gms/app_chimera/m/00000015/dl-PlayCloudSearch.optional_254730100000.apk has no usable artifacts
01-09 11:51:05.358  3320  3320 I artd    : GetBestInfo: vdex next to the dex file (/data/user/0/com.google.android.gms/app_dg_cache/F69F380742AF765C5688217890FC7C5272FF6A59/oat/arm64/the.vdex) is kOatUpToDate with filter 'verify' executable 'false'
01-09 11:51:05.359  3320  3320 I artd    : GetBestInfo: vdex next to the dex file (/data/user/0/com.google.android.gms/app_dg_cache/BC758ED5E7D6BDB04AA7A99271131838E0308423/oat/arm64/the.vdex) is kOatUpToDate with filter 'verify' executable 'false'
01-09 11:51:05.359  3320  3320 I artd    : GetBestInfo: /data/user_de/0/com.google.android.gms/app_chimera/m/00000008/dl-TfliteDynamiteDynamite.integ_243930801100400.apk has no usable artifacts
01-09 11:51:05.360  3320  3320 I artd    : GetBestInfo: /data/user_de/0/com.google.android.gms/app_chimera/m/0000000c/dl-MlkitBarcodeUi.optional_250834100400.apk has no usable artifacts
01-09 11:51:05.360  3320  3320 I artd    : GetBestInfo: /data/user_de/0/com.google.android.gms/app_chimera/m/00000010/dl-MlkitOcrCommon.optional_254730100400.apk has no usable artifacts
01-09 11:51:05.361  3320  3320 I artd    : GetBestInfo: /data/user_de/0/com.google.android.gms/app_chimera/m/00000007/MeasurementDynamite.apk has no usable artifacts
01-09 11:51:07.500  6342  6474 W ScanManager: Moving filtered scan client to downgraded scan (scannerId 1)
01-09 11:51:07.519  6342  6474 I bt_shim_scanner: system/main/shim/le_scanning_manager.cc:147 Scan: in shim layer stopped
01-09 11:51:07.530  6342  6436 I bluetooth: system/gd/hci/le_address_manager.cc:278 unregister_client: Client unregistered
01-09 11:51:07.530  6342  6436 I bluetooth: system/gd/hci/le_address_manager.cc:293 unregister_client: Cancelled address rotation alarm
01-09 11:51:07.534  6342  6474 I bt_shim_scanner: system/main/shim/le_scanning_manager.cc:311 SetScanParameters: in shim layer, scannerId1m=1, scannerIdCoded=0
01-09 11:51:07.534  6342  6474 I bt_shim_scanner: system/main/shim/le_scanning_manager.cc:147 Scan: in shim layer started
01-09 11:51:07.538  6342  6436 I bluetooth: system/gd/hci/le_scanning_manager.cc:601 stop_scan: Scanning already stopped, return!
01-09 11:51:07.545  6342  6436 I bluetooth: system/gd/hci/le_address_manager.cc:576 GetNextPrivateAddressIntervalRange: client=LeAddressManager, nonwake=8m29s, wake=13m25s
01-09 11:51:07.545  6342  6436 I bluetooth: system/gd/hci/le_address_manager.cc:259 register_client: Scheduled address rotation for first client registered
01-09 11:51:07.545  6342  6436 I bluetooth: system/gd/hci/le_address_manager.cc:263 register_client: Client registered
01-09 11:51:09.121  1034  1205 D SatelliteController: iisInCarrierRoamingNbIotNtn: satellite is disabled
01-09 11:51:15.330  6898  6898 W dumpsys : Thread Pool max thread count is 0. Cannot cache binder as linkToDeath cannot be implemented. serviceName: package
01-09 11:51:15.356  3320  3320 I artd    : GetBestInfo: odex next to the dex file (/data/app/~~jfaalmuk5Iq9PCISxhh6tw==/com.google.android.gms-GD3o_hYHpt4LZBfB2qZRjQ==/oat/arm64/base.odex) is kOatUpToDate with filter 'speed-profile' executable 'false'
01-09 11:51:15.357  3320  3320 I artd    : GetBestInfo: odex next to the dex file (/data/app/~~jfaalmuk5Iq9PCISxhh6tw==/com.google.android.gms-GD3o_hYHpt4LZBfB2qZRjQ==/oat/arm64/split_AdsDynamite_installtime.odex) is kOatUpToDate with filter 'speed' executable 'false'
01-09 11:51:15.357  3320  3320 I artd    : GetBestInfo: odex next to the dex file (/data/app/~~jfaalmuk5Iq9PCISxhh6tw==/com.google.android.gms-GD3o_hYHpt4LZBfB2qZRjQ==/oat/arm64/split_CronetDynamite_installtime.odex) is kOatUpToDate with filter 'speed-profile' executable 'false'
01-09 11:51:15.358  3320  3791 I artd    : GetBestInfo: odex next to the dex file (/data/app/~~jfaalmuk5Iq9PCISxhh6tw==/com.google.android.gms-GD3o_hYHpt4LZBfB2qZRjQ==/oat/arm64/split_DynamiteLoader_installtime.odex) is kOatUpToDate with filter 'speed' executable 'false'
01-09 11:51:15.359  3320  3320 I artd    : GetBestInfo: odex next to the dex file (/data/app/~~jfaalmuk5Iq9PCISxhh6tw==/com.google.android.gms-GD3o_hYHpt4LZBfB2qZRjQ==/oat/arm64/split_DynamiteModulesA_installtime.odex) is kOatUpToDate with filter 'speed' executable 'false'
01-09 11:51:15.360  3320  3320 I artd    : GetBestInfo: odex next to the dex file (/data/app/~~jfaalmuk5Iq9PCISxhh6tw==/com.google.android.gms-GD3o_hYHpt4LZBfB2qZRjQ==/oat/arm64/split_DynamiteModulesC_installtime.odex) is kOatUpToDate with filter 'speed' executable 'false'
01-09 11:51:15.360  3320  3320 I artd    : GetBestInfo: odex next to the dex file (/data/app/~~jfaalmuk5Iq9PCISxhh6tw==/com.google.android.gms-GD3o_hYHpt4LZBfB2qZRjQ==/oat/arm64/split_GoogleCertificates_installtime.odex) is kOatUpToDate with filter 'speed' executable 'false'
01-09 11:51:15.361  3320  3320 I artd    : GetBestInfo: odex next to the dex file (/data/app/~~jfaalmuk5Iq9PCISxhh6tw==/com.google.android.gms-GD3o_hYHpt4LZBfB2qZRjQ==/oat/arm64/split_MapsDynamite_installtime.odex) is kOatUpToDate with filter 'speed' executable 'false'
01-09 11:51:15.362  3320  3320 I artd    : GetBestInfo: odex next to the dex file (/data/app/~~jfaalmuk5Iq9PCISxhh6tw==/com.google.android.gms-GD3o_hYHpt4LZBfB2qZRjQ==/oat/arm64/split_MeasurementDynamite_installtime.odex) is kOatUpToDate with filter 'speed' executable 'false'
01-09 11:51:15.362  3320  3320 I artd    : GetBestInfo: odex next to the dex file (/data/app/~~jfaalmuk5Iq9PCISxhh6tw==/com.google.android.gms-GD3o_hYHpt4LZBfB2qZRjQ==/oat/arm64/split_all_locale_splits.odex) is kOatUpToDate with filter 'speed' executable 'false'
01-09 11:51:15.362  3320  3320 I artd    : GetBestInfo: /data/user_de/0/com.google.android.gms/app_chimera/m/00000001/CronetDynamite.apk has no usable artifacts
01-09 11:51:15.363  3320  3320 I artd    : GetBestInfo: vdex next to the dex file (/data/user/0/com.google.android.gms/app_dg_cache/86A13DB628665CCE468EC763B2421D69DCAC1B2A/oat/arm64/the.vdex) is kOatUpToDate with filter 'verify' executable 'false'
01-09 11:51:15.363  3320  3320 I artd    : GetBestInfo: /data/user_de/0/com.google.android.gms/app_chimera/m/00000002/DynamiteLoader.apk has no usable artifacts
01-09 11:51:15.363  3320  3320 I artd    : GetBestInfo: /data/user_de/0/com.google.android.gms/app_chimera/m/00000005/GoogleCertificates.apk has no usable artifacts
01-09 11:51:15.364  3320  3320 I artd    : GetBestInfo: /data/user_de/0/com.google.android.gms/app_chimera/m/00000009/dl-Appsearch.optional_250834100400.apk has no usable artifacts
01-09 11:51:15.364  3320  3320 I artd    : GetBestInfo: vdex next to the dex file (/data/user/0/com.google.android.gms/app_dg_cache/539E273229BC2C9434CD4D54F801F1B642616683/oat/arm64/the.vdex) is kOatUpToDate with filter 'verify' executable 'false'
01-09 11:51:15.365  3320  3320 I artd    : GetBestInfo: vdex next to the dex file (/data/user/0/com.google.android.gms/app_dg_cache/F6B993618D245C45CC8EA213FA039A5EB670AFCE/oat/arm64/the.vdex) is kOatUpToDate with filter 'verify' executable 'false'
01-09 11:51:15.366  3320  3320 I artd    : GetBestInfo: /data/user_de/0/com.google.android.gms/app_chimera/m/00000012/dl-MlkitBarcodeUi.optional_254730100400.apk has no usable artifacts
01-09 11:51:15.366  3320  3320 I artd    : GetBestInfo: /data/user_de/0/com.google.android.gms/app_chimera/m/0000000f/dl-VisionOcr.optional_254730100000.apk has no usable artifacts
01-09 11:51:15.367  3320  3320 I artd    : GetBestInfo: /data/user_de/0/com.google.android.gms/app_chimera/m/00000016/dl-Appsearch.optional_254730100400.apk has no usable artifacts
01-09 11:51:15.367  3320  3320 I artd    : GetBestInfo: vdex next to the dex file (/data/user/0/com.google.android.gms/app_dg_cache/1479D6BF6FCF6C46C8B4A12D79750ADE94AAD018/oat/arm64/the.vdex) is kOatUpToDate with filter 'verify' executable 'false'
01-09 11:51:15.368  3320  3320 I artd    : GetBestInfo: /data/user_de/0/com.google.android.gms/app_chimera/m/0000000e/dl-TfliteDynamiteDynamite.integ_243930802100400.apk has no usable artifacts
01-09 11:51:15.368  3320  3320 I artd    : GetBestInfo: /data/user_de/0/com.google.android.gms/app_chimera/m/00000015/dl-PlayCloudSearch.optional_254730100000.apk has no usable artifacts
01-09 11:51:15.369  3320  3320 I artd    : GetBestInfo: vdex next to the dex file (/data/user/0/com.google.android.gms/app_dg_cache/F69F380742AF765C5688217890FC7C5272FF6A59/oat/arm64/the.vdex) is kOatUpToDate with filter 'verify' executable 'false'
01-09 11:51:15.369  3320  3320 I artd    : GetBestInfo: vdex next to the dex file (/data/user/0/com.google.android.gms/app_dg_cache/BC758ED5E7D6BDB04AA7A99271131838E0308423/oat/arm64/the.vdex) is kOatUpToDate with filter 'verify' executable 'false'
01-09 11:51:15.370  3320  3320 I artd    : GetBestInfo: /data/user_de/0/com.google.android.gms/app_chimera/m/00000008/dl-TfliteDynamiteDynamite.integ_243930801100400.apk has no usable artifacts
